iterations=10 sizes=2^13..2^17
--- warm up 1 of 2 ---
[0.241s] BubbleSortOpt1 (random) size=8,192 -> 23.536 ms
[0.338s] BubbleSortOpt1 (random) size=16,384 -> 90.776 ms
[0.710s] BubbleSortOpt1 (random) size=32,768 -> 366.594 ms
[0.754s] BubbleSortOpt1 (descending) size=8,192 -> 37.864 ms
[0.901s] BubbleSortOpt1 (descending) size=16,384 -> 142.262 ms
[1.367s] BubbleSortOpt1 (descending) size=32,768 -> 460.097 ms
[1.415s] BubbleSortArithmetic (random) size=8,192 -> 42.735 ms
[1.585s] BubbleSortArithmetic (random) size=16,384 -> 165.507 ms
[2.265s] BubbleSortArithmetic (random) size=32,768 -> 674.607 ms
[2.311s] BubbleSortArithmetic (descending) size=8,192 -> 41.338 ms
[2.483s] BubbleSortArithmetic (descending) size=16,384 -> 166.992 ms
[3.153s] BubbleSortArithmetic (descending) size=32,768 -> 663.477 ms
--- warm up 2 of 2 ---
[3.180s] BubbleSortOpt1 (random) size=8,192 -> 22.387 ms
[3.277s] BubbleSortOpt1 (random) size=16,384 -> 91.596 ms
[3.669s] BubbleSortOpt1 (random) size=32,768 -> 387.336 ms
[3.721s] BubbleSortOpt1 (descending) size=8,192 -> 47.103 ms
[3.878s] BubbleSortOpt1 (descending) size=16,384 -> 150.983 ms
[4.343s] BubbleSortOpt1 (descending) size=32,768 -> 459.247 ms
[4.397s] BubbleSortArithmetic (random) size=8,192 -> 47.391 ms
[4.584s] BubbleSortArithmetic (random) size=16,384 -> 181.162 ms
[5.331s] BubbleSortArithmetic (random) size=32,768 -> 740.654 ms
[5.383s] BubbleSortArithmetic (descending) size=8,192 -> 45.275 ms
[5.569s] BubbleSortArithmetic (descending) size=16,384 -> 180.119 ms
[6.292s] BubbleSortArithmetic (descending) size=32,768 -> 716.997 ms
--- iteration 1 of 10 ---
[6.323s] BubbleSortOpt1 (random) size=8,192 -> 25.106 ms
[6.429s] BubbleSortOpt1 (random) size=16,384 -> 99.633 ms
[6.864s] BubbleSortOpt1 (random) size=32,768 -> 429.119 ms
[8.800s] BubbleSortOpt1 (random) size=65,536 -> 1930.066 ms
[21.469s] BubbleSortOpt1 (random) size=131,072 -> 12662.918 ms
[21.523s] BubbleSortOpt1 (descending) size=8,192 -> 47.612 ms
[21.721s] BubbleSortOpt1 (descending) size=16,384 -> 192.566 ms
[22.499s] BubbleSortOpt1 (descending) size=32,768 -> 772.331 ms
[25.597s] BubbleSortOpt1 (descending) size=65,536 -> 3092.418 ms
[37.990s] BubbleSortOpt1 (descending) size=131,072 -> 12386.760 ms
[38.041s] BubbleSortArithmetic (random) size=8,192 -> 45.557 ms
[38.226s] BubbleSortArithmetic (random) size=16,384 -> 179.302 ms
[38.951s] BubbleSortArithmetic (random) size=32,768 -> 720.395 ms
[41.836s] BubbleSortArithmetic (random) size=65,536 -> 2880.620 ms
[53.323s] BubbleSortArithmetic (random) size=131,072 -> 11482.988 ms
[53.372s] BubbleSortArithmetic (descending) size=8,192 -> 44.696 ms
[53.555s] BubbleSortArithmetic (descending) size=16,384 -> 178.828 ms
[54.271s] BubbleSortArithmetic (descending) size=32,768 -> 712.993 ms
[57.133s] BubbleSortArithmetic (descending) size=65,536 -> 2857.686 ms
[68.593s] BubbleSortArithmetic (descending) size=131,072 -> 11455.959 ms
--- iteration 2 of 10 ---
[68.617s] BubbleSortOpt1 (random) size=8,192 -> 19.389 ms
[68.695s] BubbleSortOpt1 (random) size=16,384 -> 74.750 ms
[69.053s] BubbleSortOpt1 (random) size=32,768 -> 353.748 ms
[71.517s] BubbleSortOpt1 (random) size=65,536 -> 2459.466 ms
[83.981s] BubbleSortOpt1 (random) size=131,072 -> 12460.319 ms
[84.032s] BubbleSortOpt1 (descending) size=8,192 -> 47.225 ms
[84.227s] BubbleSortOpt1 (descending) size=16,384 -> 190.725 ms
[84.994s] BubbleSortOpt1 (descending) size=32,768 -> 763.828 ms
[88.053s] BubbleSortOpt1 (descending) size=65,536 -> 3054.934 ms
[100.244s] BubbleSortOpt1 (descending) size=131,072 -> 12187.251 ms
[100.293s] BubbleSortArithmetic (random) size=8,192 -> 44.397 ms
[100.474s] BubbleSortArithmetic (random) size=16,384 -> 177.766 ms
[101.190s] BubbleSortArithmetic (random) size=32,768 -> 711.574 ms
[104.046s] BubbleSortArithmetic (random) size=65,536 -> 2852.442 ms
[115.267s] BubbleSortArithmetic (random) size=131,072 -> 11216.165 ms
[115.311s] BubbleSortArithmetic (descending) size=8,192 -> 41.053 ms
[115.479s] BubbleSortArithmetic (descending) size=16,384 -> 164.477 ms
[116.141s] BubbleSortArithmetic (descending) size=32,768 -> 658.911 ms
[118.786s] BubbleSortArithmetic (descending) size=65,536 -> 2640.948 ms
[129.363s] BubbleSortArithmetic (descending) size=131,072 -> 10572.889 ms
--- iteration 3 of 10 ---
[129.385s] BubbleSortOpt1 (random) size=8,192 -> 17.934 ms
[129.458s] BubbleSortOpt1 (random) size=16,384 -> 69.524 ms
[129.780s] BubbleSortOpt1 (random) size=32,768 -> 318.709 ms
[132.199s] BubbleSortOpt1 (random) size=65,536 -> 2415.555 ms
[144.082s] BubbleSortOpt1 (random) size=131,072 -> 11877.876 ms
[144.129s] BubbleSortOpt1 (descending) size=8,192 -> 43.697 ms
[144.308s] BubbleSortOpt1 (descending) size=16,384 -> 175.498 ms
[145.015s] BubbleSortOpt1 (descending) size=32,768 -> 703.838 ms
[147.835s] BubbleSortOpt1 (descending) size=65,536 -> 2816.111 ms
[159.109s] BubbleSortOpt1 (descending) size=131,072 -> 11269.622 ms
[159.154s] BubbleSortArithmetic (random) size=8,192 -> 41.054 ms
[159.322s] BubbleSortArithmetic (random) size=16,384 -> 164.744 ms
[159.990s] BubbleSortArithmetic (random) size=32,768 -> 664.829 ms
[162.648s] BubbleSortArithmetic (random) size=65,536 -> 2653.866 ms
[173.237s] BubbleSortArithmetic (random) size=131,072 -> 10584.406 ms
[173.283s] BubbleSortArithmetic (descending) size=8,192 -> 41.563 ms
[173.451s] BubbleSortArithmetic (descending) size=16,384 -> 164.978 ms
[174.114s] BubbleSortArithmetic (descending) size=32,768 -> 659.367 ms
[176.760s] BubbleSortArithmetic (descending) size=65,536 -> 2642.396 ms
[187.340s] BubbleSortArithmetic (descending) size=131,072 -> 10575.616 ms
--- iteration 4 of 10 ---
[187.362s] BubbleSortOpt1 (random) size=8,192 -> 17.983 ms
[187.435s] BubbleSortOpt1 (random) size=16,384 -> 69.006 ms
[187.816s] BubbleSortOpt1 (random) size=32,768 -> 377.795 ms
[190.268s] BubbleSortOpt1 (random) size=65,536 -> 2448.620 ms
[202.168s] BubbleSortOpt1 (random) size=131,072 -> 11895.850 ms
[202.216s] BubbleSortOpt1 (descending) size=8,192 -> 44.217 ms
[202.395s] BubbleSortOpt1 (descending) size=16,384 -> 175.529 ms
[203.102s] BubbleSortOpt1 (descending) size=32,768 -> 703.429 ms
[205.923s] BubbleSortOpt1 (descending) size=65,536 -> 2816.704 ms
[217.200s] BubbleSortOpt1 (descending) size=131,072 -> 11273.069 ms
[217.245s] BubbleSortArithmetic (random) size=8,192 -> 41.067 ms
[217.412s] BubbleSortArithmetic (random) size=16,384 -> 164.618 ms
[218.075s] BubbleSortArithmetic (random) size=32,768 -> 659.248 ms
[220.721s] BubbleSortArithmetic (random) size=65,536 -> 2641.744 ms
[231.347s] BubbleSortArithmetic (random) size=131,072 -> 10620.742 ms
[231.392s] BubbleSortArithmetic (descending) size=8,192 -> 41.208 ms
[231.560s] BubbleSortArithmetic (descending) size=16,384 -> 165.199 ms
[232.227s] BubbleSortArithmetic (descending) size=32,768 -> 662.638 ms
[234.877s] BubbleSortArithmetic (descending) size=65,536 -> 2646.221 ms
[245.509s] BubbleSortArithmetic (descending) size=131,072 -> 10627.100 ms
--- iteration 5 of 10 ---
[245.530s] BubbleSortOpt1 (random) size=8,192 -> 17.772 ms
[245.602s] BubbleSortOpt1 (random) size=16,384 -> 68.860 ms
[245.982s] BubbleSortOpt1 (random) size=32,768 -> 376.391 ms
[248.407s] BubbleSortOpt1 (random) size=65,536 -> 2421.204 ms
[260.320s] BubbleSortOpt1 (random) size=131,072 -> 11909.410 ms
[260.367s] BubbleSortOpt1 (descending) size=8,192 -> 43.772 ms
[260.547s] BubbleSortOpt1 (descending) size=16,384 -> 176.637 ms
[261.261s] BubbleSortOpt1 (descending) size=32,768 -> 709.743 ms
[264.086s] BubbleSortOpt1 (descending) size=65,536 -> 2821.518 ms
[275.379s] BubbleSortOpt1 (descending) size=131,072 -> 11288.170 ms
[275.423s] BubbleSortArithmetic (random) size=8,192 -> 41.151 ms
[275.592s] BubbleSortArithmetic (random) size=16,384 -> 165.137 ms
[276.256s] BubbleSortArithmetic (random) size=32,768 -> 660.118 ms
[278.905s] BubbleSortArithmetic (random) size=65,536 -> 2645.572 ms
[289.503s] BubbleSortArithmetic (random) size=131,072 -> 10592.866 ms
[289.547s] BubbleSortArithmetic (descending) size=8,192 -> 41.169 ms
[289.716s] BubbleSortArithmetic (descending) size=16,384 -> 164.941 ms
[290.380s] BubbleSortArithmetic (descending) size=32,768 -> 660.948 ms
[293.035s] BubbleSortArithmetic (descending) size=65,536 -> 2651.045 ms
[303.635s] BubbleSortArithmetic (descending) size=131,072 -> 10596.210 ms
--- iteration 6 of 10 ---
[303.657s] BubbleSortOpt1 (random) size=8,192 -> 17.951 ms
[303.729s] BubbleSortOpt1 (random) size=16,384 -> 68.940 ms
[304.103s] BubbleSortOpt1 (random) size=32,768 -> 370.509 ms
[306.557s] BubbleSortOpt1 (random) size=65,536 -> 2449.314 ms
[318.522s] BubbleSortOpt1 (random) size=131,072 -> 11960.933 ms
[318.570s] BubbleSortOpt1 (descending) size=8,192 -> 43.764 ms
[318.749s] BubbleSortOpt1 (descending) size=16,384 -> 175.756 ms
[319.458s] BubbleSortOpt1 (descending) size=32,768 -> 705.042 ms
[322.279s] BubbleSortOpt1 (descending) size=65,536 -> 2816.580 ms
[333.580s] BubbleSortOpt1 (descending) size=131,072 -> 11295.960 ms
[333.625s] BubbleSortArithmetic (random) size=8,192 -> 41.113 ms
[333.793s] BubbleSortArithmetic (random) size=16,384 -> 164.891 ms
[334.457s] BubbleSortArithmetic (random) size=32,768 -> 660.376 ms
[337.107s] BubbleSortArithmetic (random) size=65,536 -> 2645.748 ms
[347.703s] BubbleSortArithmetic (random) size=131,072 -> 10592.172 ms
[347.747s] BubbleSortArithmetic (descending) size=8,192 -> 41.075 ms
[347.916s] BubbleSortArithmetic (descending) size=16,384 -> 165.396 ms
[348.581s] BubbleSortArithmetic (descending) size=32,768 -> 660.343 ms
[351.230s] BubbleSortArithmetic (descending) size=65,536 -> 2645.708 ms
[361.834s] BubbleSortArithmetic (descending) size=131,072 -> 10599.455 ms
--- iteration 7 of 10 ---
[361.856s] BubbleSortOpt1 (random) size=8,192 -> 18.030 ms
[361.928s] BubbleSortOpt1 (random) size=16,384 -> 68.962 ms
[362.316s] BubbleSortOpt1 (random) size=32,768 -> 385.199 ms
[364.762s] BubbleSortOpt1 (random) size=65,536 -> 2441.719 ms
[376.744s] BubbleSortOpt1 (random) size=131,072 -> 11978.089 ms
[376.791s] BubbleSortOpt1 (descending) size=8,192 -> 43.929 ms
[376.971s] BubbleSortOpt1 (descending) size=16,384 -> 176.023 ms
[377.678s] BubbleSortOpt1 (descending) size=32,768 -> 704.062 ms
[380.503s] BubbleSortOpt1 (descending) size=65,536 -> 2820.026 ms
[391.801s] BubbleSortOpt1 (descending) size=131,072 -> 11293.980 ms
[391.845s] BubbleSortArithmetic (random) size=8,192 -> 41.140 ms
[392.014s] BubbleSortArithmetic (random) size=16,384 -> 164.861 ms
[392.678s] BubbleSortArithmetic (random) size=32,768 -> 660.580 ms
[395.327s] BubbleSortArithmetic (random) size=65,536 -> 2645.704 ms
[405.927s] BubbleSortArithmetic (random) size=131,072 -> 10595.497 ms
[405.972s] BubbleSortArithmetic (descending) size=8,192 -> 41.150 ms
[406.140s] BubbleSortArithmetic (descending) size=16,384 -> 164.900 ms
[406.803s] BubbleSortArithmetic (descending) size=32,768 -> 660.063 ms
[409.453s] BubbleSortArithmetic (descending) size=65,536 -> 2645.713 ms
[420.044s] BubbleSortArithmetic (descending) size=131,072 -> 10587.337 ms
--- iteration 8 of 10 ---
[420.065s] BubbleSortOpt1 (random) size=8,192 -> 17.856 ms
[420.139s] BubbleSortOpt1 (random) size=16,384 -> 70.721 ms
[420.516s] BubbleSortOpt1 (random) size=32,768 -> 372.961 ms
[422.973s] BubbleSortOpt1 (random) size=65,536 -> 2453.278 ms
[434.908s] BubbleSortOpt1 (random) size=131,072 -> 11930.950 ms
[434.955s] BubbleSortOpt1 (descending) size=8,192 -> 43.802 ms
[435.134s] BubbleSortOpt1 (descending) size=16,384 -> 175.886 ms
[435.842s] BubbleSortOpt1 (descending) size=32,768 -> 704.501 ms
[438.666s] BubbleSortOpt1 (descending) size=65,536 -> 2819.839 ms
[449.952s] BubbleSortOpt1 (descending) size=131,072 -> 11282.488 ms
[449.997s] BubbleSortArithmetic (random) size=8,192 -> 41.103 ms
[450.166s] BubbleSortArithmetic (random) size=16,384 -> 164.916 ms
[450.830s] BubbleSortArithmetic (random) size=32,768 -> 660.626 ms
[453.479s] BubbleSortArithmetic (random) size=65,536 -> 2645.290 ms
[464.088s] BubbleSortArithmetic (random) size=131,072 -> 10603.430 ms
[464.133s] BubbleSortArithmetic (descending) size=8,192 -> 41.144 ms
[464.301s] BubbleSortArithmetic (descending) size=16,384 -> 164.791 ms
[464.965s] BubbleSortArithmetic (descending) size=32,768 -> 660.101 ms
[467.615s] BubbleSortArithmetic (descending) size=65,536 -> 2645.735 ms
[478.207s] BubbleSortArithmetic (descending) size=131,072 -> 10588.289 ms
--- iteration 9 of 10 ---
[478.228s] BubbleSortOpt1 (random) size=8,192 -> 17.912 ms
[478.300s] BubbleSortOpt1 (random) size=16,384 -> 68.588 ms
[478.676s] BubbleSortOpt1 (random) size=32,768 -> 371.886 ms
[481.154s] BubbleSortOpt1 (random) size=65,536 -> 2474.235 ms
[493.103s] BubbleSortOpt1 (random) size=131,072 -> 11944.803 ms
[493.151s] BubbleSortOpt1 (descending) size=8,192 -> 43.765 ms
[493.330s] BubbleSortOpt1 (descending) size=16,384 -> 175.727 ms
[494.038s] BubbleSortOpt1 (descending) size=32,768 -> 704.877 ms
[496.861s] BubbleSortOpt1 (descending) size=65,536 -> 2819.388 ms
[508.149s] BubbleSortOpt1 (descending) size=131,072 -> 11283.774 ms
[508.195s] BubbleSortArithmetic (random) size=8,192 -> 41.152 ms
[508.364s] BubbleSortArithmetic (random) size=16,384 -> 164.919 ms
[509.028s] BubbleSortArithmetic (random) size=32,768 -> 660.424 ms
[511.677s] BubbleSortArithmetic (random) size=65,536 -> 2645.983 ms
[522.285s] BubbleSortArithmetic (random) size=131,072 -> 10603.634 ms
[522.331s] BubbleSortArithmetic (descending) size=8,192 -> 41.149 ms
[522.499s] BubbleSortArithmetic (descending) size=16,384 -> 164.761 ms
[523.163s] BubbleSortArithmetic (descending) size=32,768 -> 661.133 ms
[525.815s] BubbleSortArithmetic (descending) size=65,536 -> 2647.885 ms
[536.412s] BubbleSortArithmetic (descending) size=131,072 -> 10593.363 ms
--- iteration 10 of 10 ---
[536.436s] BubbleSortOpt1 (random) size=8,192 -> 19.375 ms
[536.509s] BubbleSortOpt1 (random) size=16,384 -> 69.597 ms
[536.878s] BubbleSortOpt1 (random) size=32,768 -> 365.937 ms
[539.328s] BubbleSortOpt1 (random) size=65,536 -> 2445.045 ms
[551.278s] BubbleSortOpt1 (random) size=131,072 -> 11945.787 ms
[551.325s] BubbleSortOpt1 (descending) size=8,192 -> 43.881 ms
[551.506s] BubbleSortOpt1 (descending) size=16,384 -> 177.397 ms
[552.219s] BubbleSortOpt1 (descending) size=32,768 -> 708.853 ms
[555.048s] BubbleSortOpt1 (descending) size=65,536 -> 2825.158 ms
[566.338s] BubbleSortOpt1 (descending) size=131,072 -> 11285.762 ms
[566.383s] BubbleSortArithmetic (random) size=8,192 -> 41.216 ms
[566.551s] BubbleSortArithmetic (random) size=16,384 -> 164.719 ms
[567.215s] BubbleSortArithmetic (random) size=32,768 -> 660.119 ms
[569.864s] BubbleSortArithmetic (random) size=65,536 -> 2645.224 ms
[580.456s] BubbleSortArithmetic (random) size=131,072 -> 10588.019 ms
[580.501s] BubbleSortArithmetic (descending) size=8,192 -> 41.141 ms
[580.669s] BubbleSortArithmetic (descending) size=16,384 -> 164.814 ms
[581.333s] BubbleSortArithmetic (descending) size=32,768 -> 660.333 ms
[583.990s] BubbleSortArithmetic (descending) size=65,536 -> 2652.248 ms
[594.587s] BubbleSortArithmetic (descending) size=131,072 -> 10593.850 ms
