processors=2 warmUps=5 iterations=20 size=40.000
[0.759s] warm-up 1: BubbleSortOpt1 -> 554.074 ms
[1.673s] warm-up 1: BubbleSortParallelDivideAndConquer -> 908.579 ms
[2.056s] warm-up 1: BubbleSortParallelOddEven -> 377.685 ms
[2.946s] warm-up 2: BubbleSortParallelDivideAndConquer -> 884.796 ms
[3.354s] warm-up 2: BubbleSortParallelOddEven -> 403.171 ms
[3.899s] warm-up 2: BubbleSortOpt1 -> 540.362 ms
[4.537s] warm-up 3: BubbleSortOpt1 -> 632.014 ms
[4.940s] warm-up 3: BubbleSortParallelOddEven -> 398.814 ms
[5.781s] warm-up 3: BubbleSortParallelDivideAndConquer -> 835.581 ms
[6.394s] warm-up 4: BubbleSortOpt1 -> 608.653 ms
[7.230s] warm-up 4: BubbleSortParallelDivideAndConquer -> 830.734 ms
[7.634s] warm-up 4: BubbleSortParallelOddEven -> 399.731 ms
[8.265s] warm-up 5: BubbleSortOpt1 -> 626.063 ms
[9.094s] warm-up 5: BubbleSortParallelDivideAndConquer -> 823.693 ms
[9.486s] warm-up 5: BubbleSortParallelOddEven -> 387.060 ms
[9.892s] iteration 1: BubbleSortParallelOddEven -> 401.471 ms
[10.532s] iteration 1: BubbleSortOpt1 -> 634.204 ms
[11.373s] iteration 1: BubbleSortParallelDivideAndConquer -> 836.106 ms
[12.220s] iteration 2: BubbleSortParallelDivideAndConquer -> 841.993 ms
[12.620s] iteration 2: BubbleSortParallelOddEven -> 394.507 ms
[13.265s] iteration 2: BubbleSortOpt1 -> 640.441 ms
[14.101s] iteration 3: BubbleSortParallelDivideAndConquer -> 830.850 ms
[14.504s] iteration 3: BubbleSortParallelOddEven -> 398.377 ms
[15.145s] iteration 3: BubbleSortOpt1 -> 635.246 ms
[15.538s] iteration 4: BubbleSortParallelOddEven -> 387.927 ms
[16.379s] iteration 4: BubbleSortParallelDivideAndConquer -> 836.425 ms
[17.016s] iteration 4: BubbleSortOpt1 -> 631.296 ms
[17.419s] iteration 5: BubbleSortParallelOddEven -> 398.668 ms
[18.258s] iteration 5: BubbleSortParallelDivideAndConquer -> 833.614 ms
[18.883s] iteration 5: BubbleSortOpt1 -> 620.639 ms
[19.720s] iteration 6: BubbleSortParallelDivideAndConquer -> 831.718 ms
[20.123s] iteration 6: BubbleSortParallelOddEven -> 397.802 ms
[20.756s] iteration 6: BubbleSortOpt1 -> 628.666 ms
[21.410s] iteration 7: BubbleSortOpt1 -> 648.564 ms
[22.216s] iteration 7: BubbleSortParallelDivideAndConquer -> 801.197 ms
[22.623s] iteration 7: BubbleSortParallelOddEven -> 401.003 ms
[23.016s] iteration 8: BubbleSortParallelOddEven -> 388.197 ms
[23.841s] iteration 8: BubbleSortParallelDivideAndConquer -> 820.299 ms
[24.475s] iteration 8: BubbleSortOpt1 -> 629.085 ms
[24.874s] iteration 9: BubbleSortParallelOddEven -> 392.855 ms
[25.716s] iteration 9: BubbleSortParallelDivideAndConquer -> 837.844 ms
[26.356s] iteration 9: BubbleSortOpt1 -> 634.245 ms
[26.755s] iteration 10: BubbleSortParallelOddEven -> 394.273 ms
[27.396s] iteration 10: BubbleSortOpt1 -> 635.886 ms
[28.247s] iteration 10: BubbleSortParallelDivideAndConquer -> 846.192 ms
[28.652s] iteration 11: BubbleSortParallelOddEven -> 399.240 ms
[29.272s] iteration 11: BubbleSortOpt1 -> 615.567 ms
[30.115s] iteration 11: BubbleSortParallelDivideAndConquer -> 838.390 ms
[30.739s] iteration 12: BubbleSortOpt1 -> 619.039 ms
[31.579s] iteration 12: BubbleSortParallelDivideAndConquer -> 834.516 ms
[31.986s] iteration 12: BubbleSortParallelOddEven -> 402.604 ms
[32.391s] iteration 13: BubbleSortParallelOddEven -> 400.471 ms
[33.239s] iteration 13: BubbleSortParallelDivideAndConquer -> 842.546 ms
[33.872s] iteration 13: BubbleSortOpt1 -> 627.971 ms
[34.516s] iteration 14: BubbleSortOpt1 -> 637.560 ms
[35.361s] iteration 14: BubbleSortParallelDivideAndConquer -> 840.263 ms
[35.759s] iteration 14: BubbleSortParallelOddEven -> 392.888 ms
[36.587s] iteration 15: BubbleSortParallelDivideAndConquer -> 823.959 ms
[36.985s] iteration 15: BubbleSortParallelOddEven -> 392.340 ms
[37.619s] iteration 15: BubbleSortOpt1 -> 630.266 ms
[38.244s] iteration 16: BubbleSortOpt1 -> 619.720 ms
[38.650s] iteration 16: BubbleSortParallelOddEven -> 400.421 ms
[39.482s] iteration 16: BubbleSortParallelDivideAndConquer -> 827.588 ms
[39.895s] iteration 17: BubbleSortParallelOddEven -> 408.290 ms
[40.520s] iteration 17: BubbleSortOpt1 -> 619.307 ms
[41.360s] iteration 17: BubbleSortParallelDivideAndConquer -> 835.406 ms
[41.763s] iteration 18: BubbleSortParallelOddEven -> 397.296 ms
[42.399s] iteration 18: BubbleSortOpt1 -> 630.946 ms
[43.241s] iteration 18: BubbleSortParallelDivideAndConquer -> 837.986 ms
[43.646s] iteration 19: BubbleSortParallelOddEven -> 399.614 ms
[44.268s] iteration 19: BubbleSortOpt1 -> 617.560 ms
[45.114s] iteration 19: BubbleSortParallelDivideAndConquer -> 840.273 ms
[45.511s] iteration 20: BubbleSortParallelOddEven -> 392.199 ms
[46.352s] iteration 20: BubbleSortParallelDivideAndConquer -> 836.122 ms
[46.977s] iteration 20: BubbleSortOpt1 -> 620.146 ms
processors=4 warmUps=5 iterations=20 size=40.000
[0.674s] warm-up 1: BubbleSortParallelOddEven -> 471.011 ms
[1.811s] warm-up 1: BubbleSortParallelDivideAndConquer -> 1130.797 ms
[2.374s] warm-up 1: BubbleSortOpt1 -> 558.456 ms
[2.917s] warm-up 2: BubbleSortParallelOddEven -> 537.755 ms
[3.967s] warm-up 2: BubbleSortParallelDivideAndConquer -> 1044.902 ms
[4.529s] warm-up 2: BubbleSortOpt1 -> 557.460 ms
[5.147s] warm-up 3: BubbleSortOpt1 -> 612.595 ms
[6.195s] warm-up 3: BubbleSortParallelDivideAndConquer -> 1042.781 ms
[6.738s] warm-up 3: BubbleSortParallelOddEven -> 537.908 ms
[7.335s] warm-up 4: BubbleSortOpt1 -> 592.719 ms
[8.385s] warm-up 4: BubbleSortParallelDivideAndConquer -> 1044.787 ms
[8.927s] warm-up 4: BubbleSortParallelOddEven -> 537.096 ms
[9.468s] warm-up 5: BubbleSortParallelOddEven -> 536.247 ms
[10.073s] warm-up 5: BubbleSortOpt1 -> 600.347 ms
[11.115s] warm-up 5: BubbleSortParallelDivideAndConquer -> 1036.478 ms
[11.659s] iteration 1: BubbleSortParallelOddEven -> 538.940 ms
[12.710s] iteration 1: BubbleSortParallelDivideAndConquer -> 1046.401 ms
[13.308s] iteration 1: BubbleSortOpt1 -> 592.830 ms
[14.363s] iteration 2: BubbleSortParallelDivideAndConquer -> 1049.686 ms
[14.908s] iteration 2: BubbleSortParallelOddEven -> 539.600 ms
[15.529s] iteration 2: BubbleSortOpt1 -> 616.464 ms
[16.580s] iteration 3: BubbleSortParallelDivideAndConquer -> 1044.840 ms
[17.124s] iteration 3: BubbleSortParallelOddEven -> 539.082 ms
[17.724s] iteration 3: BubbleSortOpt1 -> 595.802 ms
[18.268s] iteration 4: BubbleSortParallelOddEven -> 538.476 ms
[19.319s] iteration 4: BubbleSortParallelDivideAndConquer -> 1046.029 ms
[19.935s] iteration 4: BubbleSortOpt1 -> 611.436 ms
[20.574s] iteration 5: BubbleSortOpt1 -> 634.251 ms
[21.627s] iteration 5: BubbleSortParallelDivideAndConquer -> 1048.372 ms
[22.171s] iteration 5: BubbleSortParallelOddEven -> 538.836 ms
[22.713s] iteration 6: BubbleSortParallelOddEven -> 537.062 ms
[23.759s] iteration 6: BubbleSortParallelDivideAndConquer -> 1040.442 ms
[24.380s] iteration 6: BubbleSortOpt1 -> 616.346 ms
[25.413s] iteration 7: BubbleSortParallelDivideAndConquer -> 1027.584 ms
[25.954s] iteration 7: BubbleSortParallelOddEven -> 536.784 ms
[26.579s] iteration 7: BubbleSortOpt1 -> 619.808 ms
[27.629s] iteration 8: BubbleSortParallelDivideAndConquer -> 1044.788 ms
[28.172s] iteration 8: BubbleSortParallelOddEven -> 539.022 ms
[28.777s] iteration 8: BubbleSortOpt1 -> 599.377 ms
[29.321s] iteration 9: BubbleSortParallelOddEven -> 539.188 ms
[29.947s] iteration 9: BubbleSortOpt1 -> 621.371 ms
[30.973s] iteration 9: BubbleSortParallelDivideAndConquer -> 1021.403 ms
[31.508s] iteration 10: BubbleSortParallelOddEven -> 529.732 ms
[32.536s] iteration 10: BubbleSortParallelDivideAndConquer -> 1022.740 ms
[33.140s] iteration 10: BubbleSortOpt1 -> 599.520 ms
[34.171s] iteration 11: BubbleSortParallelDivideAndConquer -> 1025.872 ms
[34.792s] iteration 11: BubbleSortOpt1 -> 616.553 ms
[35.328s] iteration 11: BubbleSortParallelOddEven -> 530.303 ms
[35.859s] iteration 12: BubbleSortParallelOddEven -> 526.347 ms
[36.469s] iteration 12: BubbleSortOpt1 -> 604.257 ms
[37.496s] iteration 12: BubbleSortParallelDivideAndConquer -> 1022.276 ms
[38.519s] iteration 13: BubbleSortParallelDivideAndConquer -> 1018.491 ms
[39.046s] iteration 13: BubbleSortParallelOddEven -> 522.358 ms
[39.664s] iteration 13: BubbleSortOpt1 -> 612.912 ms
[40.676s] iteration 14: BubbleSortParallelDivideAndConquer -> 1006.805 ms
[41.278s] iteration 14: BubbleSortOpt1 -> 597.063 ms
[41.806s] iteration 14: BubbleSortParallelOddEven -> 523.326 ms
[42.407s] iteration 15: BubbleSortOpt1 -> 596.481 ms
[43.437s] iteration 15: BubbleSortParallelDivideAndConquer -> 1025.032 ms
[43.967s] iteration 15: BubbleSortParallelOddEven -> 525.168 ms
[44.498s] iteration 16: BubbleSortParallelOddEven -> 526.297 ms
[45.518s] iteration 16: BubbleSortParallelDivideAndConquer -> 1014.949 ms
[46.159s] iteration 16: BubbleSortOpt1 -> 635.245 ms
[47.188s] iteration 17: BubbleSortParallelDivideAndConquer -> 1023.520 ms
[47.805s] iteration 17: BubbleSortOpt1 -> 612.900 ms
[48.334s] iteration 17: BubbleSortParallelOddEven -> 523.400 ms
[49.352s] iteration 18: BubbleSortParallelDivideAndConquer -> 1012.664 ms
[49.881s] iteration 18: BubbleSortParallelOddEven -> 524.848 ms
[50.492s] iteration 18: BubbleSortOpt1 -> 606.268 ms
[51.512s] iteration 19: BubbleSortParallelDivideAndConquer -> 1014.430 ms
[52.043s] iteration 19: BubbleSortParallelOddEven -> 526.670 ms
[52.662s] iteration 19: BubbleSortOpt1 -> 613.944 ms
[53.680s] iteration 20: BubbleSortParallelDivideAndConquer -> 1012.421 ms
[54.203s] iteration 20: BubbleSortParallelOddEven -> 518.971 ms
[54.807s] iteration 20: BubbleSortOpt1 -> 599.145 ms
processors=6 warmUps=5 iterations=20 size=40.000
[0.806s] warm-up 1: BubbleSortParallelOddEven -> 601.165 ms
[1.383s] warm-up 1: BubbleSortOpt1 -> 571.549 ms
[2.683s] warm-up 1: BubbleSortParallelDivideAndConquer -> 1294.602 ms
[3.324s] warm-up 2: BubbleSortParallelOddEven -> 635.335 ms
[4.585s] warm-up 2: BubbleSortParallelDivideAndConquer -> 1255.681 ms
[5.166s] warm-up 2: BubbleSortOpt1 -> 576.632 ms
[5.782s] warm-up 3: BubbleSortOpt1 -> 610.272 ms
[6.428s] warm-up 3: BubbleSortParallelOddEven -> 640.441 ms
[7.679s] warm-up 3: BubbleSortParallelDivideAndConquer -> 1246.159 ms
[8.306s] warm-up 4: BubbleSortOpt1 -> 622.075 ms
[9.554s] warm-up 4: BubbleSortParallelDivideAndConquer -> 1242.791 ms
[10.199s] warm-up 4: BubbleSortParallelOddEven -> 639.719 ms
[10.844s] warm-up 5: BubbleSortParallelOddEven -> 640.431 ms
[11.456s] warm-up 5: BubbleSortOpt1 -> 606.273 ms
[12.708s] warm-up 5: BubbleSortParallelDivideAndConquer -> 1246.571 ms
[13.353s] iteration 1: BubbleSortParallelOddEven -> 640.608 ms
[14.610s] iteration 1: BubbleSortParallelDivideAndConquer -> 1251.214 ms
[15.241s] iteration 1: BubbleSortOpt1 -> 626.565 ms
[16.497s] iteration 2: BubbleSortParallelDivideAndConquer -> 1249.772 ms
[17.140s] iteration 2: BubbleSortParallelOddEven -> 638.017 ms
[17.775s] iteration 2: BubbleSortOpt1 -> 630.091 ms
[18.419s] iteration 3: BubbleSortParallelOddEven -> 638.677 ms
[19.713s] iteration 3: BubbleSortParallelDivideAndConquer -> 1289.099 ms
[20.341s] iteration 3: BubbleSortOpt1 -> 622.800 ms
[20.990s] iteration 4: BubbleSortParallelOddEven -> 643.917 ms
[21.619s] iteration 4: BubbleSortOpt1 -> 623.539 ms
[22.873s] iteration 4: BubbleSortParallelDivideAndConquer -> 1249.356 ms
[24.127s] iteration 5: BubbleSortParallelDivideAndConquer -> 1248.497 ms
[24.772s] iteration 5: BubbleSortParallelOddEven -> 639.866 ms
[25.400s] iteration 5: BubbleSortOpt1 -> 623.155 ms
[26.023s] iteration 6: BubbleSortOpt1 -> 617.844 ms
[26.668s] iteration 6: BubbleSortParallelOddEven -> 640.333 ms
[27.900s] iteration 6: BubbleSortParallelDivideAndConquer -> 1226.273 ms
[28.547s] iteration 7: BubbleSortParallelOddEven -> 642.254 ms
[29.815s] iteration 7: BubbleSortParallelDivideAndConquer -> 1262.506 ms
[30.420s] iteration 7: BubbleSortOpt1 -> 600.012 ms
[31.062s] iteration 8: BubbleSortParallelOddEven -> 636.522 ms
[31.691s] iteration 8: BubbleSortOpt1 -> 623.750 ms
[32.936s] iteration 8: BubbleSortParallelDivideAndConquer -> 1240.088 ms
[33.582s] iteration 9: BubbleSortParallelOddEven -> 641.095 ms
[34.198s] iteration 9: BubbleSortOpt1 -> 611.053 ms
[35.457s] iteration 9: BubbleSortParallelDivideAndConquer -> 1253.594 ms
[36.076s] iteration 10: BubbleSortOpt1 -> 614.056 ms
[36.719s] iteration 10: BubbleSortParallelOddEven -> 637.659 ms
[37.964s] iteration 10: BubbleSortParallelDivideAndConquer -> 1239.397 ms
[38.569s] iteration 11: BubbleSortOpt1 -> 600.059 ms
[39.214s] iteration 11: BubbleSortParallelOddEven -> 639.987 ms
[40.459s] iteration 11: BubbleSortParallelDivideAndConquer -> 1240.773 ms
[41.089s] iteration 12: BubbleSortOpt1 -> 624.164 ms
[41.735s] iteration 12: BubbleSortParallelOddEven -> 641.131 ms
[42.986s] iteration 12: BubbleSortParallelDivideAndConquer -> 1246.042 ms
[43.629s] iteration 13: BubbleSortOpt1 -> 637.686 ms
[44.878s] iteration 13: BubbleSortParallelDivideAndConquer -> 1244.428 ms
[45.492s] iteration 13: BubbleSortParallelOddEven -> 608.529 ms
[46.133s] iteration 14: BubbleSortParallelOddEven -> 635.852 ms
[47.381s] iteration 14: BubbleSortParallelDivideAndConquer -> 1243.341 ms
[48.002s] iteration 14: BubbleSortOpt1 -> 615.918 ms
[49.257s] iteration 15: BubbleSortParallelDivideAndConquer -> 1249.248 ms
[49.869s] iteration 15: BubbleSortOpt1 -> 606.980 ms
[50.543s] iteration 15: BubbleSortParallelOddEven -> 669.506 ms
[51.239s] iteration 16: BubbleSortParallelOddEven -> 691.102 ms
[51.879s] iteration 16: BubbleSortOpt1 -> 634.761 ms
[53.133s] iteration 16: BubbleSortParallelDivideAndConquer -> 1249.065 ms
[54.383s] iteration 17: BubbleSortParallelDivideAndConquer -> 1245.105 ms
[55.028s] iteration 17: BubbleSortParallelOddEven -> 638.982 ms
[55.644s] iteration 17: BubbleSortOpt1 -> 611.557 ms
[56.275s] iteration 18: BubbleSortOpt1 -> 625.380 ms
[56.921s] iteration 18: BubbleSortParallelOddEven -> 640.895 ms
[58.169s] iteration 18: BubbleSortParallelDivideAndConquer -> 1242.121 ms
[58.818s] iteration 19: BubbleSortParallelOddEven -> 643.960 ms
[59.439s] iteration 19: BubbleSortOpt1 -> 616.054 ms
[60.694s] iteration 19: BubbleSortParallelDivideAndConquer -> 1249.384 ms
[61.308s] iteration 20: BubbleSortOpt1 -> 609.357 ms
[62.559s] iteration 20: BubbleSortParallelDivideAndConquer -> 1245.437 ms
[63.205s] iteration 20: BubbleSortParallelOddEven -> 640.721 ms
processors=8 warmUps=5 iterations=20 size=40.000
[2.290s] warm-up 1: BubbleSortParallelDivideAndConquer -> 2084.170 ms
[2.886s] warm-up 1: BubbleSortOpt1 -> 589.410 ms
[3.934s] warm-up 1: BubbleSortParallelOddEven -> 1043.276 ms
[6.056s] warm-up 2: BubbleSortParallelDivideAndConquer -> 2116.116 ms
[6.651s] warm-up 2: BubbleSortOpt1 -> 590.026 ms
[7.761s] warm-up 2: BubbleSortParallelOddEven -> 1104.558 ms
[9.889s] warm-up 3: BubbleSortParallelDivideAndConquer -> 2122.734 ms
[10.517s] warm-up 3: BubbleSortOpt1 -> 623.548 ms
[11.629s] warm-up 3: BubbleSortParallelOddEven -> 1106.510 ms
[13.752s] warm-up 4: BubbleSortParallelDivideAndConquer -> 2117.827 ms
[14.380s] warm-up 4: BubbleSortOpt1 -> 622.829 ms
[15.487s] warm-up 4: BubbleSortParallelOddEven -> 1101.166 ms
[16.588s] warm-up 5: BubbleSortParallelOddEven -> 1095.566 ms
[18.719s] warm-up 5: BubbleSortParallelDivideAndConquer -> 2125.579 ms
[19.350s] warm-up 5: BubbleSortOpt1 -> 626.190 ms
[19.991s] iteration 1: BubbleSortOpt1 -> 634.825 ms
[22.160s] iteration 1: BubbleSortParallelDivideAndConquer -> 2163.554 ms
[23.271s] iteration 1: BubbleSortParallelOddEven -> 1105.255 ms
[24.395s] iteration 2: BubbleSortParallelOddEven -> 1119.184 ms
[26.546s] iteration 2: BubbleSortParallelDivideAndConquer -> 2145.380 ms
[27.179s] iteration 2: BubbleSortOpt1 -> 628.187 ms
[29.322s] iteration 3: BubbleSortParallelDivideAndConquer -> 2137.376 ms
[30.426s] iteration 3: BubbleSortParallelOddEven -> 1098.796 ms
[31.051s] iteration 3: BubbleSortOpt1 -> 619.076 ms
[31.675s] iteration 4: BubbleSortOpt1 -> 617.692 ms
[32.785s] iteration 4: BubbleSortParallelOddEven -> 1105.200 ms
[34.906s] iteration 4: BubbleSortParallelDivideAndConquer -> 2116.101 ms
[36.010s] iteration 5: BubbleSortParallelOddEven -> 1099.005 ms
[36.633s] iteration 5: BubbleSortOpt1 -> 617.377 ms
[38.759s] iteration 5: BubbleSortParallelDivideAndConquer -> 2120.924 ms
[40.891s] iteration 6: BubbleSortParallelDivideAndConquer -> 2127.216 ms
[41.998s] iteration 6: BubbleSortParallelOddEven -> 1101.303 ms
[42.621s] iteration 6: BubbleSortOpt1 -> 618.699 ms
[43.731s] iteration 7: BubbleSortParallelOddEven -> 1103.971 ms
[44.368s] iteration 7: BubbleSortOpt1 -> 632.185 ms
[46.516s] iteration 7: BubbleSortParallelDivideAndConquer -> 2142.503 ms
[48.668s] iteration 8: BubbleSortParallelDivideAndConquer -> 2146.968 ms
[49.295s] iteration 8: BubbleSortOpt1 -> 622.086 ms
[50.416s] iteration 8: BubbleSortParallelOddEven -> 1115.396 ms
[51.533s] iteration 9: BubbleSortParallelOddEven -> 1111.156 ms
[52.127s] iteration 9: BubbleSortOpt1 -> 588.801 ms
[54.324s] iteration 9: BubbleSortParallelDivideAndConquer -> 2191.213 ms
[54.939s] iteration 10: BubbleSortOpt1 -> 610.105 ms
[56.058s] iteration 10: BubbleSortParallelOddEven -> 1114.307 ms
[58.210s] iteration 10: BubbleSortParallelDivideAndConquer -> 2146.342 ms
[58.824s] iteration 11: BubbleSortOpt1 -> 609.321 ms
[60.986s] iteration 11: BubbleSortParallelDivideAndConquer -> 2155.953 ms
[62.106s] iteration 11: BubbleSortParallelOddEven -> 1114.987 ms
[64.245s] iteration 12: BubbleSortParallelDivideAndConquer -> 2134.449 ms
[65.359s] iteration 12: BubbleSortParallelOddEven -> 1108.237 ms
[65.976s] iteration 12: BubbleSortOpt1 -> 612.636 ms
[66.606s] iteration 13: BubbleSortOpt1 -> 624.977 ms
[67.714s] iteration 13: BubbleSortParallelOddEven -> 1102.976 ms
[69.827s] iteration 13: BubbleSortParallelDivideAndConquer -> 2107.433 ms
[71.953s] iteration 14: BubbleSortParallelDivideAndConquer -> 2121.056 ms
[72.570s] iteration 14: BubbleSortOpt1 -> 611.683 ms
[73.674s] iteration 14: BubbleSortParallelOddEven -> 1098.797 ms
[74.290s] iteration 15: BubbleSortOpt1 -> 610.819 ms
[76.423s] iteration 15: BubbleSortParallelDivideAndConquer -> 2127.780 ms
[77.537s] iteration 15: BubbleSortParallelOddEven -> 1108.887 ms
[78.646s] iteration 16: BubbleSortParallelOddEven -> 1103.636 ms
[79.270s] iteration 16: BubbleSortOpt1 -> 618.510 ms
[81.434s] iteration 16: BubbleSortParallelDivideAndConquer -> 2158.779 ms
[82.045s] iteration 17: BubbleSortOpt1 -> 605.842 ms
[83.156s] iteration 17: BubbleSortParallelOddEven -> 1105.975 ms
[85.331s] iteration 17: BubbleSortParallelDivideAndConquer -> 2169.922 ms
[85.933s] iteration 18: BubbleSortOpt1 -> 596.819 ms
[88.079s] iteration 18: BubbleSortParallelDivideAndConquer -> 2141.061 ms
[89.194s] iteration 18: BubbleSortParallelOddEven -> 1109.588 ms
[91.341s] iteration 19: BubbleSortParallelDivideAndConquer -> 2141.923 ms
[91.962s] iteration 19: BubbleSortOpt1 -> 615.689 ms
[93.076s] iteration 19: BubbleSortParallelOddEven -> 1108.955 ms
[93.712s] iteration 20: BubbleSortOpt1 -> 631.469 ms
[95.850s] iteration 20: BubbleSortParallelDivideAndConquer -> 2132.321 ms
[96.954s] iteration 20: BubbleSortParallelOddEven -> 1099.440 ms
processors=12 warmUps=5 iterations=20 size=40.000
[1.525s] warm-up 1: BubbleSortParallelOddEven -> 1320.622 ms
[4.133s] warm-up 1: BubbleSortParallelDivideAndConquer -> 2601.554 ms
[4.728s] warm-up 1: BubbleSortOpt1 -> 589.333 ms
[7.298s] warm-up 2: BubbleSortParallelDivideAndConquer -> 2564.438 ms
[8.624s] warm-up 2: BubbleSortParallelOddEven -> 1321.504 ms
[9.216s] warm-up 2: BubbleSortOpt1 -> 586.306 ms
[11.793s] warm-up 3: BubbleSortParallelDivideAndConquer -> 2571.991 ms
[13.121s] warm-up 3: BubbleSortParallelOddEven -> 1323.287 ms
[13.771s] warm-up 3: BubbleSortOpt1 -> 644.723 ms
[14.403s] warm-up 4: BubbleSortOpt1 -> 626.736 ms
[15.734s] warm-up 4: BubbleSortParallelOddEven -> 1324.953 ms
[18.308s] warm-up 4: BubbleSortParallelDivideAndConquer -> 2568.890 ms
[18.936s] warm-up 5: BubbleSortOpt1 -> 623.487 ms
[21.604s] warm-up 5: BubbleSortParallelDivideAndConquer -> 2663.132 ms
[22.936s] warm-up 5: BubbleSortParallelOddEven -> 1326.986 ms
[24.266s] iteration 1: BubbleSortParallelOddEven -> 1323.605 ms
[26.854s] iteration 1: BubbleSortParallelDivideAndConquer -> 2583.137 ms
[27.467s] iteration 1: BubbleSortOpt1 -> 607.763 ms
[28.798s] iteration 2: BubbleSortParallelOddEven -> 1325.815 ms
[29.422s] iteration 2: BubbleSortOpt1 -> 618.878 ms
[32.005s] iteration 2: BubbleSortParallelDivideAndConquer -> 2577.210 ms
[33.329s] iteration 3: BubbleSortParallelOddEven -> 1318.783 ms
[35.892s] iteration 3: BubbleSortParallelDivideAndConquer -> 2557.984 ms
[36.502s] iteration 3: BubbleSortOpt1 -> 605.248 ms
[37.125s] iteration 4: BubbleSortOpt1 -> 617.961 ms
[38.455s] iteration 4: BubbleSortParallelOddEven -> 1324.711 ms
[41.035s] iteration 4: BubbleSortParallelDivideAndConquer -> 2574.591 ms
[41.667s] iteration 5: BubbleSortOpt1 -> 626.722 ms
[42.989s] iteration 5: BubbleSortParallelOddEven -> 1316.023 ms
[45.560s] iteration 5: BubbleSortParallelDivideAndConquer -> 2565.728 ms
[46.187s] iteration 6: BubbleSortOpt1 -> 622.362 ms
[47.521s] iteration 6: BubbleSortParallelOddEven -> 1328.043 ms
[50.095s] iteration 6: BubbleSortParallelDivideAndConquer -> 2569.151 ms
[50.722s] iteration 7: BubbleSortOpt1 -> 621.887 ms
[52.054s] iteration 7: BubbleSortParallelOddEven -> 1327.165 ms
[54.709s] iteration 7: BubbleSortParallelDivideAndConquer -> 2649.813 ms
[55.326s] iteration 8: BubbleSortOpt1 -> 611.211 ms
[56.663s] iteration 8: BubbleSortParallelOddEven -> 1332.769 ms
[59.253s] iteration 8: BubbleSortParallelDivideAndConquer -> 2584.363 ms
[61.843s] iteration 9: BubbleSortParallelDivideAndConquer -> 2584.996 ms
[62.470s] iteration 9: BubbleSortOpt1 -> 621.702 ms
[63.803s] iteration 9: BubbleSortParallelOddEven -> 1327.191 ms
[64.455s] iteration 10: BubbleSortOpt1 -> 647.081 ms
[65.785s] iteration 10: BubbleSortParallelOddEven -> 1324.243 ms
[68.363s] iteration 10: BubbleSortParallelDivideAndConquer -> 2572.972 ms
[70.941s] iteration 11: BubbleSortParallelDivideAndConquer -> 2572.869 ms
[72.283s] iteration 11: BubbleSortParallelOddEven -> 1336.946 ms
[72.907s] iteration 11: BubbleSortOpt1 -> 618.239 ms
[73.545s] iteration 12: BubbleSortOpt1 -> 632.805 ms
[74.887s] iteration 12: BubbleSortParallelOddEven -> 1337.114 ms
[77.501s] iteration 12: BubbleSortParallelDivideAndConquer -> 2608.614 ms
[80.115s] iteration 13: BubbleSortParallelDivideAndConquer -> 2609.193 ms
[81.453s] iteration 13: BubbleSortParallelOddEven -> 1333.285 ms
[82.104s] iteration 13: BubbleSortOpt1 -> 644.931 ms
[83.436s] iteration 14: BubbleSortParallelOddEven -> 1326.424 ms
[84.068s] iteration 14: BubbleSortOpt1 -> 627.173 ms
[86.731s] iteration 14: BubbleSortParallelDivideAndConquer -> 2657.583 ms
[89.339s] iteration 15: BubbleSortParallelDivideAndConquer -> 2603.118 ms
[90.673s] iteration 15: BubbleSortParallelOddEven -> 1329.125 ms
[91.305s] iteration 15: BubbleSortOpt1 -> 626.861 ms
[91.950s] iteration 16: BubbleSortOpt1 -> 639.163 ms
[93.276s] iteration 16: BubbleSortParallelOddEven -> 1321.069 ms
[95.852s] iteration 16: BubbleSortParallelDivideAndConquer -> 2571.090 ms
[97.178s] iteration 17: BubbleSortParallelOddEven -> 1320.489 ms
[99.758s] iteration 17: BubbleSortParallelDivideAndConquer -> 2574.658 ms
[100.381s] iteration 17: BubbleSortOpt1 -> 618.182 ms
[101.713s] iteration 18: BubbleSortParallelOddEven -> 1326.863 ms
[104.297s] iteration 18: BubbleSortParallelDivideAndConquer -> 2579.016 ms
[104.932s] iteration 18: BubbleSortOpt1 -> 629.312 ms
[106.261s] iteration 19: BubbleSortParallelOddEven -> 1323.622 ms
[106.896s] iteration 19: BubbleSortOpt1 -> 630.492 ms
[109.477s] iteration 19: BubbleSortParallelDivideAndConquer -> 2575.170 ms
[110.088s] iteration 20: BubbleSortOpt1 -> 605.780 ms
[111.421s] iteration 20: BubbleSortParallelOddEven -> 1328.045 ms
[114.003s] iteration 20: BubbleSortParallelDivideAndConquer -> 2576.911 ms
processors=16 warmUps=5 iterations=20 size=40.000
[4.044s] warm-up 1: BubbleSortParallelDivideAndConquer -> 3832.739 ms
[4.647s] warm-up 1: BubbleSortOpt1 -> 596.340 ms
[6.599s] warm-up 1: BubbleSortParallelOddEven -> 1946.238 ms
[8.533s] warm-up 2: BubbleSortParallelOddEven -> 1928.097 ms
[12.371s] warm-up 2: BubbleSortParallelDivideAndConquer -> 3833.399 ms
[12.971s] warm-up 2: BubbleSortOpt1 -> 593.756 ms
[16.772s] warm-up 3: BubbleSortParallelDivideAndConquer -> 3795.581 ms
[18.709s] warm-up 3: BubbleSortParallelOddEven -> 1931.886 ms
[19.346s] warm-up 3: BubbleSortOpt1 -> 632.054 ms
[23.178s] warm-up 4: BubbleSortParallelDivideAndConquer -> 3825.417 ms
[25.107s] warm-up 4: BubbleSortParallelOddEven -> 1924.117 ms
[25.751s] warm-up 4: BubbleSortOpt1 -> 638.583 ms
[26.398s] warm-up 5: BubbleSortOpt1 -> 640.840 ms
[28.315s] warm-up 5: BubbleSortParallelOddEven -> 1911.578 ms
[32.119s] warm-up 5: BubbleSortParallelDivideAndConquer -> 3798.518 ms
[32.762s] iteration 1: BubbleSortOpt1 -> 637.994 ms
[34.691s] iteration 1: BubbleSortParallelOddEven -> 1923.294 ms
[38.568s] iteration 1: BubbleSortParallelDivideAndConquer -> 3871.398 ms
[39.210s] iteration 2: BubbleSortOpt1 -> 636.827 ms
[41.125s] iteration 2: BubbleSortParallelOddEven -> 1909.328 ms
[44.924s] iteration 2: BubbleSortParallelDivideAndConquer -> 3793.974 ms
[45.575s] iteration 3: BubbleSortOpt1 -> 645.860 ms
[49.400s] iteration 3: BubbleSortParallelDivideAndConquer -> 3817.919 ms
[51.330s] iteration 3: BubbleSortParallelOddEven -> 1924.702 ms
[51.979s] iteration 4: BubbleSortOpt1 -> 643.678 ms
[53.901s] iteration 4: BubbleSortParallelOddEven -> 1917.139 ms
[57.724s] iteration 4: BubbleSortParallelDivideAndConquer -> 3817.815 ms
[58.370s] iteration 5: BubbleSortOpt1 -> 640.634 ms
[62.199s] iteration 5: BubbleSortParallelDivideAndConquer -> 3823.448 ms
[64.127s] iteration 5: BubbleSortParallelOddEven -> 1922.883 ms
[67.943s] iteration 6: BubbleSortParallelDivideAndConquer -> 3810.744 ms
[69.916s] iteration 6: BubbleSortParallelOddEven -> 1967.582 ms
[70.559s] iteration 6: BubbleSortOpt1 -> 637.556 ms
[71.220s] iteration 7: BubbleSortOpt1 -> 655.260 ms
[73.134s] iteration 7: BubbleSortParallelOddEven -> 1908.940 ms
[76.946s] iteration 7: BubbleSortParallelDivideAndConquer -> 3806.138 ms
[80.758s] iteration 8: BubbleSortParallelDivideAndConquer -> 3806.281 ms
[81.399s] iteration 8: BubbleSortOpt1 -> 636.313 ms
[83.319s] iteration 8: BubbleSortParallelOddEven -> 1914.290 ms
[83.955s] iteration 9: BubbleSortOpt1 -> 630.629 ms
[87.746s] iteration 9: BubbleSortParallelDivideAndConquer -> 3785.073 ms
[89.667s] iteration 9: BubbleSortParallelOddEven -> 1915.703 ms
[90.318s] iteration 10: BubbleSortOpt1 -> 645.170 ms
[94.135s] iteration 10: BubbleSortParallelDivideAndConquer -> 3811.515 ms
[96.054s] iteration 10: BubbleSortParallelOddEven -> 1913.331 ms
[99.867s] iteration 11: BubbleSortParallelDivideAndConquer -> 3807.994 ms
[101.837s] iteration 11: BubbleSortParallelOddEven -> 1964.038 ms
[102.511s] iteration 11: BubbleSortOpt1 -> 668.795 ms
[104.444s] iteration 12: BubbleSortParallelOddEven -> 1927.479 ms
[105.086s] iteration 12: BubbleSortOpt1 -> 636.557 ms
[108.895s] iteration 12: BubbleSortParallelDivideAndConquer -> 3803.265 ms
[112.729s] iteration 13: BubbleSortParallelDivideAndConquer -> 3828.372 ms
[113.376s] iteration 13: BubbleSortOpt1 -> 641.514 ms
[115.298s] iteration 13: BubbleSortParallelOddEven -> 1916.406 ms
[119.102s] iteration 14: BubbleSortParallelDivideAndConquer -> 3798.613 ms
[119.743s] iteration 14: BubbleSortOpt1 -> 635.154 ms
[121.656s] iteration 14: BubbleSortParallelOddEven -> 1906.790 ms
[123.582s] iteration 15: BubbleSortParallelOddEven -> 1921.514 ms
[127.410s] iteration 15: BubbleSortParallelDivideAndConquer -> 3821.802 ms
[128.050s] iteration 15: BubbleSortOpt1 -> 635.188 ms
[129.971s] iteration 16: BubbleSortParallelOddEven -> 1913.973 ms
[133.784s] iteration 16: BubbleSortParallelDivideAndConquer -> 3808.082 ms
[134.417s] iteration 16: BubbleSortOpt1 -> 627.914 ms
[138.237s] iteration 17: BubbleSortParallelDivideAndConquer -> 3813.943 ms
[140.155s] iteration 17: BubbleSortParallelOddEven -> 1912.405 ms
[140.816s] iteration 17: BubbleSortOpt1 -> 655.584 ms
[141.458s] iteration 18: BubbleSortOpt1 -> 635.984 ms
[145.279s] iteration 18: BubbleSortParallelDivideAndConquer -> 3815.873 ms
[147.206s] iteration 18: BubbleSortParallelOddEven -> 1921.397 ms
[147.864s] iteration 19: BubbleSortOpt1 -> 652.341 ms
[151.680s] iteration 19: BubbleSortParallelDivideAndConquer -> 3810.306 ms
[153.593s] iteration 19: BubbleSortParallelOddEven -> 1908.386 ms
[157.407s] iteration 20: BubbleSortParallelDivideAndConquer -> 3808.878 ms
[159.337s] iteration 20: BubbleSortParallelOddEven -> 1924.482 ms
[159.988s] iteration 20: BubbleSortOpt1 -> 645.000 ms
processors=18 warmUps=5 iterations=20 size=40.000
[0.810s] warm-up 1: BubbleSortOpt1 -> 596.340 ms
[3.120s] warm-up 1: BubbleSortParallelOddEven -> 2303.706 ms
[7.671s] warm-up 1: BubbleSortParallelDivideAndConquer -> 4545.256 ms
[9.967s] warm-up 2: BubbleSortParallelOddEven -> 2290.414 ms
[10.570s] warm-up 2: BubbleSortOpt1 -> 597.406 ms
[15.042s] warm-up 2: BubbleSortParallelDivideAndConquer -> 4467.091 ms
[15.690s] warm-up 3: BubbleSortOpt1 -> 641.675 ms
[17.965s] warm-up 3: BubbleSortParallelOddEven -> 2268.863 ms
[22.507s] warm-up 3: BubbleSortParallelDivideAndConquer -> 4536.088 ms
[26.978s] warm-up 4: BubbleSortParallelDivideAndConquer -> 4465.525 ms
[27.642s] warm-up 4: BubbleSortOpt1 -> 658.998 ms
[29.941s] warm-up 4: BubbleSortParallelOddEven -> 2293.385 ms
[30.604s] warm-up 5: BubbleSortOpt1 -> 658.181 ms
[32.887s] warm-up 5: BubbleSortParallelOddEven -> 2277.300 ms
[37.367s] warm-up 5: BubbleSortParallelDivideAndConquer -> 4474.563 ms
[41.938s] iteration 1: BubbleSortParallelDivideAndConquer -> 4566.094 ms
[42.600s] iteration 1: BubbleSortOpt1 -> 656.549 ms
[44.888s] iteration 1: BubbleSortParallelOddEven -> 2282.136 ms
[49.412s] iteration 2: BubbleSortParallelDivideAndConquer -> 4518.867 ms
[51.720s] iteration 2: BubbleSortParallelOddEven -> 2302.757 ms
[52.363s] iteration 2: BubbleSortOpt1 -> 637.264 ms
[54.648s] iteration 3: BubbleSortParallelOddEven -> 2279.977 ms
[55.301s] iteration 3: BubbleSortOpt1 -> 647.104 ms
[59.811s] iteration 3: BubbleSortParallelDivideAndConquer -> 4505.156 ms
[64.347s] iteration 4: BubbleSortParallelDivideAndConquer -> 4530.635 ms
[64.994s] iteration 4: BubbleSortOpt1 -> 641.940 ms
[67.269s] iteration 4: BubbleSortParallelOddEven -> 2269.265 ms
[69.553s] iteration 5: BubbleSortParallelOddEven -> 2278.226 ms
[74.087s] iteration 5: BubbleSortParallelDivideAndConquer -> 4529.166 ms
[74.726s] iteration 5: BubbleSortOpt1 -> 633.323 ms
[77.004s] iteration 6: BubbleSortParallelOddEven -> 2272.461 ms
[81.561s] iteration 6: BubbleSortParallelDivideAndConquer -> 4551.612 ms
[82.217s] iteration 6: BubbleSortOpt1 -> 650.162 ms
[84.500s] iteration 7: BubbleSortParallelOddEven -> 2277.565 ms
[89.012s] iteration 7: BubbleSortParallelDivideAndConquer -> 4506.910 ms
[89.661s] iteration 7: BubbleSortOpt1 -> 643.523 ms
[94.182s] iteration 8: BubbleSortParallelDivideAndConquer -> 4514.564 ms
[94.827s] iteration 8: BubbleSortOpt1 -> 640.151 ms
[97.088s] iteration 8: BubbleSortParallelOddEven -> 2255.636 ms
[97.733s] iteration 9: BubbleSortOpt1 -> 638.986 ms
[102.265s] iteration 9: BubbleSortParallelDivideAndConquer -> 4526.653 ms
[104.572s] iteration 9: BubbleSortParallelOddEven -> 2302.113 ms
[106.838s] iteration 10: BubbleSortParallelOddEven -> 2260.802 ms
[107.480s] iteration 10: BubbleSortOpt1 -> 636.535 ms
[111.999s] iteration 10: BubbleSortParallelDivideAndConquer -> 4513.318 ms
[114.291s] iteration 11: BubbleSortParallelOddEven -> 2286.948 ms
[118.811s] iteration 11: BubbleSortParallelDivideAndConquer -> 4513.828 ms
[119.470s] iteration 11: BubbleSortOpt1 -> 653.665 ms
[124.010s] iteration 12: BubbleSortParallelDivideAndConquer -> 4534.789 ms
[126.290s] iteration 12: BubbleSortParallelOddEven -> 2274.935 ms
[126.945s] iteration 12: BubbleSortOpt1 -> 649.102 ms
[129.229s] iteration 13: BubbleSortParallelOddEven -> 2278.554 ms
[129.881s] iteration 13: BubbleSortOpt1 -> 646.653 ms
[134.431s] iteration 13: BubbleSortParallelDivideAndConquer -> 4544.410 ms
[136.720s] iteration 14: BubbleSortParallelOddEven -> 2283.917 ms
[137.368s] iteration 14: BubbleSortOpt1 -> 641.906 ms
[141.919s] iteration 14: BubbleSortParallelDivideAndConquer -> 4545.391 ms
[146.455s] iteration 15: BubbleSortParallelDivideAndConquer -> 4530.541 ms
[148.739s] iteration 15: BubbleSortParallelOddEven -> 2278.293 ms
[149.390s] iteration 15: BubbleSortOpt1 -> 645.531 ms
[150.037s] iteration 16: BubbleSortOpt1 -> 641.770 ms
[154.575s] iteration 16: BubbleSortParallelDivideAndConquer -> 4532.318 ms
[156.848s] iteration 16: BubbleSortParallelOddEven -> 2267.230 ms
[161.368s] iteration 17: BubbleSortParallelDivideAndConquer -> 4514.391 ms
[163.659s] iteration 17: BubbleSortParallelOddEven -> 2286.214 ms
[164.320s] iteration 17: BubbleSortOpt1 -> 655.021 ms
[164.961s] iteration 18: BubbleSortOpt1 -> 634.967 ms
[169.471s] iteration 18: BubbleSortParallelDivideAndConquer -> 4504.707 ms
[171.778s] iteration 18: BubbleSortParallelOddEven -> 2300.892 ms
[174.084s] iteration 19: BubbleSortParallelOddEven -> 2300.603 ms
[174.727s] iteration 19: BubbleSortOpt1 -> 637.603 ms
[179.224s] iteration 19: BubbleSortParallelDivideAndConquer -> 4491.885 ms
[179.876s] iteration 20: BubbleSortOpt1 -> 647.229 ms
[182.183s] iteration 20: BubbleSortParallelOddEven -> 2301.400 ms
[186.678s] iteration 20: BubbleSortParallelDivideAndConquer -> 4489.578 ms
