kpc: classes=0x3, 8 config registers, counter map [0, 1, 2, 3, 4, 5, 6, 7]
iterations=5 counters=true batch=4.194.304 elements
--- warm up 1 of 2 ---
[0.498s] Heapsort (random) size=1,024 x 4096 -> 0.037 ms per array
[0.664s] BottomUpHeapsort (random) size=1,024 x 4096 -> 0.038 ms per array
[0.729s] Heapsort (ascending) size=1,024 x 4096 -> 0.013 ms per array
[0.881s] BottomUpHeapsort (ascending) size=1,024 x 4096 -> 0.035 ms per array
[0.934s] Heapsort (descending) size=1,024 x 4096 -> 0.010 ms per array
[1.081s] BottomUpHeapsort (descending) size=1,024 x 4096 -> 0.034 ms per array
[1.273s] Heapsort (random) size=4,096 x 1024 -> 0.178 ms per array
[1.464s] BottomUpHeapsort (random) size=4,096 x 1024 -> 0.176 ms per array
[1.548s] Heapsort (ascending) size=4,096 x 1024 -> 0.075 ms per array
[1.726s] BottomUpHeapsort (ascending) size=4,096 x 1024 -> 0.167 ms per array
[1.800s] Heapsort (descending) size=4,096 x 1024 -> 0.064 ms per array
[1.974s] BottomUpHeapsort (descending) size=4,096 x 1024 -> 0.163 ms per array
[2.193s] Heapsort (random) size=16,384 x 256 -> 0.817 ms per array
[2.412s] BottomUpHeapsort (random) size=16,384 x 256 -> 0.820 ms per array
[2.532s] Heapsort (ascending) size=16,384 x 256 -> 0.437 ms per array
[2.740s] BottomUpHeapsort (ascending) size=16,384 x 256 -> 0.783 ms per array
[2.872s] Heapsort (descending) size=16,384 x 256 -> 0.487 ms per array
[3.076s] BottomUpHeapsort (descending) size=16,384 x 256 -> 0.766 ms per array
[3.325s] Heapsort (random) size=65,536 x 64 -> 3.742 ms per array
[3.577s] BottomUpHeapsort (random) size=65,536 x 64 -> 3.783 ms per array
[3.716s] Heapsort (ascending) size=65,536 x 64 -> 2.043 ms per array
[3.952s] BottomUpHeapsort (ascending) size=65,536 x 64 -> 3.569 ms per array
[4.105s] Heapsort (descending) size=65,536 x 64 -> 2.266 ms per array
[4.338s] BottomUpHeapsort (descending) size=65,536 x 64 -> 3.526 ms per array
[4.620s] Heapsort (random) size=262,144 x 16 -> 16.969 ms per array
[4.921s] BottomUpHeapsort (random) size=262,144 x 16 -> 18.235 ms per array
[5.072s] Heapsort (ascending) size=262,144 x 16 -> 8.892 ms per array
[5.339s] BottomUpHeapsort (ascending) size=262,144 x 16 -> 16.237 ms per array
[5.502s] Heapsort (descending) size=262,144 x 16 -> 9.687 ms per array
[5.765s] BottomUpHeapsort (descending) size=262,144 x 16 -> 15.896 ms per array
[6.088s] Heapsort (random) size=1,048,576 x 4 -> 78.334 ms per array
[6.506s] BottomUpHeapsort (random) size=1,048,576 x 4 -> 101.782 ms per array
[6.668s] Heapsort (ascending) size=1,048,576 x 4 -> 38.021 ms per array
[6.962s] BottomUpHeapsort (ascending) size=1,048,576 x 4 -> 71.317 ms per array
[7.133s] Heapsort (descending) size=1,048,576 x 4 -> 40.684 ms per array
[7.425s] BottomUpHeapsort (descending) size=1,048,576 x 4 -> 70.858 ms per array
--- warm up 2 of 2 ---
[7.583s] Heapsort (random) size=1,024 x 4096 -> 0.036 ms per array
[7.744s] BottomUpHeapsort (random) size=1,024 x 4096 -> 0.037 ms per array
[7.800s] Heapsort (ascending) size=1,024 x 4096 -> 0.012 ms per array
[7.948s] BottomUpHeapsort (ascending) size=1,024 x 4096 -> 0.034 ms per array
[8.000s] Heapsort (descending) size=1,024 x 4096 -> 0.011 ms per array
[8.143s] BottomUpHeapsort (descending) size=1,024 x 4096 -> 0.033 ms per array
[8.330s] Heapsort (random) size=4,096 x 1024 -> 0.174 ms per array
[8.519s] BottomUpHeapsort (random) size=4,096 x 1024 -> 0.175 ms per array
[8.604s] Heapsort (ascending) size=4,096 x 1024 -> 0.074 ms per array
[8.780s] BottomUpHeapsort (ascending) size=4,096 x 1024 -> 0.165 ms per array
[8.864s] Heapsort (descending) size=4,096 x 1024 -> 0.074 ms per array
[9.035s] BottomUpHeapsort (descending) size=4,096 x 1024 -> 0.160 ms per array
[9.253s] Heapsort (random) size=16,384 x 256 -> 0.812 ms per array
[9.469s] BottomUpHeapsort (random) size=16,384 x 256 -> 0.808 ms per array
[9.586s] Heapsort (ascending) size=16,384 x 256 -> 0.426 ms per array
[9.791s] BottomUpHeapsort (ascending) size=16,384 x 256 -> 0.771 ms per array
[9.919s] Heapsort (descending) size=16,384 x 256 -> 0.473 ms per array
[10.120s] BottomUpHeapsort (descending) size=16,384 x 256 -> 0.752 ms per array
[10.368s] Heapsort (random) size=65,536 x 64 -> 3.734 ms per array
[10.617s] BottomUpHeapsort (random) size=65,536 x 64 -> 3.750 ms per array
[10.754s] Heapsort (ascending) size=65,536 x 64 -> 2.012 ms per array
[10.988s] BottomUpHeapsort (ascending) size=65,536 x 64 -> 3.537 ms per array
[11.138s] Heapsort (descending) size=65,536 x 64 -> 2.221 ms per array
[11.368s] BottomUpHeapsort (descending) size=65,536 x 64 -> 3.489 ms per array
[11.652s] Heapsort (random) size=262,144 x 16 -> 17.060 ms per array
[11.950s] BottomUpHeapsort (random) size=262,144 x 16 -> 18.063 ms per array
[12.099s] Heapsort (ascending) size=262,144 x 16 -> 8.792 ms per array
[12.364s] BottomUpHeapsort (ascending) size=262,144 x 16 -> 15.906 ms per array
[12.524s] Heapsort (descending) size=262,144 x 16 -> 9.508 ms per array
[12.784s] BottomUpHeapsort (descending) size=262,144 x 16 -> 15.733 ms per array
[13.108s] Heapsort (random) size=1,048,576 x 4 -> 78.706 ms per array
[13.486s] BottomUpHeapsort (random) size=1,048,576 x 4 -> 92.023 ms per array
[13.644s] Heapsort (ascending) size=1,048,576 x 4 -> 37.398 ms per array
[13.936s] BottomUpHeapsort (ascending) size=1,048,576 x 4 -> 70.688 ms per array
[14.105s] Heapsort (descending) size=1,048,576 x 4 -> 40.195 ms per array
[14.393s] BottomUpHeapsort (descending) size=1,048,576 x 4 -> 70.329 ms per array
--- iteration 1 of 5 ---
[14.550s] Heapsort (random) size=1,024 x 4096 -> 0.036 ms per array
[14.711s] BottomUpHeapsort (random) size=1,024 x 4096 -> 0.037 ms per array
[14.765s] Heapsort (ascending) size=1,024 x 4096 -> 0.011 ms per array
[14.913s] BottomUpHeapsort (ascending) size=1,024 x 4096 -> 0.034 ms per array
[14.962s] Heapsort (descending) size=1,024 x 4096 -> 0.010 ms per array
[15.106s] BottomUpHeapsort (descending) size=1,024 x 4096 -> 0.033 ms per array
[15.292s] Heapsort (random) size=4,096 x 1024 -> 0.173 ms per array
[15.483s] BottomUpHeapsort (random) size=4,096 x 1024 -> 0.177 ms per array
[15.578s] Heapsort (ascending) size=4,096 x 1024 -> 0.085 ms per array
[15.756s] BottomUpHeapsort (ascending) size=4,096 x 1024 -> 0.166 ms per array
[15.840s] Heapsort (descending) size=4,096 x 1024 -> 0.075 ms per array
[16.012s] BottomUpHeapsort (descending) size=4,096 x 1024 -> 0.161 ms per array
[16.228s] Heapsort (random) size=16,384 x 256 -> 0.807 ms per array
[16.445s] BottomUpHeapsort (random) size=16,384 x 256 -> 0.811 ms per array
[16.566s] Heapsort (ascending) size=16,384 x 256 -> 0.443 ms per array
[16.772s] BottomUpHeapsort (ascending) size=16,384 x 256 -> 0.777 ms per array
[16.901s] Heapsort (descending) size=16,384 x 256 -> 0.472 ms per array
[17.103s] BottomUpHeapsort (descending) size=16,384 x 256 -> 0.759 ms per array
[17.348s] Heapsort (random) size=65,536 x 64 -> 3.691 ms per array
[17.598s] BottomUpHeapsort (random) size=65,536 x 64 -> 3.761 ms per array
[17.735s] Heapsort (ascending) size=65,536 x 64 -> 2.024 ms per array
[17.970s] BottomUpHeapsort (ascending) size=65,536 x 64 -> 3.550 ms per array
[18.121s] Heapsort (descending) size=65,536 x 64 -> 2.235 ms per array
[18.353s] BottomUpHeapsort (descending) size=65,536 x 64 -> 3.505 ms per array
[18.632s] Heapsort (random) size=262,144 x 16 -> 16.858 ms per array
[18.931s] BottomUpHeapsort (random) size=262,144 x 16 -> 18.084 ms per array
[19.082s] Heapsort (ascending) size=262,144 x 16 -> 8.968 ms per array
[19.347s] BottomUpHeapsort (ascending) size=262,144 x 16 -> 16.055 ms per array
[19.508s] Heapsort (descending) size=262,144 x 16 -> 9.537 ms per array
[19.768s] BottomUpHeapsort (descending) size=262,144 x 16 -> 15.783 ms per array
[20.090s] Heapsort (random) size=1,048,576 x 4 -> 77.946 ms per array
[20.467s] BottomUpHeapsort (random) size=1,048,576 x 4 -> 91.785 ms per array
[20.624s] Heapsort (ascending) size=1,048,576 x 4 -> 37.166 ms per array
[20.915s] BottomUpHeapsort (ascending) size=1,048,576 x 4 -> 70.739 ms per array
[21.084s] Heapsort (descending) size=1,048,576 x 4 -> 40.318 ms per array
[21.374s] BottomUpHeapsort (descending) size=1,048,576 x 4 -> 70.470 ms per array
[21.749s] Heapsort (random) size=4,194,304 x 1 -> 365.189 ms per array
[22.252s] BottomUpHeapsort (random) size=4,194,304 x 1 -> 492.032 ms per array
[22.421s] Heapsort (ascending) size=4,194,304 x 1 -> 159.791 ms per array
[22.742s] BottomUpHeapsort (ascending) size=4,194,304 x 1 -> 311.932 ms per array
[22.922s] Heapsort (descending) size=4,194,304 x 1 -> 171.410 ms per array
[23.242s] BottomUpHeapsort (descending) size=4,194,304 x 1 -> 311.781 ms per array
[25.441s] Heapsort (random) size=16,777,216 x 1 -> 2177.405 ms per array
[29.238s] BottomUpHeapsort (random) size=16,777,216 x 1 -> 3776.003 ms per array
[29.923s] Heapsort (ascending) size=16,777,216 x 1 -> 674.997 ms per array
[31.296s] BottomUpHeapsort (ascending) size=16,777,216 x 1 -> 1364.149 ms per array
[32.027s] Heapsort (descending) size=16,777,216 x 1 -> 720.925 ms per array
[33.428s] BottomUpHeapsort (descending) size=16,777,216 x 1 -> 1392.137 ms per array
[46.181s] Heapsort (random) size=67,108,864 x 1 -> 12688.432 ms per array
[76.917s] BottomUpHeapsort (random) size=67,108,864 x 1 -> 30672.761 ms per array
[79.774s] Heapsort (ascending) size=67,108,864 x 1 -> 2834.188 ms per array
[85.711s] BottomUpHeapsort (ascending) size=67,108,864 x 1 -> 5914.192 ms per array
[88.782s] Heapsort (descending) size=67,108,864 x 1 -> 3037.196 ms per array
[94.860s] BottomUpHeapsort (descending) size=67,108,864 x 1 -> 6056.720 ms per array
--- iteration 2 of 5 ---
[95.019s] BottomUpHeapsort (random) size=1,024 x 4096 -> 0.037 ms per array
[95.174s] Heapsort (random) size=1,024 x 4096 -> 0.036 ms per array
[95.321s] BottomUpHeapsort (ascending) size=1,024 x 4096 -> 0.035 ms per array
[95.375s] Heapsort (ascending) size=1,024 x 4096 -> 0.012 ms per array
[95.514s] BottomUpHeapsort (descending) size=1,024 x 4096 -> 0.033 ms per array
[95.561s] Heapsort (descending) size=1,024 x 4096 -> 0.010 ms per array
[95.745s] BottomUpHeapsort (random) size=4,096 x 1024 -> 0.175 ms per array
[95.930s] Heapsort (random) size=4,096 x 1024 -> 0.174 ms per array
[96.104s] BottomUpHeapsort (ascending) size=4,096 x 1024 -> 0.166 ms per array
[96.193s] Heapsort (ascending) size=4,096 x 1024 -> 0.083 ms per array
[96.362s] BottomUpHeapsort (descending) size=4,096 x 1024 -> 0.161 ms per array
[96.433s] Heapsort (descending) size=4,096 x 1024 -> 0.065 ms per array
[96.647s] BottomUpHeapsort (random) size=16,384 x 256 -> 0.810 ms per array
[96.861s] Heapsort (random) size=16,384 x 256 -> 0.814 ms per array
[97.065s] BottomUpHeapsort (ascending) size=16,384 x 256 -> 0.776 ms per array
[97.182s] Heapsort (ascending) size=16,384 x 256 -> 0.440 ms per array
[97.380s] BottomUpHeapsort (descending) size=16,384 x 256 -> 0.759 ms per array
[97.510s] Heapsort (descending) size=16,384 x 256 -> 0.488 ms per array
[97.759s] BottomUpHeapsort (random) size=65,536 x 64 -> 3.795 ms per array
[98.007s] Heapsort (random) size=65,536 x 64 -> 3.784 ms per array
[98.239s] BottomUpHeapsort (ascending) size=65,536 x 64 -> 3.551 ms per array
[98.374s] Heapsort (ascending) size=65,536 x 64 -> 2.035 ms per array
[98.604s] BottomUpHeapsort (descending) size=65,536 x 64 -> 3.520 ms per array
[98.767s] Heapsort (descending) size=65,536 x 64 -> 2.484 ms per array
[99.067s] BottomUpHeapsort (random) size=262,144 x 16 -> 18.335 ms per array
[99.351s] Heapsort (random) size=262,144 x 16 -> 17.367 ms per array
[99.611s] BottomUpHeapsort (ascending) size=262,144 x 16 -> 16.030 ms per array
[99.757s] Heapsort (ascending) size=262,144 x 16 -> 8.844 ms per array
[100.013s] BottomUpHeapsort (descending) size=262,144 x 16 -> 15.757 ms per array
[100.170s] Heapsort (descending) size=262,144 x 16 -> 9.536 ms per array
[100.545s] BottomUpHeapsort (random) size=1,048,576 x 4 -> 92.011 ms per array
[100.868s] Heapsort (random) size=1,048,576 x 4 -> 79.150 ms per array
[101.155s] BottomUpHeapsort (ascending) size=1,048,576 x 4 -> 70.846 ms per array
[101.309s] Heapsort (ascending) size=1,048,576 x 4 -> 37.409 ms per array
[101.596s] BottomUpHeapsort (descending) size=1,048,576 x 4 -> 70.729 ms per array
[101.762s] Heapsort (descending) size=1,048,576 x 4 -> 40.250 ms per array
[102.264s] BottomUpHeapsort (random) size=4,194,304 x 1 -> 496.180 ms per array
[102.650s] Heapsort (random) size=4,194,304 x 1 -> 379.649 ms per array
[102.969s] BottomUpHeapsort (ascending) size=4,194,304 x 1 -> 314.152 ms per array
[103.133s] Heapsort (ascending) size=4,194,304 x 1 -> 159.598 ms per array
[103.451s] BottomUpHeapsort (descending) size=4,194,304 x 1 -> 312.943 ms per array
[103.627s] Heapsort (descending) size=4,194,304 x 1 -> 171.536 ms per array
[107.536s] BottomUpHeapsort (random) size=16,777,216 x 1 -> 3894.213 ms per array
[109.776s] Heapsort (random) size=16,777,216 x 1 -> 2225.782 ms per array
[111.149s] BottomUpHeapsort (ascending) size=16,777,216 x 1 -> 1365.627 ms per array
[111.837s] Heapsort (ascending) size=16,777,216 x 1 -> 681.015 ms per array
[113.230s] BottomUpHeapsort (descending) size=16,777,216 x 1 -> 1384.315 ms per array
[113.964s] Heapsort (descending) size=16,777,216 x 1 -> 726.983 ms per array
[144.501s] BottomUpHeapsort (random) size=67,108,864 x 1 -> 30487.987 ms per array
[157.345s] Heapsort (random) size=67,108,864 x 1 -> 12792.940 ms per array
[163.301s] BottomUpHeapsort (ascending) size=67,108,864 x 1 -> 5936.215 ms per array
[166.215s] Heapsort (ascending) size=67,108,864 x 1 -> 2894.431 ms per array
[172.297s] BottomUpHeapsort (descending) size=67,108,864 x 1 -> 6062.208 ms per array
[175.416s] Heapsort (descending) size=67,108,864 x 1 -> 3099.335 ms per array
--- iteration 3 of 5 ---
[175.571s] Heapsort (random) size=1,024 x 4096 -> 0.036 ms per array
[175.728s] BottomUpHeapsort (random) size=1,024 x 4096 -> 0.037 ms per array
[175.780s] Heapsort (ascending) size=1,024 x 4096 -> 0.011 ms per array
[175.925s] BottomUpHeapsort (ascending) size=1,024 x 4096 -> 0.034 ms per array
[175.971s] Heapsort (descending) size=1,024 x 4096 -> 0.010 ms per array
[176.112s] BottomUpHeapsort (descending) size=1,024 x 4096 -> 0.033 ms per array
[176.296s] Heapsort (random) size=4,096 x 1024 -> 0.173 ms per array
[176.482s] BottomUpHeapsort (random) size=4,096 x 1024 -> 0.175 ms per array
[176.565s] Heapsort (ascending) size=4,096 x 1024 -> 0.076 ms per array
[176.739s] BottomUpHeapsort (ascending) size=4,096 x 1024 -> 0.165 ms per array
[176.814s] Heapsort (descending) size=4,096 x 1024 -> 0.069 ms per array
[176.984s] BottomUpHeapsort (descending) size=4,096 x 1024 -> 0.161 ms per array
[177.197s] Heapsort (random) size=16,384 x 256 -> 0.811 ms per array
[177.411s] BottomUpHeapsort (random) size=16,384 x 256 -> 0.808 ms per array
[177.524s] Heapsort (ascending) size=16,384 x 256 -> 0.428 ms per array
[177.728s] BottomUpHeapsort (ascending) size=16,384 x 256 -> 0.778 ms per array
[177.852s] Heapsort (descending) size=16,384 x 256 -> 0.470 ms per array
[178.051s] BottomUpHeapsort (descending) size=16,384 x 256 -> 0.759 ms per array
[178.296s] Heapsort (random) size=65,536 x 64 -> 3.727 ms per array
[178.543s] BottomUpHeapsort (random) size=65,536 x 64 -> 3.755 ms per array
[178.678s] Heapsort (ascending) size=65,536 x 64 -> 2.051 ms per array
[178.910s] BottomUpHeapsort (ascending) size=65,536 x 64 -> 3.553 ms per array
[179.057s] Heapsort (descending) size=65,536 x 64 -> 2.232 ms per array
[179.285s] BottomUpHeapsort (descending) size=65,536 x 64 -> 3.504 ms per array
[179.565s] Heapsort (random) size=262,144 x 16 -> 17.099 ms per array
[179.860s] BottomUpHeapsort (random) size=262,144 x 16 -> 18.048 ms per array
[180.006s] Heapsort (ascending) size=262,144 x 16 -> 8.870 ms per array
[180.266s] BottomUpHeapsort (ascending) size=262,144 x 16 -> 15.998 ms per array
[180.423s] Heapsort (descending) size=262,144 x 16 -> 9.558 ms per array
[180.680s] BottomUpHeapsort (descending) size=262,144 x 16 -> 15.828 ms per array
[181.003s] Heapsort (random) size=1,048,576 x 4 -> 79.143 ms per array
[181.376s] BottomUpHeapsort (random) size=1,048,576 x 4 -> 91.742 ms per array
[181.532s] Heapsort (ascending) size=1,048,576 x 4 -> 37.747 ms per array
[181.820s] BottomUpHeapsort (ascending) size=1,048,576 x 4 -> 70.931 ms per array
[181.986s] Heapsort (descending) size=1,048,576 x 4 -> 40.546 ms per array
[182.272s] BottomUpHeapsort (descending) size=1,048,576 x 4 -> 70.358 ms per array
[182.658s] Heapsort (random) size=4,194,304 x 1 -> 379.380 ms per array
[183.155s] BottomUpHeapsort (random) size=4,194,304 x 1 -> 490.647 ms per array
[183.319s] Heapsort (ascending) size=4,194,304 x 1 -> 159.793 ms per array
[183.637s] BottomUpHeapsort (ascending) size=4,194,304 x 1 -> 313.277 ms per array
[183.813s] Heapsort (descending) size=4,194,304 x 1 -> 171.880 ms per array
[184.134s] BottomUpHeapsort (descending) size=4,194,304 x 1 -> 316.896 ms per array
[186.370s] Heapsort (random) size=16,777,216 x 1 -> 2221.054 ms per array
[190.228s] BottomUpHeapsort (random) size=16,777,216 x 1 -> 3842.887 ms per array
[190.916s] Heapsort (ascending) size=16,777,216 x 1 -> 680.430 ms per array
[192.291s] BottomUpHeapsort (ascending) size=16,777,216 x 1 -> 1367.877 ms per array
[193.025s] Heapsort (descending) size=16,777,216 x 1 -> 726.553 ms per array
[194.420s] BottomUpHeapsort (descending) size=16,777,216 x 1 -> 1387.564 ms per array
[207.284s] Heapsort (random) size=67,108,864 x 1 -> 12813.798 ms per array
[238.344s] BottomUpHeapsort (random) size=67,108,864 x 1 -> 31009.829 ms per array
[241.233s] Heapsort (ascending) size=67,108,864 x 1 -> 2867.739 ms per array
[247.204s] BottomUpHeapsort (ascending) size=67,108,864 x 1 -> 5951.318 ms per array
[250.296s] Heapsort (descending) size=67,108,864 x 1 -> 3071.369 ms per array
[256.384s] BottomUpHeapsort (descending) size=67,108,864 x 1 -> 6066.804 ms per array
--- iteration 4 of 5 ---
[256.541s] BottomUpHeapsort (random) size=1,024 x 4096 -> 0.037 ms per array
[256.695s] Heapsort (random) size=1,024 x 4096 -> 0.036 ms per array
[256.840s] BottomUpHeapsort (ascending) size=1,024 x 4096 -> 0.034 ms per array
[256.891s] Heapsort (ascending) size=1,024 x 4096 -> 0.011 ms per array
[257.031s] BottomUpHeapsort (descending) size=1,024 x 4096 -> 0.033 ms per array
[257.078s] Heapsort (descending) size=1,024 x 4096 -> 0.010 ms per array
[257.263s] BottomUpHeapsort (random) size=4,096 x 1024 -> 0.175 ms per array
[257.447s] Heapsort (random) size=4,096 x 1024 -> 0.174 ms per array
[257.621s] BottomUpHeapsort (ascending) size=4,096 x 1024 -> 0.166 ms per array
[257.703s] Heapsort (ascending) size=4,096 x 1024 -> 0.076 ms per array
[257.872s] BottomUpHeapsort (descending) size=4,096 x 1024 -> 0.161 ms per array
[257.945s] Heapsort (descending) size=4,096 x 1024 -> 0.067 ms per array
[258.159s] BottomUpHeapsort (random) size=16,384 x 256 -> 0.815 ms per array
[258.375s] Heapsort (random) size=16,384 x 256 -> 0.816 ms per array
[258.578s] BottomUpHeapsort (ascending) size=16,384 x 256 -> 0.777 ms per array
[258.692s] Heapsort (ascending) size=16,384 x 256 -> 0.428 ms per array
[258.891s] BottomUpHeapsort (descending) size=16,384 x 256 -> 0.762 ms per array
[259.017s] Heapsort (descending) size=16,384 x 256 -> 0.474 ms per array
[259.269s] BottomUpHeapsort (random) size=65,536 x 64 -> 3.831 ms per array
[259.514s] Heapsort (random) size=65,536 x 64 -> 3.742 ms per array
[259.746s] BottomUpHeapsort (ascending) size=65,536 x 64 -> 3.554 ms per array
[259.883s] Heapsort (ascending) size=65,536 x 64 -> 2.063 ms per array
[260.112s] BottomUpHeapsort (descending) size=65,536 x 64 -> 3.511 ms per array
[260.259s] Heapsort (descending) size=65,536 x 64 -> 2.231 ms per array
[260.555s] BottomUpHeapsort (random) size=262,144 x 16 -> 18.089 ms per array
[260.834s] Heapsort (random) size=262,144 x 16 -> 17.054 ms per array
[261.098s] BottomUpHeapsort (ascending) size=262,144 x 16 -> 16.246 ms per array
[261.247s] Heapsort (ascending) size=262,144 x 16 -> 9.032 ms per array
[261.504s] BottomUpHeapsort (descending) size=262,144 x 16 -> 15.782 ms per array
[261.662s] Heapsort (descending) size=262,144 x 16 -> 9.599 ms per array
[262.033s] BottomUpHeapsort (random) size=1,048,576 x 4 -> 91.228 ms per array
[262.364s] Heapsort (random) size=1,048,576 x 4 -> 81.066 ms per array
[262.656s] BottomUpHeapsort (ascending) size=1,048,576 x 4 -> 71.796 ms per array
[262.811s] Heapsort (ascending) size=1,048,576 x 4 -> 37.587 ms per array
[263.097s] BottomUpHeapsort (descending) size=1,048,576 x 4 -> 70.488 ms per array
[263.263s] Heapsort (descending) size=1,048,576 x 4 -> 40.202 ms per array
[263.780s] BottomUpHeapsort (random) size=4,194,304 x 1 -> 511.357 ms per array
[264.161s] Heapsort (random) size=4,194,304 x 1 -> 375.151 ms per array
[264.479s] BottomUpHeapsort (ascending) size=4,194,304 x 1 -> 312.873 ms per array
[264.644s] Heapsort (ascending) size=4,194,304 x 1 -> 161.008 ms per array
[264.961s] BottomUpHeapsort (descending) size=4,194,304 x 1 -> 312.556 ms per array
[265.140s] Heapsort (descending) size=4,194,304 x 1 -> 174.969 ms per array
[269.311s] BottomUpHeapsort (random) size=16,777,216 x 1 -> 4155.951 ms per array
[271.583s] Heapsort (random) size=16,777,216 x 1 -> 2257.012 ms per array
[272.960s] BottomUpHeapsort (ascending) size=16,777,216 x 1 -> 1369.389 ms per array
[273.650s] Heapsort (ascending) size=16,777,216 x 1 -> 683.215 ms per array
[275.045s] BottomUpHeapsort (descending) size=16,777,216 x 1 -> 1387.528 ms per array
[275.782s] Heapsort (descending) size=16,777,216 x 1 -> 729.852 ms per array
[306.930s] BottomUpHeapsort (random) size=67,108,864 x 1 -> 31098.864 ms per array
[319.838s] Heapsort (random) size=67,108,864 x 1 -> 12857.275 ms per array
[325.782s] BottomUpHeapsort (ascending) size=67,108,864 x 1 -> 5924.578 ms per array
[328.736s] Heapsort (ascending) size=67,108,864 x 1 -> 2933.693 ms per array
[334.822s] BottomUpHeapsort (descending) size=67,108,864 x 1 -> 6065.664 ms per array
[337.952s] Heapsort (descending) size=67,108,864 x 1 -> 3109.020 ms per array
--- iteration 5 of 5 ---
[338.106s] Heapsort (random) size=1,024 x 4096 -> 0.036 ms per array
[338.263s] BottomUpHeapsort (random) size=1,024 x 4096 -> 0.037 ms per array
[338.316s] Heapsort (ascending) size=1,024 x 4096 -> 0.012 ms per array
[338.461s] BottomUpHeapsort (ascending) size=1,024 x 4096 -> 0.034 ms per array
[338.508s] Heapsort (descending) size=1,024 x 4096 -> 0.010 ms per array
[338.649s] BottomUpHeapsort (descending) size=1,024 x 4096 -> 0.033 ms per array
[338.833s] Heapsort (random) size=4,096 x 1024 -> 0.174 ms per array
[339.019s] BottomUpHeapsort (random) size=4,096 x 1024 -> 0.175 ms per array
[339.101s] Heapsort (ascending) size=4,096 x 1024 -> 0.076 ms per array
[339.274s] BottomUpHeapsort (ascending) size=4,096 x 1024 -> 0.165 ms per array
[339.348s] Heapsort (descending) size=4,096 x 1024 -> 0.068 ms per array
[339.517s] BottomUpHeapsort (descending) size=4,096 x 1024 -> 0.160 ms per array
[339.731s] Heapsort (random) size=16,384 x 256 -> 0.815 ms per array
[339.944s] BottomUpHeapsort (random) size=16,384 x 256 -> 0.808 ms per array
[340.059s] Heapsort (ascending) size=16,384 x 256 -> 0.432 ms per array
[340.263s] BottomUpHeapsort (ascending) size=16,384 x 256 -> 0.777 ms per array
[340.387s] Heapsort (descending) size=16,384 x 256 -> 0.470 ms per array
[340.586s] BottomUpHeapsort (descending) size=16,384 x 256 -> 0.757 ms per array
[340.831s] Heapsort (random) size=65,536 x 64 -> 3.735 ms per array
[341.078s] BottomUpHeapsort (random) size=65,536 x 64 -> 3.755 ms per array
[341.212s] Heapsort (ascending) size=65,536 x 64 -> 2.032 ms per array
[341.445s] BottomUpHeapsort (ascending) size=65,536 x 64 -> 3.559 ms per array
[341.592s] Heapsort (descending) size=65,536 x 64 -> 2.229 ms per array
[341.821s] BottomUpHeapsort (descending) size=65,536 x 64 -> 3.520 ms per array
[342.101s] Heapsort (random) size=262,144 x 16 -> 17.057 ms per array
[342.396s] BottomUpHeapsort (random) size=262,144 x 16 -> 18.052 ms per array
[342.541s] Heapsort (ascending) size=262,144 x 16 -> 8.832 ms per array
[342.802s] BottomUpHeapsort (ascending) size=262,144 x 16 -> 16.025 ms per array
[342.958s] Heapsort (descending) size=262,144 x 16 -> 9.539 ms per array
[343.217s] BottomUpHeapsort (descending) size=262,144 x 16 -> 15.864 ms per array
[343.541s] Heapsort (random) size=1,048,576 x 4 -> 79.636 ms per array
[343.920s] BottomUpHeapsort (random) size=1,048,576 x 4 -> 93.186 ms per array
[344.075s] Heapsort (ascending) size=1,048,576 x 4 -> 37.476 ms per array
[344.362s] BottomUpHeapsort (ascending) size=1,048,576 x 4 -> 70.761 ms per array
[344.528s] Heapsort (descending) size=1,048,576 x 4 -> 40.387 ms per array
[344.814s] BottomUpHeapsort (descending) size=1,048,576 x 4 -> 70.549 ms per array
[345.195s] Heapsort (random) size=4,194,304 x 1 -> 374.277 ms per array
[345.692s] BottomUpHeapsort (random) size=4,194,304 x 1 -> 490.605 ms per array
[345.857s] Heapsort (ascending) size=4,194,304 x 1 -> 160.394 ms per array
[346.174s] BottomUpHeapsort (ascending) size=4,194,304 x 1 -> 312.681 ms per array
[346.352s] Heapsort (descending) size=4,194,304 x 1 -> 173.777 ms per array
[346.669s] BottomUpHeapsort (descending) size=4,194,304 x 1 -> 313.098 ms per array
[348.933s] Heapsort (random) size=16,777,216 x 1 -> 2248.713 ms per array
[352.798s] BottomUpHeapsort (random) size=16,777,216 x 1 -> 3849.991 ms per array
[353.487s] Heapsort (ascending) size=16,777,216 x 1 -> 681.483 ms per array
[354.862s] BottomUpHeapsort (ascending) size=16,777,216 x 1 -> 1368.625 ms per array
[355.597s] Heapsort (descending) size=16,777,216 x 1 -> 727.143 ms per array
[356.992s] BottomUpHeapsort (descending) size=16,777,216 x 1 -> 1387.719 ms per array
[369.864s] Heapsort (random) size=67,108,864 x 1 -> 12821.886 ms per array
[400.678s] BottomUpHeapsort (random) size=67,108,864 x 1 -> 30763.422 ms per array
[403.574s] Heapsort (ascending) size=67,108,864 x 1 -> 2876.395 ms per array
[409.516s] BottomUpHeapsort (ascending) size=67,108,864 x 1 -> 5921.704 ms per array
[412.610s] Heapsort (descending) size=67,108,864 x 1 -> 3073.577 ms per array
[418.690s] BottomUpHeapsort (descending) size=67,108,864 x 1 -> 6060.286 ms per array
