algorithm=BubbleSortOpt1 iterations=10 maxSize=536,870,912 quadraticMaxSize=131,072
--- warm up 1 of 2 ---
[0.553s] BubbleSortOpt1 (random) size=1,024 -> 2.790 ms
[0.565s] BubbleSortOpt1 (random) size=2,048 -> 1.950 ms
[0.580s] BubbleSortOpt1 (random) size=4,096 -> 7.380 ms
[0.629s] BubbleSortOpt1 (random) size=8,192 -> 40.702 ms
[0.870s] BubbleSortOpt1 (random) size=16,384 -> 232.138 ms
[1.984s] BubbleSortOpt1 (random) size=32,768 -> 1104.276 ms
[6.550s] BubbleSortOpt1 (random) size=65,536 -> 4555.884 ms
[6.560s] BubbleSortOpt1 (ascending) size=1,024 -> 0.003 ms
[6.567s] BubbleSortOpt1 (ascending) size=2,048 -> 0.002 ms
[6.575s] BubbleSortOpt1 (ascending) size=4,096 -> 0.003 ms
[6.582s] BubbleSortOpt1 (ascending) size=8,192 -> 0.005 ms
[6.590s] BubbleSortOpt1 (ascending) size=16,384 -> 0.023 ms
[6.598s] BubbleSortOpt1 (ascending) size=32,768 -> 0.017 ms
[6.606s] BubbleSortOpt1 (ascending) size=65,536 -> 0.045 ms
[6.614s] BubbleSortOpt1 (ascending) size=131,072 -> 0.061 ms
[6.621s] BubbleSortOpt1 (ascending) size=262,144 -> 0.110 ms
[6.629s] BubbleSortOpt1 (ascending) size=524,288 -> 0.170 ms
[6.640s] BubbleSortOpt1 (ascending) size=1,048,576 -> 0.375 ms
[6.651s] BubbleSortOpt1 (ascending) size=2,097,152 -> 0.768 ms
[6.675s] BubbleSortOpt1 (ascending) size=4,194,304 -> 1.631 ms
[6.685s] BubbleSortOpt1 (descending) size=1,024 -> 0.640 ms
[6.695s] BubbleSortOpt1 (descending) size=2,048 -> 2.371 ms
[6.713s] BubbleSortOpt1 (descending) size=4,096 -> 10.085 ms
[6.757s] BubbleSortOpt1 (descending) size=8,192 -> 36.977 ms
[6.913s] BubbleSortOpt1 (descending) size=16,384 -> 148.253 ms
[7.524s] BubbleSortOpt1 (descending) size=32,768 -> 601.754 ms
[9.941s] BubbleSortOpt1 (descending) size=65,536 -> 2408.742 ms
--- warm up 2 of 2 ---
[9.951s] BubbleSortOpt1 (random) size=1,024 -> 0.600 ms
[9.960s] BubbleSortOpt1 (random) size=2,048 -> 1.839 ms
[9.974s] BubbleSortOpt1 (random) size=4,096 -> 6.761 ms
[10.026s] BubbleSortOpt1 (random) size=8,192 -> 44.776 ms
[10.275s] BubbleSortOpt1 (random) size=16,384 -> 239.647 ms
[11.357s] BubbleSortOpt1 (random) size=32,768 -> 1072.788 ms
[15.858s] BubbleSortOpt1 (random) size=65,536 -> 4491.580 ms
[15.867s] BubbleSortOpt1 (ascending) size=1,024 -> 0.002 ms
[15.874s] BubbleSortOpt1 (ascending) size=2,048 -> 0.007 ms
[15.881s] BubbleSortOpt1 (ascending) size=4,096 -> 0.021 ms
[15.889s] BubbleSortOpt1 (ascending) size=8,192 -> 0.005 ms
[15.897s] BubbleSortOpt1 (ascending) size=16,384 -> 0.014 ms
[15.904s] BubbleSortOpt1 (ascending) size=32,768 -> 0.013 ms
[15.911s] BubbleSortOpt1 (ascending) size=65,536 -> 0.044 ms
[15.919s] BubbleSortOpt1 (ascending) size=131,072 -> 0.061 ms
[15.927s] BubbleSortOpt1 (ascending) size=262,144 -> 0.131 ms
[15.935s] BubbleSortOpt1 (ascending) size=524,288 -> 0.177 ms
[15.943s] BubbleSortOpt1 (ascending) size=1,048,576 -> 0.411 ms
[15.954s] BubbleSortOpt1 (ascending) size=2,097,152 -> 0.822 ms
[15.968s] BubbleSortOpt1 (ascending) size=4,194,304 -> 1.603 ms
[15.977s] BubbleSortOpt1 (descending) size=1,024 -> 0.595 ms
[15.988s] BubbleSortOpt1 (descending) size=2,048 -> 2.345 ms
[16.004s] BubbleSortOpt1 (descending) size=4,096 -> 9.628 ms
[16.049s] BubbleSortOpt1 (descending) size=8,192 -> 37.339 ms
[16.208s] BubbleSortOpt1 (descending) size=16,384 -> 150.787 ms
[16.816s] BubbleSortOpt1 (descending) size=32,768 -> 599.324 ms
[19.224s] BubbleSortOpt1 (descending) size=65,536 -> 2399.231 ms
--- iteration 1 of 10 ---
[19.234s] BubbleSortOpt1 (random) size=1,024 -> 0.542 ms
[19.243s] BubbleSortOpt1 (random) size=2,048 -> 1.793 ms
[19.257s] BubbleSortOpt1 (random) size=4,096 -> 6.769 ms
[19.310s] BubbleSortOpt1 (random) size=8,192 -> 44.681 ms
[19.560s] BubbleSortOpt1 (random) size=16,384 -> 242.717 ms
[20.640s] BubbleSortOpt1 (random) size=32,768 -> 1070.968 ms
[25.163s] BubbleSortOpt1 (random) size=65,536 -> 4513.714 ms
[43.715s] BubbleSortOpt1 (random) size=131,072 -> 18543.685 ms
[43.724s] BubbleSortOpt1 (ascending) size=1,024 -> 0.002 ms
[43.731s] BubbleSortOpt1 (ascending) size=2,048 -> 0.002 ms
[43.739s] BubbleSortOpt1 (ascending) size=4,096 -> 0.003 ms
[43.746s] BubbleSortOpt1 (ascending) size=8,192 -> 0.004 ms
[43.753s] BubbleSortOpt1 (ascending) size=16,384 -> 0.006 ms
[43.761s] BubbleSortOpt1 (ascending) size=32,768 -> 0.015 ms
[43.768s] BubbleSortOpt1 (ascending) size=65,536 -> 0.030 ms
[43.775s] BubbleSortOpt1 (ascending) size=131,072 -> 0.059 ms
[43.783s] BubbleSortOpt1 (ascending) size=262,144 -> 0.108 ms
[43.790s] BubbleSortOpt1 (ascending) size=524,288 -> 0.178 ms
[43.799s] BubbleSortOpt1 (ascending) size=1,048,576 -> 0.353 ms
[43.809s] BubbleSortOpt1 (ascending) size=2,097,152 -> 0.778 ms
[43.821s] BubbleSortOpt1 (ascending) size=4,194,304 -> 1.795 ms
[43.849s] BubbleSortOpt1 (ascending) size=8,388,608 -> 2.668 ms
[43.899s] BubbleSortOpt1 (ascending) size=16,777,216 -> 5.401 ms
[43.994s] BubbleSortOpt1 (ascending) size=33,554,432 -> 11.128 ms
[44.175s] BubbleSortOpt1 (ascending) size=67,108,864 -> 21.427 ms
[44.564s] BubbleSortOpt1 (ascending) size=134,217,728 -> 46.756 ms
[45.392s] BubbleSortOpt1 (ascending) size=268,435,456 -> 100.941 ms
[47.372s] BubbleSortOpt1 (ascending) size=536,870,912 -> 231.869 ms
[47.382s] BubbleSortOpt1 (descending) size=1,024 -> 0.641 ms
[47.392s] BubbleSortOpt1 (descending) size=2,048 -> 2.547 ms
[47.409s] BubbleSortOpt1 (descending) size=4,096 -> 9.922 ms
[47.456s] BubbleSortOpt1 (descending) size=8,192 -> 39.307 ms
[47.621s] BubbleSortOpt1 (descending) size=16,384 -> 158.219 ms
[48.260s] BubbleSortOpt1 (descending) size=32,768 -> 630.862 ms
[50.683s] BubbleSortOpt1 (descending) size=65,536 -> 2414.951 ms
[60.292s] BubbleSortOpt1 (descending) size=131,072 -> 9601.396 ms
--- iteration 2 of 10 ---
[60.301s] BubbleSortOpt1 (random) size=1,024 -> 0.606 ms
[60.309s] BubbleSortOpt1 (random) size=2,048 -> 1.774 ms
[60.323s] BubbleSortOpt1 (random) size=4,096 -> 7.048 ms
[60.375s] BubbleSortOpt1 (random) size=8,192 -> 44.631 ms
[60.617s] BubbleSortOpt1 (random) size=16,384 -> 235.434 ms
[61.742s] BubbleSortOpt1 (random) size=32,768 -> 1117.902 ms
[66.297s] BubbleSortOpt1 (random) size=65,536 -> 4547.571 ms
[84.704s] BubbleSortOpt1 (random) size=131,072 -> 18399.946 ms
[84.711s] BubbleSortOpt1 (ascending) size=1,024 -> 0.003 ms
[84.717s] BubbleSortOpt1 (ascending) size=2,048 -> 0.003 ms
[84.723s] BubbleSortOpt1 (ascending) size=4,096 -> 0.004 ms
[84.730s] BubbleSortOpt1 (ascending) size=8,192 -> 0.007 ms
[84.736s] BubbleSortOpt1 (ascending) size=16,384 -> 0.011 ms
[84.742s] BubbleSortOpt1 (ascending) size=32,768 -> 0.016 ms
[84.749s] BubbleSortOpt1 (ascending) size=65,536 -> 0.030 ms
[84.755s] BubbleSortOpt1 (ascending) size=131,072 -> 0.050 ms
[84.762s] BubbleSortOpt1 (ascending) size=262,144 -> 0.101 ms
[84.768s] BubbleSortOpt1 (ascending) size=524,288 -> 0.230 ms
[84.776s] BubbleSortOpt1 (ascending) size=1,048,576 -> 0.437 ms
[84.784s] BubbleSortOpt1 (ascending) size=2,097,152 -> 0.760 ms
[84.795s] BubbleSortOpt1 (ascending) size=4,194,304 -> 1.383 ms
[84.811s] BubbleSortOpt1 (ascending) size=8,388,608 -> 2.831 ms
[84.835s] BubbleSortOpt1 (ascending) size=16,777,216 -> 5.412 ms
[84.874s] BubbleSortOpt1 (ascending) size=33,554,432 -> 10.653 ms
[84.948s] BubbleSortOpt1 (ascending) size=67,108,864 -> 21.522 ms
[85.112s] BubbleSortOpt1 (ascending) size=134,217,728 -> 53.489 ms
[85.586s] BubbleSortOpt1 (ascending) size=268,435,456 -> 109.940 ms
[86.375s] BubbleSortOpt1 (ascending) size=536,870,912 -> 220.820 ms
[86.384s] BubbleSortOpt1 (descending) size=1,024 -> 0.667 ms
[86.394s] BubbleSortOpt1 (descending) size=2,048 -> 2.345 ms
[86.410s] BubbleSortOpt1 (descending) size=4,096 -> 9.247 ms
[86.454s] BubbleSortOpt1 (descending) size=8,192 -> 37.165 ms
[86.612s] BubbleSortOpt1 (descending) size=16,384 -> 151.655 ms
[87.219s] BubbleSortOpt1 (descending) size=32,768 -> 598.258 ms
[89.652s] BubbleSortOpt1 (descending) size=65,536 -> 2426.439 ms
[99.350s] BubbleSortOpt1 (descending) size=131,072 -> 9690.854 ms
--- iteration 3 of 10 ---
[99.358s] BubbleSortOpt1 (random) size=1,024 -> 0.598 ms
[99.368s] BubbleSortOpt1 (random) size=2,048 -> 1.887 ms
[99.383s] BubbleSortOpt1 (random) size=4,096 -> 7.384 ms
[99.433s] BubbleSortOpt1 (random) size=8,192 -> 44.064 ms
[99.675s] BubbleSortOpt1 (random) size=16,384 -> 235.333 ms
[100.752s] BubbleSortOpt1 (random) size=32,768 -> 1069.866 ms
[105.240s] BubbleSortOpt1 (random) size=65,536 -> 4480.753 ms
[123.863s] BubbleSortOpt1 (random) size=131,072 -> 18613.192 ms
[123.870s] BubbleSortOpt1 (ascending) size=1,024 -> 0.003 ms
[123.877s] BubbleSortOpt1 (ascending) size=2,048 -> 0.004 ms
[123.884s] BubbleSortOpt1 (ascending) size=4,096 -> 0.005 ms
[123.891s] BubbleSortOpt1 (ascending) size=8,192 -> 0.006 ms
[123.898s] BubbleSortOpt1 (ascending) size=16,384 -> 0.011 ms
[123.905s] BubbleSortOpt1 (ascending) size=32,768 -> 0.020 ms
[123.911s] BubbleSortOpt1 (ascending) size=65,536 -> 0.027 ms
[123.918s] BubbleSortOpt1 (ascending) size=131,072 -> 0.060 ms
[123.924s] BubbleSortOpt1 (ascending) size=262,144 -> 0.098 ms
[123.931s] BubbleSortOpt1 (ascending) size=524,288 -> 0.189 ms
[123.939s] BubbleSortOpt1 (ascending) size=1,048,576 -> 0.432 ms
[123.948s] BubbleSortOpt1 (ascending) size=2,097,152 -> 0.687 ms
[123.960s] BubbleSortOpt1 (ascending) size=4,194,304 -> 1.604 ms
[123.977s] BubbleSortOpt1 (ascending) size=8,388,608 -> 3.143 ms
[124.001s] BubbleSortOpt1 (ascending) size=16,777,216 -> 5.568 ms
[124.045s] BubbleSortOpt1 (ascending) size=33,554,432 -> 10.893 ms
[124.120s] BubbleSortOpt1 (ascending) size=67,108,864 -> 21.527 ms
[124.260s] BubbleSortOpt1 (ascending) size=134,217,728 -> 42.865 ms
[124.549s] BubbleSortOpt1 (ascending) size=268,435,456 -> 87.675 ms
[125.194s] BubbleSortOpt1 (ascending) size=536,870,912 -> 217.137 ms
[125.203s] BubbleSortOpt1 (descending) size=1,024 -> 0.612 ms
[125.212s] BubbleSortOpt1 (descending) size=2,048 -> 2.556 ms
[125.228s] BubbleSortOpt1 (descending) size=4,096 -> 9.484 ms
[125.272s] BubbleSortOpt1 (descending) size=8,192 -> 36.990 ms
[125.429s] BubbleSortOpt1 (descending) size=16,384 -> 150.607 ms
[126.032s] BubbleSortOpt1 (descending) size=32,768 -> 594.094 ms
[128.449s] BubbleSortOpt1 (descending) size=65,536 -> 2409.375 ms
[138.129s] BubbleSortOpt1 (descending) size=131,072 -> 9673.278 ms
--- iteration 4 of 10 ---
[138.137s] BubbleSortOpt1 (random) size=1,024 -> 0.647 ms
[138.146s] BubbleSortOpt1 (random) size=2,048 -> 1.918 ms
[138.160s] BubbleSortOpt1 (random) size=4,096 -> 6.968 ms
[138.211s] BubbleSortOpt1 (random) size=8,192 -> 43.908 ms
[138.461s] BubbleSortOpt1 (random) size=16,384 -> 242.952 ms
[139.525s] BubbleSortOpt1 (random) size=32,768 -> 1057.023 ms
[144.014s] BubbleSortOpt1 (random) size=65,536 -> 4482.063 ms
[162.544s] BubbleSortOpt1 (random) size=131,072 -> 18522.677 ms
[162.551s] BubbleSortOpt1 (ascending) size=1,024 -> 0.003 ms
[162.558s] BubbleSortOpt1 (ascending) size=2,048 -> 0.004 ms
[162.564s] BubbleSortOpt1 (ascending) size=4,096 -> 0.004 ms
[162.570s] BubbleSortOpt1 (ascending) size=8,192 -> 0.007 ms
[162.577s] BubbleSortOpt1 (ascending) size=16,384 -> 0.014 ms
[162.584s] BubbleSortOpt1 (ascending) size=32,768 -> 0.016 ms
[162.590s] BubbleSortOpt1 (ascending) size=65,536 -> 0.029 ms
[162.597s] BubbleSortOpt1 (ascending) size=131,072 -> 0.051 ms
[162.604s] BubbleSortOpt1 (ascending) size=262,144 -> 0.095 ms
[162.610s] BubbleSortOpt1 (ascending) size=524,288 -> 0.183 ms
[162.618s] BubbleSortOpt1 (ascending) size=1,048,576 -> 0.363 ms
[162.627s] BubbleSortOpt1 (ascending) size=2,097,152 -> 0.705 ms
[162.638s] BubbleSortOpt1 (ascending) size=4,194,304 -> 1.501 ms
[162.654s] BubbleSortOpt1 (ascending) size=8,388,608 -> 3.074 ms
[162.680s] BubbleSortOpt1 (ascending) size=16,777,216 -> 6.198 ms
[162.721s] BubbleSortOpt1 (ascending) size=33,554,432 -> 11.557 ms
[162.805s] BubbleSortOpt1 (ascending) size=67,108,864 -> 27.096 ms
[162.948s] BubbleSortOpt1 (ascending) size=134,217,728 -> 42.796 ms
[163.242s] BubbleSortOpt1 (ascending) size=268,435,456 -> 89.285 ms
[163.862s] BubbleSortOpt1 (ascending) size=536,870,912 -> 189.392 ms
[163.870s] BubbleSortOpt1 (descending) size=1,024 -> 0.604 ms
[163.880s] BubbleSortOpt1 (descending) size=2,048 -> 2.412 ms
[163.896s] BubbleSortOpt1 (descending) size=4,096 -> 9.724 ms
[163.940s] BubbleSortOpt1 (descending) size=8,192 -> 37.389 ms
[164.097s] BubbleSortOpt1 (descending) size=16,384 -> 150.775 ms
[164.700s] BubbleSortOpt1 (descending) size=32,768 -> 596.560 ms
[167.094s] BubbleSortOpt1 (descending) size=65,536 -> 2387.076 ms
[176.664s] BubbleSortOpt1 (descending) size=131,072 -> 9562.940 ms
--- iteration 5 of 10 ---
[176.672s] BubbleSortOpt1 (random) size=1,024 -> 0.647 ms
[176.680s] BubbleSortOpt1 (random) size=2,048 -> 1.884 ms
[176.693s] BubbleSortOpt1 (random) size=4,096 -> 6.692 ms
[176.744s] BubbleSortOpt1 (random) size=8,192 -> 44.210 ms
[176.986s] BubbleSortOpt1 (random) size=16,384 -> 235.003 ms
[178.050s] BubbleSortOpt1 (random) size=32,768 -> 1056.626 ms
[182.577s] BubbleSortOpt1 (random) size=65,536 -> 4520.202 ms
[200.993s] BubbleSortOpt1 (random) size=131,072 -> 18407.830 ms
[201.009s] BubbleSortOpt1 (ascending) size=1,024 -> 0.003 ms
[201.016s] BubbleSortOpt1 (ascending) size=2,048 -> 0.005 ms
[201.022s] BubbleSortOpt1 (ascending) size=4,096 -> 0.004 ms
[201.028s] BubbleSortOpt1 (ascending) size=8,192 -> 0.007 ms
[201.036s] BubbleSortOpt1 (ascending) size=16,384 -> 0.010 ms
[201.042s] BubbleSortOpt1 (ascending) size=32,768 -> 0.019 ms
[201.049s] BubbleSortOpt1 (ascending) size=65,536 -> 0.030 ms
[201.056s] BubbleSortOpt1 (ascending) size=131,072 -> 0.059 ms
[201.062s] BubbleSortOpt1 (ascending) size=262,144 -> 0.098 ms
[201.069s] BubbleSortOpt1 (ascending) size=524,288 -> 0.204 ms
[201.076s] BubbleSortOpt1 (ascending) size=1,048,576 -> 0.346 ms
[201.086s] BubbleSortOpt1 (ascending) size=2,097,152 -> 0.771 ms
[201.099s] BubbleSortOpt1 (ascending) size=4,194,304 -> 1.420 ms
[201.117s] BubbleSortOpt1 (ascending) size=8,388,608 -> 2.848 ms
[201.143s] BubbleSortOpt1 (ascending) size=16,777,216 -> 5.418 ms
[201.188s] BubbleSortOpt1 (ascending) size=33,554,432 -> 12.589 ms
[201.264s] BubbleSortOpt1 (ascending) size=67,108,864 -> 21.089 ms
[201.419s] BubbleSortOpt1 (ascending) size=134,217,728 -> 47.384 ms
[201.743s] BubbleSortOpt1 (ascending) size=268,435,456 -> 109.134 ms
[202.331s] BubbleSortOpt1 (ascending) size=536,870,912 -> 181.057 ms
[202.339s] BubbleSortOpt1 (descending) size=1,024 -> 0.576 ms
[202.347s] BubbleSortOpt1 (descending) size=2,048 -> 2.312 ms
[202.363s] BubbleSortOpt1 (descending) size=4,096 -> 9.940 ms
[202.407s] BubbleSortOpt1 (descending) size=8,192 -> 37.418 ms
[202.563s] BubbleSortOpt1 (descending) size=16,384 -> 148.667 ms
[203.174s] BubbleSortOpt1 (descending) size=32,768 -> 604.205 ms
[205.571s] BubbleSortOpt1 (descending) size=65,536 -> 2388.787 ms
[215.208s] BubbleSortOpt1 (descending) size=131,072 -> 9630.113 ms
--- iteration 6 of 10 ---
[215.217s] BubbleSortOpt1 (random) size=1,024 -> 0.933 ms
[215.233s] BubbleSortOpt1 (random) size=2,048 -> 3.328 ms
[215.246s] BubbleSortOpt1 (random) size=4,096 -> 6.705 ms
[215.296s] BubbleSortOpt1 (random) size=8,192 -> 43.998 ms
[215.544s] BubbleSortOpt1 (random) size=16,384 -> 241.398 ms
[216.619s] BubbleSortOpt1 (random) size=32,768 -> 1067.562 ms
[221.146s] BubbleSortOpt1 (random) size=65,536 -> 4519.050 ms
[239.660s] BubbleSortOpt1 (random) size=131,072 -> 18507.194 ms
[239.667s] BubbleSortOpt1 (ascending) size=1,024 -> 0.004 ms
[239.673s] BubbleSortOpt1 (ascending) size=2,048 -> 0.004 ms
[239.680s] BubbleSortOpt1 (ascending) size=4,096 -> 0.005 ms
[239.688s] BubbleSortOpt1 (ascending) size=8,192 -> 0.007 ms
[239.695s] BubbleSortOpt1 (ascending) size=16,384 -> 0.010 ms
[239.701s] BubbleSortOpt1 (ascending) size=32,768 -> 0.020 ms
[239.707s] BubbleSortOpt1 (ascending) size=65,536 -> 0.117 ms
[239.714s] BubbleSortOpt1 (ascending) size=131,072 -> 0.048 ms
[239.720s] BubbleSortOpt1 (ascending) size=262,144 -> 0.116 ms
[239.727s] BubbleSortOpt1 (ascending) size=524,288 -> 0.238 ms
[239.735s] BubbleSortOpt1 (ascending) size=1,048,576 -> 0.451 ms
[239.744s] BubbleSortOpt1 (ascending) size=2,097,152 -> 0.779 ms
[239.756s] BubbleSortOpt1 (ascending) size=4,194,304 -> 1.524 ms
[239.771s] BubbleSortOpt1 (ascending) size=8,388,608 -> 2.839 ms
[239.799s] BubbleSortOpt1 (ascending) size=16,777,216 -> 6.667 ms
[239.840s] BubbleSortOpt1 (ascending) size=33,554,432 -> 11.009 ms
[239.924s] BubbleSortOpt1 (ascending) size=67,108,864 -> 27.005 ms
[240.065s] BubbleSortOpt1 (ascending) size=134,217,728 -> 42.561 ms
[240.375s] BubbleSortOpt1 (ascending) size=268,435,456 -> 98.629 ms
[240.963s] BubbleSortOpt1 (ascending) size=536,870,912 -> 184.263 ms
[240.970s] BubbleSortOpt1 (descending) size=1,024 -> 0.568 ms
[240.979s] BubbleSortOpt1 (descending) size=2,048 -> 2.417 ms
[240.995s] BubbleSortOpt1 (descending) size=4,096 -> 9.379 ms
[241.038s] BubbleSortOpt1 (descending) size=8,192 -> 36.979 ms
[241.194s] BubbleSortOpt1 (descending) size=16,384 -> 149.039 ms
[241.805s] BubbleSortOpt1 (descending) size=32,768 -> 603.585 ms
[244.248s] BubbleSortOpt1 (descending) size=65,536 -> 2436.039 ms
[253.876s] BubbleSortOpt1 (descending) size=131,072 -> 9620.803 ms
--- iteration 7 of 10 ---
[253.883s] BubbleSortOpt1 (random) size=1,024 -> 0.563 ms
[253.891s] BubbleSortOpt1 (random) size=2,048 -> 1.822 ms
[253.904s] BubbleSortOpt1 (random) size=4,096 -> 6.852 ms
[253.955s] BubbleSortOpt1 (random) size=8,192 -> 43.864 ms
[254.200s] BubbleSortOpt1 (random) size=16,384 -> 238.863 ms
[255.286s] BubbleSortOpt1 (random) size=32,768 -> 1079.019 ms
[259.845s] BubbleSortOpt1 (random) size=65,536 -> 4552.513 ms
[278.401s] BubbleSortOpt1 (random) size=131,072 -> 18548.162 ms
[278.408s] BubbleSortOpt1 (ascending) size=1,024 -> 0.004 ms
[278.414s] BubbleSortOpt1 (ascending) size=2,048 -> 0.018 ms
[278.421s] BubbleSortOpt1 (ascending) size=4,096 -> 0.005 ms
[278.427s] BubbleSortOpt1 (ascending) size=8,192 -> 0.008 ms
[278.434s] BubbleSortOpt1 (ascending) size=16,384 -> 0.011 ms
[278.440s] BubbleSortOpt1 (ascending) size=32,768 -> 0.018 ms
[278.446s] BubbleSortOpt1 (ascending) size=65,536 -> 0.031 ms
[278.453s] BubbleSortOpt1 (ascending) size=131,072 -> 0.069 ms
[278.460s] BubbleSortOpt1 (ascending) size=262,144 -> 0.103 ms
[278.467s] BubbleSortOpt1 (ascending) size=524,288 -> 0.198 ms
[278.475s] BubbleSortOpt1 (ascending) size=1,048,576 -> 0.478 ms
[278.484s] BubbleSortOpt1 (ascending) size=2,097,152 -> 0.982 ms
[278.495s] BubbleSortOpt1 (ascending) size=4,194,304 -> 1.610 ms
[278.512s] BubbleSortOpt1 (ascending) size=8,388,608 -> 3.350 ms
[278.535s] BubbleSortOpt1 (ascending) size=16,777,216 -> 5.549 ms
[278.576s] BubbleSortOpt1 (ascending) size=33,554,432 -> 10.907 ms
[278.650s] BubbleSortOpt1 (ascending) size=67,108,864 -> 21.730 ms
[278.820s] BubbleSortOpt1 (ascending) size=134,217,728 -> 54.356 ms
[279.147s] BubbleSortOpt1 (ascending) size=268,435,456 -> 109.134 ms
[279.741s] BubbleSortOpt1 (ascending) size=536,870,912 -> 181.389 ms
[279.749s] BubbleSortOpt1 (descending) size=1,024 -> 0.580 ms
[279.758s] BubbleSortOpt1 (descending) size=2,048 -> 2.285 ms
[279.773s] BubbleSortOpt1 (descending) size=4,096 -> 9.239 ms
[279.817s] BubbleSortOpt1 (descending) size=8,192 -> 36.900 ms
[279.971s] BubbleSortOpt1 (descending) size=16,384 -> 148.435 ms
[280.574s] BubbleSortOpt1 (descending) size=32,768 -> 595.273 ms
[282.972s] BubbleSortOpt1 (descending) size=65,536 -> 2391.889 ms
[292.590s] BubbleSortOpt1 (descending) size=131,072 -> 9611.172 ms
--- iteration 8 of 10 ---
[292.597s] BubbleSortOpt1 (random) size=1,024 -> 0.572 ms
[292.605s] BubbleSortOpt1 (random) size=2,048 -> 1.791 ms
[292.618s] BubbleSortOpt1 (random) size=4,096 -> 6.703 ms
[292.670s] BubbleSortOpt1 (random) size=8,192 -> 45.681 ms
[292.912s] BubbleSortOpt1 (random) size=16,384 -> 235.440 ms
[293.984s] BubbleSortOpt1 (random) size=32,768 -> 1064.532 ms
[298.440s] BubbleSortOpt1 (random) size=65,536 -> 4448.318 ms
[316.872s] BubbleSortOpt1 (random) size=131,072 -> 18424.611 ms
[316.879s] BubbleSortOpt1 (ascending) size=1,024 -> 0.004 ms
[316.886s] BubbleSortOpt1 (ascending) size=2,048 -> 0.003 ms
[316.892s] BubbleSortOpt1 (ascending) size=4,096 -> 0.004 ms
[316.898s] BubbleSortOpt1 (ascending) size=8,192 -> 0.005 ms
[316.904s] BubbleSortOpt1 (ascending) size=16,384 -> 0.011 ms
[316.911s] BubbleSortOpt1 (ascending) size=32,768 -> 0.017 ms
[316.917s] BubbleSortOpt1 (ascending) size=65,536 -> 0.030 ms
[316.924s] BubbleSortOpt1 (ascending) size=131,072 -> 0.061 ms
[316.931s] BubbleSortOpt1 (ascending) size=262,144 -> 0.096 ms
[316.938s] BubbleSortOpt1 (ascending) size=524,288 -> 0.219 ms
[316.946s] BubbleSortOpt1 (ascending) size=1,048,576 -> 0.351 ms
[316.955s] BubbleSortOpt1 (ascending) size=2,097,152 -> 0.782 ms
[316.966s] BubbleSortOpt1 (ascending) size=4,194,304 -> 1.551 ms
[316.982s] BubbleSortOpt1 (ascending) size=8,388,608 -> 2.981 ms
[317.009s] BubbleSortOpt1 (ascending) size=16,777,216 -> 5.852 ms
[317.050s] BubbleSortOpt1 (ascending) size=33,554,432 -> 10.911 ms
[317.124s] BubbleSortOpt1 (ascending) size=67,108,864 -> 21.449 ms
[317.265s] BubbleSortOpt1 (ascending) size=134,217,728 -> 43.037 ms
[317.574s] BubbleSortOpt1 (ascending) size=268,435,456 -> 113.853 ms
[318.170s] BubbleSortOpt1 (ascending) size=536,870,912 -> 205.445 ms
[318.178s] BubbleSortOpt1 (descending) size=1,024 -> 0.585 ms
[318.188s] BubbleSortOpt1 (descending) size=2,048 -> 2.513 ms
[318.203s] BubbleSortOpt1 (descending) size=4,096 -> 9.290 ms
[318.247s] BubbleSortOpt1 (descending) size=8,192 -> 37.051 ms
[318.403s] BubbleSortOpt1 (descending) size=16,384 -> 149.685 ms
[319.014s] BubbleSortOpt1 (descending) size=32,768 -> 604.021 ms
[321.413s] BubbleSortOpt1 (descending) size=65,536 -> 2392.436 ms
[331.104s] BubbleSortOpt1 (descending) size=131,072 -> 9684.905 ms
--- iteration 9 of 10 ---
[331.112s] BubbleSortOpt1 (random) size=1,024 -> 0.758 ms
[331.120s] BubbleSortOpt1 (random) size=2,048 -> 2.002 ms
[331.134s] BubbleSortOpt1 (random) size=4,096 -> 6.964 ms
[331.184s] BubbleSortOpt1 (random) size=8,192 -> 43.894 ms
[331.426s] BubbleSortOpt1 (random) size=16,384 -> 235.950 ms
[332.511s] BubbleSortOpt1 (random) size=32,768 -> 1078.415 ms
[337.019s] BubbleSortOpt1 (random) size=65,536 -> 4500.698 ms
[355.404s] BubbleSortOpt1 (random) size=131,072 -> 18378.199 ms
[355.411s] BubbleSortOpt1 (ascending) size=1,024 -> 0.003 ms
[355.418s] BubbleSortOpt1 (ascending) size=2,048 -> 0.003 ms
[355.424s] BubbleSortOpt1 (ascending) size=4,096 -> 0.004 ms
[355.431s] BubbleSortOpt1 (ascending) size=8,192 -> 0.007 ms
[355.437s] BubbleSortOpt1 (ascending) size=16,384 -> 0.009 ms
[355.444s] BubbleSortOpt1 (ascending) size=32,768 -> 0.018 ms
[355.450s] BubbleSortOpt1 (ascending) size=65,536 -> 0.029 ms
[355.457s] BubbleSortOpt1 (ascending) size=131,072 -> 0.056 ms
[355.463s] BubbleSortOpt1 (ascending) size=262,144 -> 0.204 ms
[355.470s] BubbleSortOpt1 (ascending) size=524,288 -> 0.179 ms
[355.477s] BubbleSortOpt1 (ascending) size=1,048,576 -> 0.372 ms
[355.486s] BubbleSortOpt1 (ascending) size=2,097,152 -> 0.786 ms
[355.499s] BubbleSortOpt1 (ascending) size=4,194,304 -> 1.617 ms
[355.516s] BubbleSortOpt1 (ascending) size=8,388,608 -> 3.146 ms
[355.541s] BubbleSortOpt1 (ascending) size=16,777,216 -> 5.743 ms
[355.583s] BubbleSortOpt1 (ascending) size=33,554,432 -> 11.441 ms
[355.660s] BubbleSortOpt1 (ascending) size=67,108,864 -> 22.415 ms
[355.810s] BubbleSortOpt1 (ascending) size=134,217,728 -> 46.570 ms
[356.089s] BubbleSortOpt1 (ascending) size=268,435,456 -> 87.590 ms
[356.673s] BubbleSortOpt1 (ascending) size=536,870,912 -> 197.272 ms
[356.681s] BubbleSortOpt1 (descending) size=1,024 -> 0.595 ms
[356.690s] BubbleSortOpt1 (descending) size=2,048 -> 2.396 ms
[356.707s] BubbleSortOpt1 (descending) size=4,096 -> 9.938 ms
[356.752s] BubbleSortOpt1 (descending) size=8,192 -> 37.635 ms
[356.909s] BubbleSortOpt1 (descending) size=16,384 -> 150.124 ms
[357.515s] BubbleSortOpt1 (descending) size=32,768 -> 599.144 ms
[359.935s] BubbleSortOpt1 (descending) size=65,536 -> 2412.735 ms
[369.592s] BubbleSortOpt1 (descending) size=131,072 -> 9648.326 ms
--- iteration 10 of 10 ---
[369.600s] BubbleSortOpt1 (random) size=1,024 -> 0.656 ms
[369.608s] BubbleSortOpt1 (random) size=2,048 -> 1.925 ms
[369.621s] BubbleSortOpt1 (random) size=4,096 -> 6.740 ms
[369.673s] BubbleSortOpt1 (random) size=8,192 -> 45.210 ms
[369.919s] BubbleSortOpt1 (random) size=16,384 -> 238.623 ms
[370.999s] BubbleSortOpt1 (random) size=32,768 -> 1072.941 ms
[375.489s] BubbleSortOpt1 (random) size=65,536 -> 4483.183 ms
[394.007s] BubbleSortOpt1 (random) size=131,072 -> 18511.526 ms
[394.016s] BubbleSortOpt1 (ascending) size=1,024 -> 0.003 ms
[394.023s] BubbleSortOpt1 (ascending) size=2,048 -> 0.003 ms
[394.029s] BubbleSortOpt1 (ascending) size=4,096 -> 0.004 ms
[394.036s] BubbleSortOpt1 (ascending) size=8,192 -> 0.009 ms
[394.042s] BubbleSortOpt1 (ascending) size=16,384 -> 0.009 ms
[394.048s] BubbleSortOpt1 (ascending) size=32,768 -> 0.016 ms
[394.056s] BubbleSortOpt1 (ascending) size=65,536 -> 0.036 ms
[394.062s] BubbleSortOpt1 (ascending) size=131,072 -> 0.068 ms
[394.071s] BubbleSortOpt1 (ascending) size=262,144 -> 0.126 ms
[394.078s] BubbleSortOpt1 (ascending) size=524,288 -> 0.229 ms
[394.086s] BubbleSortOpt1 (ascending) size=1,048,576 -> 0.444 ms
[394.095s] BubbleSortOpt1 (ascending) size=2,097,152 -> 0.795 ms
[394.107s] BubbleSortOpt1 (ascending) size=4,194,304 -> 1.693 ms
[394.123s] BubbleSortOpt1 (ascending) size=8,388,608 -> 3.149 ms
[394.147s] BubbleSortOpt1 (ascending) size=16,777,216 -> 5.500 ms
[394.188s] BubbleSortOpt1 (ascending) size=33,554,432 -> 10.781 ms
[394.261s] BubbleSortOpt1 (ascending) size=67,108,864 -> 21.542 ms
[394.423s] BubbleSortOpt1 (ascending) size=134,217,728 -> 53.712 ms
[394.750s] BubbleSortOpt1 (ascending) size=268,435,456 -> 109.128 ms
[395.311s] BubbleSortOpt1 (ascending) size=536,870,912 -> 176.173 ms
[395.319s] BubbleSortOpt1 (descending) size=1,024 -> 0.676 ms
[395.329s] BubbleSortOpt1 (descending) size=2,048 -> 2.513 ms
[395.344s] BubbleSortOpt1 (descending) size=4,096 -> 9.390 ms
[395.388s] BubbleSortOpt1 (descending) size=8,192 -> 37.059 ms
[395.557s] BubbleSortOpt1 (descending) size=16,384 -> 162.308 ms
[396.189s] BubbleSortOpt1 (descending) size=32,768 -> 625.356 ms
[398.607s] BubbleSortOpt1 (descending) size=65,536 -> 2411.591 ms
[408.187s] BubbleSortOpt1 (descending) size=131,072 -> 9572.808 ms
