profile=heapsort-slow-comparisons iterations=10 algorithms=2
--- warm up 1 of 2 ---
[0.575s] HeapsortSlowComparisons (random) size=1,024 -> 1.181 ms
[0.588s] HeapsortSlowComparisons (random) size=2,048 -> 1.946 ms
[0.600s] HeapsortSlowComparisons (random) size=4,096 -> 3.793 ms
[0.617s] HeapsortSlowComparisons (random) size=8,192 -> 8.314 ms
[0.644s] HeapsortSlowComparisons (random) size=16,384 -> 18.473 ms
[0.693s] HeapsortSlowComparisons (random) size=32,768 -> 38.273 ms
[0.782s] HeapsortSlowComparisons (random) size=65,536 -> 80.106 ms
[0.965s] HeapsortSlowComparisons (random) size=131,072 -> 170.517 ms
[1.372s] HeapsortSlowComparisons (random) size=262,144 -> 395.243 ms
[2.168s] HeapsortSlowComparisons (random) size=524,288 -> 785.236 ms
[3.911s] HeapsortSlowComparisons (random) size=1,048,576 -> 1731.167 ms
[7.516s] HeapsortSlowComparisons (random) size=2,097,152 -> 3590.078 ms
[15.403s] HeapsortSlowComparisons (random) size=4,194,304 -> 7862.381 ms
[15.414s] BottomUpHeapsortSlowComparisons (random) size=1,024 -> 1.012 ms
[15.423s] BottomUpHeapsortSlowComparisons (random) size=2,048 -> 1.274 ms
[15.434s] BottomUpHeapsortSlowComparisons (random) size=4,096 -> 2.784 ms
[15.448s] BottomUpHeapsortSlowComparisons (random) size=8,192 -> 5.411 ms
[15.467s] BottomUpHeapsortSlowComparisons (random) size=16,384 -> 9.839 ms
[15.497s] BottomUpHeapsortSlowComparisons (random) size=32,768 -> 20.576 ms
[15.549s] BottomUpHeapsortSlowComparisons (random) size=65,536 -> 43.993 ms
[15.650s] BottomUpHeapsortSlowComparisons (random) size=131,072 -> 91.815 ms
[15.863s] BottomUpHeapsortSlowComparisons (random) size=262,144 -> 202.919 ms
[16.308s] BottomUpHeapsortSlowComparisons (random) size=524,288 -> 434.517 ms
[17.241s] BottomUpHeapsortSlowComparisons (random) size=1,048,576 -> 921.915 ms
[19.244s] BottomUpHeapsortSlowComparisons (random) size=2,097,152 -> 1990.051 ms
[23.601s] BottomUpHeapsortSlowComparisons (random) size=4,194,304 -> 4339.335 ms
--- warm up 2 of 2 ---
[23.612s] HeapsortSlowComparisons (random) size=1,024 -> 0.950 ms
[23.622s] HeapsortSlowComparisons (random) size=2,048 -> 1.699 ms
[23.634s] HeapsortSlowComparisons (random) size=4,096 -> 3.707 ms
[23.649s] HeapsortSlowComparisons (random) size=8,192 -> 7.946 ms
[23.675s] HeapsortSlowComparisons (random) size=16,384 -> 16.853 ms
[23.720s] HeapsortSlowComparisons (random) size=32,768 -> 36.660 ms
[23.807s] HeapsortSlowComparisons (random) size=65,536 -> 78.194 ms
[23.984s] HeapsortSlowComparisons (random) size=131,072 -> 166.899 ms
[24.363s] HeapsortSlowComparisons (random) size=262,144 -> 370.054 ms
[25.143s] HeapsortSlowComparisons (random) size=524,288 -> 769.659 ms
[26.825s] HeapsortSlowComparisons (random) size=1,048,576 -> 1669.990 ms
[30.445s] HeapsortSlowComparisons (random) size=2,097,152 -> 3607.485 ms
[38.524s] HeapsortSlowComparisons (random) size=4,194,304 -> 8053.233 ms
[38.534s] BottomUpHeapsortSlowComparisons (random) size=1,024 -> 0.450 ms
[38.545s] BottomUpHeapsortSlowComparisons (random) size=2,048 -> 0.947 ms
[38.555s] BottomUpHeapsortSlowComparisons (random) size=4,096 -> 2.043 ms
[38.568s] BottomUpHeapsortSlowComparisons (random) size=8,192 -> 4.594 ms
[38.587s] BottomUpHeapsortSlowComparisons (random) size=16,384 -> 9.899 ms
[38.616s] BottomUpHeapsortSlowComparisons (random) size=32,768 -> 20.570 ms
[38.669s] BottomUpHeapsortSlowComparisons (random) size=65,536 -> 44.461 ms
[38.770s] BottomUpHeapsortSlowComparisons (random) size=131,072 -> 93.038 ms
[38.978s] BottomUpHeapsortSlowComparisons (random) size=262,144 -> 197.302 ms
[39.427s] BottomUpHeapsortSlowComparisons (random) size=524,288 -> 439.644 ms
[40.358s] BottomUpHeapsortSlowComparisons (random) size=1,048,576 -> 918.953 ms
[42.359s] BottomUpHeapsortSlowComparisons (random) size=2,097,152 -> 1987.346 ms
[46.748s] BottomUpHeapsortSlowComparisons (random) size=4,194,304 -> 4370.668 ms
--- iteration 1 of 10 ---
[46.756s] HeapsortSlowComparisons (random) size=1,024 -> 0.722 ms
[46.763s] HeapsortSlowComparisons (random) size=2,048 -> 1.595 ms
[46.773s] HeapsortSlowComparisons (random) size=4,096 -> 3.705 ms
[46.786s] HeapsortSlowComparisons (random) size=8,192 -> 7.831 ms
[46.808s] HeapsortSlowComparisons (random) size=16,384 -> 16.708 ms
[46.851s] HeapsortSlowComparisons (random) size=32,768 -> 37.109 ms
[46.939s] HeapsortSlowComparisons (random) size=65,536 -> 81.604 ms
[47.114s] HeapsortSlowComparisons (random) size=131,072 -> 168.212 ms
[47.487s] HeapsortSlowComparisons (random) size=262,144 -> 365.933 ms
[48.268s] HeapsortSlowComparisons (random) size=524,288 -> 773.784 ms
[49.953s] HeapsortSlowComparisons (random) size=1,048,576 -> 1676.431 ms
[53.557s] HeapsortSlowComparisons (random) size=2,097,152 -> 3593.600 ms
[61.358s] HeapsortSlowComparisons (random) size=4,194,304 -> 7787.212 ms
[78.856s] HeapsortSlowComparisons (random) size=8,388,608 -> 17466.599 ms
[78.863s] BottomUpHeapsortSlowComparisons (random) size=1,024 -> 0.484 ms
[78.870s] BottomUpHeapsortSlowComparisons (random) size=2,048 -> 0.927 ms
[78.877s] BottomUpHeapsortSlowComparisons (random) size=4,096 -> 2.240 ms
[78.887s] BottomUpHeapsortSlowComparisons (random) size=8,192 -> 4.501 ms
[78.902s] BottomUpHeapsortSlowComparisons (random) size=16,384 -> 9.554 ms
[78.929s] BottomUpHeapsortSlowComparisons (random) size=32,768 -> 20.717 ms
[78.977s] BottomUpHeapsortSlowComparisons (random) size=65,536 -> 42.899 ms
[79.077s] BottomUpHeapsortSlowComparisons (random) size=131,072 -> 93.175 ms
[79.285s] BottomUpHeapsortSlowComparisons (random) size=262,144 -> 201.395 ms
[79.724s] BottomUpHeapsortSlowComparisons (random) size=524,288 -> 430.503 ms
[80.648s] BottomUpHeapsortSlowComparisons (random) size=1,048,576 -> 915.203 ms
[82.619s] BottomUpHeapsortSlowComparisons (random) size=2,097,152 -> 1961.367 ms
[86.975s] BottomUpHeapsortSlowComparisons (random) size=4,194,304 -> 4342.166 ms
[96.859s] BottomUpHeapsortSlowComparisons (random) size=8,388,608 -> 9864.565 ms
--- iteration 2 of 10 ---
[96.866s] HeapsortSlowComparisons (random) size=1,024 -> 0.744 ms
[96.873s] HeapsortSlowComparisons (random) size=2,048 -> 1.717 ms
[96.882s] HeapsortSlowComparisons (random) size=4,096 -> 3.664 ms
[96.895s] HeapsortSlowComparisons (random) size=8,192 -> 6.706 ms
[96.917s] HeapsortSlowComparisons (random) size=16,384 -> 16.966 ms
[96.959s] HeapsortSlowComparisons (random) size=32,768 -> 36.545 ms
[97.041s] HeapsortSlowComparisons (random) size=65,536 -> 76.084 ms
[97.222s] HeapsortSlowComparisons (random) size=131,072 -> 174.030 ms
[97.590s] HeapsortSlowComparisons (random) size=262,144 -> 361.077 ms
[98.411s] HeapsortSlowComparisons (random) size=524,288 -> 813.401 ms
[100.102s] HeapsortSlowComparisons (random) size=1,048,576 -> 1682.440 ms
[103.653s] HeapsortSlowComparisons (random) size=2,097,152 -> 3540.351 ms
[111.468s] HeapsortSlowComparisons (random) size=4,194,304 -> 7800.678 ms
[128.775s] HeapsortSlowComparisons (random) size=8,388,608 -> 17286.518 ms
[128.784s] BottomUpHeapsortSlowComparisons (random) size=1,024 -> 0.546 ms
[128.791s] BottomUpHeapsortSlowComparisons (random) size=2,048 -> 0.975 ms
[128.800s] BottomUpHeapsortSlowComparisons (random) size=4,096 -> 2.209 ms
[128.811s] BottomUpHeapsortSlowComparisons (random) size=8,192 -> 4.826 ms
[128.829s] BottomUpHeapsortSlowComparisons (random) size=16,384 -> 10.636 ms
[128.858s] BottomUpHeapsortSlowComparisons (random) size=32,768 -> 22.057 ms
[128.915s] BottomUpHeapsortSlowComparisons (random) size=65,536 -> 49.149 ms
[129.024s] BottomUpHeapsortSlowComparisons (random) size=131,072 -> 101.770 ms
[129.230s] BottomUpHeapsortSlowComparisons (random) size=262,144 -> 198.810 ms
[129.673s] BottomUpHeapsortSlowComparisons (random) size=524,288 -> 434.679 ms
[130.671s] BottomUpHeapsortSlowComparisons (random) size=1,048,576 -> 989.225 ms
[132.718s] BottomUpHeapsortSlowComparisons (random) size=2,097,152 -> 2037.082 ms
[137.090s] BottomUpHeapsortSlowComparisons (random) size=4,194,304 -> 4357.994 ms
[146.848s] BottomUpHeapsortSlowComparisons (random) size=8,388,608 -> 9737.582 ms
--- iteration 3 of 10 ---
[146.855s] HeapsortSlowComparisons (random) size=1,024 -> 0.709 ms
[146.863s] HeapsortSlowComparisons (random) size=2,048 -> 1.652 ms
[146.872s] HeapsortSlowComparisons (random) size=4,096 -> 3.580 ms
[146.885s] HeapsortSlowComparisons (random) size=8,192 -> 7.724 ms
[146.908s] HeapsortSlowComparisons (random) size=16,384 -> 16.768 ms
[146.949s] HeapsortSlowComparisons (random) size=32,768 -> 36.128 ms
[147.037s] HeapsortSlowComparisons (random) size=65,536 -> 81.549 ms
[147.219s] HeapsortSlowComparisons (random) size=131,072 -> 176.223 ms
[147.589s] HeapsortSlowComparisons (random) size=262,144 -> 362.373 ms
[148.394s] HeapsortSlowComparisons (random) size=524,288 -> 796.772 ms
[150.078s] HeapsortSlowComparisons (random) size=1,048,576 -> 1676.063 ms
[153.781s] HeapsortSlowComparisons (random) size=2,097,152 -> 3692.532 ms
[162.035s] HeapsortSlowComparisons (random) size=4,194,304 -> 8238.958 ms
[179.626s] HeapsortSlowComparisons (random) size=8,388,608 -> 17570.229 ms
[179.633s] BottomUpHeapsortSlowComparisons (random) size=1,024 -> 0.438 ms
[179.641s] BottomUpHeapsortSlowComparisons (random) size=2,048 -> 1.230 ms
[179.648s] BottomUpHeapsortSlowComparisons (random) size=4,096 -> 2.109 ms
[179.658s] BottomUpHeapsortSlowComparisons (random) size=8,192 -> 4.566 ms
[179.673s] BottomUpHeapsortSlowComparisons (random) size=16,384 -> 9.663 ms
[179.699s] BottomUpHeapsortSlowComparisons (random) size=32,768 -> 20.639 ms
[179.749s] BottomUpHeapsortSlowComparisons (random) size=65,536 -> 44.139 ms
[179.848s] BottomUpHeapsortSlowComparisons (random) size=131,072 -> 92.237 ms
[180.060s] BottomUpHeapsortSlowComparisons (random) size=262,144 -> 205.066 ms
[180.505s] BottomUpHeapsortSlowComparisons (random) size=524,288 -> 437.730 ms
[181.443s] BottomUpHeapsortSlowComparisons (random) size=1,048,576 -> 926.790 ms
[183.446s] BottomUpHeapsortSlowComparisons (random) size=2,097,152 -> 1993.803 ms
[187.979s] BottomUpHeapsortSlowComparisons (random) size=4,194,304 -> 4518.603 ms
[197.942s] BottomUpHeapsortSlowComparisons (random) size=8,388,608 -> 9941.938 ms
--- iteration 4 of 10 ---
[197.949s] HeapsortSlowComparisons (random) size=1,024 -> 0.733 ms
[197.957s] HeapsortSlowComparisons (random) size=2,048 -> 1.630 ms
[197.966s] HeapsortSlowComparisons (random) size=4,096 -> 3.617 ms
[197.979s] HeapsortSlowComparisons (random) size=8,192 -> 7.724 ms
[198.002s] HeapsortSlowComparisons (random) size=16,384 -> 16.755 ms
[198.043s] HeapsortSlowComparisons (random) size=32,768 -> 36.102 ms
[198.128s] HeapsortSlowComparisons (random) size=65,536 -> 79.072 ms
[198.306s] HeapsortSlowComparisons (random) size=131,072 -> 170.533 ms
[198.673s] HeapsortSlowComparisons (random) size=262,144 -> 359.664 ms
[199.452s] HeapsortSlowComparisons (random) size=524,288 -> 771.555 ms
[201.123s] HeapsortSlowComparisons (random) size=1,048,576 -> 1661.982 ms
[204.703s] HeapsortSlowComparisons (random) size=2,097,152 -> 3567.404 ms
[212.467s] HeapsortSlowComparisons (random) size=4,194,304 -> 7748.814 ms
[229.727s] HeapsortSlowComparisons (random) size=8,388,608 -> 17240.068 ms
[229.734s] BottomUpHeapsortSlowComparisons (random) size=1,024 -> 0.426 ms
[229.741s] BottomUpHeapsortSlowComparisons (random) size=2,048 -> 0.982 ms
[229.748s] BottomUpHeapsortSlowComparisons (random) size=4,096 -> 2.071 ms
[229.758s] BottomUpHeapsortSlowComparisons (random) size=8,192 -> 4.468 ms
[229.773s] BottomUpHeapsortSlowComparisons (random) size=16,384 -> 9.542 ms
[229.798s] BottomUpHeapsortSlowComparisons (random) size=32,768 -> 20.335 ms
[229.849s] BottomUpHeapsortSlowComparisons (random) size=65,536 -> 45.122 ms
[229.948s] BottomUpHeapsortSlowComparisons (random) size=131,072 -> 92.892 ms
[230.159s] BottomUpHeapsortSlowComparisons (random) size=262,144 -> 204.119 ms
[230.592s] BottomUpHeapsortSlowComparisons (random) size=524,288 -> 426.246 ms
[231.517s] BottomUpHeapsortSlowComparisons (random) size=1,048,576 -> 916.528 ms
[233.504s] BottomUpHeapsortSlowComparisons (random) size=2,097,152 -> 1977.215 ms
[237.842s] BottomUpHeapsortSlowComparisons (random) size=4,194,304 -> 4323.784 ms
[247.595s] BottomUpHeapsortSlowComparisons (random) size=8,388,608 -> 9732.678 ms
--- iteration 5 of 10 ---
[247.603s] HeapsortSlowComparisons (random) size=1,024 -> 0.742 ms
[247.610s] HeapsortSlowComparisons (random) size=2,048 -> 1.661 ms
[247.620s] HeapsortSlowComparisons (random) size=4,096 -> 3.729 ms
[247.634s] HeapsortSlowComparisons (random) size=8,192 -> 8.067 ms
[247.657s] HeapsortSlowComparisons (random) size=16,384 -> 17.271 ms
[247.703s] HeapsortSlowComparisons (random) size=32,768 -> 38.198 ms
[247.792s] HeapsortSlowComparisons (random) size=65,536 -> 81.582 ms
[247.968s] HeapsortSlowComparisons (random) size=131,072 -> 168.399 ms
[248.335s] HeapsortSlowComparisons (random) size=262,144 -> 360.371 ms
[249.116s] HeapsortSlowComparisons (random) size=524,288 -> 772.541 ms
[250.789s] HeapsortSlowComparisons (random) size=1,048,576 -> 1664.639 ms
[254.361s] HeapsortSlowComparisons (random) size=2,097,152 -> 3562.420 ms
[262.316s] HeapsortSlowComparisons (random) size=4,194,304 -> 7940.521 ms
[279.531s] HeapsortSlowComparisons (random) size=8,388,608 -> 17195.759 ms
[279.538s] BottomUpHeapsortSlowComparisons (random) size=1,024 -> 0.428 ms
[279.544s] BottomUpHeapsortSlowComparisons (random) size=2,048 -> 0.954 ms
[279.551s] BottomUpHeapsortSlowComparisons (random) size=4,096 -> 2.035 ms
[279.561s] BottomUpHeapsortSlowComparisons (random) size=8,192 -> 4.431 ms
[279.576s] BottomUpHeapsortSlowComparisons (random) size=16,384 -> 9.509 ms
[279.603s] BottomUpHeapsortSlowComparisons (random) size=32,768 -> 20.532 ms
[279.652s] BottomUpHeapsortSlowComparisons (random) size=65,536 -> 43.435 ms
[279.753s] BottomUpHeapsortSlowComparisons (random) size=131,072 -> 94.574 ms
[279.958s] BottomUpHeapsortSlowComparisons (random) size=262,144 -> 198.169 ms
[280.395s] BottomUpHeapsortSlowComparisons (random) size=524,288 -> 430.285 ms
[281.310s] BottomUpHeapsortSlowComparisons (random) size=1,048,576 -> 906.224 ms
[283.299s] BottomUpHeapsortSlowComparisons (random) size=2,097,152 -> 1979.729 ms
[287.673s] BottomUpHeapsortSlowComparisons (random) size=4,194,304 -> 4354.577 ms
[297.623s] BottomUpHeapsortSlowComparisons (random) size=8,388,608 -> 9929.647 ms
--- iteration 6 of 10 ---
[297.634s] HeapsortSlowComparisons (random) size=1,024 -> 0.768 ms
[297.648s] HeapsortSlowComparisons (random) size=2,048 -> 1.682 ms
[297.657s] HeapsortSlowComparisons (random) size=4,096 -> 3.571 ms
[297.670s] HeapsortSlowComparisons (random) size=8,192 -> 7.721 ms
[297.692s] HeapsortSlowComparisons (random) size=16,384 -> 17.045 ms
[297.734s] HeapsortSlowComparisons (random) size=32,768 -> 36.371 ms
[297.818s] HeapsortSlowComparisons (random) size=65,536 -> 77.819 ms
[297.993s] HeapsortSlowComparisons (random) size=131,072 -> 168.362 ms
[298.365s] HeapsortSlowComparisons (random) size=262,144 -> 365.625 ms
[299.159s] HeapsortSlowComparisons (random) size=524,288 -> 784.978 ms
[300.849s] HeapsortSlowComparisons (random) size=1,048,576 -> 1681.616 ms
[304.461s] HeapsortSlowComparisons (random) size=2,097,152 -> 3601.601 ms
[312.397s] HeapsortSlowComparisons (random) size=4,194,304 -> 7920.900 ms
[329.570s] HeapsortSlowComparisons (random) size=8,388,608 -> 17153.650 ms
[329.577s] BottomUpHeapsortSlowComparisons (random) size=1,024 -> 0.425 ms
[329.584s] BottomUpHeapsortSlowComparisons (random) size=2,048 -> 0.939 ms
[329.591s] BottomUpHeapsortSlowComparisons (random) size=4,096 -> 2.027 ms
[329.601s] BottomUpHeapsortSlowComparisons (random) size=8,192 -> 4.422 ms
[329.616s] BottomUpHeapsortSlowComparisons (random) size=16,384 -> 9.502 ms
[329.642s] BottomUpHeapsortSlowComparisons (random) size=32,768 -> 20.333 ms
[329.691s] BottomUpHeapsortSlowComparisons (random) size=65,536 -> 43.635 ms
[329.791s] BottomUpHeapsortSlowComparisons (random) size=131,072 -> 92.681 ms
[329.995s] BottomUpHeapsortSlowComparisons (random) size=262,144 -> 198.033 ms
[330.432s] BottomUpHeapsortSlowComparisons (random) size=524,288 -> 429.012 ms
[331.349s] BottomUpHeapsortSlowComparisons (random) size=1,048,576 -> 908.223 ms
[333.338s] BottomUpHeapsortSlowComparisons (random) size=2,097,152 -> 1979.080 ms
[337.654s] BottomUpHeapsortSlowComparisons (random) size=4,194,304 -> 4302.231 ms
[347.508s] BottomUpHeapsortSlowComparisons (random) size=8,388,608 -> 9834.556 ms
--- iteration 7 of 10 ---
[347.516s] HeapsortSlowComparisons (random) size=1,024 -> 0.766 ms
[347.523s] HeapsortSlowComparisons (random) size=2,048 -> 1.576 ms
[347.532s] HeapsortSlowComparisons (random) size=4,096 -> 3.558 ms
[347.546s] HeapsortSlowComparisons (random) size=8,192 -> 7.727 ms
[347.568s] HeapsortSlowComparisons (random) size=16,384 -> 16.966 ms
[347.610s] HeapsortSlowComparisons (random) size=32,768 -> 36.046 ms
[347.694s] HeapsortSlowComparisons (random) size=65,536 -> 77.983 ms
[347.879s] HeapsortSlowComparisons (random) size=131,072 -> 177.689 ms
[348.245s] HeapsortSlowComparisons (random) size=262,144 -> 359.359 ms
[349.027s] HeapsortSlowComparisons (random) size=524,288 -> 774.246 ms
[350.699s] HeapsortSlowComparisons (random) size=1,048,576 -> 1663.721 ms
[354.338s] HeapsortSlowComparisons (random) size=2,097,152 -> 3629.940 ms
[362.318s] HeapsortSlowComparisons (random) size=4,194,304 -> 7965.090 ms
[379.573s] HeapsortSlowComparisons (random) size=8,388,608 -> 17234.295 ms
[379.580s] BottomUpHeapsortSlowComparisons (random) size=1,024 -> 0.486 ms
[379.587s] BottomUpHeapsortSlowComparisons (random) size=2,048 -> 0.978 ms
[379.598s] BottomUpHeapsortSlowComparisons (random) size=4,096 -> 3.711 ms
[379.611s] BottomUpHeapsortSlowComparisons (random) size=8,192 -> 4.641 ms
[379.627s] BottomUpHeapsortSlowComparisons (random) size=16,384 -> 9.806 ms
[379.654s] BottomUpHeapsortSlowComparisons (random) size=32,768 -> 20.332 ms
[379.703s] BottomUpHeapsortSlowComparisons (random) size=65,536 -> 43.771 ms
[379.802s] BottomUpHeapsortSlowComparisons (random) size=131,072 -> 92.452 ms
[380.006s] BottomUpHeapsortSlowComparisons (random) size=262,144 -> 197.959 ms
[380.442s] BottomUpHeapsortSlowComparisons (random) size=524,288 -> 428.819 ms
[381.374s] BottomUpHeapsortSlowComparisons (random) size=1,048,576 -> 923.683 ms
[383.391s] BottomUpHeapsortSlowComparisons (random) size=2,097,152 -> 2006.442 ms
[387.885s] BottomUpHeapsortSlowComparisons (random) size=4,194,304 -> 4479.602 ms
[397.716s] BottomUpHeapsortSlowComparisons (random) size=8,388,608 -> 9808.306 ms
--- iteration 8 of 10 ---
[397.723s] HeapsortSlowComparisons (random) size=1,024 -> 0.712 ms
[397.731s] HeapsortSlowComparisons (random) size=2,048 -> 1.586 ms
[397.741s] HeapsortSlowComparisons (random) size=4,096 -> 3.732 ms
[397.754s] HeapsortSlowComparisons (random) size=8,192 -> 7.736 ms
[397.777s] HeapsortSlowComparisons (random) size=16,384 -> 16.902 ms
[397.820s] HeapsortSlowComparisons (random) size=32,768 -> 37.457 ms
[397.903s] HeapsortSlowComparisons (random) size=65,536 -> 77.955 ms
[398.086s] HeapsortSlowComparisons (random) size=131,072 -> 176.345 ms
[398.456s] HeapsortSlowComparisons (random) size=262,144 -> 362.595 ms
[399.239s] HeapsortSlowComparisons (random) size=524,288 -> 775.876 ms
[400.973s] HeapsortSlowComparisons (random) size=1,048,576 -> 1724.549 ms
[404.594s] HeapsortSlowComparisons (random) size=2,097,152 -> 3610.475 ms
[412.425s] HeapsortSlowComparisons (random) size=4,194,304 -> 7816.704 ms
[429.752s] HeapsortSlowComparisons (random) size=8,388,608 -> 17306.235 ms
[429.759s] BottomUpHeapsortSlowComparisons (random) size=1,024 -> 0.445 ms
[429.771s] BottomUpHeapsortSlowComparisons (random) size=2,048 -> 2.150 ms
[429.780s] BottomUpHeapsortSlowComparisons (random) size=4,096 -> 2.083 ms
[429.790s] BottomUpHeapsortSlowComparisons (random) size=8,192 -> 4.453 ms
[429.806s] BottomUpHeapsortSlowComparisons (random) size=16,384 -> 9.740 ms
[429.831s] BottomUpHeapsortSlowComparisons (random) size=32,768 -> 20.481 ms
[429.881s] BottomUpHeapsortSlowComparisons (random) size=65,536 -> 44.301 ms
[429.984s] BottomUpHeapsortSlowComparisons (random) size=131,072 -> 95.021 ms
[430.194s] BottomUpHeapsortSlowComparisons (random) size=262,144 -> 203.175 ms
[430.644s] BottomUpHeapsortSlowComparisons (random) size=524,288 -> 442.127 ms
[431.616s] BottomUpHeapsortSlowComparisons (random) size=1,048,576 -> 962.894 ms
[433.637s] BottomUpHeapsortSlowComparisons (random) size=2,097,152 -> 2011.345 ms
[437.981s] BottomUpHeapsortSlowComparisons (random) size=4,194,304 -> 4329.267 ms
[447.694s] BottomUpHeapsortSlowComparisons (random) size=8,388,608 -> 9692.443 ms
--- iteration 9 of 10 ---
[447.701s] HeapsortSlowComparisons (random) size=1,024 -> 0.717 ms
[447.709s] HeapsortSlowComparisons (random) size=2,048 -> 1.732 ms
[447.718s] HeapsortSlowComparisons (random) size=4,096 -> 3.556 ms
[447.731s] HeapsortSlowComparisons (random) size=8,192 -> 7.767 ms
[447.754s] HeapsortSlowComparisons (random) size=16,384 -> 17.508 ms
[447.796s] HeapsortSlowComparisons (random) size=32,768 -> 36.213 ms
[447.880s] HeapsortSlowComparisons (random) size=65,536 -> 78.092 ms
[448.053s] HeapsortSlowComparisons (random) size=131,072 -> 166.306 ms
[448.423s] HeapsortSlowComparisons (random) size=262,144 -> 363.096 ms
[449.196s] HeapsortSlowComparisons (random) size=524,288 -> 765.151 ms
[450.873s] HeapsortSlowComparisons (random) size=1,048,576 -> 1668.250 ms
[454.562s] HeapsortSlowComparisons (random) size=2,097,152 -> 3678.503 ms
[462.388s] HeapsortSlowComparisons (random) size=4,194,304 -> 7811.255 ms
[479.451s] HeapsortSlowComparisons (random) size=8,388,608 -> 17042.343 ms
[479.458s] BottomUpHeapsortSlowComparisons (random) size=1,024 -> 0.426 ms
[479.464s] BottomUpHeapsortSlowComparisons (random) size=2,048 -> 1.028 ms
[479.472s] BottomUpHeapsortSlowComparisons (random) size=4,096 -> 2.079 ms
[479.482s] BottomUpHeapsortSlowComparisons (random) size=8,192 -> 4.458 ms
[479.497s] BottomUpHeapsortSlowComparisons (random) size=16,384 -> 9.542 ms
[479.523s] BottomUpHeapsortSlowComparisons (random) size=32,768 -> 20.451 ms
[479.572s] BottomUpHeapsortSlowComparisons (random) size=65,536 -> 43.860 ms
[479.672s] BottomUpHeapsortSlowComparisons (random) size=131,072 -> 93.513 ms
[479.880s] BottomUpHeapsortSlowComparisons (random) size=262,144 -> 201.553 ms
[480.314s] BottomUpHeapsortSlowComparisons (random) size=524,288 -> 425.629 ms
[481.244s] BottomUpHeapsortSlowComparisons (random) size=1,048,576 -> 922.125 ms
[483.275s] BottomUpHeapsortSlowComparisons (random) size=2,097,152 -> 2020.397 ms
[487.763s] BottomUpHeapsortSlowComparisons (random) size=4,194,304 -> 4472.776 ms
[497.697s] BottomUpHeapsortSlowComparisons (random) size=8,388,608 -> 9914.246 ms
--- iteration 10 of 10 ---
[497.705s] HeapsortSlowComparisons (random) size=1,024 -> 0.716 ms
[497.712s] HeapsortSlowComparisons (random) size=2,048 -> 1.579 ms
[497.721s] HeapsortSlowComparisons (random) size=4,096 -> 3.546 ms
[497.734s] HeapsortSlowComparisons (random) size=8,192 -> 8.002 ms
[497.756s] HeapsortSlowComparisons (random) size=16,384 -> 16.986 ms
[497.798s] HeapsortSlowComparisons (random) size=32,768 -> 36.137 ms
[497.882s] HeapsortSlowComparisons (random) size=65,536 -> 78.316 ms
[498.057s] HeapsortSlowComparisons (random) size=131,072 -> 169.461 ms
[498.426s] HeapsortSlowComparisons (random) size=262,144 -> 361.896 ms
[499.199s] HeapsortSlowComparisons (random) size=524,288 -> 765.267 ms
[500.870s] HeapsortSlowComparisons (random) size=1,048,576 -> 1663.764 ms
[504.507s] HeapsortSlowComparisons (random) size=2,097,152 -> 3624.060 ms
[512.363s] HeapsortSlowComparisons (random) size=4,194,304 -> 7841.929 ms
[529.813s] HeapsortSlowComparisons (random) size=8,388,608 -> 17428.687 ms
[529.820s] BottomUpHeapsortSlowComparisons (random) size=1,024 -> 0.471 ms
[529.827s] BottomUpHeapsortSlowComparisons (random) size=2,048 -> 0.934 ms
[529.834s] BottomUpHeapsortSlowComparisons (random) size=4,096 -> 2.103 ms
[529.844s] BottomUpHeapsortSlowComparisons (random) size=8,192 -> 4.445 ms
[529.859s] BottomUpHeapsortSlowComparisons (random) size=16,384 -> 9.459 ms
[529.885s] BottomUpHeapsortSlowComparisons (random) size=32,768 -> 20.449 ms
[529.935s] BottomUpHeapsortSlowComparisons (random) size=65,536 -> 44.405 ms
[530.045s] BottomUpHeapsortSlowComparisons (random) size=131,072 -> 103.274 ms
[530.253s] BottomUpHeapsortSlowComparisons (random) size=262,144 -> 201.584 ms
[530.691s] BottomUpHeapsortSlowComparisons (random) size=524,288 -> 429.381 ms
[531.629s] BottomUpHeapsortSlowComparisons (random) size=1,048,576 -> 929.691 ms
[533.629s] BottomUpHeapsortSlowComparisons (random) size=2,097,152 -> 1989.916 ms
[538.023s] BottomUpHeapsortSlowComparisons (random) size=4,194,304 -> 4379.608 ms
[547.857s] BottomUpHeapsortSlowComparisons (random) size=8,388,608 -> 9812.403 ms
