iterations=10 sizes=2^13..2^17
--- warm up 1 of 2 ---
[0.555s] BubbleSortOpt1 (random) size=8,192 -> 29.302 ms
[0.753s] BubbleSortOpt1 (random) size=16,384 -> 186.766 ms
[1.885s] BubbleSortOpt1 (random) size=32,768 -> 1121.661 ms
[1.933s] BubbleSortOpt1 (descending) size=8,192 -> 38.971 ms
[2.104s] BubbleSortOpt1 (descending) size=16,384 -> 162.308 ms
[2.719s] BubbleSortOpt1 (descending) size=32,768 -> 604.727 ms
[2.769s] BubbleSortArithmetic (random) size=8,192 -> 40.176 ms
[2.921s] BubbleSortArithmetic (random) size=16,384 -> 143.623 ms
[3.494s] BubbleSortArithmetic (random) size=32,768 -> 563.962 ms
[3.538s] BubbleSortArithmetic (descending) size=8,192 -> 35.260 ms
[3.686s] BubbleSortArithmetic (descending) size=16,384 -> 139.806 ms
[4.268s] BubbleSortArithmetic (descending) size=32,768 -> 573.025 ms
--- warm up 2 of 2 ---
[4.304s] BubbleSortOpt1 (random) size=8,192 -> 27.172 ms
[4.503s] BubbleSortOpt1 (random) size=16,384 -> 190.498 ms
[5.540s] BubbleSortOpt1 (random) size=32,768 -> 1028.120 ms
[5.587s] BubbleSortOpt1 (descending) size=8,192 -> 37.185 ms
[5.744s] BubbleSortOpt1 (descending) size=16,384 -> 149.261 ms
[6.357s] BubbleSortOpt1 (descending) size=32,768 -> 604.332 ms
[6.401s] BubbleSortArithmetic (random) size=8,192 -> 35.080 ms
[6.550s] BubbleSortArithmetic (random) size=16,384 -> 140.861 ms
[7.122s] BubbleSortArithmetic (random) size=32,768 -> 563.656 ms
[7.171s] BubbleSortArithmetic (descending) size=8,192 -> 40.088 ms
[7.320s] BubbleSortArithmetic (descending) size=16,384 -> 141.251 ms
[7.902s] BubbleSortArithmetic (descending) size=32,768 -> 572.451 ms
--- iteration 1 of 10 ---
[7.937s] BubbleSortOpt1 (random) size=8,192 -> 26.179 ms
[8.136s] BubbleSortOpt1 (random) size=16,384 -> 191.211 ms
[9.178s] BubbleSortOpt1 (random) size=32,768 -> 1032.453 ms
[13.898s] BubbleSortOpt1 (random) size=65,536 -> 4710.593 ms
[32.323s] BubbleSortOpt1 (random) size=131,072 -> 18415.416 ms
[32.371s] BubbleSortOpt1 (descending) size=8,192 -> 38.777 ms
[32.529s] BubbleSortOpt1 (descending) size=16,384 -> 149.077 ms
[33.151s] BubbleSortOpt1 (descending) size=32,768 -> 613.218 ms
[35.593s] BubbleSortOpt1 (descending) size=65,536 -> 2432.528 ms
[45.228s] BubbleSortOpt1 (descending) size=131,072 -> 9625.797 ms
[45.272s] BubbleSortArithmetic (random) size=8,192 -> 35.159 ms
[45.421s] BubbleSortArithmetic (random) size=16,384 -> 140.748 ms
[45.996s] BubbleSortArithmetic (random) size=32,768 -> 566.227 ms
[48.301s] BubbleSortArithmetic (random) size=65,536 -> 2296.656 ms
[57.273s] BubbleSortArithmetic (random) size=131,072 -> 8964.123 ms
[57.318s] BubbleSortArithmetic (descending) size=8,192 -> 34.555 ms
[57.463s] BubbleSortArithmetic (descending) size=16,384 -> 139.805 ms
[58.028s] BubbleSortArithmetic (descending) size=32,768 -> 558.717 ms
[60.287s] BubbleSortArithmetic (descending) size=65,536 -> 2253.114 ms
[69.353s] BubbleSortArithmetic (descending) size=131,072 -> 9059.439 ms
--- iteration 2 of 10 ---
[69.404s] BubbleSortOpt1 (random) size=8,192 -> 44.087 ms
[69.652s] BubbleSortOpt1 (random) size=16,384 -> 242.748 ms
[70.737s] BubbleSortOpt1 (random) size=32,768 -> 1078.187 ms
[75.284s] BubbleSortOpt1 (random) size=65,536 -> 4540.187 ms
[93.813s] BubbleSortOpt1 (random) size=131,072 -> 18522.813 ms
[93.858s] BubbleSortOpt1 (descending) size=8,192 -> 38.203 ms
[94.021s] BubbleSortOpt1 (descending) size=16,384 -> 155.636 ms
[94.650s] BubbleSortOpt1 (descending) size=32,768 -> 622.000 ms
[97.086s] BubbleSortOpt1 (descending) size=65,536 -> 2427.046 ms
[106.828s] BubbleSortOpt1 (descending) size=131,072 -> 9736.020 ms
[106.870s] BubbleSortArithmetic (random) size=8,192 -> 35.332 ms
[107.019s] BubbleSortArithmetic (random) size=16,384 -> 142.730 ms
[107.596s] BubbleSortArithmetic (random) size=32,768 -> 570.424 ms
[109.902s] BubbleSortArithmetic (random) size=65,536 -> 2299.524 ms
[118.944s] BubbleSortArithmetic (random) size=131,072 -> 9034.832 ms
[118.987s] BubbleSortArithmetic (descending) size=8,192 -> 37.377 ms
[119.131s] BubbleSortArithmetic (descending) size=16,384 -> 138.383 ms
[119.694s] BubbleSortArithmetic (descending) size=32,768 -> 557.097 ms
[121.956s] BubbleSortArithmetic (descending) size=65,536 -> 2254.196 ms
[131.020s] BubbleSortArithmetic (descending) size=131,072 -> 9057.734 ms
--- iteration 3 of 10 ---
[131.073s] BubbleSortOpt1 (random) size=8,192 -> 46.968 ms
[131.317s] BubbleSortOpt1 (random) size=16,384 -> 237.357 ms
[132.404s] BubbleSortOpt1 (random) size=32,768 -> 1080.231 ms
[136.952s] BubbleSortOpt1 (random) size=65,536 -> 4541.427 ms
[155.422s] BubbleSortOpt1 (random) size=131,072 -> 18463.775 ms
[155.466s] BubbleSortOpt1 (descending) size=8,192 -> 37.808 ms
[155.621s] BubbleSortOpt1 (descending) size=16,384 -> 149.789 ms
[156.222s] BubbleSortOpt1 (descending) size=32,768 -> 594.426 ms
[158.622s] BubbleSortOpt1 (descending) size=65,536 -> 2393.947 ms
[168.297s] BubbleSortOpt1 (descending) size=131,072 -> 9668.121 ms
[168.338s] BubbleSortArithmetic (random) size=8,192 -> 34.512 ms
[168.482s] BubbleSortArithmetic (random) size=16,384 -> 139.282 ms
[169.052s] BubbleSortArithmetic (random) size=32,768 -> 563.445 ms
[171.326s] BubbleSortArithmetic (random) size=65,536 -> 2267.371 ms
[180.310s] BubbleSortArithmetic (random) size=131,072 -> 8976.885 ms
[180.351s] BubbleSortArithmetic (descending) size=8,192 -> 35.016 ms
[180.495s] BubbleSortArithmetic (descending) size=16,384 -> 138.301 ms
[181.060s] BubbleSortArithmetic (descending) size=32,768 -> 559.729 ms
[183.327s] BubbleSortArithmetic (descending) size=65,536 -> 2260.618 ms
[192.353s] BubbleSortArithmetic (descending) size=131,072 -> 9019.021 ms
--- iteration 4 of 10 ---
[192.408s] BubbleSortOpt1 (random) size=8,192 -> 48.190 ms
[192.650s] BubbleSortOpt1 (random) size=16,384 -> 233.410 ms
[193.763s] BubbleSortOpt1 (random) size=32,768 -> 1106.535 ms
[198.370s] BubbleSortOpt1 (random) size=65,536 -> 4600.495 ms
[216.924s] BubbleSortOpt1 (random) size=131,072 -> 18545.251 ms
[216.968s] BubbleSortOpt1 (descending) size=8,192 -> 37.497 ms
[217.127s] BubbleSortOpt1 (descending) size=16,384 -> 151.971 ms
[217.732s] BubbleSortOpt1 (descending) size=32,768 -> 599.529 ms
[220.174s] BubbleSortOpt1 (descending) size=65,536 -> 2435.799 ms
[229.915s] BubbleSortOpt1 (descending) size=131,072 -> 9731.718 ms
[229.957s] BubbleSortArithmetic (random) size=8,192 -> 35.672 ms
[230.109s] BubbleSortArithmetic (random) size=16,384 -> 145.170 ms
[230.681s] BubbleSortArithmetic (random) size=32,768 -> 565.491 ms
[232.960s] BubbleSortArithmetic (random) size=65,536 -> 2272.724 ms
[241.967s] BubbleSortArithmetic (random) size=131,072 -> 8999.674 ms
[242.010s] BubbleSortArithmetic (descending) size=8,192 -> 37.055 ms
[242.155s] BubbleSortArithmetic (descending) size=16,384 -> 139.487 ms
[242.723s] BubbleSortArithmetic (descending) size=32,768 -> 561.795 ms
[244.990s] BubbleSortArithmetic (descending) size=65,536 -> 2258.939 ms
[254.187s] BubbleSortArithmetic (descending) size=131,072 -> 9190.116 ms
--- iteration 5 of 10 ---
[254.238s] BubbleSortOpt1 (random) size=8,192 -> 44.675 ms
[254.481s] BubbleSortOpt1 (random) size=16,384 -> 236.812 ms
[255.621s] BubbleSortOpt1 (random) size=32,768 -> 1133.920 ms
[260.210s] BubbleSortOpt1 (random) size=65,536 -> 4582.528 ms
[278.676s] BubbleSortOpt1 (random) size=131,072 -> 18458.797 ms
[278.720s] BubbleSortOpt1 (descending) size=8,192 -> 37.779 ms
[278.875s] BubbleSortOpt1 (descending) size=16,384 -> 149.015 ms
[279.479s] BubbleSortOpt1 (descending) size=32,768 -> 597.582 ms
[281.882s] BubbleSortOpt1 (descending) size=65,536 -> 2396.871 ms
[291.557s] BubbleSortOpt1 (descending) size=131,072 -> 9667.830 ms
[291.599s] BubbleSortArithmetic (random) size=8,192 -> 35.521 ms
[291.747s] BubbleSortArithmetic (random) size=16,384 -> 141.426 ms
[292.351s] BubbleSortArithmetic (random) size=32,768 -> 597.029 ms
[294.601s] BubbleSortArithmetic (random) size=65,536 -> 2242.748 ms
[303.595s] BubbleSortArithmetic (random) size=131,072 -> 8987.938 ms
[303.636s] BubbleSortArithmetic (descending) size=8,192 -> 34.851 ms
[303.781s] BubbleSortArithmetic (descending) size=16,384 -> 139.668 ms
[304.361s] BubbleSortArithmetic (descending) size=32,768 -> 573.082 ms
[306.652s] BubbleSortArithmetic (descending) size=65,536 -> 2285.032 ms
[315.736s] BubbleSortArithmetic (descending) size=131,072 -> 9077.246 ms
--- iteration 6 of 10 ---
[315.788s] BubbleSortOpt1 (random) size=8,192 -> 45.509 ms
[316.031s] BubbleSortOpt1 (random) size=16,384 -> 236.791 ms
[317.115s] BubbleSortOpt1 (random) size=32,768 -> 1077.918 ms
[321.678s] BubbleSortOpt1 (random) size=65,536 -> 4553.245 ms
[340.372s] BubbleSortOpt1 (random) size=131,072 -> 18687.376 ms
[340.417s] BubbleSortOpt1 (descending) size=8,192 -> 37.246 ms
[340.571s] BubbleSortOpt1 (descending) size=16,384 -> 148.228 ms
[341.178s] BubbleSortOpt1 (descending) size=32,768 -> 601.658 ms
[343.602s] BubbleSortOpt1 (descending) size=65,536 -> 2417.144 ms
[353.358s] BubbleSortOpt1 (descending) size=131,072 -> 9749.203 ms
[353.401s] BubbleSortArithmetic (random) size=8,192 -> 36.174 ms
[353.560s] BubbleSortArithmetic (random) size=16,384 -> 151.407 ms
[354.134s] BubbleSortArithmetic (random) size=32,768 -> 567.055 ms
[356.487s] BubbleSortArithmetic (random) size=65,536 -> 2347.057 ms
[365.559s] BubbleSortArithmetic (random) size=131,072 -> 9065.175 ms
[365.600s] BubbleSortArithmetic (descending) size=8,192 -> 35.052 ms
[365.746s] BubbleSortArithmetic (descending) size=16,384 -> 140.397 ms
[366.332s] BubbleSortArithmetic (descending) size=32,768 -> 579.606 ms
[368.600s] BubbleSortArithmetic (descending) size=65,536 -> 2261.357 ms
[377.681s] BubbleSortArithmetic (descending) size=131,072 -> 9073.588 ms
--- iteration 7 of 10 ---
[377.733s] BubbleSortOpt1 (random) size=8,192 -> 45.052 ms
[377.981s] BubbleSortOpt1 (random) size=16,384 -> 241.829 ms
[379.066s] BubbleSortOpt1 (random) size=32,768 -> 1078.169 ms
[383.635s] BubbleSortOpt1 (random) size=65,536 -> 4560.302 ms
[402.059s] BubbleSortOpt1 (random) size=131,072 -> 18417.153 ms
[402.104s] BubbleSortOpt1 (descending) size=8,192 -> 37.557 ms
[402.259s] BubbleSortOpt1 (descending) size=16,384 -> 150.076 ms
[402.861s] BubbleSortOpt1 (descending) size=32,768 -> 595.501 ms
[405.259s] BubbleSortOpt1 (descending) size=65,536 -> 2390.289 ms
[414.887s] BubbleSortOpt1 (descending) size=131,072 -> 9621.516 ms
[414.928s] BubbleSortArithmetic (random) size=8,192 -> 35.365 ms
[415.077s] BubbleSortArithmetic (random) size=16,384 -> 141.560 ms
[415.647s] BubbleSortArithmetic (random) size=32,768 -> 563.540 ms
[417.924s] BubbleSortArithmetic (random) size=65,536 -> 2271.135 ms
[427.085s] BubbleSortArithmetic (random) size=131,072 -> 9153.465 ms
[427.126s] BubbleSortArithmetic (descending) size=8,192 -> 35.122 ms
[427.273s] BubbleSortArithmetic (descending) size=16,384 -> 140.675 ms
[427.844s] BubbleSortArithmetic (descending) size=32,768 -> 564.503 ms
[430.112s] BubbleSortArithmetic (descending) size=65,536 -> 2261.906 ms
[439.207s] BubbleSortArithmetic (descending) size=131,072 -> 9088.342 ms
--- iteration 8 of 10 ---
[439.260s] BubbleSortOpt1 (random) size=8,192 -> 45.532 ms
[439.504s] BubbleSortOpt1 (random) size=16,384 -> 238.469 ms
[440.579s] BubbleSortOpt1 (random) size=32,768 -> 1068.727 ms
[445.168s] BubbleSortOpt1 (random) size=65,536 -> 4581.580 ms
[463.796s] BubbleSortOpt1 (random) size=131,072 -> 18620.967 ms
[463.840s] BubbleSortOpt1 (descending) size=8,192 -> 37.103 ms
[463.994s] BubbleSortOpt1 (descending) size=16,384 -> 148.392 ms
[464.609s] BubbleSortOpt1 (descending) size=32,768 -> 608.871 ms
[467.028s] BubbleSortOpt1 (descending) size=65,536 -> 2412.228 ms
[476.767s] BubbleSortOpt1 (descending) size=131,072 -> 9732.091 ms
[476.808s] BubbleSortArithmetic (random) size=8,192 -> 35.068 ms
[476.955s] BubbleSortArithmetic (random) size=16,384 -> 140.467 ms
[477.533s] BubbleSortArithmetic (random) size=32,768 -> 571.444 ms
[479.817s] BubbleSortArithmetic (random) size=65,536 -> 2276.965 ms
[489.063s] BubbleSortArithmetic (random) size=131,072 -> 9239.457 ms
[489.104s] BubbleSortArithmetic (descending) size=8,192 -> 34.443 ms
[489.252s] BubbleSortArithmetic (descending) size=16,384 -> 143.317 ms
[489.831s] BubbleSortArithmetic (descending) size=32,768 -> 573.235 ms
[492.117s] BubbleSortArithmetic (descending) size=65,536 -> 2279.517 ms
[501.220s] BubbleSortArithmetic (descending) size=131,072 -> 9096.410 ms
--- iteration 9 of 10 ---
[501.271s] BubbleSortOpt1 (random) size=8,192 -> 45.073 ms
[501.515s] BubbleSortOpt1 (random) size=16,384 -> 237.357 ms
[502.597s] BubbleSortOpt1 (random) size=32,768 -> 1075.980 ms
[507.163s] BubbleSortOpt1 (random) size=65,536 -> 4559.065 ms
[525.647s] BubbleSortOpt1 (random) size=131,072 -> 18476.609 ms
[525.690s] BubbleSortOpt1 (descending) size=8,192 -> 37.030 ms
[525.846s] BubbleSortOpt1 (descending) size=16,384 -> 150.182 ms
[526.452s] BubbleSortOpt1 (descending) size=32,768 -> 599.290 ms
[528.854s] BubbleSortOpt1 (descending) size=65,536 -> 2395.181 ms
[538.485s] BubbleSortOpt1 (descending) size=131,072 -> 9622.962 ms
[538.526s] BubbleSortArithmetic (random) size=8,192 -> 35.103 ms
[538.674s] BubbleSortArithmetic (random) size=16,384 -> 142.193 ms
[539.252s] BubbleSortArithmetic (random) size=32,768 -> 571.253 ms
[541.498s] BubbleSortArithmetic (random) size=65,536 -> 2239.618 ms
[550.559s] BubbleSortArithmetic (random) size=131,072 -> 9054.478 ms
[550.600s] BubbleSortArithmetic (descending) size=8,192 -> 34.484 ms
[550.749s] BubbleSortArithmetic (descending) size=16,384 -> 142.574 ms
[551.325s] BubbleSortArithmetic (descending) size=32,768 -> 570.332 ms
[553.585s] BubbleSortArithmetic (descending) size=65,536 -> 2253.694 ms
[562.618s] BubbleSortArithmetic (descending) size=131,072 -> 9025.011 ms
--- iteration 10 of 10 ---
[562.670s] BubbleSortOpt1 (random) size=8,192 -> 45.101 ms
[562.910s] BubbleSortOpt1 (random) size=16,384 -> 234.706 ms
[563.999s] BubbleSortOpt1 (random) size=32,768 -> 1083.033 ms
[568.556s] BubbleSortOpt1 (random) size=65,536 -> 4549.881 ms
[587.223s] BubbleSortOpt1 (random) size=131,072 -> 18660.404 ms
[587.269s] BubbleSortOpt1 (descending) size=8,192 -> 37.074 ms
[587.423s] BubbleSortOpt1 (descending) size=16,384 -> 148.125 ms
[588.040s] BubbleSortOpt1 (descending) size=32,768 -> 610.912 ms
[590.453s] BubbleSortOpt1 (descending) size=65,536 -> 2406.283 ms
[600.150s] BubbleSortOpt1 (descending) size=131,072 -> 9690.074 ms
[600.191s] BubbleSortArithmetic (random) size=8,192 -> 35.260 ms
[600.336s] BubbleSortArithmetic (random) size=16,384 -> 139.096 ms
[600.897s] BubbleSortArithmetic (random) size=32,768 -> 554.895 ms
[603.157s] BubbleSortArithmetic (random) size=65,536 -> 2252.684 ms
[612.188s] BubbleSortArithmetic (random) size=131,072 -> 9024.576 ms
[612.230s] BubbleSortArithmetic (descending) size=8,192 -> 35.461 ms
[612.376s] BubbleSortArithmetic (descending) size=16,384 -> 139.574 ms
[612.943s] BubbleSortArithmetic (descending) size=32,768 -> 560.328 ms
[615.241s] BubbleSortArithmetic (descending) size=65,536 -> 2290.940 ms
[624.275s] BubbleSortArithmetic (descending) size=131,072 -> 9027.204 ms
