processors=2 warmUps=5 iterations=20 size=40,000
[2.127s] warm-up 1: BubbleSortOpt1 -> 1670.735 ms
[2.421s] warm-up 1: BubbleSortParallelOddEven -> 283.284 ms
[4.137s] warm-up 1: BubbleSortParallelDivideAndConquer -> 1707.846 ms
[5.878s] warm-up 2: BubbleSortParallelDivideAndConquer -> 1731.617 ms
[6.156s] warm-up 2: BubbleSortParallelOddEven -> 269.071 ms
[7.771s] warm-up 2: BubbleSortOpt1 -> 1607.161 ms
[9.552s] warm-up 3: BubbleSortParallelDivideAndConquer -> 1772.162 ms
[11.215s] warm-up 3: BubbleSortOpt1 -> 1654.333 ms
[11.688s] warm-up 3: BubbleSortParallelOddEven -> 465.441 ms
[12.181s] warm-up 4: BubbleSortParallelOddEven -> 483.152 ms
[13.857s] warm-up 4: BubbleSortOpt1 -> 1667.337 ms
[15.642s] warm-up 4: BubbleSortParallelDivideAndConquer -> 1777.358 ms
[17.307s] warm-up 5: BubbleSortOpt1 -> 1656.198 ms
[17.776s] warm-up 5: BubbleSortParallelOddEven -> 459.327 ms
[19.604s] warm-up 5: BubbleSortParallelDivideAndConquer -> 1819.723 ms
[21.251s] iteration 1: BubbleSortOpt1 -> 1638.514 ms
[23.047s] iteration 1: BubbleSortParallelDivideAndConquer -> 1786.968 ms
[23.518s] iteration 1: BubbleSortParallelOddEven -> 461.252 ms
[25.450s] iteration 2: BubbleSortParallelDivideAndConquer -> 1923.501 ms
[25.902s] iteration 2: BubbleSortParallelOddEven -> 444.026 ms
[27.570s] iteration 2: BubbleSortOpt1 -> 1660.826 ms
[28.032s] iteration 3: BubbleSortParallelOddEven -> 452.982 ms
[29.699s] iteration 3: BubbleSortOpt1 -> 1658.941 ms
[31.511s] iteration 3: BubbleSortParallelDivideAndConquer -> 1803.143 ms
[33.218s] iteration 4: BubbleSortOpt1 -> 1698.828 ms
[33.711s] iteration 4: BubbleSortParallelOddEven -> 483.360 ms
[35.561s] iteration 4: BubbleSortParallelDivideAndConquer -> 1841.569 ms
[37.229s] iteration 5: BubbleSortOpt1 -> 1659.894 ms
[39.065s] iteration 5: BubbleSortParallelDivideAndConquer -> 1828.556 ms
[39.540s] iteration 5: BubbleSortParallelOddEven -> 466.690 ms
[41.220s] iteration 6: BubbleSortOpt1 -> 1671.786 ms
[43.039s] iteration 6: BubbleSortParallelDivideAndConquer -> 1809.301 ms
[43.491s] iteration 6: BubbleSortParallelOddEven -> 443.252 ms
[45.178s] iteration 7: BubbleSortOpt1 -> 1679.339 ms
[47.062s] iteration 7: BubbleSortParallelDivideAndConquer -> 1875.631 ms
[47.518s] iteration 7: BubbleSortParallelOddEven -> 446.797 ms
[49.371s] iteration 8: BubbleSortParallelDivideAndConquer -> 1842.818 ms
[51.036s] iteration 8: BubbleSortOpt1 -> 1657.377 ms
[51.497s] iteration 8: BubbleSortParallelOddEven -> 453.221 ms
[53.161s] iteration 9: BubbleSortOpt1 -> 1655.355 ms
[55.004s] iteration 9: BubbleSortParallelDivideAndConquer -> 1835.450 ms
[55.499s] iteration 9: BubbleSortParallelOddEven -> 486.261 ms
[57.193s] iteration 10: BubbleSortOpt1 -> 1684.749 ms
[57.652s] iteration 10: BubbleSortParallelOddEven -> 450.746 ms
[59.480s] iteration 10: BubbleSortParallelDivideAndConquer -> 1819.538 ms
[61.134s] iteration 11: BubbleSortOpt1 -> 1644.991 ms
[61.592s] iteration 11: BubbleSortParallelOddEven -> 450.283 ms
[63.398s] iteration 11: BubbleSortParallelDivideAndConquer -> 1797.475 ms
[65.279s] iteration 12: BubbleSortParallelDivideAndConquer -> 1872.821 ms
[66.989s] iteration 12: BubbleSortOpt1 -> 1702.230 ms
[67.468s] iteration 12: BubbleSortParallelOddEven -> 470.552 ms
[69.139s] iteration 13: BubbleSortOpt1 -> 1662.993 ms
[70.933s] iteration 13: BubbleSortParallelDivideAndConquer -> 1785.944 ms
[71.405s] iteration 13: BubbleSortParallelOddEven -> 461.543 ms
[73.221s] iteration 14: BubbleSortParallelDivideAndConquer -> 1808.173 ms
[73.667s] iteration 14: BubbleSortParallelOddEven -> 437.672 ms
[75.337s] iteration 14: BubbleSortOpt1 -> 1661.699 ms
[76.999s] iteration 15: BubbleSortOpt1 -> 1654.004 ms
[78.817s] iteration 15: BubbleSortParallelDivideAndConquer -> 1810.357 ms
[79.287s] iteration 15: BubbleSortParallelOddEven -> 461.761 ms
[81.073s] iteration 16: BubbleSortParallelDivideAndConquer -> 1777.420 ms
[81.541s] iteration 16: BubbleSortParallelOddEven -> 460.452 ms
[83.196s] iteration 16: BubbleSortOpt1 -> 1646.688 ms
[85.001s] iteration 17: BubbleSortParallelDivideAndConquer -> 1796.089 ms
[85.488s] iteration 17: BubbleSortParallelOddEven -> 479.237 ms
[87.170s] iteration 17: BubbleSortOpt1 -> 1674.424 ms
[88.837s] iteration 18: BubbleSortOpt1 -> 1658.129 ms
[90.629s] iteration 18: BubbleSortParallelDivideAndConquer -> 1783.587 ms
[91.082s] iteration 18: BubbleSortParallelOddEven -> 444.103 ms
[92.927s] iteration 19: BubbleSortParallelDivideAndConquer -> 1837.286 ms
[94.656s] iteration 19: BubbleSortOpt1 -> 1719.808 ms
[95.140s] iteration 19: BubbleSortParallelOddEven -> 474.630 ms
[96.838s] iteration 20: BubbleSortOpt1 -> 1689.666 ms
[97.358s] iteration 20: BubbleSortParallelOddEven -> 510.570 ms
[99.313s] iteration 20: BubbleSortParallelDivideAndConquer -> 1946.411 ms
processors=4 warmUps=5 iterations=20 size=40,000
[2.086s] warm-up 1: BubbleSortOpt1 -> 1629.460 ms
[2.943s] warm-up 1: BubbleSortParallelDivideAndConquer -> 847.934 ms
[3.123s] warm-up 1: BubbleSortParallelOddEven -> 171.098 ms
[3.983s] warm-up 2: BubbleSortParallelDivideAndConquer -> 849.808 ms
[5.610s] warm-up 2: BubbleSortOpt1 -> 1618.201 ms
[5.997s] warm-up 2: BubbleSortParallelOddEven -> 378.802 ms
[6.941s] warm-up 3: BubbleSortParallelDivideAndConquer -> 934.770 ms
[7.290s] warm-up 3: BubbleSortParallelOddEven -> 340.376 ms
[8.937s] warm-up 3: BubbleSortOpt1 -> 1637.878 ms
[9.897s] warm-up 4: BubbleSortParallelDivideAndConquer -> 950.461 ms
[11.537s] warm-up 4: BubbleSortOpt1 -> 1630.512 ms
[11.906s] warm-up 4: BubbleSortParallelOddEven -> 361.290 ms
[12.262s] warm-up 5: BubbleSortParallelOddEven -> 347.013 ms
[13.205s] warm-up 5: BubbleSortParallelDivideAndConquer -> 933.990 ms
[14.869s] warm-up 5: BubbleSortOpt1 -> 1655.519 ms
[16.521s] iteration 1: BubbleSortOpt1 -> 1642.874 ms
[16.914s] iteration 1: BubbleSortParallelOddEven -> 384.847 ms
[17.917s] iteration 1: BubbleSortParallelDivideAndConquer -> 993.371 ms
[18.281s] iteration 2: BubbleSortParallelOddEven -> 355.115 ms
[19.227s] iteration 2: BubbleSortParallelDivideAndConquer -> 935.795 ms
[20.870s] iteration 2: BubbleSortOpt1 -> 1633.662 ms
[21.232s] iteration 3: BubbleSortParallelOddEven -> 353.355 ms
[22.885s] iteration 3: BubbleSortOpt1 -> 1643.448 ms
[23.832s] iteration 3: BubbleSortParallelDivideAndConquer -> 937.817 ms
[25.478s] iteration 4: BubbleSortOpt1 -> 1634.225 ms
[26.440s] iteration 4: BubbleSortParallelDivideAndConquer -> 953.980 ms
[26.820s] iteration 4: BubbleSortParallelOddEven -> 370.146 ms
[28.467s] iteration 5: BubbleSortOpt1 -> 1638.361 ms
[28.848s] iteration 5: BubbleSortParallelOddEven -> 372.438 ms
[29.844s] iteration 5: BubbleSortParallelDivideAndConquer -> 985.058 ms
[30.202s] iteration 6: BubbleSortParallelOddEven -> 348.614 ms
[31.881s] iteration 6: BubbleSortOpt1 -> 1670.042 ms
[32.802s] iteration 6: BubbleSortParallelDivideAndConquer -> 912.874 ms
[34.453s] iteration 7: BubbleSortOpt1 -> 1641.684 ms
[35.404s] iteration 7: BubbleSortParallelDivideAndConquer -> 940.522 ms
[35.764s] iteration 7: BubbleSortParallelOddEven -> 350.978 ms
[36.139s] iteration 8: BubbleSortParallelOddEven -> 366.205 ms
[37.798s] iteration 8: BubbleSortOpt1 -> 1650.076 ms
[38.753s] iteration 8: BubbleSortParallelDivideAndConquer -> 946.942 ms
[39.131s] iteration 9: BubbleSortParallelOddEven -> 368.724 ms
[40.067s] iteration 9: BubbleSortParallelDivideAndConquer -> 927.474 ms
[41.723s] iteration 9: BubbleSortOpt1 -> 1646.598 ms
[42.656s] iteration 10: BubbleSortParallelDivideAndConquer -> 924.157 ms
[44.322s] iteration 10: BubbleSortOpt1 -> 1657.199 ms
[44.677s] iteration 10: BubbleSortParallelOddEven -> 346.913 ms
[46.343s] iteration 11: BubbleSortOpt1 -> 1656.785 ms
[46.712s] iteration 11: BubbleSortParallelOddEven -> 360.674 ms
[47.688s] iteration 11: BubbleSortParallelDivideAndConquer -> 966.271 ms
[48.063s] iteration 12: BubbleSortParallelOddEven -> 365.763 ms
[49.732s] iteration 12: BubbleSortOpt1 -> 1659.533 ms
[50.678s] iteration 12: BubbleSortParallelDivideAndConquer -> 937.699 ms
[51.046s] iteration 13: BubbleSortParallelOddEven -> 358.747 ms
[51.986s] iteration 13: BubbleSortParallelDivideAndConquer -> 931.194 ms
[53.641s] iteration 13: BubbleSortOpt1 -> 1645.673 ms
[54.586s] iteration 14: BubbleSortParallelDivideAndConquer -> 937.229 ms
[54.948s] iteration 14: BubbleSortParallelOddEven -> 352.500 ms
[56.622s] iteration 14: BubbleSortOpt1 -> 1665.413 ms
[56.990s] iteration 15: BubbleSortParallelOddEven -> 359.322 ms
[57.905s] iteration 15: BubbleSortParallelDivideAndConquer -> 905.928 ms
[59.567s] iteration 15: BubbleSortOpt1 -> 1650.643 ms
[59.934s] iteration 16: BubbleSortParallelOddEven -> 358.137 ms
[60.882s] iteration 16: BubbleSortParallelDivideAndConquer -> 939.505 ms
[62.592s] iteration 16: BubbleSortOpt1 -> 1700.588 ms
[63.587s] iteration 17: BubbleSortParallelDivideAndConquer -> 986.996 ms
[65.257s] iteration 17: BubbleSortOpt1 -> 1658.111 ms
[65.644s] iteration 17: BubbleSortParallelOddEven -> 378.969 ms
[67.300s] iteration 18: BubbleSortOpt1 -> 1646.367 ms
[68.246s] iteration 18: BubbleSortParallelDivideAndConquer -> 938.439 ms
[68.602s] iteration 18: BubbleSortParallelOddEven -> 347.172 ms
[70.269s] iteration 19: BubbleSortOpt1 -> 1657.956 ms
[70.629s] iteration 19: BubbleSortParallelOddEven -> 351.603 ms
[71.554s] iteration 19: BubbleSortParallelDivideAndConquer -> 916.724 ms
[72.518s] iteration 20: BubbleSortParallelDivideAndConquer -> 954.513 ms
[74.179s] iteration 20: BubbleSortOpt1 -> 1651.524 ms
[74.547s] iteration 20: BubbleSortParallelOddEven -> 359.451 ms
processors=6 warmUps=5 iterations=20 size=40,000
[0.574s] warm-up 1: BubbleSortParallelOddEven -> 168.210 ms
[2.214s] warm-up 1: BubbleSortOpt1 -> 1629.972 ms
[2.906s] warm-up 1: BubbleSortParallelDivideAndConquer -> 682.683 ms
[4.583s] warm-up 2: BubbleSortOpt1 -> 1666.106 ms
[5.245s] warm-up 2: BubbleSortParallelDivideAndConquer -> 652.396 ms
[5.511s] warm-up 2: BubbleSortParallelOddEven -> 257.762 ms
[5.767s] warm-up 3: BubbleSortParallelOddEven -> 244.920 ms
[7.414s] warm-up 3: BubbleSortOpt1 -> 1638.222 ms
[8.051s] warm-up 3: BubbleSortParallelDivideAndConquer -> 628.170 ms
[9.721s] warm-up 4: BubbleSortOpt1 -> 1660.675 ms
[9.985s] warm-up 4: BubbleSortParallelOddEven -> 252.675 ms
[10.621s] warm-up 4: BubbleSortParallelDivideAndConquer -> 627.128 ms
[11.241s] warm-up 5: BubbleSortParallelDivideAndConquer -> 608.781 ms
[11.500s] warm-up 5: BubbleSortParallelOddEven -> 249.416 ms
[13.163s] warm-up 5: BubbleSortOpt1 -> 1653.896 ms
[13.442s] iteration 1: BubbleSortParallelOddEven -> 269.983 ms
[15.091s] iteration 1: BubbleSortOpt1 -> 1639.690 ms
[15.750s] iteration 1: BubbleSortParallelDivideAndConquer -> 650.444 ms
[17.403s] iteration 2: BubbleSortOpt1 -> 1642.319 ms
[17.678s] iteration 2: BubbleSortParallelOddEven -> 265.789 ms
[18.305s] iteration 2: BubbleSortParallelDivideAndConquer -> 618.065 ms
[18.939s] iteration 3: BubbleSortParallelDivideAndConquer -> 625.252 ms
[19.187s] iteration 3: BubbleSortParallelOddEven -> 238.758 ms
[20.905s] iteration 3: BubbleSortOpt1 -> 1708.413 ms
[21.544s] iteration 4: BubbleSortParallelDivideAndConquer -> 630.233 ms
[21.823s] iteration 4: BubbleSortParallelOddEven -> 269.502 ms
[23.495s] iteration 4: BubbleSortOpt1 -> 1663.147 ms
[24.142s] iteration 5: BubbleSortParallelDivideAndConquer -> 638.048 ms
[24.391s] iteration 5: BubbleSortParallelOddEven -> 238.893 ms
[26.063s] iteration 5: BubbleSortOpt1 -> 1662.491 ms
[26.702s] iteration 6: BubbleSortParallelDivideAndConquer -> 629.969 ms
[28.362s] iteration 6: BubbleSortOpt1 -> 1649.889 ms
[28.612s] iteration 6: BubbleSortParallelOddEven -> 241.624 ms
[29.250s] iteration 7: BubbleSortParallelDivideAndConquer -> 628.171 ms
[30.902s] iteration 7: BubbleSortOpt1 -> 1642.460 ms
[31.163s] iteration 7: BubbleSortParallelOddEven -> 251.868 ms
[31.420s] iteration 8: BubbleSortParallelOddEven -> 245.326 ms
[33.090s] iteration 8: BubbleSortOpt1 -> 1661.155 ms
[33.732s] iteration 8: BubbleSortParallelDivideAndConquer -> 633.273 ms
[35.431s] iteration 9: BubbleSortOpt1 -> 1689.663 ms
[35.717s] iteration 9: BubbleSortParallelOddEven -> 276.369 ms
[36.367s] iteration 9: BubbleSortParallelDivideAndConquer -> 640.906 ms
[38.022s] iteration 10: BubbleSortOpt1 -> 1643.799 ms
[38.665s] iteration 10: BubbleSortParallelDivideAndConquer -> 634.203 ms
[38.911s] iteration 10: BubbleSortParallelOddEven -> 237.016 ms
[40.584s] iteration 11: BubbleSortOpt1 -> 1664.238 ms
[40.846s] iteration 11: BubbleSortParallelOddEven -> 253.553 ms
[41.491s] iteration 11: BubbleSortParallelDivideAndConquer -> 636.313 ms
[42.113s] iteration 12: BubbleSortParallelDivideAndConquer -> 611.314 ms
[42.378s] iteration 12: BubbleSortParallelOddEven -> 255.438 ms
[44.023s] iteration 12: BubbleSortOpt1 -> 1636.136 ms
[44.671s] iteration 13: BubbleSortParallelDivideAndConquer -> 638.583 ms
[46.331s] iteration 13: BubbleSortOpt1 -> 1651.090 ms
[46.596s] iteration 13: BubbleSortParallelOddEven -> 255.964 ms
[46.840s] iteration 14: BubbleSortParallelOddEven -> 234.214 ms
[47.487s] iteration 14: BubbleSortParallelDivideAndConquer -> 638.586 ms
[49.131s] iteration 14: BubbleSortOpt1 -> 1634.835 ms
[50.790s] iteration 15: BubbleSortOpt1 -> 1650.443 ms
[51.456s] iteration 15: BubbleSortParallelDivideAndConquer -> 657.941 ms
[51.696s] iteration 15: BubbleSortParallelOddEven -> 231.035 ms
[52.412s] iteration 16: BubbleSortParallelDivideAndConquer -> 706.776 ms
[52.654s] iteration 16: BubbleSortParallelOddEven -> 231.917 ms
[54.332s] iteration 16: BubbleSortOpt1 -> 1669.385 ms
[54.601s] iteration 17: BubbleSortParallelOddEven -> 259.085 ms
[55.235s] iteration 17: BubbleSortParallelDivideAndConquer -> 624.908 ms
[56.901s] iteration 17: BubbleSortOpt1 -> 1656.976 ms
[58.547s] iteration 18: BubbleSortOpt1 -> 1636.224 ms
[59.184s] iteration 18: BubbleSortParallelDivideAndConquer -> 629.113 ms
[59.438s] iteration 18: BubbleSortParallelOddEven -> 244.718 ms
[60.063s] iteration 19: BubbleSortParallelDivideAndConquer -> 616.368 ms
[60.319s] iteration 19: BubbleSortParallelOddEven -> 246.633 ms
[61.968s] iteration 19: BubbleSortOpt1 -> 1639.779 ms
[62.621s] iteration 20: BubbleSortParallelDivideAndConquer -> 643.830 ms
[62.865s] iteration 20: BubbleSortParallelOddEven -> 235.817 ms
[64.522s] iteration 20: BubbleSortOpt1 -> 1647.405 ms
processors=8 warmUps=5 iterations=20 size=40,000
[0.664s] warm-up 1: BubbleSortParallelOddEven -> 243.354 ms
[1.280s] warm-up 1: BubbleSortParallelDivideAndConquer -> 605.604 ms
[2.904s] warm-up 1: BubbleSortOpt1 -> 1615.173 ms
[3.480s] warm-up 2: BubbleSortParallelDivideAndConquer -> 565.689 ms
[3.737s] warm-up 2: BubbleSortParallelOddEven -> 248.386 ms
[5.348s] warm-up 2: BubbleSortOpt1 -> 1602.313 ms
[5.632s] warm-up 3: BubbleSortParallelOddEven -> 272.882 ms
[7.274s] warm-up 3: BubbleSortOpt1 -> 1632.537 ms
[7.881s] warm-up 3: BubbleSortParallelDivideAndConquer -> 598.298 ms
[8.123s] warm-up 4: BubbleSortParallelOddEven -> 232.714 ms
[9.767s] warm-up 4: BubbleSortOpt1 -> 1635.161 ms
[10.362s] warm-up 4: BubbleSortParallelDivideAndConquer -> 586.217 ms
[10.605s] warm-up 5: BubbleSortParallelOddEven -> 234.012 ms
[12.255s] warm-up 5: BubbleSortOpt1 -> 1641.397 ms
[12.859s] warm-up 5: BubbleSortParallelDivideAndConquer -> 594.708 ms
[14.497s] iteration 1: BubbleSortOpt1 -> 1628.664 ms
[14.792s] iteration 1: BubbleSortParallelOddEven -> 286.452 ms
[15.345s] iteration 1: BubbleSortParallelDivideAndConquer -> 542.597 ms
[15.929s] iteration 2: BubbleSortParallelDivideAndConquer -> 574.366 ms
[16.171s] iteration 2: BubbleSortParallelOddEven -> 233.265 ms
[17.821s] iteration 2: BubbleSortOpt1 -> 1641.032 ms
[18.109s] iteration 3: BubbleSortParallelOddEven -> 278.861 ms
[19.781s] iteration 3: BubbleSortOpt1 -> 1661.807 ms
[20.395s] iteration 3: BubbleSortParallelDivideAndConquer -> 605.345 ms
[22.127s] iteration 4: BubbleSortOpt1 -> 1722.522 ms
[22.727s] iteration 4: BubbleSortParallelDivideAndConquer -> 591.461 ms
[22.997s] iteration 4: BubbleSortParallelOddEven -> 260.342 ms
[23.237s] iteration 5: BubbleSortParallelOddEven -> 230.853 ms
[23.807s] iteration 5: BubbleSortParallelDivideAndConquer -> 561.383 ms
[25.460s] iteration 5: BubbleSortOpt1 -> 1642.961 ms
[26.085s] iteration 6: BubbleSortParallelDivideAndConquer -> 615.886 ms
[26.340s] iteration 6: BubbleSortParallelOddEven -> 245.966 ms
[27.998s] iteration 6: BubbleSortOpt1 -> 1648.712 ms
[28.574s] iteration 7: BubbleSortParallelDivideAndConquer -> 567.196 ms
[30.231s] iteration 7: BubbleSortOpt1 -> 1648.034 ms
[30.534s] iteration 7: BubbleSortParallelOddEven -> 293.307 ms
[31.160s] iteration 8: BubbleSortParallelDivideAndConquer -> 617.150 ms
[32.825s] iteration 8: BubbleSortOpt1 -> 1655.494 ms
[33.114s] iteration 8: BubbleSortParallelOddEven -> 280.246 ms
[34.757s] iteration 9: BubbleSortOpt1 -> 1631.907 ms
[35.382s] iteration 9: BubbleSortParallelDivideAndConquer -> 615.441 ms
[35.626s] iteration 9: BubbleSortParallelOddEven -> 235.338 ms
[36.218s] iteration 10: BubbleSortParallelDivideAndConquer -> 581.935 ms
[37.867s] iteration 10: BubbleSortOpt1 -> 1640.172 ms
[38.139s] iteration 10: BubbleSortParallelOddEven -> 262.917 ms
[38.683s] iteration 11: BubbleSortParallelDivideAndConquer -> 532.806 ms
[38.941s] iteration 11: BubbleSortParallelOddEven -> 248.344 ms
[40.591s] iteration 11: BubbleSortOpt1 -> 1642.188 ms
[41.203s] iteration 12: BubbleSortParallelDivideAndConquer -> 602.363 ms
[42.867s] iteration 12: BubbleSortOpt1 -> 1655.705 ms
[43.167s] iteration 12: BubbleSortParallelOddEven -> 291.282 ms
[44.799s] iteration 13: BubbleSortOpt1 -> 1620.987 ms
[45.412s] iteration 13: BubbleSortParallelDivideAndConquer -> 604.664 ms
[45.657s] iteration 13: BubbleSortParallelOddEven -> 235.240 ms
[47.301s] iteration 14: BubbleSortOpt1 -> 1635.462 ms
[47.587s] iteration 14: BubbleSortParallelOddEven -> 276.718 ms
[48.145s] iteration 14: BubbleSortParallelDivideAndConquer -> 548.324 ms
[49.799s] iteration 15: BubbleSortOpt1 -> 1644.720 ms
[50.092s] iteration 15: BubbleSortParallelOddEven -> 284.234 ms
[50.653s] iteration 15: BubbleSortParallelDivideAndConquer -> 552.502 ms
[52.358s] iteration 16: BubbleSortOpt1 -> 1695.139 ms
[52.982s] iteration 16: BubbleSortParallelDivideAndConquer -> 614.979 ms
[53.263s] iteration 16: BubbleSortParallelOddEven -> 270.416 ms
[53.530s] iteration 17: BubbleSortParallelOddEven -> 257.787 ms
[55.190s] iteration 17: BubbleSortOpt1 -> 1650.057 ms
[55.795s] iteration 17: BubbleSortParallelDivideAndConquer -> 594.463 ms
[57.439s] iteration 18: BubbleSortOpt1 -> 1634.538 ms
[58.038s] iteration 18: BubbleSortParallelDivideAndConquer -> 590.049 ms
[58.274s] iteration 18: BubbleSortParallelOddEven -> 227.599 ms
[58.529s] iteration 19: BubbleSortParallelOddEven -> 245.912 ms
[60.172s] iteration 19: BubbleSortOpt1 -> 1633.827 ms
[60.749s] iteration 19: BubbleSortParallelDivideAndConquer -> 568.081 ms
[61.007s] iteration 20: BubbleSortParallelOddEven -> 248.336 ms
[61.658s] iteration 20: BubbleSortParallelDivideAndConquer -> 641.397 ms
[63.323s] iteration 20: BubbleSortOpt1 -> 1656.321 ms
processors=12 warmUps=5 iterations=20 size=40,000
[0.707s] warm-up 1: BubbleSortParallelOddEven -> 300.774 ms
[1.353s] warm-up 1: BubbleSortParallelDivideAndConquer -> 635.362 ms
[2.986s] warm-up 1: BubbleSortOpt1 -> 1623.921 ms
[4.621s] warm-up 2: BubbleSortOpt1 -> 1622.994 ms
[4.958s] warm-up 2: BubbleSortParallelOddEven -> 328.811 ms
[5.544s] warm-up 2: BubbleSortParallelDivideAndConquer -> 576.858 ms
[6.102s] warm-up 3: BubbleSortParallelDivideAndConquer -> 548.543 ms
[6.361s] warm-up 3: BubbleSortParallelOddEven -> 248.764 ms
[8.011s] warm-up 3: BubbleSortOpt1 -> 1641.054 ms
[8.625s] warm-up 4: BubbleSortParallelDivideAndConquer -> 603.313 ms
[10.296s] warm-up 4: BubbleSortOpt1 -> 1661.364 ms
[10.610s] warm-up 4: BubbleSortParallelOddEven -> 306.027 ms
[12.264s] warm-up 5: BubbleSortOpt1 -> 1643.627 ms
[12.900s] warm-up 5: BubbleSortParallelDivideAndConquer -> 627.279 ms
[13.170s] warm-up 5: BubbleSortParallelOddEven -> 260.859 ms
[13.435s] iteration 1: BubbleSortParallelOddEven -> 255.001 ms
[15.102s] iteration 1: BubbleSortOpt1 -> 1657.422 ms
[15.709s] iteration 1: BubbleSortParallelDivideAndConquer -> 597.398 ms
[16.293s] iteration 2: BubbleSortParallelDivideAndConquer -> 573.929 ms
[16.568s] iteration 2: BubbleSortParallelOddEven -> 266.063 ms
[18.235s] iteration 2: BubbleSortOpt1 -> 1657.464 ms
[19.899s] iteration 3: BubbleSortOpt1 -> 1655.336 ms
[20.514s] iteration 3: BubbleSortParallelDivideAndConquer -> 605.503 ms
[20.810s] iteration 3: BubbleSortParallelOddEven -> 286.946 ms
[21.102s] iteration 4: BubbleSortParallelOddEven -> 281.677 ms
[22.810s] iteration 4: BubbleSortOpt1 -> 1698.281 ms
[23.432s] iteration 4: BubbleSortParallelDivideAndConquer -> 612.858 ms
[25.110s] iteration 5: BubbleSortOpt1 -> 1668.665 ms
[25.452s] iteration 5: BubbleSortParallelOddEven -> 333.734 ms
[26.156s] iteration 5: BubbleSortParallelDivideAndConquer -> 694.015 ms
[26.685s] iteration 6: BubbleSortParallelDivideAndConquer -> 519.394 ms
[28.371s] iteration 6: BubbleSortOpt1 -> 1675.937 ms
[28.689s] iteration 6: BubbleSortParallelOddEven -> 309.555 ms
[29.378s] iteration 7: BubbleSortParallelDivideAndConquer -> 678.368 ms
[29.657s] iteration 7: BubbleSortParallelOddEven -> 268.762 ms
[31.319s] iteration 7: BubbleSortOpt1 -> 1653.402 ms
[32.987s] iteration 8: BubbleSortOpt1 -> 1658.620 ms
[33.310s] iteration 8: BubbleSortParallelOddEven -> 313.419 ms
[33.851s] iteration 8: BubbleSortParallelDivideAndConquer -> 532.080 ms
[35.519s] iteration 9: BubbleSortOpt1 -> 1657.127 ms
[36.158s] iteration 9: BubbleSortParallelDivideAndConquer -> 628.795 ms
[36.424s] iteration 9: BubbleSortParallelOddEven -> 256.290 ms
[37.007s] iteration 10: BubbleSortParallelDivideAndConquer -> 573.982 ms
[38.667s] iteration 10: BubbleSortOpt1 -> 1650.509 ms
[38.991s] iteration 10: BubbleSortParallelOddEven -> 315.804 ms
[40.657s] iteration 11: BubbleSortOpt1 -> 1655.039 ms
[40.960s] iteration 11: BubbleSortParallelOddEven -> 293.987 ms
[41.571s] iteration 11: BubbleSortParallelDivideAndConquer -> 601.642 ms
[42.105s] iteration 12: BubbleSortParallelDivideAndConquer -> 524.602 ms
[43.756s] iteration 12: BubbleSortOpt1 -> 1642.018 ms
[44.061s] iteration 12: BubbleSortParallelOddEven -> 295.437 ms
[44.342s] iteration 13: BubbleSortParallelOddEven -> 270.495 ms
[44.886s] iteration 13: BubbleSortParallelDivideAndConquer -> 534.899 ms
[46.535s] iteration 13: BubbleSortOpt1 -> 1639.545 ms
[48.183s] iteration 14: BubbleSortOpt1 -> 1638.620 ms
[48.825s] iteration 14: BubbleSortParallelDivideAndConquer -> 632.797 ms
[49.116s] iteration 14: BubbleSortParallelOddEven -> 281.228 ms
[49.395s] iteration 15: BubbleSortParallelOddEven -> 267.697 ms
[51.031s] iteration 15: BubbleSortOpt1 -> 1626.632 ms
[51.664s] iteration 15: BubbleSortParallelDivideAndConquer -> 624.267 ms
[53.328s] iteration 16: BubbleSortOpt1 -> 1653.881 ms
[53.658s] iteration 16: BubbleSortParallelOddEven -> 321.211 ms
[54.263s] iteration 16: BubbleSortParallelDivideAndConquer -> 596.625 ms
[54.833s] iteration 17: BubbleSortParallelDivideAndConquer -> 558.651 ms
[55.096s] iteration 17: BubbleSortParallelOddEven -> 253.369 ms
[56.751s] iteration 17: BubbleSortOpt1 -> 1645.610 ms
[58.388s] iteration 18: BubbleSortOpt1 -> 1627.855 ms
[59.011s] iteration 18: BubbleSortParallelDivideAndConquer -> 614.134 ms
[59.277s] iteration 18: BubbleSortParallelOddEven -> 255.931 ms
[60.945s] iteration 19: BubbleSortOpt1 -> 1656.221 ms
[61.246s] iteration 19: BubbleSortParallelOddEven -> 292.858 ms
[61.826s] iteration 19: BubbleSortParallelDivideAndConquer -> 570.416 ms
[62.392s] iteration 20: BubbleSortParallelDivideAndConquer -> 556.729 ms
[64.043s] iteration 20: BubbleSortOpt1 -> 1641.118 ms
[64.347s] iteration 20: BubbleSortParallelOddEven -> 295.113 ms
processors=16 warmUps=5 iterations=20 size=40,000
[1.220s] warm-up 1: BubbleSortParallelDivideAndConquer -> 741.429 ms
[1.574s] warm-up 1: BubbleSortParallelOddEven -> 342.468 ms
[3.200s] warm-up 1: BubbleSortOpt1 -> 1616.512 ms
[3.579s] warm-up 2: BubbleSortParallelOddEven -> 368.479 ms
[4.305s] warm-up 2: BubbleSortParallelDivideAndConquer -> 715.820 ms
[5.931s] warm-up 2: BubbleSortOpt1 -> 1616.812 ms
[6.725s] warm-up 3: BubbleSortParallelDivideAndConquer -> 783.164 ms
[8.364s] warm-up 3: BubbleSortOpt1 -> 1629.676 ms
[8.727s] warm-up 3: BubbleSortParallelOddEven -> 353.880 ms
[9.048s] warm-up 4: BubbleSortParallelOddEven -> 311.399 ms
[10.725s] warm-up 4: BubbleSortOpt1 -> 1666.593 ms
[11.472s] warm-up 4: BubbleSortParallelDivideAndConquer -> 738.295 ms
[11.797s] warm-up 5: BubbleSortParallelOddEven -> 314.644 ms
[13.446s] warm-up 5: BubbleSortOpt1 -> 1640.024 ms
[14.200s] warm-up 5: BubbleSortParallelDivideAndConquer -> 745.075 ms
[14.926s] iteration 1: BubbleSortParallelDivideAndConquer -> 715.673 ms
[15.259s] iteration 1: BubbleSortParallelOddEven -> 323.275 ms
[16.911s] iteration 1: BubbleSortOpt1 -> 1642.150 ms
[17.678s] iteration 2: BubbleSortParallelDivideAndConquer -> 755.137 ms
[19.337s] iteration 2: BubbleSortOpt1 -> 1649.123 ms
[19.691s] iteration 2: BubbleSortParallelOddEven -> 345.518 ms
[20.023s] iteration 3: BubbleSortParallelOddEven -> 322.464 ms
[21.692s] iteration 3: BubbleSortOpt1 -> 1658.799 ms
[22.494s] iteration 3: BubbleSortParallelDivideAndConquer -> 793.154 ms
[24.173s] iteration 4: BubbleSortOpt1 -> 1667.347 ms
[24.910s] iteration 4: BubbleSortParallelDivideAndConquer -> 726.443 ms
[25.258s] iteration 4: BubbleSortParallelOddEven -> 337.898 ms
[25.989s] iteration 5: BubbleSortParallelDivideAndConquer -> 721.136 ms
[27.650s] iteration 5: BubbleSortOpt1 -> 1650.217 ms
[28.027s] iteration 5: BubbleSortParallelOddEven -> 366.534 ms
[28.355s] iteration 6: BubbleSortParallelOddEven -> 317.367 ms
[29.074s] iteration 6: BubbleSortParallelDivideAndConquer -> 709.682 ms
[30.720s] iteration 6: BubbleSortOpt1 -> 1636.339 ms
[31.486s] iteration 7: BubbleSortParallelDivideAndConquer -> 756.347 ms
[31.815s] iteration 7: BubbleSortParallelOddEven -> 319.700 ms
[33.491s] iteration 7: BubbleSortOpt1 -> 1666.641 ms
[34.233s] iteration 8: BubbleSortParallelDivideAndConquer -> 732.314 ms
[35.906s] iteration 8: BubbleSortOpt1 -> 1663.797 ms
[36.284s] iteration 8: BubbleSortParallelOddEven -> 368.302 ms
[36.988s] iteration 9: BubbleSortParallelDivideAndConquer -> 694.550 ms
[38.641s] iteration 9: BubbleSortOpt1 -> 1643.536 ms
[38.995s] iteration 9: BubbleSortParallelOddEven -> 343.561 ms
[39.328s] iteration 10: BubbleSortParallelOddEven -> 323.414 ms
[40.973s] iteration 10: BubbleSortOpt1 -> 1636.124 ms
[41.747s] iteration 10: BubbleSortParallelDivideAndConquer -> 764.295 ms
[42.066s] iteration 11: BubbleSortParallelOddEven -> 309.073 ms
[43.728s] iteration 11: BubbleSortOpt1 -> 1652.236 ms
[44.489s] iteration 11: BubbleSortParallelDivideAndConquer -> 751.788 ms
[46.150s] iteration 12: BubbleSortOpt1 -> 1651.751 ms
[46.910s] iteration 12: BubbleSortParallelDivideAndConquer -> 750.332 ms
[47.241s] iteration 12: BubbleSortParallelOddEven -> 321.015 ms
[47.581s] iteration 13: BubbleSortParallelOddEven -> 330.428 ms
[49.240s] iteration 13: BubbleSortOpt1 -> 1648.971 ms
[50.004s] iteration 13: BubbleSortParallelDivideAndConquer -> 754.692 ms
[50.755s] iteration 14: BubbleSortParallelDivideAndConquer -> 741.109 ms
[52.399s] iteration 14: BubbleSortOpt1 -> 1634.960 ms
[52.770s] iteration 14: BubbleSortParallelOddEven -> 362.369 ms
[53.527s] iteration 15: BubbleSortParallelDivideAndConquer -> 746.710 ms
[53.872s] iteration 15: BubbleSortParallelOddEven -> 334.577 ms
[55.597s] iteration 15: BubbleSortOpt1 -> 1715.573 ms
[55.955s] iteration 16: BubbleSortParallelOddEven -> 348.127 ms
[57.629s] iteration 16: BubbleSortOpt1 -> 1664.147 ms
[58.379s] iteration 16: BubbleSortParallelDivideAndConquer -> 739.707 ms
[60.047s] iteration 17: BubbleSortOpt1 -> 1658.539 ms
[60.799s] iteration 17: BubbleSortParallelDivideAndConquer -> 742.777 ms
[61.119s] iteration 17: BubbleSortParallelOddEven -> 310.365 ms
[61.439s] iteration 18: BubbleSortParallelOddEven -> 310.942 ms
[63.083s] iteration 18: BubbleSortOpt1 -> 1633.566 ms
[63.856s] iteration 18: BubbleSortParallelDivideAndConquer -> 764.542 ms
[64.172s] iteration 19: BubbleSortParallelOddEven -> 305.539 ms
[65.849s] iteration 19: BubbleSortOpt1 -> 1667.094 ms
[66.601s] iteration 19: BubbleSortParallelDivideAndConquer -> 740.873 ms
[67.319s] iteration 20: BubbleSortParallelDivideAndConquer -> 707.782 ms
[68.986s] iteration 20: BubbleSortOpt1 -> 1657.284 ms
[69.338s] iteration 20: BubbleSortParallelOddEven -> 342.692 ms
processors=20 warmUps=5 iterations=20 size=40,000
[2.102s] warm-up 1: BubbleSortOpt1 -> 1627.936 ms
[2.749s] warm-up 1: BubbleSortParallelOddEven -> 636.823 ms
[3.607s] warm-up 1: BubbleSortParallelDivideAndConquer -> 847.077 ms
[4.390s] warm-up 2: BubbleSortParallelDivideAndConquer -> 772.769 ms
[6.038s] warm-up 2: BubbleSortOpt1 -> 1638.318 ms
[6.403s] warm-up 2: BubbleSortParallelOddEven -> 353.913 ms
[6.739s] warm-up 3: BubbleSortParallelOddEven -> 326.423 ms
[8.410s] warm-up 3: BubbleSortOpt1 -> 1661.660 ms
[9.206s] warm-up 3: BubbleSortParallelDivideAndConquer -> 786.459 ms
[9.543s] warm-up 4: BubbleSortParallelOddEven -> 325.692 ms
[10.308s] warm-up 4: BubbleSortParallelDivideAndConquer -> 754.839 ms
[11.971s] warm-up 4: BubbleSortOpt1 -> 1653.800 ms
[13.644s] warm-up 5: BubbleSortOpt1 -> 1663.880 ms
[14.406s] warm-up 5: BubbleSortParallelDivideAndConquer -> 750.077 ms
[14.746s] warm-up 5: BubbleSortParallelOddEven -> 330.416 ms
[15.476s] iteration 1: BubbleSortParallelDivideAndConquer -> 719.280 ms
[17.211s] iteration 1: BubbleSortOpt1 -> 1724.739 ms
[17.973s] iteration 1: BubbleSortParallelOddEven -> 750.912 ms
[19.652s] iteration 2: BubbleSortOpt1 -> 1668.693 ms
[20.086s] iteration 2: BubbleSortParallelOddEven -> 423.643 ms
[20.771s] iteration 2: BubbleSortParallelDivideAndConquer -> 674.338 ms
[21.526s] iteration 3: BubbleSortParallelDivideAndConquer -> 745.777 ms
[23.188s] iteration 3: BubbleSortOpt1 -> 1651.531 ms
[23.558s] iteration 3: BubbleSortParallelOddEven -> 359.903 ms
[25.215s] iteration 4: BubbleSortOpt1 -> 1647.835 ms
[25.981s] iteration 4: BubbleSortParallelDivideAndConquer -> 753.590 ms
[26.392s] iteration 4: BubbleSortParallelOddEven -> 401.530 ms
[26.723s] iteration 5: BubbleSortParallelOddEven -> 321.278 ms
[28.373s] iteration 5: BubbleSortOpt1 -> 1639.448 ms
[29.120s] iteration 5: BubbleSortParallelDivideAndConquer -> 739.013 ms
[29.806s] iteration 6: BubbleSortParallelDivideAndConquer -> 676.005 ms
[31.459s] iteration 6: BubbleSortOpt1 -> 1642.727 ms
[31.866s] iteration 6: BubbleSortParallelOddEven -> 398.307 ms
[33.512s] iteration 7: BubbleSortOpt1 -> 1635.145 ms
[34.361s] iteration 7: BubbleSortParallelDivideAndConquer -> 839.996 ms
[34.687s] iteration 7: BubbleSortParallelOddEven -> 316.263 ms
[35.066s] iteration 8: BubbleSortParallelOddEven -> 369.203 ms
[36.718s] iteration 8: BubbleSortOpt1 -> 1642.762 ms
[37.530s] iteration 8: BubbleSortParallelDivideAndConquer -> 802.155 ms
[38.278s] iteration 9: BubbleSortParallelDivideAndConquer -> 738.756 ms
[38.641s] iteration 9: BubbleSortParallelOddEven -> 353.138 ms
[40.300s] iteration 9: BubbleSortOpt1 -> 1648.524 ms
[40.679s] iteration 10: BubbleSortParallelOddEven -> 369.444 ms
[41.472s] iteration 10: BubbleSortParallelDivideAndConquer -> 783.565 ms
[43.127s] iteration 10: BubbleSortOpt1 -> 1645.869 ms
[43.937s] iteration 11: BubbleSortParallelDivideAndConquer -> 801.072 ms
[45.567s] iteration 11: BubbleSortOpt1 -> 1620.628 ms
[45.961s] iteration 11: BubbleSortParallelOddEven -> 384.747 ms
[46.301s] iteration 12: BubbleSortParallelOddEven -> 330.413 ms
[47.832s] iteration 12: BubbleSortParallelDivideAndConquer -> 1520.687 ms
[49.531s] iteration 12: BubbleSortOpt1 -> 1689.742 ms
[50.205s] iteration 13: BubbleSortParallelOddEven -> 663.945 ms
[51.161s] iteration 13: BubbleSortParallelDivideAndConquer -> 946.060 ms
[52.817s] iteration 13: BubbleSortOpt1 -> 1645.635 ms
[54.460s] iteration 14: BubbleSortOpt1 -> 1633.512 ms
[55.233s] iteration 14: BubbleSortParallelDivideAndConquer -> 763.062 ms
[55.538s] iteration 14: BubbleSortParallelOddEven -> 295.581 ms
[56.325s] iteration 15: BubbleSortParallelDivideAndConquer -> 777.283 ms
[56.729s] iteration 15: BubbleSortParallelOddEven -> 394.679 ms
[58.366s] iteration 15: BubbleSortOpt1 -> 1627.805 ms
[58.802s] iteration 16: BubbleSortParallelOddEven -> 426.847 ms
[59.585s] iteration 16: BubbleSortParallelDivideAndConquer -> 773.422 ms
[61.250s] iteration 16: BubbleSortOpt1 -> 1654.800 ms
[62.026s] iteration 17: BubbleSortParallelDivideAndConquer -> 766.605 ms
[63.663s] iteration 17: BubbleSortOpt1 -> 1627.004 ms
[64.088s] iteration 17: BubbleSortParallelOddEven -> 416.070 ms
[64.413s] iteration 18: BubbleSortParallelOddEven -> 315.000 ms
[65.171s] iteration 18: BubbleSortParallelDivideAndConquer -> 748.712 ms
[66.840s] iteration 18: BubbleSortOpt1 -> 1658.966 ms
[68.485s] iteration 19: BubbleSortOpt1 -> 1636.863 ms
[69.267s] iteration 19: BubbleSortParallelDivideAndConquer -> 772.561 ms
[69.593s] iteration 19: BubbleSortParallelOddEven -> 316.100 ms
[71.251s] iteration 20: BubbleSortOpt1 -> 1649.092 ms
[71.610s] iteration 20: BubbleSortParallelOddEven -> 349.845 ms
[72.354s] iteration 20: BubbleSortParallelDivideAndConquer -> 734.098 ms
