algorithm=BubbleSortOpt1 iterations=10 maxSize=536.870.912 quadraticMaxSize=131.072
--- warm up 1 of 2 ---
BubbleSortOpt1 (random) size=1,024 -> 1.623 ms
BubbleSortOpt1 (random) size=2,048 -> 1.488 ms
BubbleSortOpt1 (random) size=4,096 -> 4.870 ms
BubbleSortOpt1 (random) size=8,192 -> 18.154 ms
BubbleSortOpt1 (random) size=16,384 -> 65.948 ms
BubbleSortOpt1 (random) size=32,768 -> 281.442 ms
BubbleSortOpt1 (random) size=65,536 -> 1889.368 ms
BubbleSortOpt1 (ascending) size=1,024 -> 0.002 ms
BubbleSortOpt1 (ascending) size=2,048 -> 0.002 ms
BubbleSortOpt1 (ascending) size=4,096 -> 0.003 ms
BubbleSortOpt1 (ascending) size=8,192 -> 0.003 ms
BubbleSortOpt1 (ascending) size=16,384 -> 0.006 ms
BubbleSortOpt1 (ascending) size=32,768 -> 0.010 ms
BubbleSortOpt1 (ascending) size=65,536 -> 0.019 ms
BubbleSortOpt1 (ascending) size=131,072 -> 0.035 ms
BubbleSortOpt1 (ascending) size=262,144 -> 0.067 ms
BubbleSortOpt1 (ascending) size=524,288 -> 0.127 ms
BubbleSortOpt1 (ascending) size=1,048,576 -> 0.240 ms
BubbleSortOpt1 (ascending) size=2,097,152 -> 0.469 ms
BubbleSortOpt1 (ascending) size=4,194,304 -> 0.999 ms
BubbleSortOpt1 (descending) size=1,024 -> 0.676 ms
BubbleSortOpt1 (descending) size=2,048 -> 3.010 ms
BubbleSortOpt1 (descending) size=4,096 -> 10.852 ms
BubbleSortOpt1 (descending) size=8,192 -> 43.885 ms
BubbleSortOpt1 (descending) size=16,384 -> 175.712 ms
BubbleSortOpt1 (descending) size=32,768 -> 705.200 ms
BubbleSortOpt1 (descending) size=65,536 -> 2821.703 ms
--- warm up 2 of 2 ---
BubbleSortOpt1 (random) size=1,024 -> 0.439 ms
BubbleSortOpt1 (random) size=2,048 -> 1.507 ms
BubbleSortOpt1 (random) size=4,096 -> 4.788 ms
BubbleSortOpt1 (random) size=8,192 -> 17.538 ms
BubbleSortOpt1 (random) size=16,384 -> 67.169 ms
BubbleSortOpt1 (random) size=32,768 -> 360.641 ms
BubbleSortOpt1 (random) size=65,536 -> 2378.827 ms
BubbleSortOpt1 (ascending) size=1,024 -> 0.002 ms
BubbleSortOpt1 (ascending) size=2,048 -> 0.002 ms
BubbleSortOpt1 (ascending) size=4,096 -> 0.002 ms
BubbleSortOpt1 (ascending) size=8,192 -> 0.003 ms
BubbleSortOpt1 (ascending) size=16,384 -> 0.006 ms
BubbleSortOpt1 (ascending) size=32,768 -> 0.011 ms
BubbleSortOpt1 (ascending) size=65,536 -> 0.020 ms
BubbleSortOpt1 (ascending) size=131,072 -> 0.033 ms
BubbleSortOpt1 (ascending) size=262,144 -> 0.063 ms
BubbleSortOpt1 (ascending) size=524,288 -> 0.127 ms
BubbleSortOpt1 (ascending) size=1,048,576 -> 0.238 ms
BubbleSortOpt1 (ascending) size=2,097,152 -> 0.461 ms
BubbleSortOpt1 (ascending) size=4,194,304 -> 0.918 ms
BubbleSortOpt1 (descending) size=1,024 -> 0.656 ms
BubbleSortOpt1 (descending) size=2,048 -> 2.673 ms
BubbleSortOpt1 (descending) size=4,096 -> 11.273 ms
BubbleSortOpt1 (descending) size=8,192 -> 43.652 ms
BubbleSortOpt1 (descending) size=16,384 -> 175.846 ms
BubbleSortOpt1 (descending) size=32,768 -> 703.868 ms
BubbleSortOpt1 (descending) size=65,536 -> 2846.621 ms
--- iteration 1 of 10 ---
BubbleSortOpt1 (random) size=1,024 -> 0.476 ms
BubbleSortOpt1 (random) size=2,048 -> 1.369 ms
BubbleSortOpt1 (random) size=4,096 -> 5.169 ms
BubbleSortOpt1 (random) size=8,192 -> 17.484 ms
BubbleSortOpt1 (random) size=16,384 -> 70.739 ms
BubbleSortOpt1 (random) size=32,768 -> 350.484 ms
BubbleSortOpt1 (random) size=65,536 -> 2375.020 ms
BubbleSortOpt1 (random) size=131,072 -> 11995.784 ms
BubbleSortOpt1 (ascending) size=1,024 -> 0.001 ms
BubbleSortOpt1 (ascending) size=2,048 -> 0.002 ms
BubbleSortOpt1 (ascending) size=4,096 -> 0.002 ms
BubbleSortOpt1 (ascending) size=8,192 -> 0.002 ms
BubbleSortOpt1 (ascending) size=16,384 -> 0.006 ms
BubbleSortOpt1 (ascending) size=32,768 -> 0.010 ms
BubbleSortOpt1 (ascending) size=65,536 -> 0.017 ms
BubbleSortOpt1 (ascending) size=131,072 -> 0.037 ms
BubbleSortOpt1 (ascending) size=262,144 -> 0.068 ms
BubbleSortOpt1 (ascending) size=524,288 -> 0.123 ms
BubbleSortOpt1 (ascending) size=1,048,576 -> 0.241 ms
BubbleSortOpt1 (ascending) size=2,097,152 -> 0.463 ms
BubbleSortOpt1 (ascending) size=4,194,304 -> 0.925 ms
BubbleSortOpt1 (ascending) size=8,388,608 -> 1.841 ms
BubbleSortOpt1 (ascending) size=16,777,216 -> 3.674 ms
BubbleSortOpt1 (ascending) size=33,554,432 -> 7.351 ms
BubbleSortOpt1 (ascending) size=67,108,864 -> 14.747 ms
BubbleSortOpt1 (ascending) size=134,217,728 -> 29.424 ms
BubbleSortOpt1 (ascending) size=268,435,456 -> 58.942 ms
BubbleSortOpt1 (ascending) size=536,870,912 -> 117.997 ms
BubbleSortOpt1 (descending) size=1,024 -> 0.665 ms
BubbleSortOpt1 (descending) size=2,048 -> 2.694 ms
BubbleSortOpt1 (descending) size=4,096 -> 10.854 ms
BubbleSortOpt1 (descending) size=8,192 -> 43.741 ms
BubbleSortOpt1 (descending) size=16,384 -> 176.196 ms
BubbleSortOpt1 (descending) size=32,768 -> 704.734 ms
BubbleSortOpt1 (descending) size=65,536 -> 2839.468 ms
BubbleSortOpt1 (descending) size=131,072 -> 11313.393 ms
--- iteration 2 of 10 ---
BubbleSortOpt1 (random) size=1,024 -> 0.423 ms
BubbleSortOpt1 (random) size=2,048 -> 1.376 ms
BubbleSortOpt1 (random) size=4,096 -> 4.701 ms
BubbleSortOpt1 (random) size=8,192 -> 18.356 ms
BubbleSortOpt1 (random) size=16,384 -> 72.038 ms
BubbleSortOpt1 (random) size=32,768 -> 349.031 ms
BubbleSortOpt1 (random) size=65,536 -> 2371.253 ms
BubbleSortOpt1 (random) size=131,072 -> 12022.459 ms
BubbleSortOpt1 (ascending) size=1,024 -> 0.002 ms
BubbleSortOpt1 (ascending) size=2,048 -> 0.003 ms
BubbleSortOpt1 (ascending) size=4,096 -> 0.003 ms
BubbleSortOpt1 (ascending) size=8,192 -> 0.004 ms
BubbleSortOpt1 (ascending) size=16,384 -> 0.006 ms
BubbleSortOpt1 (ascending) size=32,768 -> 0.011 ms
BubbleSortOpt1 (ascending) size=65,536 -> 0.020 ms
BubbleSortOpt1 (ascending) size=131,072 -> 0.032 ms
BubbleSortOpt1 (ascending) size=262,144 -> 0.068 ms
BubbleSortOpt1 (ascending) size=524,288 -> 0.128 ms
BubbleSortOpt1 (ascending) size=1,048,576 -> 0.239 ms
BubbleSortOpt1 (ascending) size=2,097,152 -> 0.467 ms
BubbleSortOpt1 (ascending) size=4,194,304 -> 0.926 ms
BubbleSortOpt1 (ascending) size=8,388,608 -> 1.842 ms
BubbleSortOpt1 (ascending) size=16,777,216 -> 3.672 ms
BubbleSortOpt1 (ascending) size=33,554,432 -> 7.395 ms
BubbleSortOpt1 (ascending) size=67,108,864 -> 14.762 ms
BubbleSortOpt1 (ascending) size=134,217,728 -> 29.407 ms
BubbleSortOpt1 (ascending) size=268,435,456 -> 58.844 ms
BubbleSortOpt1 (ascending) size=536,870,912 -> 117.957 ms
BubbleSortOpt1 (descending) size=1,024 -> 0.696 ms
BubbleSortOpt1 (descending) size=2,048 -> 2.729 ms
BubbleSortOpt1 (descending) size=4,096 -> 10.865 ms
BubbleSortOpt1 (descending) size=8,192 -> 43.785 ms
BubbleSortOpt1 (descending) size=16,384 -> 176.676 ms
BubbleSortOpt1 (descending) size=32,768 -> 704.279 ms
BubbleSortOpt1 (descending) size=65,536 -> 2838.539 ms
BubbleSortOpt1 (descending) size=131,072 -> 11305.831 ms
--- iteration 3 of 10 ---
BubbleSortOpt1 (random) size=1,024 -> 0.432 ms
BubbleSortOpt1 (random) size=2,048 -> 1.514 ms
BubbleSortOpt1 (random) size=4,096 -> 4.701 ms
BubbleSortOpt1 (random) size=8,192 -> 17.465 ms
BubbleSortOpt1 (random) size=16,384 -> 70.512 ms
BubbleSortOpt1 (random) size=32,768 -> 350.387 ms
BubbleSortOpt1 (random) size=65,536 -> 2381.930 ms
BubbleSortOpt1 (random) size=131,072 -> 12052.686 ms
BubbleSortOpt1 (ascending) size=1,024 -> 0.002 ms
BubbleSortOpt1 (ascending) size=2,048 -> 0.002 ms
BubbleSortOpt1 (ascending) size=4,096 -> 0.004 ms
BubbleSortOpt1 (ascending) size=8,192 -> 0.003 ms
BubbleSortOpt1 (ascending) size=16,384 -> 0.006 ms
BubbleSortOpt1 (ascending) size=32,768 -> 0.011 ms
BubbleSortOpt1 (ascending) size=65,536 -> 0.020 ms
BubbleSortOpt1 (ascending) size=131,072 -> 0.039 ms
BubbleSortOpt1 (ascending) size=262,144 -> 0.068 ms
BubbleSortOpt1 (ascending) size=524,288 -> 0.124 ms
BubbleSortOpt1 (ascending) size=1,048,576 -> 0.235 ms
BubbleSortOpt1 (ascending) size=2,097,152 -> 0.463 ms
BubbleSortOpt1 (ascending) size=4,194,304 -> 0.924 ms
BubbleSortOpt1 (ascending) size=8,388,608 -> 1.866 ms
BubbleSortOpt1 (ascending) size=16,777,216 -> 3.722 ms
BubbleSortOpt1 (ascending) size=33,554,432 -> 7.352 ms
BubbleSortOpt1 (ascending) size=67,108,864 -> 14.783 ms
BubbleSortOpt1 (ascending) size=134,217,728 -> 29.421 ms
BubbleSortOpt1 (ascending) size=268,435,456 -> 58.883 ms
BubbleSortOpt1 (ascending) size=536,870,912 -> 118.005 ms
BubbleSortOpt1 (descending) size=1,024 -> 0.664 ms
BubbleSortOpt1 (descending) size=2,048 -> 2.685 ms
BubbleSortOpt1 (descending) size=4,096 -> 11.223 ms
BubbleSortOpt1 (descending) size=8,192 -> 43.674 ms
BubbleSortOpt1 (descending) size=16,384 -> 175.535 ms
BubbleSortOpt1 (descending) size=32,768 -> 703.811 ms
BubbleSortOpt1 (descending) size=65,536 -> 2835.861 ms
BubbleSortOpt1 (descending) size=131,072 -> 11309.625 ms
--- iteration 4 of 10 ---
BubbleSortOpt1 (random) size=1,024 -> 0.428 ms
BubbleSortOpt1 (random) size=2,048 -> 1.398 ms
BubbleSortOpt1 (random) size=4,096 -> 4.795 ms
BubbleSortOpt1 (random) size=8,192 -> 19.173 ms
BubbleSortOpt1 (random) size=16,384 -> 69.046 ms
BubbleSortOpt1 (random) size=32,768 -> 352.546 ms
BubbleSortOpt1 (random) size=65,536 -> 2384.839 ms
BubbleSortOpt1 (random) size=131,072 -> 12043.698 ms
BubbleSortOpt1 (ascending) size=1,024 -> 0.002 ms
BubbleSortOpt1 (ascending) size=2,048 -> 0.002 ms
BubbleSortOpt1 (ascending) size=4,096 -> 0.003 ms
BubbleSortOpt1 (ascending) size=8,192 -> 0.003 ms
BubbleSortOpt1 (ascending) size=16,384 -> 0.006 ms
BubbleSortOpt1 (ascending) size=32,768 -> 0.010 ms
BubbleSortOpt1 (ascending) size=65,536 -> 0.020 ms
BubbleSortOpt1 (ascending) size=131,072 -> 0.040 ms
BubbleSortOpt1 (ascending) size=262,144 -> 0.067 ms
BubbleSortOpt1 (ascending) size=524,288 -> 0.118 ms
BubbleSortOpt1 (ascending) size=1,048,576 -> 0.239 ms
BubbleSortOpt1 (ascending) size=2,097,152 -> 0.471 ms
BubbleSortOpt1 (ascending) size=4,194,304 -> 0.940 ms
BubbleSortOpt1 (ascending) size=8,388,608 -> 1.843 ms
BubbleSortOpt1 (ascending) size=16,777,216 -> 3.677 ms
BubbleSortOpt1 (ascending) size=33,554,432 -> 7.347 ms
BubbleSortOpt1 (ascending) size=67,108,864 -> 14.748 ms
BubbleSortOpt1 (ascending) size=134,217,728 -> 29.444 ms
BubbleSortOpt1 (ascending) size=268,435,456 -> 59.137 ms
BubbleSortOpt1 (ascending) size=536,870,912 -> 117.902 ms
BubbleSortOpt1 (descending) size=1,024 -> 0.693 ms
BubbleSortOpt1 (descending) size=2,048 -> 2.816 ms
BubbleSortOpt1 (descending) size=4,096 -> 10.949 ms
BubbleSortOpt1 (descending) size=8,192 -> 43.949 ms
BubbleSortOpt1 (descending) size=16,384 -> 176.235 ms
BubbleSortOpt1 (descending) size=32,768 -> 706.068 ms
BubbleSortOpt1 (descending) size=65,536 -> 2836.482 ms
BubbleSortOpt1 (descending) size=131,072 -> 11303.336 ms
--- iteration 5 of 10 ---
BubbleSortOpt1 (random) size=1,024 -> 0.432 ms
BubbleSortOpt1 (random) size=2,048 -> 1.411 ms
BubbleSortOpt1 (random) size=4,096 -> 5.113 ms
BubbleSortOpt1 (random) size=8,192 -> 17.614 ms
BubbleSortOpt1 (random) size=16,384 -> 69.489 ms
BubbleSortOpt1 (random) size=32,768 -> 347.637 ms
BubbleSortOpt1 (random) size=65,536 -> 2383.459 ms
BubbleSortOpt1 (random) size=131,072 -> 12026.147 ms
BubbleSortOpt1 (ascending) size=1,024 -> 0.002 ms
BubbleSortOpt1 (ascending) size=2,048 -> 0.002 ms
BubbleSortOpt1 (ascending) size=4,096 -> 0.003 ms
BubbleSortOpt1 (ascending) size=8,192 -> 0.004 ms
BubbleSortOpt1 (ascending) size=16,384 -> 0.006 ms
BubbleSortOpt1 (ascending) size=32,768 -> 0.010 ms
BubbleSortOpt1 (ascending) size=65,536 -> 0.020 ms
BubbleSortOpt1 (ascending) size=131,072 -> 0.036 ms
BubbleSortOpt1 (ascending) size=262,144 -> 0.060 ms
BubbleSortOpt1 (ascending) size=524,288 -> 0.126 ms
BubbleSortOpt1 (ascending) size=1,048,576 -> 0.240 ms
BubbleSortOpt1 (ascending) size=2,097,152 -> 0.464 ms
BubbleSortOpt1 (ascending) size=4,194,304 -> 0.928 ms
BubbleSortOpt1 (ascending) size=8,388,608 -> 1.851 ms
BubbleSortOpt1 (ascending) size=16,777,216 -> 3.706 ms
BubbleSortOpt1 (ascending) size=33,554,432 -> 7.523 ms
BubbleSortOpt1 (ascending) size=67,108,864 -> 15.078 ms
BubbleSortOpt1 (ascending) size=134,217,728 -> 30.238 ms
BubbleSortOpt1 (ascending) size=268,435,456 -> 60.617 ms
BubbleSortOpt1 (ascending) size=536,870,912 -> 122.860 ms
BubbleSortOpt1 (descending) size=1,024 -> 0.705 ms
BubbleSortOpt1 (descending) size=2,048 -> 2.753 ms
BubbleSortOpt1 (descending) size=4,096 -> 11.335 ms
BubbleSortOpt1 (descending) size=8,192 -> 45.319 ms
BubbleSortOpt1 (descending) size=16,384 -> 180.833 ms
BubbleSortOpt1 (descending) size=32,768 -> 709.245 ms
BubbleSortOpt1 (descending) size=65,536 -> 2835.657 ms
BubbleSortOpt1 (descending) size=131,072 -> 11331.096 ms
--- iteration 6 of 10 ---
BubbleSortOpt1 (random) size=1,024 -> 0.462 ms
BubbleSortOpt1 (random) size=2,048 -> 1.488 ms
BubbleSortOpt1 (random) size=4,096 -> 5.069 ms
BubbleSortOpt1 (random) size=8,192 -> 17.504 ms
BubbleSortOpt1 (random) size=16,384 -> 68.918 ms
BubbleSortOpt1 (random) size=32,768 -> 355.955 ms
BubbleSortOpt1 (random) size=65,536 -> 2412.237 ms
BubbleSortOpt1 (random) size=131,072 -> 11982.978 ms
BubbleSortOpt1 (ascending) size=1,024 -> 0.003 ms
BubbleSortOpt1 (ascending) size=2,048 -> 0.002 ms
BubbleSortOpt1 (ascending) size=4,096 -> 0.002 ms
BubbleSortOpt1 (ascending) size=8,192 -> 0.003 ms
BubbleSortOpt1 (ascending) size=16,384 -> 0.006 ms
BubbleSortOpt1 (ascending) size=32,768 -> 0.011 ms
BubbleSortOpt1 (ascending) size=65,536 -> 0.020 ms
BubbleSortOpt1 (ascending) size=131,072 -> 0.039 ms
BubbleSortOpt1 (ascending) size=262,144 -> 0.068 ms
BubbleSortOpt1 (ascending) size=524,288 -> 0.127 ms
BubbleSortOpt1 (ascending) size=1,048,576 -> 0.239 ms
BubbleSortOpt1 (ascending) size=2,097,152 -> 0.468 ms
BubbleSortOpt1 (ascending) size=4,194,304 -> 0.941 ms
BubbleSortOpt1 (ascending) size=8,388,608 -> 1.847 ms
BubbleSortOpt1 (ascending) size=16,777,216 -> 3.761 ms
BubbleSortOpt1 (ascending) size=33,554,432 -> 7.372 ms
BubbleSortOpt1 (ascending) size=67,108,864 -> 14.818 ms
BubbleSortOpt1 (ascending) size=134,217,728 -> 29.536 ms
BubbleSortOpt1 (ascending) size=268,435,456 -> 59.198 ms
BubbleSortOpt1 (ascending) size=536,870,912 -> 118.360 ms
BubbleSortOpt1 (descending) size=1,024 -> 0.682 ms
BubbleSortOpt1 (descending) size=2,048 -> 2.713 ms
BubbleSortOpt1 (descending) size=4,096 -> 10.892 ms
BubbleSortOpt1 (descending) size=8,192 -> 44.465 ms
BubbleSortOpt1 (descending) size=16,384 -> 176.985 ms
BubbleSortOpt1 (descending) size=32,768 -> 719.618 ms
BubbleSortOpt1 (descending) size=65,536 -> 2877.069 ms
BubbleSortOpt1 (descending) size=131,072 -> 11375.784 ms
--- iteration 7 of 10 ---
BubbleSortOpt1 (random) size=1,024 -> 0.445 ms
BubbleSortOpt1 (random) size=2,048 -> 1.377 ms
BubbleSortOpt1 (random) size=4,096 -> 4.790 ms
BubbleSortOpt1 (random) size=8,192 -> 17.557 ms
BubbleSortOpt1 (random) size=16,384 -> 68.293 ms
BubbleSortOpt1 (random) size=32,768 -> 338.739 ms
BubbleSortOpt1 (random) size=65,536 -> 2358.669 ms
BubbleSortOpt1 (random) size=131,072 -> 11928.826 ms
BubbleSortOpt1 (ascending) size=1,024 -> 0.001 ms
BubbleSortOpt1 (ascending) size=2,048 -> 0.002 ms
BubbleSortOpt1 (ascending) size=4,096 -> 0.003 ms
BubbleSortOpt1 (ascending) size=8,192 -> 0.003 ms
BubbleSortOpt1 (ascending) size=16,384 -> 0.005 ms
BubbleSortOpt1 (ascending) size=32,768 -> 0.011 ms
BubbleSortOpt1 (ascending) size=65,536 -> 0.020 ms
BubbleSortOpt1 (ascending) size=131,072 -> 0.032 ms
BubbleSortOpt1 (ascending) size=262,144 -> 0.067 ms
BubbleSortOpt1 (ascending) size=524,288 -> 0.117 ms
BubbleSortOpt1 (ascending) size=1,048,576 -> 0.238 ms
BubbleSortOpt1 (ascending) size=2,097,152 -> 0.472 ms
BubbleSortOpt1 (ascending) size=4,194,304 -> 0.926 ms
BubbleSortOpt1 (ascending) size=8,388,608 -> 1.843 ms
BubbleSortOpt1 (ascending) size=16,777,216 -> 3.696 ms
BubbleSortOpt1 (ascending) size=33,554,432 -> 7.357 ms
BubbleSortOpt1 (ascending) size=67,108,864 -> 12.599 ms
BubbleSortOpt1 (ascending) size=134,217,728 -> 29.508 ms
BubbleSortOpt1 (ascending) size=268,435,456 -> 43.786 ms
BubbleSortOpt1 (ascending) size=536,870,912 -> 93.488 ms
BubbleSortOpt1 (descending) size=1,024 -> 0.700 ms
BubbleSortOpt1 (descending) size=2,048 -> 2.683 ms
BubbleSortOpt1 (descending) size=4,096 -> 10.850 ms
BubbleSortOpt1 (descending) size=8,192 -> 43.887 ms
BubbleSortOpt1 (descending) size=16,384 -> 179.265 ms
BubbleSortOpt1 (descending) size=32,768 -> 706.550 ms
BubbleSortOpt1 (descending) size=65,536 -> 2828.855 ms
BubbleSortOpt1 (descending) size=131,072 -> 11394.322 ms
--- iteration 8 of 10 ---
BubbleSortOpt1 (random) size=1,024 -> 0.444 ms
BubbleSortOpt1 (random) size=2,048 -> 1.410 ms
BubbleSortOpt1 (random) size=4,096 -> 4.719 ms
BubbleSortOpt1 (random) size=8,192 -> 17.719 ms
BubbleSortOpt1 (random) size=16,384 -> 68.108 ms
BubbleSortOpt1 (random) size=32,768 -> 335.648 ms
BubbleSortOpt1 (random) size=65,536 -> 2395.725 ms
BubbleSortOpt1 (random) size=131,072 -> 11905.572 ms
BubbleSortOpt1 (ascending) size=1,024 -> 0.001 ms
BubbleSortOpt1 (ascending) size=2,048 -> 0.002 ms
BubbleSortOpt1 (ascending) size=4,096 -> 0.002 ms
BubbleSortOpt1 (ascending) size=8,192 -> 0.004 ms
BubbleSortOpt1 (ascending) size=16,384 -> 0.005 ms
BubbleSortOpt1 (ascending) size=32,768 -> 0.007 ms
BubbleSortOpt1 (ascending) size=65,536 -> 0.012 ms
BubbleSortOpt1 (ascending) size=131,072 -> 0.022 ms
BubbleSortOpt1 (ascending) size=262,144 -> 0.068 ms
BubbleSortOpt1 (ascending) size=524,288 -> 0.121 ms
BubbleSortOpt1 (ascending) size=1,048,576 -> 0.240 ms
BubbleSortOpt1 (ascending) size=2,097,152 -> 0.461 ms
BubbleSortOpt1 (ascending) size=4,194,304 -> 0.928 ms
BubbleSortOpt1 (ascending) size=8,388,608 -> 1.849 ms
BubbleSortOpt1 (ascending) size=16,777,216 -> 3.699 ms
BubbleSortOpt1 (ascending) size=33,554,432 -> 7.390 ms
BubbleSortOpt1 (ascending) size=67,108,864 -> 14.736 ms
BubbleSortOpt1 (ascending) size=134,217,728 -> 21.399 ms
BubbleSortOpt1 (ascending) size=268,435,456 -> 50.693 ms
BubbleSortOpt1 (ascending) size=536,870,912 -> 96.996 ms
BubbleSortOpt1 (descending) size=1,024 -> 0.674 ms
BubbleSortOpt1 (descending) size=2,048 -> 2.680 ms
BubbleSortOpt1 (descending) size=4,096 -> 10.857 ms
BubbleSortOpt1 (descending) size=8,192 -> 46.532 ms
BubbleSortOpt1 (descending) size=16,384 -> 177.778 ms
BubbleSortOpt1 (descending) size=32,768 -> 705.609 ms
BubbleSortOpt1 (descending) size=65,536 -> 2830.766 ms
BubbleSortOpt1 (descending) size=131,072 -> 11345.094 ms
--- iteration 9 of 10 ---
BubbleSortOpt1 (random) size=1,024 -> 0.422 ms
BubbleSortOpt1 (random) size=2,048 -> 1.405 ms
BubbleSortOpt1 (random) size=4,096 -> 4.703 ms
BubbleSortOpt1 (random) size=8,192 -> 17.647 ms
BubbleSortOpt1 (random) size=16,384 -> 67.904 ms
BubbleSortOpt1 (random) size=32,768 -> 337.582 ms
BubbleSortOpt1 (random) size=65,536 -> 2328.718 ms
BubbleSortOpt1 (random) size=131,072 -> 11939.221 ms
BubbleSortOpt1 (ascending) size=1,024 -> 0.001 ms
BubbleSortOpt1 (ascending) size=2,048 -> 0.002 ms
BubbleSortOpt1 (ascending) size=4,096 -> 0.002 ms
BubbleSortOpt1 (ascending) size=8,192 -> 0.004 ms
BubbleSortOpt1 (ascending) size=16,384 -> 0.006 ms
BubbleSortOpt1 (ascending) size=32,768 -> 0.011 ms
BubbleSortOpt1 (ascending) size=65,536 -> 0.020 ms
BubbleSortOpt1 (ascending) size=131,072 -> 0.039 ms
BubbleSortOpt1 (ascending) size=262,144 -> 0.069 ms
BubbleSortOpt1 (ascending) size=524,288 -> 0.122 ms
BubbleSortOpt1 (ascending) size=1,048,576 -> 0.242 ms
BubbleSortOpt1 (ascending) size=2,097,152 -> 0.469 ms
BubbleSortOpt1 (ascending) size=4,194,304 -> 0.925 ms
BubbleSortOpt1 (ascending) size=8,388,608 -> 1.841 ms
BubbleSortOpt1 (ascending) size=16,777,216 -> 3.690 ms
BubbleSortOpt1 (ascending) size=33,554,432 -> 7.333 ms
BubbleSortOpt1 (ascending) size=67,108,864 -> 14.784 ms
BubbleSortOpt1 (ascending) size=134,217,728 -> 29.474 ms
BubbleSortOpt1 (ascending) size=268,435,456 -> 58.890 ms
BubbleSortOpt1 (ascending) size=536,870,912 -> 122.181 ms
BubbleSortOpt1 (descending) size=1,024 -> 0.667 ms
BubbleSortOpt1 (descending) size=2,048 -> 2.684 ms
BubbleSortOpt1 (descending) size=4,096 -> 10.924 ms
BubbleSortOpt1 (descending) size=8,192 -> 44.392 ms
BubbleSortOpt1 (descending) size=16,384 -> 176.105 ms
BubbleSortOpt1 (descending) size=32,768 -> 704.676 ms
BubbleSortOpt1 (descending) size=65,536 -> 2832.689 ms
BubbleSortOpt1 (descending) size=131,072 -> 11353.536 ms
--- iteration 10 of 10 ---
BubbleSortOpt1 (random) size=1,024 -> 0.435 ms
BubbleSortOpt1 (random) size=2,048 -> 1.416 ms
BubbleSortOpt1 (random) size=4,096 -> 4.737 ms
BubbleSortOpt1 (random) size=8,192 -> 17.500 ms
BubbleSortOpt1 (random) size=16,384 -> 69.791 ms
BubbleSortOpt1 (random) size=32,768 -> 351.999 ms
BubbleSortOpt1 (random) size=65,536 -> 2381.655 ms
BubbleSortOpt1 (random) size=131,072 -> 12052.990 ms
BubbleSortOpt1 (ascending) size=1,024 -> 0.001 ms
BubbleSortOpt1 (ascending) size=2,048 -> 0.002 ms
BubbleSortOpt1 (ascending) size=4,096 -> 0.002 ms
BubbleSortOpt1 (ascending) size=8,192 -> 0.004 ms
BubbleSortOpt1 (ascending) size=16,384 -> 0.006 ms
BubbleSortOpt1 (ascending) size=32,768 -> 0.011 ms
BubbleSortOpt1 (ascending) size=65,536 -> 0.020 ms
BubbleSortOpt1 (ascending) size=131,072 -> 0.039 ms
BubbleSortOpt1 (ascending) size=262,144 -> 0.061 ms
BubbleSortOpt1 (ascending) size=524,288 -> 0.123 ms
BubbleSortOpt1 (ascending) size=1,048,576 -> 0.243 ms
BubbleSortOpt1 (ascending) size=2,097,152 -> 0.469 ms
BubbleSortOpt1 (ascending) size=4,194,304 -> 0.928 ms
BubbleSortOpt1 (ascending) size=8,388,608 -> 1.840 ms
BubbleSortOpt1 (ascending) size=16,777,216 -> 3.670 ms
BubbleSortOpt1 (ascending) size=33,554,432 -> 7.378 ms
BubbleSortOpt1 (ascending) size=67,108,864 -> 14.747 ms
BubbleSortOpt1 (ascending) size=134,217,728 -> 31.565 ms
BubbleSortOpt1 (ascending) size=268,435,456 -> 58.930 ms
BubbleSortOpt1 (ascending) size=536,870,912 -> 117.898 ms
BubbleSortOpt1 (descending) size=1,024 -> 0.658 ms
BubbleSortOpt1 (descending) size=2,048 -> 2.690 ms
BubbleSortOpt1 (descending) size=4,096 -> 10.860 ms
BubbleSortOpt1 (descending) size=8,192 -> 43.915 ms
BubbleSortOpt1 (descending) size=16,384 -> 175.697 ms
BubbleSortOpt1 (descending) size=32,768 -> 711.003 ms
BubbleSortOpt1 (descending) size=65,536 -> 2827.795 ms
BubbleSortOpt1 (descending) size=131,072 -> 11343.746 ms
