algorithm=InsertionSort iterations=10 maxSize=536.870.912 quadraticMaxSize=524.288
--- warm up 1 of 2 ---
InsertionSort (random) size=1,024 -> 0.983 ms
InsertionSort (random) size=2,048 -> 0.357 ms
InsertionSort (random) size=4,096 -> 2.798 ms
InsertionSort (random) size=8,192 -> 3.212 ms
InsertionSort (random) size=16,384 -> 12.505 ms
InsertionSort (random) size=32,768 -> 47.948 ms
InsertionSort (random) size=65,536 -> 182.512 ms
InsertionSort (ascending) size=1,024 -> 0.004 ms
InsertionSort (ascending) size=2,048 -> 0.003 ms
InsertionSort (ascending) size=4,096 -> 0.005 ms
InsertionSort (ascending) size=8,192 -> 0.008 ms
InsertionSort (ascending) size=16,384 -> 0.014 ms
InsertionSort (ascending) size=32,768 -> 0.031 ms
InsertionSort (ascending) size=65,536 -> 0.052 ms
InsertionSort (ascending) size=131,072 -> 0.098 ms
InsertionSort (ascending) size=262,144 -> 0.172 ms
InsertionSort (ascending) size=524,288 -> 0.347 ms
InsertionSort (ascending) size=1,048,576 -> 0.690 ms
InsertionSort (ascending) size=2,097,152 -> 1.407 ms
InsertionSort (ascending) size=4,194,304 -> 2.794 ms
InsertionSort (descending) size=1,024 -> 0.109 ms
InsertionSort (descending) size=2,048 -> 0.393 ms
InsertionSort (descending) size=4,096 -> 1.525 ms
InsertionSort (descending) size=8,192 -> 5.858 ms
InsertionSort (descending) size=16,384 -> 23.123 ms
InsertionSort (descending) size=32,768 -> 91.340 ms
InsertionSort (descending) size=65,536 -> 362.878 ms
--- warm up 2 of 2 ---
InsertionSort (random) size=1,024 -> 0.059 ms
InsertionSort (random) size=2,048 -> 0.202 ms
InsertionSort (random) size=4,096 -> 0.770 ms
InsertionSort (random) size=8,192 -> 2.940 ms
InsertionSort (random) size=16,384 -> 11.618 ms
InsertionSort (random) size=32,768 -> 45.607 ms
InsertionSort (random) size=65,536 -> 183.245 ms
InsertionSort (ascending) size=1,024 -> 0.003 ms
InsertionSort (ascending) size=2,048 -> 0.004 ms
InsertionSort (ascending) size=4,096 -> 0.005 ms
InsertionSort (ascending) size=8,192 -> 0.007 ms
InsertionSort (ascending) size=16,384 -> 0.013 ms
InsertionSort (ascending) size=32,768 -> 0.027 ms
InsertionSort (ascending) size=65,536 -> 0.048 ms
InsertionSort (ascending) size=131,072 -> 0.095 ms
InsertionSort (ascending) size=262,144 -> 0.289 ms
InsertionSort (ascending) size=524,288 -> 0.352 ms
InsertionSort (ascending) size=1,048,576 -> 0.699 ms
InsertionSort (ascending) size=2,097,152 -> 1.403 ms
InsertionSort (ascending) size=4,194,304 -> 2.819 ms
InsertionSort (descending) size=1,024 -> 0.103 ms
InsertionSort (descending) size=2,048 -> 0.401 ms
InsertionSort (descending) size=4,096 -> 1.608 ms
InsertionSort (descending) size=8,192 -> 6.168 ms
InsertionSort (descending) size=16,384 -> 23.814 ms
InsertionSort (descending) size=32,768 -> 93.784 ms
InsertionSort (descending) size=65,536 -> 374.263 ms
--- iteration 1 of 10 ---
InsertionSort (random) size=1,024 -> 0.065 ms
InsertionSort (random) size=2,048 -> 0.204 ms
InsertionSort (random) size=4,096 -> 0.759 ms
InsertionSort (random) size=8,192 -> 3.022 ms
InsertionSort (random) size=16,384 -> 11.967 ms
InsertionSort (random) size=32,768 -> 46.842 ms
InsertionSort (random) size=65,536 -> 182.742 ms
InsertionSort (random) size=131,072 -> 732.952 ms
InsertionSort (random) size=262,144 -> 2919.821 ms
InsertionSort (random) size=524,288 -> 11669.968 ms
InsertionSort (ascending) size=1,024 -> 0.003 ms
InsertionSort (ascending) size=2,048 -> 0.004 ms
InsertionSort (ascending) size=4,096 -> 0.004 ms
InsertionSort (ascending) size=8,192 -> 0.008 ms
InsertionSort (ascending) size=16,384 -> 0.012 ms
InsertionSort (ascending) size=32,768 -> 0.028 ms
InsertionSort (ascending) size=65,536 -> 0.046 ms
InsertionSort (ascending) size=131,072 -> 0.088 ms
InsertionSort (ascending) size=262,144 -> 0.173 ms
InsertionSort (ascending) size=524,288 -> 0.347 ms
InsertionSort (ascending) size=1,048,576 -> 0.698 ms
InsertionSort (ascending) size=2,097,152 -> 1.379 ms
InsertionSort (ascending) size=4,194,304 -> 2.524 ms
InsertionSort (ascending) size=8,388,608 -> 5.496 ms
InsertionSort (ascending) size=16,777,216 -> 10.909 ms
InsertionSort (ascending) size=33,554,432 -> 19.954 ms
InsertionSort (ascending) size=67,108,864 -> 44.138 ms
InsertionSort (ascending) size=134,217,728 -> 86.023 ms
InsertionSort (ascending) size=268,435,456 -> 170.114 ms
InsertionSort (ascending) size=536,870,912 -> 332.907 ms
InsertionSort (descending) size=1,024 -> 0.109 ms
InsertionSort (descending) size=2,048 -> 0.403 ms
InsertionSort (descending) size=4,096 -> 1.512 ms
InsertionSort (descending) size=8,192 -> 5.991 ms
InsertionSort (descending) size=16,384 -> 23.317 ms
InsertionSort (descending) size=32,768 -> 91.607 ms
InsertionSort (descending) size=65,536 -> 364.728 ms
InsertionSort (descending) size=131,072 -> 1449.512 ms
InsertionSort (descending) size=262,144 -> 5796.453 ms
InsertionSort (descending) size=524,288 -> 22852.349 ms
--- iteration 2 of 10 ---
InsertionSort (random) size=1,024 -> 0.062 ms
InsertionSort (random) size=2,048 -> 0.207 ms
InsertionSort (random) size=4,096 -> 0.770 ms
InsertionSort (random) size=8,192 -> 2.926 ms
InsertionSort (random) size=16,384 -> 11.652 ms
InsertionSort (random) size=32,768 -> 45.665 ms
InsertionSort (random) size=65,536 -> 185.284 ms
InsertionSort (random) size=131,072 -> 732.407 ms
InsertionSort (random) size=262,144 -> 2920.178 ms
InsertionSort (random) size=524,288 -> 11697.703 ms
InsertionSort (ascending) size=1,024 -> 0.003 ms
InsertionSort (ascending) size=2,048 -> 0.004 ms
InsertionSort (ascending) size=4,096 -> 0.005 ms
InsertionSort (ascending) size=8,192 -> 0.008 ms
InsertionSort (ascending) size=16,384 -> 0.016 ms
InsertionSort (ascending) size=32,768 -> 0.031 ms
InsertionSort (ascending) size=65,536 -> 0.046 ms
InsertionSort (ascending) size=131,072 -> 0.094 ms
InsertionSort (ascending) size=262,144 -> 0.181 ms
InsertionSort (ascending) size=524,288 -> 0.370 ms
InsertionSort (ascending) size=1,048,576 -> 0.616 ms
InsertionSort (ascending) size=2,097,152 -> 1.238 ms
InsertionSort (ascending) size=4,194,304 -> 2.942 ms
InsertionSort (ascending) size=8,388,608 -> 5.887 ms
InsertionSort (ascending) size=16,777,216 -> 11.808 ms
InsertionSort (ascending) size=33,554,432 -> 23.315 ms
InsertionSort (ascending) size=67,108,864 -> 42.436 ms
InsertionSort (ascending) size=134,217,728 -> 84.779 ms
InsertionSort (ascending) size=268,435,456 -> 170.332 ms
InsertionSort (ascending) size=536,870,912 -> 342.331 ms
InsertionSort (descending) size=1,024 -> 0.101 ms
InsertionSort (descending) size=2,048 -> 0.407 ms
InsertionSort (descending) size=4,096 -> 1.519 ms
InsertionSort (descending) size=8,192 -> 5.998 ms
InsertionSort (descending) size=16,384 -> 23.509 ms
InsertionSort (descending) size=32,768 -> 91.947 ms
InsertionSort (descending) size=65,536 -> 370.701 ms
InsertionSort (descending) size=131,072 -> 1487.809 ms
InsertionSort (descending) size=262,144 -> 5857.806 ms
InsertionSort (descending) size=524,288 -> 23076.506 ms
--- iteration 3 of 10 ---
InsertionSort (random) size=1,024 -> 0.062 ms
InsertionSort (random) size=2,048 -> 0.198 ms
InsertionSort (random) size=4,096 -> 0.756 ms
InsertionSort (random) size=8,192 -> 2.946 ms
InsertionSort (random) size=16,384 -> 11.837 ms
InsertionSort (random) size=32,768 -> 46.496 ms
InsertionSort (random) size=65,536 -> 184.571 ms
InsertionSort (random) size=131,072 -> 757.802 ms
InsertionSort (random) size=262,144 -> 3000.184 ms
InsertionSort (random) size=524,288 -> 11859.248 ms
InsertionSort (ascending) size=1,024 -> 0.003 ms
InsertionSort (ascending) size=2,048 -> 0.004 ms
InsertionSort (ascending) size=4,096 -> 0.006 ms
InsertionSort (ascending) size=8,192 -> 0.009 ms
InsertionSort (ascending) size=16,384 -> 0.016 ms
InsertionSort (ascending) size=32,768 -> 0.030 ms
InsertionSort (ascending) size=65,536 -> 0.054 ms
InsertionSort (ascending) size=131,072 -> 0.096 ms
InsertionSort (ascending) size=262,144 -> 0.160 ms
InsertionSort (ascending) size=524,288 -> 0.347 ms
InsertionSort (ascending) size=1,048,576 -> 0.698 ms
InsertionSort (ascending) size=2,097,152 -> 1.313 ms
InsertionSort (ascending) size=4,194,304 -> 2.667 ms
InsertionSort (ascending) size=8,388,608 -> 5.494 ms
InsertionSort (ascending) size=16,777,216 -> 10.960 ms
InsertionSort (ascending) size=33,554,432 -> 22.137 ms
InsertionSort (ascending) size=67,108,864 -> 43.990 ms
InsertionSort (ascending) size=134,217,728 -> 88.360 ms
InsertionSort (ascending) size=268,435,456 -> 176.335 ms
InsertionSort (ascending) size=536,870,912 -> 358.376 ms
InsertionSort (descending) size=1,024 -> 0.110 ms
InsertionSort (descending) size=2,048 -> 0.393 ms
InsertionSort (descending) size=4,096 -> 1.527 ms
InsertionSort (descending) size=8,192 -> 5.979 ms
InsertionSort (descending) size=16,384 -> 23.772 ms
InsertionSort (descending) size=32,768 -> 92.887 ms
InsertionSort (descending) size=65,536 -> 372.442 ms
InsertionSort (descending) size=131,072 -> 1489.724 ms
InsertionSort (descending) size=262,144 -> 5886.639 ms
InsertionSort (descending) size=524,288 -> 23256.718 ms
--- iteration 4 of 10 ---
InsertionSort (random) size=1,024 -> 0.059 ms
InsertionSort (random) size=2,048 -> 0.218 ms
InsertionSort (random) size=4,096 -> 0.810 ms
InsertionSort (random) size=8,192 -> 3.165 ms
InsertionSort (random) size=16,384 -> 12.473 ms
InsertionSort (random) size=32,768 -> 49.184 ms
InsertionSort (random) size=65,536 -> 186.971 ms
InsertionSort (random) size=131,072 -> 753.258 ms
InsertionSort (random) size=262,144 -> 2969.380 ms
InsertionSort (random) size=524,288 -> 11880.423 ms
InsertionSort (ascending) size=1,024 -> 0.004 ms
InsertionSort (ascending) size=2,048 -> 0.004 ms
InsertionSort (ascending) size=4,096 -> 0.005 ms
InsertionSort (ascending) size=8,192 -> 0.008 ms
InsertionSort (ascending) size=16,384 -> 0.016 ms
InsertionSort (ascending) size=32,768 -> 0.031 ms
InsertionSort (ascending) size=65,536 -> 0.053 ms
InsertionSort (ascending) size=131,072 -> 0.098 ms
InsertionSort (ascending) size=262,144 -> 0.169 ms
InsertionSort (ascending) size=524,288 -> 0.335 ms
InsertionSort (ascending) size=1,048,576 -> 0.693 ms
InsertionSort (ascending) size=2,097,152 -> 1.377 ms
InsertionSort (ascending) size=4,194,304 -> 2.742 ms
InsertionSort (ascending) size=8,388,608 -> 5.410 ms
InsertionSort (ascending) size=16,777,216 -> 11.058 ms
InsertionSort (ascending) size=33,554,432 -> 22.174 ms
InsertionSort (ascending) size=67,108,864 -> 44.186 ms
InsertionSort (ascending) size=134,217,728 -> 88.521 ms
InsertionSort (ascending) size=268,435,456 -> 176.894 ms
InsertionSort (ascending) size=536,870,912 -> 354.613 ms
InsertionSort (descending) size=1,024 -> 0.108 ms
InsertionSort (descending) size=2,048 -> 0.400 ms
InsertionSort (descending) size=4,096 -> 1.511 ms
InsertionSort (descending) size=8,192 -> 6.002 ms
InsertionSort (descending) size=16,384 -> 23.767 ms
InsertionSort (descending) size=32,768 -> 93.699 ms
InsertionSort (descending) size=65,536 -> 373.062 ms
InsertionSort (descending) size=131,072 -> 1486.991 ms
InsertionSort (descending) size=262,144 -> 5984.810 ms
InsertionSort (descending) size=524,288 -> 23280.062 ms
--- iteration 5 of 10 ---
InsertionSort (random) size=1,024 -> 0.064 ms
InsertionSort (random) size=2,048 -> 0.206 ms
InsertionSort (random) size=4,096 -> 0.769 ms
InsertionSort (random) size=8,192 -> 3.009 ms
InsertionSort (random) size=16,384 -> 11.955 ms
InsertionSort (random) size=32,768 -> 47.012 ms
InsertionSort (random) size=65,536 -> 188.742 ms
InsertionSort (random) size=131,072 -> 750.897 ms
InsertionSort (random) size=262,144 -> 3004.633 ms
InsertionSort (random) size=524,288 -> 12004.240 ms
InsertionSort (ascending) size=1,024 -> 0.003 ms
InsertionSort (ascending) size=2,048 -> 0.003 ms
InsertionSort (ascending) size=4,096 -> 0.005 ms
InsertionSort (ascending) size=8,192 -> 0.009 ms
InsertionSort (ascending) size=16,384 -> 0.016 ms
InsertionSort (ascending) size=32,768 -> 0.028 ms
InsertionSort (ascending) size=65,536 -> 0.052 ms
InsertionSort (ascending) size=131,072 -> 0.090 ms
InsertionSort (ascending) size=262,144 -> 0.181 ms
InsertionSort (ascending) size=524,288 -> 0.361 ms
InsertionSort (ascending) size=1,048,576 -> 0.694 ms
InsertionSort (ascending) size=2,097,152 -> 1.383 ms
InsertionSort (ascending) size=4,194,304 -> 2.742 ms
InsertionSort (ascending) size=8,388,608 -> 5.531 ms
InsertionSort (ascending) size=16,777,216 -> 11.101 ms
InsertionSort (ascending) size=33,554,432 -> 22.317 ms
InsertionSort (ascending) size=67,108,864 -> 44.255 ms
InsertionSort (ascending) size=134,217,728 -> 89.666 ms
InsertionSort (ascending) size=268,435,456 -> 176.880 ms
InsertionSort (ascending) size=536,870,912 -> 346.694 ms
InsertionSort (descending) size=1,024 -> 0.111 ms
InsertionSort (descending) size=2,048 -> 0.397 ms
InsertionSort (descending) size=4,096 -> 1.560 ms
InsertionSort (descending) size=8,192 -> 6.085 ms
InsertionSort (descending) size=16,384 -> 23.798 ms
InsertionSort (descending) size=32,768 -> 93.846 ms
InsertionSort (descending) size=65,536 -> 373.883 ms
InsertionSort (descending) size=131,072 -> 1488.645 ms
InsertionSort (descending) size=262,144 -> 5938.758 ms
InsertionSort (descending) size=524,288 -> 23518.251 ms
--- iteration 6 of 10 ---
InsertionSort (random) size=1,024 -> 0.061 ms
InsertionSort (random) size=2,048 -> 0.210 ms
InsertionSort (random) size=4,096 -> 0.797 ms
InsertionSort (random) size=8,192 -> 3.021 ms
InsertionSort (random) size=16,384 -> 11.884 ms
InsertionSort (random) size=32,768 -> 47.191 ms
InsertionSort (random) size=65,536 -> 187.896 ms
InsertionSort (random) size=131,072 -> 754.358 ms
InsertionSort (random) size=262,144 -> 3007.046 ms
InsertionSort (random) size=524,288 -> 12030.894 ms
InsertionSort (ascending) size=1,024 -> 0.002 ms
InsertionSort (ascending) size=2,048 -> 0.003 ms
InsertionSort (ascending) size=4,096 -> 0.005 ms
InsertionSort (ascending) size=8,192 -> 0.007 ms
InsertionSort (ascending) size=16,384 -> 0.015 ms
InsertionSort (ascending) size=32,768 -> 0.025 ms
InsertionSort (ascending) size=65,536 -> 0.046 ms
InsertionSort (ascending) size=131,072 -> 0.089 ms
InsertionSort (ascending) size=262,144 -> 0.167 ms
InsertionSort (ascending) size=524,288 -> 0.352 ms
InsertionSort (ascending) size=1,048,576 -> 0.706 ms
InsertionSort (ascending) size=2,097,152 -> 1.356 ms
InsertionSort (ascending) size=4,194,304 -> 2.745 ms
InsertionSort (ascending) size=8,388,608 -> 5.551 ms
InsertionSort (ascending) size=16,777,216 -> 11.229 ms
InsertionSort (ascending) size=33,554,432 -> 22.443 ms
InsertionSort (ascending) size=67,108,864 -> 44.568 ms
InsertionSort (ascending) size=134,217,728 -> 89.327 ms
InsertionSort (ascending) size=268,435,456 -> 177.779 ms
InsertionSort (ascending) size=536,870,912 -> 355.922 ms
InsertionSort (descending) size=1,024 -> 0.107 ms
InsertionSort (descending) size=2,048 -> 0.388 ms
InsertionSort (descending) size=4,096 -> 1.539 ms
InsertionSort (descending) size=8,192 -> 6.079 ms
InsertionSort (descending) size=16,384 -> 24.123 ms
InsertionSort (descending) size=32,768 -> 94.535 ms
InsertionSort (descending) size=65,536 -> 377.203 ms
InsertionSort (descending) size=131,072 -> 1495.386 ms
InsertionSort (descending) size=262,144 -> 5957.944 ms
InsertionSort (descending) size=524,288 -> 23661.122 ms
--- iteration 7 of 10 ---
InsertionSort (random) size=1,024 -> 0.060 ms
InsertionSort (random) size=2,048 -> 0.199 ms
InsertionSort (random) size=4,096 -> 0.760 ms
InsertionSort (random) size=8,192 -> 3.007 ms
InsertionSort (random) size=16,384 -> 12.032 ms
InsertionSort (random) size=32,768 -> 47.162 ms
InsertionSort (random) size=65,536 -> 190.245 ms
InsertionSort (random) size=131,072 -> 753.604 ms
InsertionSort (random) size=262,144 -> 3015.227 ms
InsertionSort (random) size=524,288 -> 12085.582 ms
InsertionSort (ascending) size=1,024 -> 0.002 ms
InsertionSort (ascending) size=2,048 -> 0.004 ms
InsertionSort (ascending) size=4,096 -> 0.004 ms
InsertionSort (ascending) size=8,192 -> 0.009 ms
InsertionSort (ascending) size=16,384 -> 0.015 ms
InsertionSort (ascending) size=32,768 -> 0.028 ms
InsertionSort (ascending) size=65,536 -> 0.054 ms
InsertionSort (ascending) size=131,072 -> 0.095 ms
InsertionSort (ascending) size=262,144 -> 0.182 ms
InsertionSort (ascending) size=524,288 -> 0.356 ms
InsertionSort (ascending) size=1,048,576 -> 0.707 ms
InsertionSort (ascending) size=2,097,152 -> 1.379 ms
InsertionSort (ascending) size=4,194,304 -> 2.629 ms
InsertionSort (ascending) size=8,388,608 -> 5.590 ms
InsertionSort (ascending) size=16,777,216 -> 9.598 ms
InsertionSort (ascending) size=33,554,432 -> 22.726 ms
InsertionSort (ascending) size=67,108,864 -> 43.285 ms
InsertionSort (ascending) size=134,217,728 -> 85.818 ms
InsertionSort (ascending) size=268,435,456 -> 177.830 ms
InsertionSort (ascending) size=536,870,912 -> 340.818 ms
InsertionSort (descending) size=1,024 -> 0.114 ms
InsertionSort (descending) size=2,048 -> 0.384 ms
InsertionSort (descending) size=4,096 -> 1.501 ms
InsertionSort (descending) size=8,192 -> 6.146 ms
InsertionSort (descending) size=16,384 -> 24.008 ms
InsertionSort (descending) size=32,768 -> 94.906 ms
InsertionSort (descending) size=65,536 -> 377.441 ms
InsertionSort (descending) size=131,072 -> 1500.370 ms
InsertionSort (descending) size=262,144 -> 5975.760 ms
InsertionSort (descending) size=524,288 -> 23884.084 ms
--- iteration 8 of 10 ---
InsertionSort (random) size=1,024 -> 0.061 ms
InsertionSort (random) size=2,048 -> 0.204 ms
InsertionSort (random) size=4,096 -> 0.778 ms
InsertionSort (random) size=8,192 -> 3.108 ms
InsertionSort (random) size=16,384 -> 12.170 ms
InsertionSort (random) size=32,768 -> 47.362 ms
InsertionSort (random) size=65,536 -> 190.643 ms
InsertionSort (random) size=131,072 -> 755.404 ms
InsertionSort (random) size=262,144 -> 3040.469 ms
InsertionSort (random) size=524,288 -> 12079.853 ms
InsertionSort (ascending) size=1,024 -> 0.002 ms
InsertionSort (ascending) size=2,048 -> 0.003 ms
InsertionSort (ascending) size=4,096 -> 0.005 ms
InsertionSort (ascending) size=8,192 -> 0.008 ms
InsertionSort (ascending) size=16,384 -> 0.013 ms
InsertionSort (ascending) size=32,768 -> 0.029 ms
InsertionSort (ascending) size=65,536 -> 0.049 ms
InsertionSort (ascending) size=131,072 -> 0.094 ms
InsertionSort (ascending) size=262,144 -> 0.184 ms
InsertionSort (ascending) size=524,288 -> 0.355 ms
InsertionSort (ascending) size=1,048,576 -> 0.703 ms
InsertionSort (ascending) size=2,097,152 -> 1.405 ms
InsertionSort (ascending) size=4,194,304 -> 2.749 ms
InsertionSort (ascending) size=8,388,608 -> 5.579 ms
InsertionSort (ascending) size=16,777,216 -> 11.164 ms
InsertionSort (ascending) size=33,554,432 -> 22.412 ms
InsertionSort (ascending) size=67,108,864 -> 46.450 ms
InsertionSort (ascending) size=134,217,728 -> 91.441 ms
InsertionSort (ascending) size=268,435,456 -> 179.622 ms
InsertionSort (ascending) size=536,870,912 -> 352.495 ms
InsertionSort (descending) size=1,024 -> 0.101 ms
InsertionSort (descending) size=2,048 -> 0.390 ms
InsertionSort (descending) size=4,096 -> 1.528 ms
InsertionSort (descending) size=8,192 -> 6.191 ms
InsertionSort (descending) size=16,384 -> 24.030 ms
InsertionSort (descending) size=32,768 -> 95.094 ms
InsertionSort (descending) size=65,536 -> 382.180 ms
InsertionSort (descending) size=131,072 -> 1507.336 ms
InsertionSort (descending) size=262,144 -> 5962.145 ms
InsertionSort (descending) size=524,288 -> 23735.049 ms
--- iteration 9 of 10 ---
InsertionSort (random) size=1,024 -> 0.062 ms
InsertionSort (random) size=2,048 -> 0.204 ms
InsertionSort (random) size=4,096 -> 0.776 ms
InsertionSort (random) size=8,192 -> 3.023 ms
InsertionSort (random) size=16,384 -> 11.941 ms
InsertionSort (random) size=32,768 -> 47.646 ms
InsertionSort (random) size=65,536 -> 191.033 ms
InsertionSort (random) size=131,072 -> 758.295 ms
InsertionSort (random) size=262,144 -> 3020.061 ms
InsertionSort (random) size=524,288 -> 12144.661 ms
InsertionSort (ascending) size=1,024 -> 0.002 ms
InsertionSort (ascending) size=2,048 -> 0.003 ms
InsertionSort (ascending) size=4,096 -> 0.005 ms
InsertionSort (ascending) size=8,192 -> 0.008 ms
InsertionSort (ascending) size=16,384 -> 0.015 ms
InsertionSort (ascending) size=32,768 -> 0.030 ms
InsertionSort (ascending) size=65,536 -> 0.052 ms
InsertionSort (ascending) size=131,072 -> 0.092 ms
InsertionSort (ascending) size=262,144 -> 0.181 ms
InsertionSort (ascending) size=524,288 -> 0.351 ms
InsertionSort (ascending) size=1,048,576 -> 0.690 ms
InsertionSort (ascending) size=2,097,152 -> 1.327 ms
InsertionSort (ascending) size=4,194,304 -> 2.748 ms
InsertionSort (ascending) size=8,388,608 -> 5.559 ms
InsertionSort (ascending) size=16,777,216 -> 11.186 ms
InsertionSort (ascending) size=33,554,432 -> 22.513 ms
InsertionSort (ascending) size=67,108,864 -> 45.161 ms
InsertionSort (ascending) size=134,217,728 -> 90.505 ms
InsertionSort (ascending) size=268,435,456 -> 181.333 ms
InsertionSort (ascending) size=536,870,912 -> 360.475 ms
InsertionSort (descending) size=1,024 -> 0.108 ms
InsertionSort (descending) size=2,048 -> 0.399 ms
InsertionSort (descending) size=4,096 -> 1.508 ms
InsertionSort (descending) size=8,192 -> 6.260 ms
InsertionSort (descending) size=16,384 -> 24.068 ms
InsertionSort (descending) size=32,768 -> 95.498 ms
InsertionSort (descending) size=65,536 -> 379.940 ms
InsertionSort (descending) size=131,072 -> 1520.131 ms
InsertionSort (descending) size=262,144 -> 5956.369 ms
InsertionSort (descending) size=524,288 -> 23671.976 ms
--- iteration 10 of 10 ---
InsertionSort (random) size=1,024 -> 0.063 ms
InsertionSort (random) size=2,048 -> 0.201 ms
InsertionSort (random) size=4,096 -> 0.761 ms
InsertionSort (random) size=8,192 -> 2.972 ms
InsertionSort (random) size=16,384 -> 12.112 ms
InsertionSort (random) size=32,768 -> 47.601 ms
InsertionSort (random) size=65,536 -> 192.250 ms
InsertionSort (random) size=131,072 -> 769.332 ms
InsertionSort (random) size=262,144 -> 3033.641 ms
InsertionSort (random) size=524,288 -> 12131.481 ms
InsertionSort (ascending) size=1,024 -> 0.002 ms
InsertionSort (ascending) size=2,048 -> 0.003 ms
InsertionSort (ascending) size=4,096 -> 0.005 ms
InsertionSort (ascending) size=8,192 -> 0.007 ms
InsertionSort (ascending) size=16,384 -> 0.015 ms
InsertionSort (ascending) size=32,768 -> 0.029 ms
InsertionSort (ascending) size=65,536 -> 0.054 ms
InsertionSort (ascending) size=131,072 -> 0.098 ms
InsertionSort (ascending) size=262,144 -> 0.163 ms
InsertionSort (ascending) size=524,288 -> 0.345 ms
InsertionSort (ascending) size=1,048,576 -> 0.693 ms
InsertionSort (ascending) size=2,097,152 -> 1.400 ms
InsertionSort (ascending) size=4,194,304 -> 2.754 ms
InsertionSort (ascending) size=8,388,608 -> 5.574 ms
InsertionSort (ascending) size=16,777,216 -> 10.796 ms
InsertionSort (ascending) size=33,554,432 -> 22.869 ms
InsertionSort (ascending) size=67,108,864 -> 44.470 ms
InsertionSort (ascending) size=134,217,728 -> 90.660 ms
InsertionSort (ascending) size=268,435,456 -> 180.837 ms
InsertionSort (ascending) size=536,870,912 -> 361.797 ms
InsertionSort (descending) size=1,024 -> 0.100 ms
InsertionSort (descending) size=2,048 -> 0.402 ms
InsertionSort (descending) size=4,096 -> 1.582 ms
InsertionSort (descending) size=8,192 -> 6.334 ms
InsertionSort (descending) size=16,384 -> 24.353 ms
InsertionSort (descending) size=32,768 -> 95.485 ms
InsertionSort (descending) size=65,536 -> 380.588 ms
InsertionSort (descending) size=131,072 -> 1514.606 ms
InsertionSort (descending) size=262,144 -> 6057.137 ms
InsertionSort (descending) size=524,288 -> 23756.857 ms
