algorithm=SelectionSort iterations=10 maxSize=536.870.912 quadraticMaxSize=524.288
--- warm up 1 of 2 ---
SelectionSort (random) size=1,024 -> 1.110 ms
SelectionSort (random) size=2,048 -> 1.448 ms
SelectionSort (random) size=4,096 -> 1.514 ms
SelectionSort (random) size=8,192 -> 5.530 ms
SelectionSort (random) size=16,384 -> 20.541 ms
SelectionSort (random) size=32,768 -> 80.139 ms
SelectionSort (random) size=65,536 -> 315.315 ms
SelectionSort (ascending) size=1,024 -> 0.080 ms
SelectionSort (ascending) size=2,048 -> 0.315 ms
SelectionSort (ascending) size=4,096 -> 1.204 ms
SelectionSort (ascending) size=8,192 -> 4.816 ms
SelectionSort (ascending) size=16,384 -> 19.188 ms
SelectionSort (ascending) size=32,768 -> 73.844 ms
SelectionSort (ascending) size=65,536 -> 287.162 ms
SelectionSort (descending) size=1,024 -> 0.132 ms
SelectionSort (descending) size=2,048 -> 0.471 ms
SelectionSort (descending) size=4,096 -> 1.921 ms
SelectionSort (descending) size=8,192 -> 7.321 ms
SelectionSort (descending) size=16,384 -> 29.587 ms
SelectionSort (descending) size=32,768 -> 114.667 ms
SelectionSort (descending) size=65,536 -> 456.015 ms
--- warm up 2 of 2 ---
SelectionSort (random) size=1,024 -> 0.130 ms
SelectionSort (random) size=2,048 -> 0.411 ms
SelectionSort (random) size=4,096 -> 1.500 ms
SelectionSort (random) size=8,192 -> 5.444 ms
SelectionSort (random) size=16,384 -> 20.554 ms
SelectionSort (random) size=32,768 -> 79.979 ms
SelectionSort (random) size=65,536 -> 314.372 ms
SelectionSort (ascending) size=1,024 -> 0.095 ms
SelectionSort (ascending) size=2,048 -> 0.335 ms
SelectionSort (ascending) size=4,096 -> 1.223 ms
SelectionSort (ascending) size=8,192 -> 4.878 ms
SelectionSort (ascending) size=16,384 -> 18.704 ms
SelectionSort (ascending) size=32,768 -> 73.533 ms
SelectionSort (ascending) size=65,536 -> 297.437 ms
SelectionSort (descending) size=1,024 -> 0.145 ms
SelectionSort (descending) size=2,048 -> 0.471 ms
SelectionSort (descending) size=4,096 -> 1.853 ms
SelectionSort (descending) size=8,192 -> 7.358 ms
SelectionSort (descending) size=16,384 -> 29.150 ms
SelectionSort (descending) size=32,768 -> 113.983 ms
SelectionSort (descending) size=65,536 -> 454.370 ms
--- iteration 1 of 10 ---
SelectionSort (random) size=1,024 -> 0.130 ms
SelectionSort (random) size=2,048 -> 0.425 ms
SelectionSort (random) size=4,096 -> 1.515 ms
SelectionSort (random) size=8,192 -> 5.396 ms
SelectionSort (random) size=16,384 -> 20.596 ms
SelectionSort (random) size=32,768 -> 80.329 ms
SelectionSort (random) size=65,536 -> 312.360 ms
SelectionSort (random) size=131,072 -> 1244.024 ms
SelectionSort (random) size=262,144 -> 4953.897 ms
SelectionSort (random) size=524,288 -> 19805.097 ms
SelectionSort (ascending) size=1,024 -> 0.093 ms
SelectionSort (ascending) size=2,048 -> 0.317 ms
SelectionSort (ascending) size=4,096 -> 1.297 ms
SelectionSort (ascending) size=8,192 -> 4.859 ms
SelectionSort (ascending) size=16,384 -> 19.051 ms
SelectionSort (ascending) size=32,768 -> 76.755 ms
SelectionSort (ascending) size=65,536 -> 305.177 ms
SelectionSort (ascending) size=131,072 -> 1163.225 ms
SelectionSort (ascending) size=262,144 -> 4286.374 ms
SelectionSort (ascending) size=524,288 -> 17087.630 ms
SelectionSort (descending) size=1,024 -> 0.130 ms
SelectionSort (descending) size=2,048 -> 0.461 ms
SelectionSort (descending) size=4,096 -> 1.890 ms
SelectionSort (descending) size=8,192 -> 7.172 ms
SelectionSort (descending) size=16,384 -> 28.660 ms
SelectionSort (descending) size=32,768 -> 113.525 ms
SelectionSort (descending) size=65,536 -> 452.889 ms
SelectionSort (descending) size=131,072 -> 1825.646 ms
SelectionSort (descending) size=262,144 -> 7280.036 ms
SelectionSort (descending) size=524,288 -> 29000.382 ms
--- iteration 2 of 10 ---
SelectionSort (random) size=1,024 -> 0.129 ms
SelectionSort (random) size=2,048 -> 0.432 ms
SelectionSort (random) size=4,096 -> 1.426 ms
SelectionSort (random) size=8,192 -> 5.336 ms
SelectionSort (random) size=16,384 -> 20.646 ms
SelectionSort (random) size=32,768 -> 80.334 ms
SelectionSort (random) size=65,536 -> 315.264 ms
SelectionSort (random) size=131,072 -> 1246.373 ms
SelectionSort (random) size=262,144 -> 4962.048 ms
SelectionSort (random) size=524,288 -> 19763.306 ms
SelectionSort (ascending) size=1,024 -> 0.097 ms
SelectionSort (ascending) size=2,048 -> 0.290 ms
SelectionSort (ascending) size=4,096 -> 1.206 ms
SelectionSort (ascending) size=8,192 -> 4.802 ms
SelectionSort (ascending) size=16,384 -> 19.068 ms
SelectionSort (ascending) size=32,768 -> 75.257 ms
SelectionSort (ascending) size=65,536 -> 298.504 ms
SelectionSort (ascending) size=131,072 -> 1197.062 ms
SelectionSort (ascending) size=262,144 -> 4688.202 ms
SelectionSort (ascending) size=524,288 -> 17398.962 ms
SelectionSort (descending) size=1,024 -> 0.135 ms
SelectionSort (descending) size=2,048 -> 0.460 ms
SelectionSort (descending) size=4,096 -> 1.884 ms
SelectionSort (descending) size=8,192 -> 7.194 ms
SelectionSort (descending) size=16,384 -> 28.701 ms
SelectionSort (descending) size=32,768 -> 114.381 ms
SelectionSort (descending) size=65,536 -> 454.932 ms
SelectionSort (descending) size=131,072 -> 1820.243 ms
SelectionSort (descending) size=262,144 -> 7297.193 ms
SelectionSort (descending) size=524,288 -> 28965.409 ms
--- iteration 3 of 10 ---
SelectionSort (random) size=1,024 -> 0.125 ms
SelectionSort (random) size=2,048 -> 0.413 ms
SelectionSort (random) size=4,096 -> 1.528 ms
SelectionSort (random) size=8,192 -> 5.622 ms
SelectionSort (random) size=16,384 -> 20.568 ms
SelectionSort (random) size=32,768 -> 79.997 ms
SelectionSort (random) size=65,536 -> 315.952 ms
SelectionSort (random) size=131,072 -> 1248.640 ms
SelectionSort (random) size=262,144 -> 4959.739 ms
SelectionSort (random) size=524,288 -> 19769.203 ms
SelectionSort (ascending) size=1,024 -> 0.090 ms
SelectionSort (ascending) size=2,048 -> 0.316 ms
SelectionSort (ascending) size=4,096 -> 1.250 ms
SelectionSort (ascending) size=8,192 -> 4.772 ms
SelectionSort (ascending) size=16,384 -> 19.306 ms
SelectionSort (ascending) size=32,768 -> 76.767 ms
SelectionSort (ascending) size=65,536 -> 298.497 ms
SelectionSort (ascending) size=131,072 -> 1185.800 ms
SelectionSort (ascending) size=262,144 -> 4604.672 ms
SelectionSort (ascending) size=524,288 -> 17264.497 ms
SelectionSort (descending) size=1,024 -> 0.133 ms
SelectionSort (descending) size=2,048 -> 0.477 ms
SelectionSort (descending) size=4,096 -> 1.874 ms
SelectionSort (descending) size=8,192 -> 7.276 ms
SelectionSort (descending) size=16,384 -> 29.113 ms
SelectionSort (descending) size=32,768 -> 114.278 ms
SelectionSort (descending) size=65,536 -> 461.539 ms
SelectionSort (descending) size=131,072 -> 1818.853 ms
SelectionSort (descending) size=262,144 -> 7296.441 ms
SelectionSort (descending) size=524,288 -> 28726.059 ms
--- iteration 4 of 10 ---
SelectionSort (random) size=1,024 -> 0.127 ms
SelectionSort (random) size=2,048 -> 0.422 ms
SelectionSort (random) size=4,096 -> 1.450 ms
SelectionSort (random) size=8,192 -> 5.429 ms
SelectionSort (random) size=16,384 -> 20.475 ms
SelectionSort (random) size=32,768 -> 79.944 ms
SelectionSort (random) size=65,536 -> 312.867 ms
SelectionSort (random) size=131,072 -> 1245.446 ms
SelectionSort (random) size=262,144 -> 4914.502 ms
SelectionSort (random) size=524,288 -> 19766.509 ms
SelectionSort (ascending) size=1,024 -> 0.094 ms
SelectionSort (ascending) size=2,048 -> 0.317 ms
SelectionSort (ascending) size=4,096 -> 1.273 ms
SelectionSort (ascending) size=8,192 -> 6.389 ms
SelectionSort (ascending) size=16,384 -> 19.122 ms
SelectionSort (ascending) size=32,768 -> 76.855 ms
SelectionSort (ascending) size=65,536 -> 305.261 ms
SelectionSort (ascending) size=131,072 -> 1204.850 ms
SelectionSort (ascending) size=262,144 -> 4518.095 ms
SelectionSort (ascending) size=524,288 -> 16848.568 ms
SelectionSort (descending) size=1,024 -> 0.129 ms
SelectionSort (descending) size=2,048 -> 0.458 ms
SelectionSort (descending) size=4,096 -> 1.804 ms
SelectionSort (descending) size=8,192 -> 7.501 ms
SelectionSort (descending) size=16,384 -> 28.016 ms
SelectionSort (descending) size=32,768 -> 112.208 ms
SelectionSort (descending) size=65,536 -> 446.900 ms
SelectionSort (descending) size=131,072 -> 1785.863 ms
SelectionSort (descending) size=262,144 -> 7157.901 ms
SelectionSort (descending) size=524,288 -> 28457.720 ms
--- iteration 5 of 10 ---
SelectionSort (random) size=1,024 -> 0.126 ms
SelectionSort (random) size=2,048 -> 0.424 ms
SelectionSort (random) size=4,096 -> 1.434 ms
SelectionSort (random) size=8,192 -> 5.239 ms
SelectionSort (random) size=16,384 -> 20.242 ms
SelectionSort (random) size=32,768 -> 78.971 ms
SelectionSort (random) size=65,536 -> 309.009 ms
SelectionSort (random) size=131,072 -> 1226.456 ms
SelectionSort (random) size=262,144 -> 4876.915 ms
SelectionSort (random) size=524,288 -> 19669.225 ms
SelectionSort (ascending) size=1,024 -> 0.088 ms
SelectionSort (ascending) size=2,048 -> 0.345 ms
SelectionSort (ascending) size=4,096 -> 1.182 ms
SelectionSort (ascending) size=8,192 -> 6.012 ms
SelectionSort (ascending) size=16,384 -> 19.309 ms
SelectionSort (ascending) size=32,768 -> 77.622 ms
SelectionSort (ascending) size=65,536 -> 310.833 ms
SelectionSort (ascending) size=131,072 -> 1238.532 ms
SelectionSort (ascending) size=262,144 -> 4654.587 ms
SelectionSort (ascending) size=524,288 -> 17362.895 ms
SelectionSort (descending) size=1,024 -> 0.129 ms
SelectionSort (descending) size=2,048 -> 0.500 ms
SelectionSort (descending) size=4,096 -> 1.796 ms
SelectionSort (descending) size=8,192 -> 7.368 ms
SelectionSort (descending) size=16,384 -> 28.015 ms
SelectionSort (descending) size=32,768 -> 115.048 ms
SelectionSort (descending) size=65,536 -> 455.460 ms
SelectionSort (descending) size=131,072 -> 1821.946 ms
SelectionSort (descending) size=262,144 -> 7281.059 ms
SelectionSort (descending) size=524,288 -> 29064.915 ms
--- iteration 6 of 10 ---
SelectionSort (random) size=1,024 -> 0.130 ms
SelectionSort (random) size=2,048 -> 0.419 ms
SelectionSort (random) size=4,096 -> 1.427 ms
SelectionSort (random) size=8,192 -> 5.386 ms
SelectionSort (random) size=16,384 -> 20.174 ms
SelectionSort (random) size=32,768 -> 78.099 ms
SelectionSort (random) size=65,536 -> 321.020 ms
SelectionSort (random) size=131,072 -> 1245.437 ms
SelectionSort (random) size=262,144 -> 4936.788 ms
SelectionSort (random) size=524,288 -> 19799.294 ms
SelectionSort (ascending) size=1,024 -> 0.090 ms
SelectionSort (ascending) size=2,048 -> 0.327 ms
SelectionSort (ascending) size=4,096 -> 1.189 ms
SelectionSort (ascending) size=8,192 -> 4.791 ms
SelectionSort (ascending) size=16,384 -> 19.295 ms
SelectionSort (ascending) size=32,768 -> 75.265 ms
SelectionSort (ascending) size=65,536 -> 304.703 ms
SelectionSort (ascending) size=131,072 -> 1220.839 ms
SelectionSort (ascending) size=262,144 -> 4789.980 ms
SelectionSort (ascending) size=524,288 -> 17798.905 ms
SelectionSort (descending) size=1,024 -> 0.130 ms
SelectionSort (descending) size=2,048 -> 0.501 ms
SelectionSort (descending) size=4,096 -> 1.916 ms
SelectionSort (descending) size=8,192 -> 7.445 ms
SelectionSort (descending) size=16,384 -> 29.017 ms
SelectionSort (descending) size=32,768 -> 112.911 ms
SelectionSort (descending) size=65,536 -> 456.002 ms
SelectionSort (descending) size=131,072 -> 1844.293 ms
SelectionSort (descending) size=262,144 -> 7253.031 ms
SelectionSort (descending) size=524,288 -> 29205.166 ms
--- iteration 7 of 10 ---
SelectionSort (random) size=1,024 -> 0.123 ms
SelectionSort (random) size=2,048 -> 0.432 ms
SelectionSort (random) size=4,096 -> 1.359 ms
SelectionSort (random) size=8,192 -> 5.273 ms
SelectionSort (random) size=16,384 -> 20.442 ms
SelectionSort (random) size=32,768 -> 81.054 ms
SelectionSort (random) size=65,536 -> 316.194 ms
SelectionSort (random) size=131,072 -> 1235.148 ms
SelectionSort (random) size=262,144 -> 4967.527 ms
SelectionSort (random) size=524,288 -> 19819.228 ms
SelectionSort (ascending) size=1,024 -> 0.094 ms
SelectionSort (ascending) size=2,048 -> 0.309 ms
SelectionSort (ascending) size=4,096 -> 1.214 ms
SelectionSort (ascending) size=8,192 -> 4.724 ms
SelectionSort (ascending) size=16,384 -> 18.756 ms
SelectionSort (ascending) size=32,768 -> 73.916 ms
SelectionSort (ascending) size=65,536 -> 297.765 ms
SelectionSort (ascending) size=131,072 -> 1202.154 ms
SelectionSort (ascending) size=262,144 -> 4763.588 ms
SelectionSort (ascending) size=524,288 -> 18281.549 ms
SelectionSort (descending) size=1,024 -> 0.131 ms
SelectionSort (descending) size=2,048 -> 0.461 ms
SelectionSort (descending) size=4,096 -> 1.768 ms
SelectionSort (descending) size=8,192 -> 6.997 ms
SelectionSort (descending) size=16,384 -> 27.990 ms
SelectionSort (descending) size=32,768 -> 113.046 ms
SelectionSort (descending) size=65,536 -> 449.842 ms
SelectionSort (descending) size=131,072 -> 1810.289 ms
SelectionSort (descending) size=262,144 -> 7221.486 ms
SelectionSort (descending) size=524,288 -> 29477.593 ms
--- iteration 8 of 10 ---
SelectionSort (random) size=1,024 -> 0.121 ms
SelectionSort (random) size=2,048 -> 0.432 ms
SelectionSort (random) size=4,096 -> 1.482 ms
SelectionSort (random) size=8,192 -> 5.606 ms
SelectionSort (random) size=16,384 -> 21.030 ms
SelectionSort (random) size=32,768 -> 79.392 ms
SelectionSort (random) size=65,536 -> 320.426 ms
SelectionSort (random) size=131,072 -> 1248.373 ms
SelectionSort (random) size=262,144 -> 4958.574 ms
SelectionSort (random) size=524,288 -> 20005.071 ms
SelectionSort (ascending) size=1,024 -> 0.089 ms
SelectionSort (ascending) size=2,048 -> 0.330 ms
SelectionSort (ascending) size=4,096 -> 1.281 ms
SelectionSort (ascending) size=8,192 -> 5.080 ms
SelectionSort (ascending) size=16,384 -> 19.981 ms
SelectionSort (ascending) size=32,768 -> 76.175 ms
SelectionSort (ascending) size=65,536 -> 296.854 ms
SelectionSort (ascending) size=131,072 -> 2102.867 ms
SelectionSort (ascending) size=262,144 -> 12374.941 ms
SelectionSort (ascending) size=524,288 -> 19799.817 ms
SelectionSort (descending) size=1,024 -> 0.131 ms
SelectionSort (descending) size=2,048 -> 0.621 ms
SelectionSort (descending) size=4,096 -> 1.940 ms
SelectionSort (descending) size=8,192 -> 9.127 ms
SelectionSort (descending) size=16,384 -> 32.986 ms
SelectionSort (descending) size=32,768 -> 125.963 ms
SelectionSort (descending) size=65,536 -> 498.337 ms
SelectionSort (descending) size=131,072 -> 1934.633 ms
SelectionSort (descending) size=262,144 -> 7633.821 ms
SelectionSort (descending) size=524,288 -> 29579.564 ms
--- iteration 9 of 10 ---
SelectionSort (random) size=1,024 -> 0.129 ms
SelectionSort (random) size=2,048 -> 0.419 ms
SelectionSort (random) size=4,096 -> 1.436 ms
SelectionSort (random) size=8,192 -> 5.530 ms
SelectionSort (random) size=16,384 -> 20.919 ms
SelectionSort (random) size=32,768 -> 79.640 ms
SelectionSort (random) size=65,536 -> 315.413 ms
SelectionSort (random) size=131,072 -> 1255.324 ms
SelectionSort (random) size=262,144 -> 4956.165 ms
SelectionSort (random) size=524,288 -> 19628.712 ms
SelectionSort (ascending) size=1,024 -> 0.091 ms
SelectionSort (ascending) size=2,048 -> 0.305 ms
SelectionSort (ascending) size=4,096 -> 1.193 ms
SelectionSort (ascending) size=8,192 -> 4.759 ms
SelectionSort (ascending) size=16,384 -> 18.951 ms
SelectionSort (ascending) size=32,768 -> 75.704 ms
SelectionSort (ascending) size=65,536 -> 303.065 ms
SelectionSort (ascending) size=131,072 -> 1167.979 ms
SelectionSort (ascending) size=262,144 -> 4407.840 ms
SelectionSort (ascending) size=524,288 -> 23060.254 ms
SelectionSort (descending) size=1,024 -> 0.334 ms
SelectionSort (descending) size=2,048 -> 0.752 ms
SelectionSort (descending) size=4,096 -> 2.371 ms
SelectionSort (descending) size=8,192 -> 8.064 ms
SelectionSort (descending) size=16,384 -> 87.356 ms
SelectionSort (descending) size=32,768 -> 353.436 ms
SelectionSort (descending) size=65,536 -> 1074.254 ms
SelectionSort (descending) size=131,072 -> 3832.936 ms
SelectionSort (descending) size=262,144 -> 9448.358 ms
SelectionSort (descending) size=524,288 -> 30450.421 ms
--- iteration 10 of 10 ---
SelectionSort (random) size=1,024 -> 0.130 ms
SelectionSort (random) size=2,048 -> 0.421 ms
SelectionSort (random) size=4,096 -> 1.491 ms
SelectionSort (random) size=8,192 -> 5.703 ms
SelectionSort (random) size=16,384 -> 21.098 ms
SelectionSort (random) size=32,768 -> 83.941 ms
SelectionSort (random) size=65,536 -> 323.763 ms
SelectionSort (random) size=131,072 -> 1281.679 ms
SelectionSort (random) size=262,144 -> 5086.431 ms
SelectionSort (random) size=524,288 -> 19937.828 ms
SelectionSort (ascending) size=1,024 -> 0.096 ms
SelectionSort (ascending) size=2,048 -> 0.311 ms
SelectionSort (ascending) size=4,096 -> 1.205 ms
SelectionSort (ascending) size=8,192 -> 4.933 ms
SelectionSort (ascending) size=16,384 -> 19.138 ms
SelectionSort (ascending) size=32,768 -> 72.963 ms
SelectionSort (ascending) size=65,536 -> 297.398 ms
SelectionSort (ascending) size=131,072 -> 1186.820 ms
SelectionSort (ascending) size=262,144 -> 4719.228 ms
SelectionSort (ascending) size=524,288 -> 17263.689 ms
SelectionSort (descending) size=1,024 -> 0.130 ms
SelectionSort (descending) size=2,048 -> 0.470 ms
SelectionSort (descending) size=4,096 -> 1.882 ms
SelectionSort (descending) size=8,192 -> 7.186 ms
SelectionSort (descending) size=16,384 -> 28.266 ms
SelectionSort (descending) size=32,768 -> 112.671 ms
SelectionSort (descending) size=65,536 -> 450.009 ms
SelectionSort (descending) size=131,072 -> 1798.580 ms
SelectionSort (descending) size=262,144 -> 15713.528 ms
SelectionSort (descending) size=524,288 -> 32826.602 ms
