profile=heapsort-slow-comparisons iterations=10 algorithms=2
--- warm up 1 of 2 ---
[0.235s] HeapsortSlowComparisons (random) size=1,024 -> 0.775 ms
[0.243s] HeapsortSlowComparisons (random) size=2,048 -> 1.460 ms
[0.252s] HeapsortSlowComparisons (random) size=4,096 -> 3.002 ms
[0.264s] HeapsortSlowComparisons (random) size=8,192 -> 6.430 ms
[0.283s] HeapsortSlowComparisons (random) size=16,384 -> 13.149 ms
[0.317s] HeapsortSlowComparisons (random) size=32,768 -> 29.083 ms
[0.383s] HeapsortSlowComparisons (random) size=65,536 -> 60.182 ms
[0.515s] HeapsortSlowComparisons (random) size=131,072 -> 127.064 ms
[0.789s] HeapsortSlowComparisons (random) size=262,144 -> 268.239 ms
[1.366s] HeapsortSlowComparisons (random) size=524,288 -> 570.672 ms
[2.582s] HeapsortSlowComparisons (random) size=1,048,576 -> 1209.853 ms
[5.165s] HeapsortSlowComparisons (random) size=2,097,152 -> 2575.288 ms
[10.737s] HeapsortSlowComparisons (random) size=4,194,304 -> 5562.627 ms
[10.744s] BottomUpHeapsortSlowComparisons (random) size=1,024 -> 0.650 ms
[10.749s] BottomUpHeapsortSlowComparisons (random) size=2,048 -> 0.968 ms
[10.756s] BottomUpHeapsortSlowComparisons (random) size=4,096 -> 1.971 ms
[10.764s] BottomUpHeapsortSlowComparisons (random) size=8,192 -> 3.842 ms
[10.776s] BottomUpHeapsortSlowComparisons (random) size=16,384 -> 7.285 ms
[10.797s] BottomUpHeapsortSlowComparisons (random) size=32,768 -> 15.589 ms
[10.835s] BottomUpHeapsortSlowComparisons (random) size=65,536 -> 33.443 ms
[10.911s] BottomUpHeapsortSlowComparisons (random) size=131,072 -> 70.805 ms
[11.066s] BottomUpHeapsortSlowComparisons (random) size=262,144 -> 150.208 ms
[11.391s] BottomUpHeapsortSlowComparisons (random) size=524,288 -> 318.900 ms
[12.072s] BottomUpHeapsortSlowComparisons (random) size=1,048,576 -> 674.802 ms
[13.529s] BottomUpHeapsortSlowComparisons (random) size=2,097,152 -> 1450.370 ms
[16.672s] BottomUpHeapsortSlowComparisons (random) size=4,194,304 -> 3133.852 ms
--- warm up 2 of 2 ---
[16.679s] HeapsortSlowComparisons (random) size=1,024 -> 0.617 ms
[16.685s] HeapsortSlowComparisons (random) size=2,048 -> 1.251 ms
[16.692s] HeapsortSlowComparisons (random) size=4,096 -> 2.717 ms
[16.703s] HeapsortSlowComparisons (random) size=8,192 -> 6.023 ms
[16.720s] HeapsortSlowComparisons (random) size=16,384 -> 12.722 ms
[16.753s] HeapsortSlowComparisons (random) size=32,768 -> 27.550 ms
[16.816s] HeapsortSlowComparisons (random) size=65,536 -> 58.835 ms
[16.947s] HeapsortSlowComparisons (random) size=131,072 -> 125.812 ms
[17.220s] HeapsortSlowComparisons (random) size=262,144 -> 268.162 ms
[17.796s] HeapsortSlowComparisons (random) size=524,288 -> 569.285 ms
[19.026s] HeapsortSlowComparisons (random) size=1,048,576 -> 1223.943 ms
[21.625s] HeapsortSlowComparisons (random) size=2,097,152 -> 2591.918 ms
[27.230s] HeapsortSlowComparisons (random) size=4,194,304 -> 5595.875 ms
[27.236s] BottomUpHeapsortSlowComparisons (random) size=1,024 -> 0.338 ms
[27.241s] BottomUpHeapsortSlowComparisons (random) size=2,048 -> 0.732 ms
[27.248s] BottomUpHeapsortSlowComparisons (random) size=4,096 -> 1.605 ms
[27.256s] BottomUpHeapsortSlowComparisons (random) size=8,192 -> 3.401 ms
[27.268s] BottomUpHeapsortSlowComparisons (random) size=16,384 -> 7.313 ms
[27.288s] BottomUpHeapsortSlowComparisons (random) size=32,768 -> 15.602 ms
[27.326s] BottomUpHeapsortSlowComparisons (random) size=65,536 -> 33.280 ms
[27.402s] BottomUpHeapsortSlowComparisons (random) size=131,072 -> 70.841 ms
[27.557s] BottomUpHeapsortSlowComparisons (random) size=262,144 -> 150.269 ms
[27.880s] BottomUpHeapsortSlowComparisons (random) size=524,288 -> 318.184 ms
[28.562s] BottomUpHeapsortSlowComparisons (random) size=1,048,576 -> 675.858 ms
[30.006s] BottomUpHeapsortSlowComparisons (random) size=2,097,152 -> 1436.856 ms
[33.112s] BottomUpHeapsortSlowComparisons (random) size=4,194,304 -> 3097.933 ms
--- iteration 1 of 10 ---
[33.116s] HeapsortSlowComparisons (random) size=1,024 -> 0.552 ms
[33.121s] HeapsortSlowComparisons (random) size=2,048 -> 1.209 ms
[33.127s] HeapsortSlowComparisons (random) size=4,096 -> 2.668 ms
[33.136s] HeapsortSlowComparisons (random) size=8,192 -> 5.854 ms
[33.152s] HeapsortSlowComparisons (random) size=16,384 -> 12.626 ms
[33.182s] HeapsortSlowComparisons (random) size=32,768 -> 27.331 ms
[33.244s] HeapsortSlowComparisons (random) size=65,536 -> 58.825 ms
[33.373s] HeapsortSlowComparisons (random) size=131,072 -> 125.703 ms
[33.645s] HeapsortSlowComparisons (random) size=262,144 -> 268.008 ms
[34.220s] HeapsortSlowComparisons (random) size=524,288 -> 571.002 ms
[35.434s] HeapsortSlowComparisons (random) size=1,048,576 -> 1210.076 ms
[38.013s] HeapsortSlowComparisons (random) size=2,097,152 -> 2573.114 ms
[43.529s] HeapsortSlowComparisons (random) size=4,194,304 -> 5508.906 ms
[55.687s] HeapsortSlowComparisons (random) size=8,388,608 -> 12146.720 ms
[55.691s] BottomUpHeapsortSlowComparisons (random) size=1,024 -> 0.338 ms
[55.695s] BottomUpHeapsortSlowComparisons (random) size=2,048 -> 0.746 ms
[55.700s] BottomUpHeapsortSlowComparisons (random) size=4,096 -> 1.569 ms
[55.707s] BottomUpHeapsortSlowComparisons (random) size=8,192 -> 3.403 ms
[55.717s] BottomUpHeapsortSlowComparisons (random) size=16,384 -> 7.277 ms
[55.736s] BottomUpHeapsortSlowComparisons (random) size=32,768 -> 15.659 ms
[55.773s] BottomUpHeapsortSlowComparisons (random) size=65,536 -> 33.260 ms
[55.847s] BottomUpHeapsortSlowComparisons (random) size=131,072 -> 70.799 ms
[56.001s] BottomUpHeapsortSlowComparisons (random) size=262,144 -> 150.434 ms
[56.323s] BottomUpHeapsortSlowComparisons (random) size=524,288 -> 318.381 ms
[57.002s] BottomUpHeapsortSlowComparisons (random) size=1,048,576 -> 674.440 ms
[58.447s] BottomUpHeapsortSlowComparisons (random) size=2,097,152 -> 1438.886 ms
[61.531s] BottomUpHeapsortSlowComparisons (random) size=4,194,304 -> 3076.939 ms
[68.410s] BottomUpHeapsortSlowComparisons (random) size=8,388,608 -> 6869.382 ms
--- iteration 2 of 10 ---
[68.415s] HeapsortSlowComparisons (random) size=1,024 -> 0.552 ms
[68.419s] HeapsortSlowComparisons (random) size=2,048 -> 1.216 ms
[68.425s] HeapsortSlowComparisons (random) size=4,096 -> 2.662 ms
[68.434s] HeapsortSlowComparisons (random) size=8,192 -> 5.851 ms
[68.450s] HeapsortSlowComparisons (random) size=16,384 -> 12.652 ms
[68.480s] HeapsortSlowComparisons (random) size=32,768 -> 27.367 ms
[68.542s] HeapsortSlowComparisons (random) size=65,536 -> 58.744 ms
[68.671s] HeapsortSlowComparisons (random) size=131,072 -> 125.732 ms
[68.943s] HeapsortSlowComparisons (random) size=262,144 -> 267.910 ms
[69.517s] HeapsortSlowComparisons (random) size=524,288 -> 570.284 ms
[70.733s] HeapsortSlowComparisons (random) size=1,048,576 -> 1210.487 ms
[73.311s] HeapsortSlowComparisons (random) size=2,097,152 -> 2573.121 ms
[78.839s] HeapsortSlowComparisons (random) size=4,194,304 -> 5520.104 ms
[90.995s] HeapsortSlowComparisons (random) size=8,388,608 -> 12145.857 ms
[90.999s] BottomUpHeapsortSlowComparisons (random) size=1,024 -> 0.342 ms
[91.003s] BottomUpHeapsortSlowComparisons (random) size=2,048 -> 0.730 ms
[91.008s] BottomUpHeapsortSlowComparisons (random) size=4,096 -> 1.601 ms
[91.015s] BottomUpHeapsortSlowComparisons (random) size=8,192 -> 3.401 ms
[91.025s] BottomUpHeapsortSlowComparisons (random) size=16,384 -> 7.276 ms
[91.044s] BottomUpHeapsortSlowComparisons (random) size=32,768 -> 15.605 ms
[91.081s] BottomUpHeapsortSlowComparisons (random) size=65,536 -> 33.316 ms
[91.155s] BottomUpHeapsortSlowComparisons (random) size=131,072 -> 70.891 ms
[91.309s] BottomUpHeapsortSlowComparisons (random) size=262,144 -> 150.291 ms
[91.631s] BottomUpHeapsortSlowComparisons (random) size=524,288 -> 318.274 ms
[92.311s] BottomUpHeapsortSlowComparisons (random) size=1,048,576 -> 675.325 ms
[93.747s] BottomUpHeapsortSlowComparisons (random) size=2,097,152 -> 1430.470 ms
[96.854s] BottomUpHeapsortSlowComparisons (random) size=4,194,304 -> 3099.952 ms
[103.735s] BottomUpHeapsortSlowComparisons (random) size=8,388,608 -> 6871.363 ms
--- iteration 3 of 10 ---
[103.739s] HeapsortSlowComparisons (random) size=1,024 -> 0.549 ms
[103.744s] HeapsortSlowComparisons (random) size=2,048 -> 1.214 ms
[103.750s] HeapsortSlowComparisons (random) size=4,096 -> 2.659 ms
[103.759s] HeapsortSlowComparisons (random) size=8,192 -> 5.814 ms
[103.775s] HeapsortSlowComparisons (random) size=16,384 -> 12.688 ms
[103.805s] HeapsortSlowComparisons (random) size=32,768 -> 27.348 ms
[103.867s] HeapsortSlowComparisons (random) size=65,536 -> 58.812 ms
[103.997s] HeapsortSlowComparisons (random) size=131,072 -> 125.715 ms
[104.269s] HeapsortSlowComparisons (random) size=262,144 -> 268.137 ms
[104.845s] HeapsortSlowComparisons (random) size=524,288 -> 572.756 ms
[106.061s] HeapsortSlowComparisons (random) size=1,048,576 -> 1210.445 ms
[108.633s] HeapsortSlowComparisons (random) size=2,097,152 -> 2567.440 ms
[114.183s] HeapsortSlowComparisons (random) size=4,194,304 -> 5542.124 ms
[126.319s] HeapsortSlowComparisons (random) size=8,388,608 -> 12126.520 ms
[126.324s] BottomUpHeapsortSlowComparisons (random) size=1,024 -> 0.356 ms
[126.328s] BottomUpHeapsortSlowComparisons (random) size=2,048 -> 0.736 ms
[126.333s] BottomUpHeapsortSlowComparisons (random) size=4,096 -> 1.580 ms
[126.339s] BottomUpHeapsortSlowComparisons (random) size=8,192 -> 3.393 ms
[126.350s] BottomUpHeapsortSlowComparisons (random) size=16,384 -> 7.281 ms
[126.369s] BottomUpHeapsortSlowComparisons (random) size=32,768 -> 15.605 ms
[126.405s] BottomUpHeapsortSlowComparisons (random) size=65,536 -> 33.305 ms
[126.480s] BottomUpHeapsortSlowComparisons (random) size=131,072 -> 70.772 ms
[126.633s] BottomUpHeapsortSlowComparisons (random) size=262,144 -> 150.064 ms
[126.955s] BottomUpHeapsortSlowComparisons (random) size=524,288 -> 317.974 ms
[127.636s] BottomUpHeapsortSlowComparisons (random) size=1,048,576 -> 677.303 ms
[129.077s] BottomUpHeapsortSlowComparisons (random) size=2,097,152 -> 1434.956 ms
[132.160s] BottomUpHeapsortSlowComparisons (random) size=4,194,304 -> 3076.525 ms
[139.041s] BottomUpHeapsortSlowComparisons (random) size=8,388,608 -> 6870.730 ms
--- iteration 4 of 10 ---
[139.046s] HeapsortSlowComparisons (random) size=1,024 -> 0.546 ms
[139.050s] HeapsortSlowComparisons (random) size=2,048 -> 1.213 ms
[139.056s] HeapsortSlowComparisons (random) size=4,096 -> 2.684 ms
[139.065s] HeapsortSlowComparisons (random) size=8,192 -> 5.870 ms
[139.081s] HeapsortSlowComparisons (random) size=16,384 -> 12.674 ms
[139.112s] HeapsortSlowComparisons (random) size=32,768 -> 27.323 ms
[139.174s] HeapsortSlowComparisons (random) size=65,536 -> 58.835 ms
[139.303s] HeapsortSlowComparisons (random) size=131,072 -> 125.807 ms
[139.575s] HeapsortSlowComparisons (random) size=262,144 -> 268.171 ms
[140.149s] HeapsortSlowComparisons (random) size=524,288 -> 569.469 ms
[141.364s] HeapsortSlowComparisons (random) size=1,048,576 -> 1210.142 ms
[143.963s] HeapsortSlowComparisons (random) size=2,097,152 -> 2593.587 ms
[149.503s] HeapsortSlowComparisons (random) size=4,194,304 -> 5532.730 ms
[161.676s] HeapsortSlowComparisons (random) size=8,388,608 -> 12162.790 ms
[161.680s] BottomUpHeapsortSlowComparisons (random) size=1,024 -> 0.346 ms
[161.684s] BottomUpHeapsortSlowComparisons (random) size=2,048 -> 0.726 ms
[161.689s] BottomUpHeapsortSlowComparisons (random) size=4,096 -> 1.570 ms
[161.696s] BottomUpHeapsortSlowComparisons (random) size=8,192 -> 3.383 ms
[161.706s] BottomUpHeapsortSlowComparisons (random) size=16,384 -> 7.280 ms
[161.725s] BottomUpHeapsortSlowComparisons (random) size=32,768 -> 15.554 ms
[161.761s] BottomUpHeapsortSlowComparisons (random) size=65,536 -> 33.319 ms
[161.836s] BottomUpHeapsortSlowComparisons (random) size=131,072 -> 70.852 ms
[161.989s] BottomUpHeapsortSlowComparisons (random) size=262,144 -> 150.222 ms
[162.311s] BottomUpHeapsortSlowComparisons (random) size=524,288 -> 318.590 ms
[162.990s] BottomUpHeapsortSlowComparisons (random) size=1,048,576 -> 674.601 ms
[164.434s] BottomUpHeapsortSlowComparisons (random) size=2,097,152 -> 1438.355 ms
[167.517s] BottomUpHeapsortSlowComparisons (random) size=4,194,304 -> 3075.653 ms
[174.402s] BottomUpHeapsortSlowComparisons (random) size=8,388,608 -> 6874.543 ms
--- iteration 5 of 10 ---
[174.406s] HeapsortSlowComparisons (random) size=1,024 -> 0.546 ms
[174.411s] HeapsortSlowComparisons (random) size=2,048 -> 1.241 ms
[174.417s] HeapsortSlowComparisons (random) size=4,096 -> 2.659 ms
[174.426s] HeapsortSlowComparisons (random) size=8,192 -> 5.825 ms
[174.442s] HeapsortSlowComparisons (random) size=16,384 -> 12.679 ms
[174.473s] HeapsortSlowComparisons (random) size=32,768 -> 27.623 ms
[174.535s] HeapsortSlowComparisons (random) size=65,536 -> 58.912 ms
[174.664s] HeapsortSlowComparisons (random) size=131,072 -> 125.720 ms
[174.938s] HeapsortSlowComparisons (random) size=262,144 -> 269.711 ms
[175.515s] HeapsortSlowComparisons (random) size=524,288 -> 573.403 ms
[176.736s] HeapsortSlowComparisons (random) size=1,048,576 -> 1215.931 ms
[179.316s] HeapsortSlowComparisons (random) size=2,097,152 -> 2575.199 ms
[184.834s] HeapsortSlowComparisons (random) size=4,194,304 -> 5510.181 ms
[196.952s] HeapsortSlowComparisons (random) size=8,388,608 -> 12107.628 ms
[196.956s] BottomUpHeapsortSlowComparisons (random) size=1,024 -> 0.340 ms
[196.960s] BottomUpHeapsortSlowComparisons (random) size=2,048 -> 0.754 ms
[196.965s] BottomUpHeapsortSlowComparisons (random) size=4,096 -> 1.586 ms
[196.972s] BottomUpHeapsortSlowComparisons (random) size=8,192 -> 3.397 ms
[196.982s] BottomUpHeapsortSlowComparisons (random) size=16,384 -> 7.294 ms
[197.001s] BottomUpHeapsortSlowComparisons (random) size=32,768 -> 15.626 ms
[197.038s] BottomUpHeapsortSlowComparisons (random) size=65,536 -> 33.289 ms
[197.112s] BottomUpHeapsortSlowComparisons (random) size=131,072 -> 70.805 ms
[197.265s] BottomUpHeapsortSlowComparisons (random) size=262,144 -> 150.210 ms
[197.588s] BottomUpHeapsortSlowComparisons (random) size=524,288 -> 318.390 ms
[198.267s] BottomUpHeapsortSlowComparisons (random) size=1,048,576 -> 674.677 ms
[199.706s] BottomUpHeapsortSlowComparisons (random) size=2,097,152 -> 1433.853 ms
[202.796s] BottomUpHeapsortSlowComparisons (random) size=4,194,304 -> 3082.654 ms
[209.708s] BottomUpHeapsortSlowComparisons (random) size=8,388,608 -> 6901.643 ms
--- iteration 6 of 10 ---
[209.712s] HeapsortSlowComparisons (random) size=1,024 -> 0.606 ms
[209.717s] HeapsortSlowComparisons (random) size=2,048 -> 1.205 ms
[209.723s] HeapsortSlowComparisons (random) size=4,096 -> 2.705 ms
[209.732s] HeapsortSlowComparisons (random) size=8,192 -> 5.954 ms
[209.749s] HeapsortSlowComparisons (random) size=16,384 -> 12.930 ms
[209.780s] HeapsortSlowComparisons (random) size=32,768 -> 27.330 ms
[209.842s] HeapsortSlowComparisons (random) size=65,536 -> 58.817 ms
[209.971s] HeapsortSlowComparisons (random) size=131,072 -> 125.697 ms
[210.243s] HeapsortSlowComparisons (random) size=262,144 -> 267.964 ms
[210.817s] HeapsortSlowComparisons (random) size=524,288 -> 570.236 ms
[212.031s] HeapsortSlowComparisons (random) size=1,048,576 -> 1209.295 ms
[214.609s] HeapsortSlowComparisons (random) size=2,097,152 -> 2572.655 ms
[220.133s] HeapsortSlowComparisons (random) size=4,194,304 -> 5515.878 ms
[232.275s] HeapsortSlowComparisons (random) size=8,388,608 -> 12131.880 ms
[232.279s] BottomUpHeapsortSlowComparisons (random) size=1,024 -> 0.343 ms
[232.283s] BottomUpHeapsortSlowComparisons (random) size=2,048 -> 0.730 ms
[232.287s] BottomUpHeapsortSlowComparisons (random) size=4,096 -> 1.573 ms
[232.294s] BottomUpHeapsortSlowComparisons (random) size=8,192 -> 3.385 ms
[232.305s] BottomUpHeapsortSlowComparisons (random) size=16,384 -> 7.283 ms
[232.323s] BottomUpHeapsortSlowComparisons (random) size=32,768 -> 15.564 ms
[232.360s] BottomUpHeapsortSlowComparisons (random) size=65,536 -> 33.257 ms
[232.434s] BottomUpHeapsortSlowComparisons (random) size=131,072 -> 70.852 ms
[232.588s] BottomUpHeapsortSlowComparisons (random) size=262,144 -> 150.234 ms
[232.911s] BottomUpHeapsortSlowComparisons (random) size=524,288 -> 318.619 ms
[233.591s] BottomUpHeapsortSlowComparisons (random) size=1,048,576 -> 675.335 ms
[235.029s] BottomUpHeapsortSlowComparisons (random) size=2,097,152 -> 1432.700 ms
[238.116s] BottomUpHeapsortSlowComparisons (random) size=4,194,304 -> 3080.099 ms
[245.050s] BottomUpHeapsortSlowComparisons (random) size=8,388,608 -> 6923.778 ms
--- iteration 7 of 10 ---
[245.055s] HeapsortSlowComparisons (random) size=1,024 -> 0.556 ms
[245.059s] HeapsortSlowComparisons (random) size=2,048 -> 1.212 ms
[245.065s] HeapsortSlowComparisons (random) size=4,096 -> 2.707 ms
[245.074s] HeapsortSlowComparisons (random) size=8,192 -> 5.852 ms
[245.090s] HeapsortSlowComparisons (random) size=16,384 -> 12.656 ms
[245.121s] HeapsortSlowComparisons (random) size=32,768 -> 27.321 ms
[245.183s] HeapsortSlowComparisons (random) size=65,536 -> 58.828 ms
[245.312s] HeapsortSlowComparisons (random) size=131,072 -> 125.905 ms
[245.584s] HeapsortSlowComparisons (random) size=262,144 -> 268.222 ms
[246.158s] HeapsortSlowComparisons (random) size=524,288 -> 569.619 ms
[247.372s] HeapsortSlowComparisons (random) size=1,048,576 -> 1210.093 ms
[249.948s] HeapsortSlowComparisons (random) size=2,097,152 -> 2569.755 ms
[255.465s] HeapsortSlowComparisons (random) size=4,194,304 -> 5510.304 ms
[267.600s] HeapsortSlowComparisons (random) size=8,388,608 -> 12124.258 ms
[267.604s] BottomUpHeapsortSlowComparisons (random) size=1,024 -> 0.342 ms
[267.608s] BottomUpHeapsortSlowComparisons (random) size=2,048 -> 0.733 ms
[267.613s] BottomUpHeapsortSlowComparisons (random) size=4,096 -> 1.593 ms
[267.619s] BottomUpHeapsortSlowComparisons (random) size=8,192 -> 3.385 ms
[267.630s] BottomUpHeapsortSlowComparisons (random) size=16,384 -> 7.314 ms
[267.649s] BottomUpHeapsortSlowComparisons (random) size=32,768 -> 15.568 ms
[267.685s] BottomUpHeapsortSlowComparisons (random) size=65,536 -> 33.313 ms
[267.760s] BottomUpHeapsortSlowComparisons (random) size=131,072 -> 70.779 ms
[267.913s] BottomUpHeapsortSlowComparisons (random) size=262,144 -> 150.233 ms
[268.235s] BottomUpHeapsortSlowComparisons (random) size=524,288 -> 318.362 ms
[268.915s] BottomUpHeapsortSlowComparisons (random) size=1,048,576 -> 675.471 ms
[270.357s] BottomUpHeapsortSlowComparisons (random) size=2,097,152 -> 1436.924 ms
[273.455s] BottomUpHeapsortSlowComparisons (random) size=4,194,304 -> 3090.574 ms
[280.337s] BottomUpHeapsortSlowComparisons (random) size=8,388,608 -> 6870.602 ms
--- iteration 8 of 10 ---
[280.341s] HeapsortSlowComparisons (random) size=1,024 -> 0.549 ms
[280.345s] HeapsortSlowComparisons (random) size=2,048 -> 1.231 ms
[280.351s] HeapsortSlowComparisons (random) size=4,096 -> 2.672 ms
[280.360s] HeapsortSlowComparisons (random) size=8,192 -> 5.811 ms
[280.376s] HeapsortSlowComparisons (random) size=16,384 -> 12.658 ms
[280.407s] HeapsortSlowComparisons (random) size=32,768 -> 27.340 ms
[280.469s] HeapsortSlowComparisons (random) size=65,536 -> 58.860 ms
[280.598s] HeapsortSlowComparisons (random) size=131,072 -> 125.848 ms
[280.870s] HeapsortSlowComparisons (random) size=262,144 -> 268.022 ms
[281.444s] HeapsortSlowComparisons (random) size=524,288 -> 569.337 ms
[282.662s] HeapsortSlowComparisons (random) size=1,048,576 -> 1212.903 ms
[285.237s] HeapsortSlowComparisons (random) size=2,097,152 -> 2569.920 ms
[290.750s] HeapsortSlowComparisons (random) size=4,194,304 -> 5506.079 ms
[302.869s] HeapsortSlowComparisons (random) size=8,388,608 -> 12108.074 ms
[302.873s] BottomUpHeapsortSlowComparisons (random) size=1,024 -> 0.347 ms
[302.877s] BottomUpHeapsortSlowComparisons (random) size=2,048 -> 0.735 ms
[302.882s] BottomUpHeapsortSlowComparisons (random) size=4,096 -> 1.573 ms
[302.888s] BottomUpHeapsortSlowComparisons (random) size=8,192 -> 3.385 ms
[302.899s] BottomUpHeapsortSlowComparisons (random) size=16,384 -> 7.329 ms
[302.918s] BottomUpHeapsortSlowComparisons (random) size=32,768 -> 15.563 ms
[302.954s] BottomUpHeapsortSlowComparisons (random) size=65,536 -> 33.248 ms
[303.028s] BottomUpHeapsortSlowComparisons (random) size=131,072 -> 70.770 ms
[303.182s] BottomUpHeapsortSlowComparisons (random) size=262,144 -> 150.043 ms
[303.505s] BottomUpHeapsortSlowComparisons (random) size=524,288 -> 318.799 ms
[304.184s] BottomUpHeapsortSlowComparisons (random) size=1,048,576 -> 674.959 ms
[305.639s] BottomUpHeapsortSlowComparisons (random) size=2,097,152 -> 1449.925 ms
[308.761s] BottomUpHeapsortSlowComparisons (random) size=4,194,304 -> 3115.047 ms
[315.645s] BottomUpHeapsortSlowComparisons (random) size=8,388,608 -> 6873.443 ms
--- iteration 9 of 10 ---
[315.649s] HeapsortSlowComparisons (random) size=1,024 -> 0.549 ms
[315.654s] HeapsortSlowComparisons (random) size=2,048 -> 1.212 ms
[315.660s] HeapsortSlowComparisons (random) size=4,096 -> 2.665 ms
[315.669s] HeapsortSlowComparisons (random) size=8,192 -> 5.871 ms
[315.685s] HeapsortSlowComparisons (random) size=16,384 -> 12.650 ms
[315.715s] HeapsortSlowComparisons (random) size=32,768 -> 27.402 ms
[315.778s] HeapsortSlowComparisons (random) size=65,536 -> 58.759 ms
[315.907s] HeapsortSlowComparisons (random) size=131,072 -> 125.701 ms
[316.178s] HeapsortSlowComparisons (random) size=262,144 -> 268.061 ms
[316.752s] HeapsortSlowComparisons (random) size=524,288 -> 569.975 ms
[317.967s] HeapsortSlowComparisons (random) size=1,048,576 -> 1210.365 ms
[320.544s] HeapsortSlowComparisons (random) size=2,097,152 -> 2571.283 ms
[326.053s] HeapsortSlowComparisons (random) size=4,194,304 -> 5501.818 ms
[338.197s] HeapsortSlowComparisons (random) size=8,388,608 -> 12134.073 ms
[338.202s] BottomUpHeapsortSlowComparisons (random) size=1,024 -> 0.338 ms
[338.206s] BottomUpHeapsortSlowComparisons (random) size=2,048 -> 0.739 ms
[338.210s] BottomUpHeapsortSlowComparisons (random) size=4,096 -> 1.571 ms
[338.217s] BottomUpHeapsortSlowComparisons (random) size=8,192 -> 3.416 ms
[338.228s] BottomUpHeapsortSlowComparisons (random) size=16,384 -> 7.273 ms
[338.246s] BottomUpHeapsortSlowComparisons (random) size=32,768 -> 15.592 ms
[338.283s] BottomUpHeapsortSlowComparisons (random) size=65,536 -> 33.289 ms
[338.358s] BottomUpHeapsortSlowComparisons (random) size=131,072 -> 71.173 ms
[338.516s] BottomUpHeapsortSlowComparisons (random) size=262,144 -> 154.378 ms
[338.840s] BottomUpHeapsortSlowComparisons (random) size=524,288 -> 319.955 ms
[339.519s] BottomUpHeapsortSlowComparisons (random) size=1,048,576 -> 674.189 ms
[340.960s] BottomUpHeapsortSlowComparisons (random) size=2,097,152 -> 1435.423 ms
[344.053s] BottomUpHeapsortSlowComparisons (random) size=4,194,304 -> 3086.514 ms
[350.926s] BottomUpHeapsortSlowComparisons (random) size=8,388,608 -> 6862.004 ms
--- iteration 10 of 10 ---
[350.930s] HeapsortSlowComparisons (random) size=1,024 -> 0.570 ms
[350.934s] HeapsortSlowComparisons (random) size=2,048 -> 1.212 ms
[350.940s] HeapsortSlowComparisons (random) size=4,096 -> 2.715 ms
[350.950s] HeapsortSlowComparisons (random) size=8,192 -> 6.032 ms
[350.966s] HeapsortSlowComparisons (random) size=16,384 -> 12.685 ms
[350.996s] HeapsortSlowComparisons (random) size=32,768 -> 27.316 ms
[351.058s] HeapsortSlowComparisons (random) size=65,536 -> 58.743 ms
[351.188s] HeapsortSlowComparisons (random) size=131,072 -> 125.953 ms
[351.460s] HeapsortSlowComparisons (random) size=262,144 -> 268.237 ms
[352.033s] HeapsortSlowComparisons (random) size=524,288 -> 569.625 ms
[353.247s] HeapsortSlowComparisons (random) size=1,048,576 -> 1208.866 ms
[355.826s] HeapsortSlowComparisons (random) size=2,097,152 -> 2573.281 ms
[361.344s] HeapsortSlowComparisons (random) size=4,194,304 -> 5510.896 ms
[373.513s] HeapsortSlowComparisons (random) size=8,388,608 -> 12158.995 ms
[373.518s] BottomUpHeapsortSlowComparisons (random) size=1,024 -> 0.347 ms
[373.522s] BottomUpHeapsortSlowComparisons (random) size=2,048 -> 0.737 ms
[373.527s] BottomUpHeapsortSlowComparisons (random) size=4,096 -> 1.616 ms
[373.534s] BottomUpHeapsortSlowComparisons (random) size=8,192 -> 3.392 ms
[373.544s] BottomUpHeapsortSlowComparisons (random) size=16,384 -> 7.273 ms
[373.563s] BottomUpHeapsortSlowComparisons (random) size=32,768 -> 15.615 ms
[373.600s] BottomUpHeapsortSlowComparisons (random) size=65,536 -> 33.314 ms
[373.674s] BottomUpHeapsortSlowComparisons (random) size=131,072 -> 70.736 ms
[373.828s] BottomUpHeapsortSlowComparisons (random) size=262,144 -> 150.482 ms
[374.150s] BottomUpHeapsortSlowComparisons (random) size=524,288 -> 318.375 ms
[374.830s] BottomUpHeapsortSlowComparisons (random) size=1,048,576 -> 675.046 ms
[376.268s] BottomUpHeapsortSlowComparisons (random) size=2,097,152 -> 1432.845 ms
[379.355s] BottomUpHeapsortSlowComparisons (random) size=4,194,304 -> 3080.150 ms
[386.223s] BottomUpHeapsortSlowComparisons (random) size=8,388,608 -> 6857.771 ms
