profile=mergesort-vs-quicksort iterations=10 algorithms=2
--- warm up 1 of 2 ---
[0.250s] MergeSort (random) size=1,024 -> 0.212 ms
[0.256s] MergeSort (random) size=2,048 -> 0.138 ms
[0.262s] MergeSort (random) size=4,096 -> 0.252 ms
[0.267s] MergeSort (random) size=8,192 -> 0.454 ms
[0.273s] MergeSort (random) size=16,384 -> 0.805 ms
[0.280s] MergeSort (random) size=32,768 -> 1.643 ms
[0.289s] MergeSort (random) size=65,536 -> 3.397 ms
[0.301s] MergeSort (random) size=131,072 -> 7.207 ms
[0.322s] MergeSort (random) size=262,144 -> 15.285 ms
[0.358s] MergeSort (random) size=524,288 -> 30.925 ms
[0.430s] MergeSort (random) size=1,048,576 -> 65.258 ms
[0.572s] MergeSort (random) size=2,097,152 -> 135.088 ms
[0.863s] MergeSort (random) size=4,194,304 -> 281.632 ms
[0.867s] MergeSort (ascending) size=1,024 -> 0.025 ms
[0.870s] MergeSort (ascending) size=2,048 -> 0.040 ms
[0.873s] MergeSort (ascending) size=4,096 -> 0.072 ms
[0.876s] MergeSort (ascending) size=8,192 -> 0.122 ms
[0.880s] MergeSort (ascending) size=16,384 -> 0.243 ms
[0.883s] MergeSort (ascending) size=32,768 -> 0.505 ms
[0.887s] MergeSort (ascending) size=65,536 -> 0.990 ms
[0.892s] MergeSort (ascending) size=131,072 -> 1.983 ms
[0.900s] MergeSort (ascending) size=262,144 -> 4.252 ms
[0.912s] MergeSort (ascending) size=524,288 -> 8.515 ms
[0.933s] MergeSort (ascending) size=1,048,576 -> 18.386 ms
[0.975s] MergeSort (ascending) size=2,097,152 -> 37.569 ms
[1.041s] MergeSort (ascending) size=4,194,304 -> 62.368 ms
[1.045s] MergeSort (descending) size=1,024 -> 0.016 ms
[1.048s] MergeSort (descending) size=2,048 -> 0.029 ms
[1.051s] MergeSort (descending) size=4,096 -> 0.050 ms
[1.053s] MergeSort (descending) size=8,192 -> 0.094 ms
[1.057s] MergeSort (descending) size=16,384 -> 0.186 ms
[1.060s] MergeSort (descending) size=32,768 -> 0.395 ms
[1.064s] MergeSort (descending) size=65,536 -> 0.824 ms
[1.069s] MergeSort (descending) size=131,072 -> 1.597 ms
[1.075s] MergeSort (descending) size=262,144 -> 3.345 ms
[1.085s] MergeSort (descending) size=524,288 -> 6.858 ms
[1.103s] MergeSort (descending) size=1,048,576 -> 14.515 ms
[1.136s] MergeSort (descending) size=2,097,152 -> 29.630 ms
[1.205s] MergeSort (descending) size=4,194,304 -> 64.488 ms
[1.212s] QuicksortVariant1(pivot: MIDDLE) (random) size=1,024 -> 3.270 ms
[1.216s] QuicksortVariant1(pivot: MIDDLE) (random) size=2,048 -> 0.176 ms
[1.219s] QuicksortVariant1(pivot: MIDDLE) (random) size=4,096 -> 0.220 ms
[1.222s] QuicksortVariant1(pivot: MIDDLE) (random) size=8,192 -> 0.349 ms
[1.225s] QuicksortVariant1(pivot: MIDDLE) (random) size=16,384 -> 0.684 ms
[1.230s] QuicksortVariant1(pivot: MIDDLE) (random) size=32,768 -> 1.443 ms
[1.235s] QuicksortVariant1(pivot: MIDDLE) (random) size=65,536 -> 2.720 ms
[1.244s] QuicksortVariant1(pivot: MIDDLE) (random) size=131,072 -> 5.776 ms
[1.259s] QuicksortVariant1(pivot: MIDDLE) (random) size=262,144 -> 11.828 ms
[1.287s] QuicksortVariant1(pivot: MIDDLE) (random) size=524,288 -> 24.579 ms
[1.343s] QuicksortVariant1(pivot: MIDDLE) (random) size=1,048,576 -> 52.030 ms
[1.456s] QuicksortVariant1(pivot: MIDDLE) (random) size=2,097,152 -> 108.519 ms
[1.682s] QuicksortVariant1(pivot: MIDDLE) (random) size=4,194,304 -> 219.643 ms
[1.685s] QuicksortVariant1(pivot: MIDDLE) (ascending) size=1,024 -> 0.008 ms
[1.688s] QuicksortVariant1(pivot: MIDDLE) (ascending) size=2,048 -> 0.015 ms
[1.691s] QuicksortVariant1(pivot: MIDDLE) (ascending) size=4,096 -> 0.026 ms
[1.694s] QuicksortVariant1(pivot: MIDDLE) (ascending) size=8,192 -> 0.048 ms
[1.697s] QuicksortVariant1(pivot: MIDDLE) (ascending) size=16,384 -> 0.078 ms
[1.700s] QuicksortVariant1(pivot: MIDDLE) (ascending) size=32,768 -> 0.169 ms
[1.703s] QuicksortVariant1(pivot: MIDDLE) (ascending) size=65,536 -> 0.342 ms
[1.707s] QuicksortVariant1(pivot: MIDDLE) (ascending) size=131,072 -> 0.694 ms
[1.711s] QuicksortVariant1(pivot: MIDDLE) (ascending) size=262,144 -> 1.493 ms
[1.717s] QuicksortVariant1(pivot: MIDDLE) (ascending) size=524,288 -> 3.051 ms
[1.726s] QuicksortVariant1(pivot: MIDDLE) (ascending) size=1,048,576 -> 6.429 ms
[1.743s] QuicksortVariant1(pivot: MIDDLE) (ascending) size=2,097,152 -> 13.342 ms
[1.774s] QuicksortVariant1(pivot: MIDDLE) (ascending) size=4,194,304 -> 27.268 ms
[1.777s] QuicksortVariant1(pivot: MIDDLE) (descending) size=1,024 -> 0.009 ms
[1.780s] QuicksortVariant1(pivot: MIDDLE) (descending) size=2,048 -> 0.015 ms
[1.783s] QuicksortVariant1(pivot: MIDDLE) (descending) size=4,096 -> 0.028 ms
[1.786s] QuicksortVariant1(pivot: MIDDLE) (descending) size=8,192 -> 0.051 ms
[1.789s] QuicksortVariant1(pivot: MIDDLE) (descending) size=16,384 -> 0.097 ms
[1.791s] QuicksortVariant1(pivot: MIDDLE) (descending) size=32,768 -> 0.194 ms
[1.795s] QuicksortVariant1(pivot: MIDDLE) (descending) size=65,536 -> 0.394 ms
[1.798s] QuicksortVariant1(pivot: MIDDLE) (descending) size=131,072 -> 0.809 ms
[1.803s] QuicksortVariant1(pivot: MIDDLE) (descending) size=262,144 -> 1.654 ms
[1.809s] QuicksortVariant1(pivot: MIDDLE) (descending) size=524,288 -> 3.431 ms
[1.820s] QuicksortVariant1(pivot: MIDDLE) (descending) size=1,048,576 -> 7.239 ms
[1.838s] QuicksortVariant1(pivot: MIDDLE) (descending) size=2,097,152 -> 14.896 ms
[1.873s] QuicksortVariant1(pivot: MIDDLE) (descending) size=4,194,304 -> 30.913 ms
--- warm up 2 of 2 ---
[1.876s] MergeSort (random) size=1,024 -> 0.045 ms
[1.879s] MergeSort (random) size=2,048 -> 0.081 ms
[1.882s] MergeSort (random) size=4,096 -> 0.165 ms
[1.885s] MergeSort (random) size=8,192 -> 0.335 ms
[1.889s] MergeSort (random) size=16,384 -> 0.718 ms
[1.893s] MergeSort (random) size=32,768 -> 1.467 ms
[1.899s] MergeSort (random) size=65,536 -> 3.165 ms
[1.909s] MergeSort (random) size=131,072 -> 6.645 ms
[1.926s] MergeSort (random) size=262,144 -> 14.069 ms
[1.959s] MergeSort (random) size=524,288 -> 29.587 ms
[2.025s] MergeSort (random) size=1,048,576 -> 62.281 ms
[2.162s] MergeSort (random) size=2,097,152 -> 131.866 ms
[2.444s] MergeSort (random) size=4,194,304 -> 275.650 ms
[2.447s] MergeSort (ascending) size=1,024 -> 0.017 ms
[2.450s] MergeSort (ascending) size=2,048 -> 0.025 ms
[2.453s] MergeSort (ascending) size=4,096 -> 0.050 ms
[2.456s] MergeSort (ascending) size=8,192 -> 0.080 ms
[2.459s] MergeSort (ascending) size=16,384 -> 0.177 ms
[2.462s] MergeSort (ascending) size=32,768 -> 0.362 ms
[2.466s] MergeSort (ascending) size=65,536 -> 0.734 ms
[2.470s] MergeSort (ascending) size=131,072 -> 1.476 ms
[2.476s] MergeSort (ascending) size=262,144 -> 3.194 ms
[2.486s] MergeSort (ascending) size=524,288 -> 6.448 ms
[2.503s] MergeSort (ascending) size=1,048,576 -> 14.073 ms
[2.536s] MergeSort (ascending) size=2,097,152 -> 28.729 ms
[2.600s] MergeSort (ascending) size=4,194,304 -> 60.157 ms
[2.603s] MergeSort (descending) size=1,024 -> 0.016 ms
[2.606s] MergeSort (descending) size=2,048 -> 0.029 ms
[2.609s] MergeSort (descending) size=4,096 -> 0.047 ms
[2.612s] MergeSort (descending) size=8,192 -> 0.101 ms
[2.615s] MergeSort (descending) size=16,384 -> 0.188 ms
[2.618s] MergeSort (descending) size=32,768 -> 0.365 ms
[2.621s] MergeSort (descending) size=65,536 -> 0.749 ms
[2.626s] MergeSort (descending) size=131,072 -> 1.521 ms
[2.632s] MergeSort (descending) size=262,144 -> 3.302 ms
[2.642s] MergeSort (descending) size=524,288 -> 6.780 ms
[2.659s] MergeSort (descending) size=1,048,576 -> 14.143 ms
[2.692s] MergeSort (descending) size=2,097,152 -> 29.285 ms
[2.760s] MergeSort (descending) size=4,194,304 -> 63.200 ms
[2.763s] QuicksortVariant1(pivot: MIDDLE) (random) size=1,024 -> 0.039 ms
[2.766s] QuicksortVariant1(pivot: MIDDLE) (random) size=2,048 -> 0.073 ms
[2.769s] QuicksortVariant1(pivot: MIDDLE) (random) size=4,096 -> 0.140 ms
[2.772s] QuicksortVariant1(pivot: MIDDLE) (random) size=8,192 -> 0.297 ms
[2.775s] QuicksortVariant1(pivot: MIDDLE) (random) size=16,384 -> 0.597 ms
[2.779s] QuicksortVariant1(pivot: MIDDLE) (random) size=32,768 -> 1.230 ms
[2.785s] QuicksortVariant1(pivot: MIDDLE) (random) size=65,536 -> 2.644 ms
[2.793s] QuicksortVariant1(pivot: MIDDLE) (random) size=131,072 -> 5.513 ms
[2.808s] QuicksortVariant1(pivot: MIDDLE) (random) size=262,144 -> 11.778 ms
[2.836s] QuicksortVariant1(pivot: MIDDLE) (random) size=524,288 -> 24.749 ms
[2.891s] QuicksortVariant1(pivot: MIDDLE) (random) size=1,048,576 -> 51.573 ms
[3.002s] QuicksortVariant1(pivot: MIDDLE) (random) size=2,097,152 -> 106.525 ms
[3.232s] QuicksortVariant1(pivot: MIDDLE) (random) size=4,194,304 -> 223.428 ms
[3.235s] QuicksortVariant1(pivot: MIDDLE) (ascending) size=1,024 -> 0.008 ms
[3.238s] QuicksortVariant1(pivot: MIDDLE) (ascending) size=2,048 -> 0.012 ms
[3.241s] QuicksortVariant1(pivot: MIDDLE) (ascending) size=4,096 -> 0.021 ms
[3.244s] QuicksortVariant1(pivot: MIDDLE) (ascending) size=8,192 -> 0.040 ms
[3.247s] QuicksortVariant1(pivot: MIDDLE) (ascending) size=16,384 -> 0.080 ms
[3.250s] QuicksortVariant1(pivot: MIDDLE) (ascending) size=32,768 -> 0.174 ms
[3.253s] QuicksortVariant1(pivot: MIDDLE) (ascending) size=65,536 -> 0.336 ms
[3.256s] QuicksortVariant1(pivot: MIDDLE) (ascending) size=131,072 -> 0.711 ms
[3.261s] QuicksortVariant1(pivot: MIDDLE) (ascending) size=262,144 -> 1.484 ms
[3.267s] QuicksortVariant1(pivot: MIDDLE) (ascending) size=524,288 -> 3.063 ms
[3.276s] QuicksortVariant1(pivot: MIDDLE) (ascending) size=1,048,576 -> 6.209 ms
[3.293s] QuicksortVariant1(pivot: MIDDLE) (ascending) size=2,097,152 -> 13.192 ms
[3.325s] QuicksortVariant1(pivot: MIDDLE) (ascending) size=4,194,304 -> 27.930 ms
[3.328s] QuicksortVariant1(pivot: MIDDLE) (descending) size=1,024 -> 0.009 ms
[3.330s] QuicksortVariant1(pivot: MIDDLE) (descending) size=2,048 -> 0.016 ms
[3.333s] QuicksortVariant1(pivot: MIDDLE) (descending) size=4,096 -> 0.029 ms
[3.336s] QuicksortVariant1(pivot: MIDDLE) (descending) size=8,192 -> 0.052 ms
[3.339s] QuicksortVariant1(pivot: MIDDLE) (descending) size=16,384 -> 0.097 ms
[3.342s] QuicksortVariant1(pivot: MIDDLE) (descending) size=32,768 -> 0.186 ms
[3.345s] QuicksortVariant1(pivot: MIDDLE) (descending) size=65,536 -> 0.404 ms
[3.349s] QuicksortVariant1(pivot: MIDDLE) (descending) size=131,072 -> 0.821 ms
[3.353s] QuicksortVariant1(pivot: MIDDLE) (descending) size=262,144 -> 1.688 ms
[3.359s] QuicksortVariant1(pivot: MIDDLE) (descending) size=524,288 -> 3.430 ms
[3.370s] QuicksortVariant1(pivot: MIDDLE) (descending) size=1,048,576 -> 7.266 ms
[3.388s] QuicksortVariant1(pivot: MIDDLE) (descending) size=2,097,152 -> 14.786 ms
[3.423s] QuicksortVariant1(pivot: MIDDLE) (descending) size=4,194,304 -> 31.014 ms
--- iteration 1 of 10 ---
[3.426s] MergeSort (random) size=1,024 -> 0.046 ms
[3.429s] MergeSort (random) size=2,048 -> 0.075 ms
[3.432s] MergeSort (random) size=4,096 -> 0.176 ms
[3.436s] MergeSort (random) size=8,192 -> 0.337 ms
[3.439s] MergeSort (random) size=16,384 -> 0.710 ms
[3.444s] MergeSort (random) size=32,768 -> 1.499 ms
[3.450s] MergeSort (random) size=65,536 -> 3.176 ms
[3.459s] MergeSort (random) size=131,072 -> 6.628 ms
[3.477s] MergeSort (random) size=262,144 -> 14.177 ms
[3.510s] MergeSort (random) size=524,288 -> 29.721 ms
[3.576s] MergeSort (random) size=1,048,576 -> 62.357 ms
[3.715s] MergeSort (random) size=2,097,152 -> 133.990 ms
[3.996s] MergeSort (random) size=4,194,304 -> 275.138 ms
[4.583s] MergeSort (random) size=8,388,608 -> 577.208 ms
[5.806s] MergeSort (random) size=16,777,216 -> 1207.608 ms
[8.424s] MergeSort (random) size=33,554,432 -> 2584.550 ms
[13.675s] MergeSort (random) size=67,108,864 -> 5196.735 ms
[24.775s] MergeSort (random) size=134,217,728 -> 10976.455 ms
[47.515s] MergeSort (random) size=268,435,456 -> 22534.937 ms
[47.520s] MergeSort (ascending) size=1,024 -> 0.022 ms
[47.525s] MergeSort (ascending) size=2,048 -> 0.034 ms
[47.530s] MergeSort (ascending) size=4,096 -> 0.053 ms
[47.535s] MergeSort (ascending) size=8,192 -> 0.110 ms
[47.540s] MergeSort (ascending) size=16,384 -> 0.183 ms
[47.545s] MergeSort (ascending) size=32,768 -> 0.369 ms
[47.550s] MergeSort (ascending) size=65,536 -> 0.745 ms
[47.556s] MergeSort (ascending) size=131,072 -> 1.477 ms
[47.564s] MergeSort (ascending) size=262,144 -> 3.222 ms
[47.575s] MergeSort (ascending) size=524,288 -> 6.663 ms
[47.594s] MergeSort (ascending) size=1,048,576 -> 14.059 ms
[47.627s] MergeSort (ascending) size=2,097,152 -> 28.072 ms
[47.692s] MergeSort (ascending) size=4,194,304 -> 60.186 ms
[47.821s] MergeSort (ascending) size=8,388,608 -> 121.516 ms
[48.084s] MergeSort (ascending) size=16,777,216 -> 254.314 ms
[48.612s] MergeSort (ascending) size=33,554,432 -> 515.237 ms
[49.714s] MergeSort (ascending) size=67,108,864 -> 1080.828 ms
[51.939s] MergeSort (ascending) size=134,217,728 -> 2186.153 ms
[56.566s] MergeSort (ascending) size=268,435,456 -> 4555.987 ms
[56.571s] MergeSort (descending) size=1,024 -> 0.016 ms
[56.575s] MergeSort (descending) size=2,048 -> 0.034 ms
[56.579s] MergeSort (descending) size=4,096 -> 0.054 ms
[56.583s] MergeSort (descending) size=8,192 -> 0.094 ms
[56.588s] MergeSort (descending) size=16,384 -> 0.197 ms
[56.592s] MergeSort (descending) size=32,768 -> 0.390 ms
[56.597s] MergeSort (descending) size=65,536 -> 0.806 ms
[56.603s] MergeSort (descending) size=131,072 -> 1.485 ms
[56.610s] MergeSort (descending) size=262,144 -> 3.186 ms
[56.621s] MergeSort (descending) size=524,288 -> 6.879 ms
[56.640s] MergeSort (descending) size=1,048,576 -> 14.687 ms
[56.675s] MergeSort (descending) size=2,097,152 -> 29.583 ms
[56.743s] MergeSort (descending) size=4,194,304 -> 62.484 ms
[56.876s] MergeSort (descending) size=8,388,608 -> 126.443 ms
[57.153s] MergeSort (descending) size=16,777,216 -> 268.449 ms
[57.708s] MergeSort (descending) size=33,554,432 -> 541.895 ms
[58.878s] MergeSort (descending) size=67,108,864 -> 1148.361 ms
[61.209s] MergeSort (descending) size=134,217,728 -> 2293.015 ms
[66.106s] MergeSort (descending) size=268,435,456 -> 4825.175 ms
[66.110s] QuicksortVariant1(pivot: MIDDLE) (random) size=1,024 -> 0.042 ms
[66.115s] QuicksortVariant1(pivot: MIDDLE) (random) size=2,048 -> 0.077 ms
[66.119s] QuicksortVariant1(pivot: MIDDLE) (random) size=4,096 -> 0.143 ms
[66.123s] QuicksortVariant1(pivot: MIDDLE) (random) size=8,192 -> 0.299 ms
[66.128s] QuicksortVariant1(pivot: MIDDLE) (random) size=16,384 -> 0.601 ms
[66.134s] QuicksortVariant1(pivot: MIDDLE) (random) size=32,768 -> 1.307 ms
[66.141s] QuicksortVariant1(pivot: MIDDLE) (random) size=65,536 -> 2.728 ms
[66.151s] QuicksortVariant1(pivot: MIDDLE) (random) size=131,072 -> 5.783 ms
[66.168s] QuicksortVariant1(pivot: MIDDLE) (random) size=262,144 -> 12.441 ms
[66.197s] QuicksortVariant1(pivot: MIDDLE) (random) size=524,288 -> 24.471 ms
[66.253s] QuicksortVariant1(pivot: MIDDLE) (random) size=1,048,576 -> 50.870 ms
[66.367s] QuicksortVariant1(pivot: MIDDLE) (random) size=2,097,152 -> 108.337 ms
[66.597s] QuicksortVariant1(pivot: MIDDLE) (random) size=4,194,304 -> 222.497 ms
[67.064s] QuicksortVariant1(pivot: MIDDLE) (random) size=8,388,608 -> 456.981 ms
[68.028s] QuicksortVariant1(pivot: MIDDLE) (random) size=16,777,216 -> 947.164 ms
[70.054s] QuicksortVariant1(pivot: MIDDLE) (random) size=33,554,432 -> 1996.998 ms
[74.247s] QuicksortVariant1(pivot: MIDDLE) (random) size=67,108,864 -> 4139.570 ms
[82.948s] QuicksortVariant1(pivot: MIDDLE) (random) size=134,217,728 -> 8599.319 ms
[101.079s] QuicksortVariant1(pivot: MIDDLE) (random) size=268,435,456 -> 17934.225 ms
[101.083s] QuicksortVariant1(pivot: MIDDLE) (ascending) size=1,024 -> 0.008 ms
[101.088s] QuicksortVariant1(pivot: MIDDLE) (ascending) size=2,048 -> 0.015 ms
[101.092s] QuicksortVariant1(pivot: MIDDLE) (ascending) size=4,096 -> 0.026 ms
[101.096s] QuicksortVariant1(pivot: MIDDLE) (ascending) size=8,192 -> 0.048 ms
[101.100s] QuicksortVariant1(pivot: MIDDLE) (ascending) size=16,384 -> 0.087 ms
[101.104s] QuicksortVariant1(pivot: MIDDLE) (ascending) size=32,768 -> 0.173 ms
[101.109s] QuicksortVariant1(pivot: MIDDLE) (ascending) size=65,536 -> 0.347 ms
[101.113s] QuicksortVariant1(pivot: MIDDLE) (ascending) size=131,072 -> 0.703 ms
[101.119s] QuicksortVariant1(pivot: MIDDLE) (ascending) size=262,144 -> 1.513 ms
[101.126s] QuicksortVariant1(pivot: MIDDLE) (ascending) size=524,288 -> 3.031 ms
[101.137s] QuicksortVariant1(pivot: MIDDLE) (ascending) size=1,048,576 -> 6.392 ms
[101.155s] QuicksortVariant1(pivot: MIDDLE) (ascending) size=2,097,152 -> 13.359 ms
[101.189s] QuicksortVariant1(pivot: MIDDLE) (ascending) size=4,194,304 -> 28.545 ms
[101.253s] QuicksortVariant1(pivot: MIDDLE) (ascending) size=8,388,608 -> 57.738 ms
[101.380s] QuicksortVariant1(pivot: MIDDLE) (ascending) size=16,777,216 -> 118.968 ms
[101.640s] QuicksortVariant1(pivot: MIDDLE) (ascending) size=33,554,432 -> 246.694 ms
[102.165s] QuicksortVariant1(pivot: MIDDLE) (ascending) size=67,108,864 -> 504.058 ms
[103.253s] QuicksortVariant1(pivot: MIDDLE) (ascending) size=134,217,728 -> 1049.772 ms
[105.477s] QuicksortVariant1(pivot: MIDDLE) (ascending) size=268,435,456 -> 2153.573 ms
[110.094s] QuicksortVariant1(pivot: MIDDLE) (ascending) size=536,870,912 -> 4476.539 ms
[110.098s] QuicksortVariant1(pivot: MIDDLE) (descending) size=1,024 -> 0.010 ms
[110.102s] QuicksortVariant1(pivot: MIDDLE) (descending) size=2,048 -> 0.017 ms
[110.105s] QuicksortVariant1(pivot: MIDDLE) (descending) size=4,096 -> 0.030 ms
[110.109s] QuicksortVariant1(pivot: MIDDLE) (descending) size=8,192 -> 0.055 ms
[110.113s] QuicksortVariant1(pivot: MIDDLE) (descending) size=16,384 -> 0.108 ms
[110.116s] QuicksortVariant1(pivot: MIDDLE) (descending) size=32,768 -> 0.202 ms
[110.121s] QuicksortVariant1(pivot: MIDDLE) (descending) size=65,536 -> 0.398 ms
[110.125s] QuicksortVariant1(pivot: MIDDLE) (descending) size=131,072 -> 0.817 ms
[110.130s] QuicksortVariant1(pivot: MIDDLE) (descending) size=262,144 -> 1.686 ms
[110.138s] QuicksortVariant1(pivot: MIDDLE) (descending) size=524,288 -> 3.514 ms
[110.149s] QuicksortVariant1(pivot: MIDDLE) (descending) size=1,048,576 -> 7.209 ms
[110.168s] QuicksortVariant1(pivot: MIDDLE) (descending) size=2,097,152 -> 15.144 ms
[110.204s] QuicksortVariant1(pivot: MIDDLE) (descending) size=4,194,304 -> 30.941 ms
[110.275s] QuicksortVariant1(pivot: MIDDLE) (descending) size=8,388,608 -> 64.682 ms
[110.416s] QuicksortVariant1(pivot: MIDDLE) (descending) size=16,777,216 -> 132.903 ms
[110.703s] QuicksortVariant1(pivot: MIDDLE) (descending) size=33,554,432 -> 275.382 ms
[111.289s] QuicksortVariant1(pivot: MIDDLE) (descending) size=67,108,864 -> 565.175 ms
[112.494s] QuicksortVariant1(pivot: MIDDLE) (descending) size=134,217,728 -> 1166.956 ms
[114.943s] QuicksortVariant1(pivot: MIDDLE) (descending) size=268,435,456 -> 2379.018 ms
[119.991s] QuicksortVariant1(pivot: MIDDLE) (descending) size=536,870,912 -> 4908.671 ms
--- iteration 2 of 10 ---
[119.996s] MergeSort (random) size=1,024 -> 0.065 ms
[119.999s] MergeSort (random) size=2,048 -> 0.089 ms
[120.003s] MergeSort (random) size=4,096 -> 0.166 ms
[120.007s] MergeSort (random) size=8,192 -> 0.337 ms
[120.011s] MergeSort (random) size=16,384 -> 0.720 ms
[120.016s] MergeSort (random) size=32,768 -> 1.502 ms
[120.023s] MergeSort (random) size=65,536 -> 3.207 ms
[120.033s] MergeSort (random) size=131,072 -> 6.705 ms
[120.052s] MergeSort (random) size=262,144 -> 14.208 ms
[120.085s] MergeSort (random) size=524,288 -> 29.725 ms
[120.152s] MergeSort (random) size=1,048,576 -> 62.497 ms
[120.288s] MergeSort (random) size=2,097,152 -> 130.613 ms
[120.570s] MergeSort (random) size=4,194,304 -> 274.196 ms
[121.152s] MergeSort (random) size=8,388,608 -> 571.848 ms
[122.362s] MergeSort (random) size=16,777,216 -> 1194.579 ms
[124.865s] MergeSort (random) size=33,554,432 -> 2474.725 ms
[130.099s] MergeSort (random) size=67,108,864 -> 5180.639 ms
[140.862s] MergeSort (random) size=134,217,728 -> 10662.481 ms
[163.271s] MergeSort (random) size=268,435,456 -> 22212.179 ms
[163.275s] MergeSort (ascending) size=1,024 -> 0.019 ms
[163.279s] MergeSort (ascending) size=2,048 -> 0.031 ms
[163.282s] MergeSort (ascending) size=4,096 -> 0.054 ms
[163.286s] MergeSort (ascending) size=8,192 -> 0.093 ms
[163.289s] MergeSort (ascending) size=16,384 -> 0.181 ms
[163.293s] MergeSort (ascending) size=32,768 -> 0.355 ms
[163.297s] MergeSort (ascending) size=65,536 -> 0.755 ms
[163.302s] MergeSort (ascending) size=131,072 -> 1.483 ms
[163.309s] MergeSort (ascending) size=262,144 -> 3.225 ms
[163.319s] MergeSort (ascending) size=524,288 -> 6.623 ms
[163.337s] MergeSort (ascending) size=1,048,576 -> 14.146 ms
[163.370s] MergeSort (ascending) size=2,097,152 -> 28.084 ms
[163.435s] MergeSort (ascending) size=4,194,304 -> 60.110 ms
[163.561s] MergeSort (ascending) size=8,388,608 -> 120.643 ms
[163.825s] MergeSort (ascending) size=16,777,216 -> 255.446 ms
[164.348s] MergeSort (ascending) size=33,554,432 -> 510.283 ms
[165.448s] MergeSort (ascending) size=67,108,864 -> 1079.188 ms
[167.653s] MergeSort (ascending) size=134,217,728 -> 2166.799 ms
[172.311s] MergeSort (ascending) size=268,435,456 -> 4588.153 ms
[172.315s] MergeSort (descending) size=1,024 -> 0.018 ms
[172.319s] MergeSort (descending) size=2,048 -> 0.031 ms
[172.322s] MergeSort (descending) size=4,096 -> 0.062 ms
[172.326s] MergeSort (descending) size=8,192 -> 0.094 ms
[172.329s] MergeSort (descending) size=16,384 -> 0.192 ms
[172.333s] MergeSort (descending) size=32,768 -> 0.365 ms
[172.337s] MergeSort (descending) size=65,536 -> 0.774 ms
[172.342s] MergeSort (descending) size=131,072 -> 1.491 ms
[172.349s] MergeSort (descending) size=262,144 -> 3.299 ms
[172.360s] MergeSort (descending) size=524,288 -> 6.886 ms
[172.378s] MergeSort (descending) size=1,048,576 -> 14.598 ms
[172.412s] MergeSort (descending) size=2,097,152 -> 29.394 ms
[172.480s] MergeSort (descending) size=4,194,304 -> 62.616 ms
[172.613s] MergeSort (descending) size=8,388,608 -> 127.282 ms
[172.890s] MergeSort (descending) size=16,777,216 -> 269.102 ms
[173.448s] MergeSort (descending) size=33,554,432 -> 545.309 ms
[174.621s] MergeSort (descending) size=67,108,864 -> 1151.825 ms
[176.946s] MergeSort (descending) size=134,217,728 -> 2286.308 ms
[181.842s] MergeSort (descending) size=268,435,456 -> 4826.139 ms
[181.846s] QuicksortVariant1(pivot: MIDDLE) (random) size=1,024 -> 0.043 ms
[181.850s] QuicksortVariant1(pivot: MIDDLE) (random) size=2,048 -> 0.072 ms
[181.853s] QuicksortVariant1(pivot: MIDDLE) (random) size=4,096 -> 0.148 ms
[181.857s] QuicksortVariant1(pivot: MIDDLE) (random) size=8,192 -> 0.309 ms
[181.861s] QuicksortVariant1(pivot: MIDDLE) (random) size=16,384 -> 0.601 ms
[181.866s] QuicksortVariant1(pivot: MIDDLE) (random) size=32,768 -> 1.277 ms
[181.872s] QuicksortVariant1(pivot: MIDDLE) (random) size=65,536 -> 2.749 ms
[181.881s] QuicksortVariant1(pivot: MIDDLE) (random) size=131,072 -> 5.591 ms
[181.897s] QuicksortVariant1(pivot: MIDDLE) (random) size=262,144 -> 11.816 ms
[181.925s] QuicksortVariant1(pivot: MIDDLE) (random) size=524,288 -> 24.203 ms
[181.981s] QuicksortVariant1(pivot: MIDDLE) (random) size=1,048,576 -> 51.689 ms
[182.092s] QuicksortVariant1(pivot: MIDDLE) (random) size=2,097,152 -> 106.592 ms
[182.318s] QuicksortVariant1(pivot: MIDDLE) (random) size=4,194,304 -> 218.828 ms
[182.790s] QuicksortVariant1(pivot: MIDDLE) (random) size=8,388,608 -> 462.146 ms
[183.754s] QuicksortVariant1(pivot: MIDDLE) (random) size=16,777,216 -> 947.269 ms
[185.784s] QuicksortVariant1(pivot: MIDDLE) (random) size=33,554,432 -> 2000.709 ms
[189.960s] QuicksortVariant1(pivot: MIDDLE) (random) size=67,108,864 -> 4123.992 ms
[198.675s] QuicksortVariant1(pivot: MIDDLE) (random) size=134,217,728 -> 8615.649 ms
[216.853s] QuicksortVariant1(pivot: MIDDLE) (random) size=268,435,456 -> 17981.806 ms
[216.857s] QuicksortVariant1(pivot: MIDDLE) (ascending) size=1,024 -> 0.011 ms
[216.861s] QuicksortVariant1(pivot: MIDDLE) (ascending) size=2,048 -> 0.016 ms
[216.864s] QuicksortVariant1(pivot: MIDDLE) (ascending) size=4,096 -> 0.032 ms
[216.867s] QuicksortVariant1(pivot: MIDDLE) (ascending) size=8,192 -> 0.050 ms
[216.871s] QuicksortVariant1(pivot: MIDDLE) (ascending) size=16,384 -> 0.081 ms
[216.875s] QuicksortVariant1(pivot: MIDDLE) (ascending) size=32,768 -> 0.172 ms
[216.878s] QuicksortVariant1(pivot: MIDDLE) (ascending) size=65,536 -> 0.356 ms
[216.882s] QuicksortVariant1(pivot: MIDDLE) (ascending) size=131,072 -> 0.706 ms
[216.887s] QuicksortVariant1(pivot: MIDDLE) (ascending) size=262,144 -> 1.476 ms
[216.894s] QuicksortVariant1(pivot: MIDDLE) (ascending) size=524,288 -> 3.018 ms
[216.904s] QuicksortVariant1(pivot: MIDDLE) (ascending) size=1,048,576 -> 6.334 ms
[216.922s] QuicksortVariant1(pivot: MIDDLE) (ascending) size=2,097,152 -> 13.438 ms
[216.954s] QuicksortVariant1(pivot: MIDDLE) (ascending) size=4,194,304 -> 27.829 ms
[217.017s] QuicksortVariant1(pivot: MIDDLE) (ascending) size=8,388,608 -> 57.397 ms
[217.143s] QuicksortVariant1(pivot: MIDDLE) (ascending) size=16,777,216 -> 117.961 ms
[217.401s] QuicksortVariant1(pivot: MIDDLE) (ascending) size=33,554,432 -> 245.408 ms
[217.924s] QuicksortVariant1(pivot: MIDDLE) (ascending) size=67,108,864 -> 502.864 ms
[219.008s] QuicksortVariant1(pivot: MIDDLE) (ascending) size=134,217,728 -> 1046.978 ms
[221.217s] QuicksortVariant1(pivot: MIDDLE) (ascending) size=268,435,456 -> 2138.974 ms
[225.810s] QuicksortVariant1(pivot: MIDDLE) (ascending) size=536,870,912 -> 4454.673 ms
[225.814s] QuicksortVariant1(pivot: MIDDLE) (descending) size=1,024 -> 0.011 ms
[225.817s] QuicksortVariant1(pivot: MIDDLE) (descending) size=2,048 -> 0.019 ms
[225.821s] QuicksortVariant1(pivot: MIDDLE) (descending) size=4,096 -> 0.033 ms
[225.824s] QuicksortVariant1(pivot: MIDDLE) (descending) size=8,192 -> 0.054 ms
[225.828s] QuicksortVariant1(pivot: MIDDLE) (descending) size=16,384 -> 0.103 ms
[225.831s] QuicksortVariant1(pivot: MIDDLE) (descending) size=32,768 -> 0.210 ms
[225.835s] QuicksortVariant1(pivot: MIDDLE) (descending) size=65,536 -> 0.393 ms
[225.839s] QuicksortVariant1(pivot: MIDDLE) (descending) size=131,072 -> 0.818 ms
[225.844s] QuicksortVariant1(pivot: MIDDLE) (descending) size=262,144 -> 1.643 ms
[225.851s] QuicksortVariant1(pivot: MIDDLE) (descending) size=524,288 -> 3.445 ms
[225.862s] QuicksortVariant1(pivot: MIDDLE) (descending) size=1,048,576 -> 7.201 ms
[225.881s] QuicksortVariant1(pivot: MIDDLE) (descending) size=2,097,152 -> 15.094 ms
[225.917s] QuicksortVariant1(pivot: MIDDLE) (descending) size=4,194,304 -> 30.942 ms
[225.987s] QuicksortVariant1(pivot: MIDDLE) (descending) size=8,388,608 -> 64.692 ms
[226.130s] QuicksortVariant1(pivot: MIDDLE) (descending) size=16,777,216 -> 134.246 ms
[226.424s] QuicksortVariant1(pivot: MIDDLE) (descending) size=33,554,432 -> 281.743 ms
[227.007s] QuicksortVariant1(pivot: MIDDLE) (descending) size=67,108,864 -> 562.180 ms
[228.216s] QuicksortVariant1(pivot: MIDDLE) (descending) size=134,217,728 -> 1172.151 ms
[230.663s] QuicksortVariant1(pivot: MIDDLE) (descending) size=268,435,456 -> 2377.323 ms
[235.685s] QuicksortVariant1(pivot: MIDDLE) (descending) size=536,870,912 -> 4882.019 ms
--- iteration 3 of 10 ---
[235.689s] MergeSort (random) size=1,024 -> 0.047 ms
[235.692s] MergeSort (random) size=2,048 -> 0.087 ms
[235.696s] MergeSort (random) size=4,096 -> 0.180 ms
[235.700s] MergeSort (random) size=8,192 -> 0.334 ms
[235.704s] MergeSort (random) size=16,384 -> 0.726 ms
[235.709s] MergeSort (random) size=32,768 -> 1.491 ms
[235.715s] MergeSort (random) size=65,536 -> 3.175 ms
[235.725s] MergeSort (random) size=131,072 -> 6.671 ms
[235.743s] MergeSort (random) size=262,144 -> 14.202 ms
[235.777s] MergeSort (random) size=524,288 -> 29.695 ms
[235.844s] MergeSort (random) size=1,048,576 -> 62.456 ms
[235.980s] MergeSort (random) size=2,097,152 -> 130.698 ms
[236.261s] MergeSort (random) size=4,194,304 -> 273.949 ms
[236.844s] MergeSort (random) size=8,388,608 -> 573.117 ms
[238.054s] MergeSort (random) size=16,777,216 -> 1193.746 ms
[240.554s] MergeSort (random) size=33,554,432 -> 2471.628 ms
[245.760s] MergeSort (random) size=67,108,864 -> 5153.390 ms
[256.534s] MergeSort (random) size=134,217,728 -> 10674.010 ms
[278.976s] MergeSort (random) size=268,435,456 -> 22245.535 ms
[278.980s] MergeSort (ascending) size=1,024 -> 0.030 ms
[278.984s] MergeSort (ascending) size=2,048 -> 0.041 ms
[278.987s] MergeSort (ascending) size=4,096 -> 0.073 ms
[278.991s] MergeSort (ascending) size=8,192 -> 0.139 ms
[278.994s] MergeSort (ascending) size=16,384 -> 0.245 ms
[278.998s] MergeSort (ascending) size=32,768 -> 0.510 ms
[279.003s] MergeSort (ascending) size=65,536 -> 1.055 ms
[279.008s] MergeSort (ascending) size=131,072 -> 1.705 ms
[279.015s] MergeSort (ascending) size=262,144 -> 3.305 ms
[279.025s] MergeSort (ascending) size=524,288 -> 6.693 ms
[279.043s] MergeSort (ascending) size=1,048,576 -> 13.905 ms
[279.076s] MergeSort (ascending) size=2,097,152 -> 28.263 ms
[279.141s] MergeSort (ascending) size=4,194,304 -> 59.935 ms
[279.268s] MergeSort (ascending) size=8,388,608 -> 120.929 ms
[279.531s] MergeSort (ascending) size=16,777,216 -> 254.800 ms
[280.055s] MergeSort (ascending) size=33,554,432 -> 511.525 ms
[281.155s] MergeSort (ascending) size=67,108,864 -> 1080.150 ms
[283.367s] MergeSort (ascending) size=134,217,728 -> 2173.568 ms
[288.029s] MergeSort (ascending) size=268,435,456 -> 4591.627 ms
[288.034s] MergeSort (descending) size=1,024 -> 0.033 ms
[288.037s] MergeSort (descending) size=2,048 -> 0.038 ms
[288.041s] MergeSort (descending) size=4,096 -> 0.075 ms
[288.045s] MergeSort (descending) size=8,192 -> 0.127 ms
[288.049s] MergeSort (descending) size=16,384 -> 0.255 ms
[288.054s] MergeSort (descending) size=32,768 -> 0.518 ms
[288.059s] MergeSort (descending) size=65,536 -> 1.080 ms
[288.065s] MergeSort (descending) size=131,072 -> 1.851 ms
[288.071s] MergeSort (descending) size=262,144 -> 3.274 ms
[288.082s] MergeSort (descending) size=524,288 -> 6.873 ms
[288.100s] MergeSort (descending) size=1,048,576 -> 14.627 ms
[288.134s] MergeSort (descending) size=2,097,152 -> 29.354 ms
[288.201s] MergeSort (descending) size=4,194,304 -> 62.445 ms
[288.333s] MergeSort (descending) size=8,388,608 -> 125.109 ms
[288.607s] MergeSort (descending) size=16,777,216 -> 266.059 ms
[289.154s] MergeSort (descending) size=33,554,432 -> 535.213 ms
[290.325s] MergeSort (descending) size=67,108,864 -> 1150.444 ms
[292.673s] MergeSort (descending) size=134,217,728 -> 2311.109 ms
[297.621s] MergeSort (descending) size=268,435,456 -> 4875.962 ms
[297.625s] QuicksortVariant1(pivot: MIDDLE) (random) size=1,024 -> 0.043 ms
[297.630s] QuicksortVariant1(pivot: MIDDLE) (random) size=2,048 -> 0.082 ms
[297.634s] QuicksortVariant1(pivot: MIDDLE) (random) size=4,096 -> 0.146 ms
[297.639s] QuicksortVariant1(pivot: MIDDLE) (random) size=8,192 -> 0.301 ms
[297.644s] QuicksortVariant1(pivot: MIDDLE) (random) size=16,384 -> 0.622 ms
[297.649s] QuicksortVariant1(pivot: MIDDLE) (random) size=32,768 -> 1.239 ms
[297.656s] QuicksortVariant1(pivot: MIDDLE) (random) size=65,536 -> 2.632 ms
[297.666s] QuicksortVariant1(pivot: MIDDLE) (random) size=131,072 -> 5.535 ms
[297.682s] QuicksortVariant1(pivot: MIDDLE) (random) size=262,144 -> 11.695 ms
[297.711s] QuicksortVariant1(pivot: MIDDLE) (random) size=524,288 -> 24.650 ms
[297.768s] QuicksortVariant1(pivot: MIDDLE) (random) size=1,048,576 -> 51.783 ms
[297.879s] QuicksortVariant1(pivot: MIDDLE) (random) size=2,097,152 -> 105.941 ms
[298.114s] QuicksortVariant1(pivot: MIDDLE) (random) size=4,194,304 -> 227.491 ms
[298.592s] QuicksortVariant1(pivot: MIDDLE) (random) size=8,388,608 -> 467.665 ms
[299.569s] QuicksortVariant1(pivot: MIDDLE) (random) size=16,777,216 -> 959.359 ms
[301.602s] QuicksortVariant1(pivot: MIDDLE) (random) size=33,554,432 -> 2003.620 ms
[305.799s] QuicksortVariant1(pivot: MIDDLE) (random) size=67,108,864 -> 4142.720 ms
[314.483s] QuicksortVariant1(pivot: MIDDLE) (random) size=134,217,728 -> 8584.385 ms
[332.388s] QuicksortVariant1(pivot: MIDDLE) (random) size=268,435,456 -> 17707.551 ms
[332.392s] QuicksortVariant1(pivot: MIDDLE) (ascending) size=1,024 -> 0.011 ms
[332.397s] QuicksortVariant1(pivot: MIDDLE) (ascending) size=2,048 -> 0.015 ms
[332.401s] QuicksortVariant1(pivot: MIDDLE) (ascending) size=4,096 -> 0.027 ms
[332.405s] QuicksortVariant1(pivot: MIDDLE) (ascending) size=8,192 -> 0.042 ms
[332.409s] QuicksortVariant1(pivot: MIDDLE) (ascending) size=16,384 -> 0.091 ms
[332.414s] QuicksortVariant1(pivot: MIDDLE) (ascending) size=32,768 -> 0.175 ms
[332.418s] QuicksortVariant1(pivot: MIDDLE) (ascending) size=65,536 -> 0.365 ms
[332.423s] QuicksortVariant1(pivot: MIDDLE) (ascending) size=131,072 -> 0.725 ms
[332.429s] QuicksortVariant1(pivot: MIDDLE) (ascending) size=262,144 -> 1.451 ms
[332.436s] QuicksortVariant1(pivot: MIDDLE) (ascending) size=524,288 -> 3.131 ms
[332.447s] QuicksortVariant1(pivot: MIDDLE) (ascending) size=1,048,576 -> 6.461 ms
[332.464s] QuicksortVariant1(pivot: MIDDLE) (ascending) size=2,097,152 -> 13.399 ms
[332.497s] QuicksortVariant1(pivot: MIDDLE) (ascending) size=4,194,304 -> 27.777 ms
[332.561s] QuicksortVariant1(pivot: MIDDLE) (ascending) size=8,388,608 -> 58.002 ms
[332.688s] QuicksortVariant1(pivot: MIDDLE) (ascending) size=16,777,216 -> 118.431 ms
[332.947s] QuicksortVariant1(pivot: MIDDLE) (ascending) size=33,554,432 -> 246.155 ms
[333.471s] QuicksortVariant1(pivot: MIDDLE) (ascending) size=67,108,864 -> 503.711 ms
[334.558s] QuicksortVariant1(pivot: MIDDLE) (ascending) size=134,217,728 -> 1049.572 ms
[336.772s] QuicksortVariant1(pivot: MIDDLE) (ascending) size=268,435,456 -> 2143.093 ms
[341.374s] QuicksortVariant1(pivot: MIDDLE) (ascending) size=536,870,912 -> 4462.817 ms
[341.378s] QuicksortVariant1(pivot: MIDDLE) (descending) size=1,024 -> 0.012 ms
[341.382s] QuicksortVariant1(pivot: MIDDLE) (descending) size=2,048 -> 0.018 ms
[341.387s] QuicksortVariant1(pivot: MIDDLE) (descending) size=4,096 -> 0.027 ms
[341.391s] QuicksortVariant1(pivot: MIDDLE) (descending) size=8,192 -> 0.054 ms
[341.395s] QuicksortVariant1(pivot: MIDDLE) (descending) size=16,384 -> 0.098 ms
[341.399s] QuicksortVariant1(pivot: MIDDLE) (descending) size=32,768 -> 0.201 ms
[341.404s] QuicksortVariant1(pivot: MIDDLE) (descending) size=65,536 -> 0.396 ms
[341.409s] QuicksortVariant1(pivot: MIDDLE) (descending) size=131,072 -> 0.815 ms
[341.415s] QuicksortVariant1(pivot: MIDDLE) (descending) size=262,144 -> 1.663 ms
[341.423s] QuicksortVariant1(pivot: MIDDLE) (descending) size=524,288 -> 3.517 ms
[341.434s] QuicksortVariant1(pivot: MIDDLE) (descending) size=1,048,576 -> 7.148 ms
[341.453s] QuicksortVariant1(pivot: MIDDLE) (descending) size=2,097,152 -> 14.962 ms
[341.489s] QuicksortVariant1(pivot: MIDDLE) (descending) size=4,194,304 -> 31.029 ms
[341.560s] QuicksortVariant1(pivot: MIDDLE) (descending) size=8,388,608 -> 64.332 ms
[341.700s] QuicksortVariant1(pivot: MIDDLE) (descending) size=16,777,216 -> 132.524 ms
[341.988s] QuicksortVariant1(pivot: MIDDLE) (descending) size=33,554,432 -> 274.863 ms
[342.571s] QuicksortVariant1(pivot: MIDDLE) (descending) size=67,108,864 -> 562.566 ms
[343.771s] QuicksortVariant1(pivot: MIDDLE) (descending) size=134,217,728 -> 1162.406 ms
[346.226s] QuicksortVariant1(pivot: MIDDLE) (descending) size=268,435,456 -> 2383.156 ms
[351.269s] QuicksortVariant1(pivot: MIDDLE) (descending) size=536,870,912 -> 4903.706 ms
--- iteration 4 of 10 ---
[351.274s] MergeSort (random) size=1,024 -> 0.055 ms
[351.278s] MergeSort (random) size=2,048 -> 0.087 ms
[351.282s] MergeSort (random) size=4,096 -> 0.173 ms
[351.287s] MergeSort (random) size=8,192 -> 0.345 ms
[351.291s] MergeSort (random) size=16,384 -> 0.723 ms
[351.297s] MergeSort (random) size=32,768 -> 1.528 ms
[351.304s] MergeSort (random) size=65,536 -> 3.204 ms
[351.315s] MergeSort (random) size=131,072 -> 6.759 ms
[351.334s] MergeSort (random) size=262,144 -> 14.439 ms
[351.368s] MergeSort (random) size=524,288 -> 29.786 ms
[351.436s] MergeSort (random) size=1,048,576 -> 62.981 ms
[351.580s] MergeSort (random) size=2,097,152 -> 138.396 ms
[351.877s] MergeSort (random) size=4,194,304 -> 289.580 ms
[352.490s] MergeSort (random) size=8,388,608 -> 603.381 ms
[353.776s] MergeSort (random) size=16,777,216 -> 1269.104 ms
[356.431s] MergeSort (random) size=33,554,432 -> 2626.599 ms
[361.757s] MergeSort (random) size=67,108,864 -> 5272.730 ms
[372.598s] MergeSort (random) size=134,217,728 -> 10741.396 ms
[395.107s] MergeSort (random) size=268,435,456 -> 22310.486 ms
[395.111s] MergeSort (ascending) size=1,024 -> 0.018 ms
[395.115s] MergeSort (ascending) size=2,048 -> 0.028 ms
[395.119s] MergeSort (ascending) size=4,096 -> 0.057 ms
[395.123s] MergeSort (ascending) size=8,192 -> 0.092 ms
[395.127s] MergeSort (ascending) size=16,384 -> 0.182 ms
[395.131s] MergeSort (ascending) size=32,768 -> 0.352 ms
[395.136s] MergeSort (ascending) size=65,536 -> 0.737 ms
[395.141s] MergeSort (ascending) size=131,072 -> 1.490 ms
[395.149s] MergeSort (ascending) size=262,144 -> 3.221 ms
[395.159s] MergeSort (ascending) size=524,288 -> 6.545 ms
[395.178s] MergeSort (ascending) size=1,048,576 -> 13.964 ms
[395.211s] MergeSort (ascending) size=2,097,152 -> 28.327 ms
[395.276s] MergeSort (ascending) size=4,194,304 -> 60.111 ms
[395.404s] MergeSort (ascending) size=8,388,608 -> 121.077 ms
[395.668s] MergeSort (ascending) size=16,777,216 -> 255.699 ms
[396.193s] MergeSort (ascending) size=33,554,432 -> 511.705 ms
[397.297s] MergeSort (ascending) size=67,108,864 -> 1082.834 ms
[399.507s] MergeSort (ascending) size=134,217,728 -> 2172.517 ms
[404.161s] MergeSort (ascending) size=268,435,456 -> 4583.120 ms
[404.165s] MergeSort (descending) size=1,024 -> 0.017 ms
[404.169s] MergeSort (descending) size=2,048 -> 0.031 ms
[404.173s] MergeSort (descending) size=4,096 -> 0.054 ms
[404.176s] MergeSort (descending) size=8,192 -> 0.097 ms
[404.180s] MergeSort (descending) size=16,384 -> 0.198 ms
[404.184s] MergeSort (descending) size=32,768 -> 0.375 ms
[404.189s] MergeSort (descending) size=65,536 -> 0.770 ms
[404.194s] MergeSort (descending) size=131,072 -> 1.556 ms
[404.202s] MergeSort (descending) size=262,144 -> 3.371 ms
[404.213s] MergeSort (descending) size=524,288 -> 6.945 ms
[404.232s] MergeSort (descending) size=1,048,576 -> 14.654 ms
[404.266s] MergeSort (descending) size=2,097,152 -> 29.698 ms
[404.334s] MergeSort (descending) size=4,194,304 -> 62.781 ms
[404.467s] MergeSort (descending) size=8,388,608 -> 126.469 ms
[404.746s] MergeSort (descending) size=16,777,216 -> 271.219 ms
[405.304s] MergeSort (descending) size=33,554,432 -> 545.193 ms
[406.478s] MergeSort (descending) size=67,108,864 -> 1151.692 ms
[408.845s] MergeSort (descending) size=134,217,728 -> 2330.131 ms
[413.821s] MergeSort (descending) size=268,435,456 -> 4905.569 ms
[413.825s] QuicksortVariant1(pivot: MIDDLE) (random) size=1,024 -> 0.259 ms
[413.830s] QuicksortVariant1(pivot: MIDDLE) (random) size=2,048 -> 0.453 ms
[413.834s] QuicksortVariant1(pivot: MIDDLE) (random) size=4,096 -> 0.362 ms
[413.838s] QuicksortVariant1(pivot: MIDDLE) (random) size=8,192 -> 0.533 ms
[413.843s] QuicksortVariant1(pivot: MIDDLE) (random) size=16,384 -> 0.754 ms
[413.848s] QuicksortVariant1(pivot: MIDDLE) (random) size=32,768 -> 1.279 ms
[413.855s] QuicksortVariant1(pivot: MIDDLE) (random) size=65,536 -> 2.706 ms
[413.864s] QuicksortVariant1(pivot: MIDDLE) (random) size=131,072 -> 5.678 ms
[413.880s] QuicksortVariant1(pivot: MIDDLE) (random) size=262,144 -> 11.736 ms
[413.909s] QuicksortVariant1(pivot: MIDDLE) (random) size=524,288 -> 24.396 ms
[413.964s] QuicksortVariant1(pivot: MIDDLE) (random) size=1,048,576 -> 50.588 ms
[414.075s] QuicksortVariant1(pivot: MIDDLE) (random) size=2,097,152 -> 106.153 ms
[414.306s] QuicksortVariant1(pivot: MIDDLE) (random) size=4,194,304 -> 223.734 ms
[414.772s] QuicksortVariant1(pivot: MIDDLE) (random) size=8,388,608 -> 455.308 ms
[415.766s] QuicksortVariant1(pivot: MIDDLE) (random) size=16,777,216 -> 977.523 ms
[417.802s] QuicksortVariant1(pivot: MIDDLE) (random) size=33,554,432 -> 2007.342 ms
[422.064s] QuicksortVariant1(pivot: MIDDLE) (random) size=67,108,864 -> 4208.180 ms
[430.822s] QuicksortVariant1(pivot: MIDDLE) (random) size=134,217,728 -> 8656.791 ms
[448.677s] QuicksortVariant1(pivot: MIDDLE) (random) size=268,435,456 -> 17657.927 ms
[448.681s] QuicksortVariant1(pivot: MIDDLE) (ascending) size=1,024 -> 0.009 ms
[448.685s] QuicksortVariant1(pivot: MIDDLE) (ascending) size=2,048 -> 0.016 ms
[448.689s] QuicksortVariant1(pivot: MIDDLE) (ascending) size=4,096 -> 0.026 ms
[448.693s] QuicksortVariant1(pivot: MIDDLE) (ascending) size=8,192 -> 0.042 ms
[448.697s] QuicksortVariant1(pivot: MIDDLE) (ascending) size=16,384 -> 0.090 ms
[448.701s] QuicksortVariant1(pivot: MIDDLE) (ascending) size=32,768 -> 0.173 ms
[448.705s] QuicksortVariant1(pivot: MIDDLE) (ascending) size=65,536 -> 0.358 ms
[448.709s] QuicksortVariant1(pivot: MIDDLE) (ascending) size=131,072 -> 0.736 ms
[448.715s] QuicksortVariant1(pivot: MIDDLE) (ascending) size=262,144 -> 1.494 ms
[448.722s] QuicksortVariant1(pivot: MIDDLE) (ascending) size=524,288 -> 3.168 ms
[448.732s] QuicksortVariant1(pivot: MIDDLE) (ascending) size=1,048,576 -> 6.556 ms
[448.751s] QuicksortVariant1(pivot: MIDDLE) (ascending) size=2,097,152 -> 13.830 ms
[448.784s] QuicksortVariant1(pivot: MIDDLE) (ascending) size=4,194,304 -> 27.946 ms
[448.848s] QuicksortVariant1(pivot: MIDDLE) (ascending) size=8,388,608 -> 58.582 ms
[448.975s] QuicksortVariant1(pivot: MIDDLE) (ascending) size=16,777,216 -> 118.870 ms
[449.238s] QuicksortVariant1(pivot: MIDDLE) (ascending) size=33,554,432 -> 249.975 ms
[449.769s] QuicksortVariant1(pivot: MIDDLE) (ascending) size=67,108,864 -> 510.089 ms
[450.871s] QuicksortVariant1(pivot: MIDDLE) (ascending) size=134,217,728 -> 1065.072 ms
[453.135s] QuicksortVariant1(pivot: MIDDLE) (ascending) size=268,435,456 -> 2193.422 ms
[457.903s] QuicksortVariant1(pivot: MIDDLE) (ascending) size=536,870,912 -> 4629.817 ms
[457.907s] QuicksortVariant1(pivot: MIDDLE) (descending) size=1,024 -> 0.009 ms
[457.911s] QuicksortVariant1(pivot: MIDDLE) (descending) size=2,048 -> 0.018 ms
[457.915s] QuicksortVariant1(pivot: MIDDLE) (descending) size=4,096 -> 0.029 ms
[457.919s] QuicksortVariant1(pivot: MIDDLE) (descending) size=8,192 -> 0.054 ms
[457.923s] QuicksortVariant1(pivot: MIDDLE) (descending) size=16,384 -> 0.107 ms
[457.927s] QuicksortVariant1(pivot: MIDDLE) (descending) size=32,768 -> 0.207 ms
[457.931s] QuicksortVariant1(pivot: MIDDLE) (descending) size=65,536 -> 0.427 ms
[457.936s] QuicksortVariant1(pivot: MIDDLE) (descending) size=131,072 -> 0.835 ms
[457.942s] QuicksortVariant1(pivot: MIDDLE) (descending) size=262,144 -> 1.725 ms
[457.949s] QuicksortVariant1(pivot: MIDDLE) (descending) size=524,288 -> 3.618 ms
[457.961s] QuicksortVariant1(pivot: MIDDLE) (descending) size=1,048,576 -> 7.839 ms
[457.981s] QuicksortVariant1(pivot: MIDDLE) (descending) size=2,097,152 -> 15.856 ms
[458.019s] QuicksortVariant1(pivot: MIDDLE) (descending) size=4,194,304 -> 32.623 ms
[458.092s] QuicksortVariant1(pivot: MIDDLE) (descending) size=8,388,608 -> 67.380 ms
[458.240s] QuicksortVariant1(pivot: MIDDLE) (descending) size=16,777,216 -> 139.828 ms
[458.534s] QuicksortVariant1(pivot: MIDDLE) (descending) size=33,554,432 -> 282.018 ms
[459.152s] QuicksortVariant1(pivot: MIDDLE) (descending) size=67,108,864 -> 596.600 ms
[460.390s] QuicksortVariant1(pivot: MIDDLE) (descending) size=134,217,728 -> 1200.356 ms
[462.988s] QuicksortVariant1(pivot: MIDDLE) (descending) size=268,435,456 -> 2527.933 ms
[468.187s] QuicksortVariant1(pivot: MIDDLE) (descending) size=536,870,912 -> 5059.416 ms
--- iteration 5 of 10 ---
[468.191s] MergeSort (random) size=1,024 -> 0.047 ms
[468.195s] MergeSort (random) size=2,048 -> 0.093 ms
[468.199s] MergeSort (random) size=4,096 -> 0.175 ms
[468.203s] MergeSort (random) size=8,192 -> 0.342 ms
[468.208s] MergeSort (random) size=16,384 -> 0.733 ms
[468.213s] MergeSort (random) size=32,768 -> 1.506 ms
[468.220s] MergeSort (random) size=65,536 -> 3.182 ms
[468.231s] MergeSort (random) size=131,072 -> 6.669 ms
[468.249s] MergeSort (random) size=262,144 -> 14.126 ms
[468.283s] MergeSort (random) size=524,288 -> 29.770 ms
[468.350s] MergeSort (random) size=1,048,576 -> 62.677 ms
[468.487s] MergeSort (random) size=2,097,152 -> 131.127 ms
[468.769s] MergeSort (random) size=4,194,304 -> 275.012 ms
[469.353s] MergeSort (random) size=8,388,608 -> 573.624 ms
[470.567s] MergeSort (random) size=16,777,216 -> 1197.099 ms
[473.077s] MergeSort (random) size=33,554,432 -> 2481.468 ms
[478.306s] MergeSort (random) size=67,108,864 -> 5177.302 ms
[489.122s] MergeSort (random) size=134,217,728 -> 10715.423 ms
[511.521s] MergeSort (random) size=268,435,456 -> 22201.278 ms
[511.525s] MergeSort (ascending) size=1,024 -> 0.015 ms
[511.528s] MergeSort (ascending) size=2,048 -> 0.037 ms
[511.532s] MergeSort (ascending) size=4,096 -> 0.052 ms
[511.536s] MergeSort (ascending) size=8,192 -> 0.092 ms
[511.540s] MergeSort (ascending) size=16,384 -> 0.180 ms
[511.544s] MergeSort (ascending) size=32,768 -> 0.368 ms
[511.549s] MergeSort (ascending) size=65,536 -> 0.742 ms
[511.554s] MergeSort (ascending) size=131,072 -> 1.507 ms
[511.561s] MergeSort (ascending) size=262,144 -> 3.275 ms
[511.572s] MergeSort (ascending) size=524,288 -> 6.648 ms
[511.590s] MergeSort (ascending) size=1,048,576 -> 13.836 ms
[511.622s] MergeSort (ascending) size=2,097,152 -> 28.202 ms
[511.687s] MergeSort (ascending) size=4,194,304 -> 59.682 ms
[511.814s] MergeSort (ascending) size=8,388,608 -> 120.499 ms
[512.076s] MergeSort (ascending) size=16,777,216 -> 254.350 ms
[512.603s] MergeSort (ascending) size=33,554,432 -> 513.699 ms
[513.700s] MergeSort (ascending) size=67,108,864 -> 1075.729 ms
[515.915s] MergeSort (ascending) size=134,217,728 -> 2177.577 ms
[520.563s] MergeSort (ascending) size=268,435,456 -> 4575.836 ms
[520.566s] MergeSort (descending) size=1,024 -> 0.018 ms
[520.570s] MergeSort (descending) size=2,048 -> 0.031 ms
[520.574s] MergeSort (descending) size=4,096 -> 0.051 ms
[520.577s] MergeSort (descending) size=8,192 -> 0.094 ms
[520.581s] MergeSort (descending) size=16,384 -> 0.187 ms
[520.585s] MergeSort (descending) size=32,768 -> 0.380 ms
[520.589s] MergeSort (descending) size=65,536 -> 0.779 ms
[520.594s] MergeSort (descending) size=131,072 -> 1.575 ms
[520.601s] MergeSort (descending) size=262,144 -> 3.410 ms
[520.612s] MergeSort (descending) size=524,288 -> 6.857 ms
[520.631s] MergeSort (descending) size=1,048,576 -> 14.387 ms
[520.664s] MergeSort (descending) size=2,097,152 -> 28.895 ms
[520.732s] MergeSort (descending) size=4,194,304 -> 63.384 ms
[520.866s] MergeSort (descending) size=8,388,608 -> 127.918 ms
[521.145s] MergeSort (descending) size=16,777,216 -> 270.620 ms
[521.703s] MergeSort (descending) size=33,554,432 -> 544.902 ms
[522.880s] MergeSort (descending) size=67,108,864 -> 1155.790 ms
[525.253s] MergeSort (descending) size=134,217,728 -> 2336.167 ms
[530.274s] MergeSort (descending) size=268,435,456 -> 4949.329 ms
[530.278s] QuicksortVariant1(pivot: MIDDLE) (random) size=1,024 -> 0.042 ms
[530.282s] QuicksortVariant1(pivot: MIDDLE) (random) size=2,048 -> 0.068 ms
[530.286s] QuicksortVariant1(pivot: MIDDLE) (random) size=4,096 -> 0.138 ms
[530.289s] QuicksortVariant1(pivot: MIDDLE) (random) size=8,192 -> 0.287 ms
[530.294s] QuicksortVariant1(pivot: MIDDLE) (random) size=16,384 -> 0.609 ms
[530.299s] QuicksortVariant1(pivot: MIDDLE) (random) size=32,768 -> 1.294 ms
[530.305s] QuicksortVariant1(pivot: MIDDLE) (random) size=65,536 -> 2.676 ms
[530.315s] QuicksortVariant1(pivot: MIDDLE) (random) size=131,072 -> 5.571 ms
[530.330s] QuicksortVariant1(pivot: MIDDLE) (random) size=262,144 -> 11.562 ms
[530.359s] QuicksortVariant1(pivot: MIDDLE) (random) size=524,288 -> 24.768 ms
[530.414s] QuicksortVariant1(pivot: MIDDLE) (random) size=1,048,576 -> 51.011 ms
[530.528s] QuicksortVariant1(pivot: MIDDLE) (random) size=2,097,152 -> 108.162 ms
[530.758s] QuicksortVariant1(pivot: MIDDLE) (random) size=4,194,304 -> 222.578 ms
[531.230s] QuicksortVariant1(pivot: MIDDLE) (random) size=8,388,608 -> 461.738 ms
[532.225s] QuicksortVariant1(pivot: MIDDLE) (random) size=16,777,216 -> 979.473 ms
[534.258s] QuicksortVariant1(pivot: MIDDLE) (random) size=33,554,432 -> 2004.264 ms
[538.485s] QuicksortVariant1(pivot: MIDDLE) (random) size=67,108,864 -> 4175.034 ms
[547.286s] QuicksortVariant1(pivot: MIDDLE) (random) size=134,217,728 -> 8699.557 ms
[565.172s] QuicksortVariant1(pivot: MIDDLE) (random) size=268,435,456 -> 17688.125 ms
[565.176s] QuicksortVariant1(pivot: MIDDLE) (ascending) size=1,024 -> 0.008 ms
[565.179s] QuicksortVariant1(pivot: MIDDLE) (ascending) size=2,048 -> 0.015 ms
[565.183s] QuicksortVariant1(pivot: MIDDLE) (ascending) size=4,096 -> 0.028 ms
[565.187s] QuicksortVariant1(pivot: MIDDLE) (ascending) size=8,192 -> 0.050 ms
[565.191s] QuicksortVariant1(pivot: MIDDLE) (ascending) size=16,384 -> 0.082 ms
[565.195s] QuicksortVariant1(pivot: MIDDLE) (ascending) size=32,768 -> 0.191 ms
[565.199s] QuicksortVariant1(pivot: MIDDLE) (ascending) size=65,536 -> 0.347 ms
[565.204s] QuicksortVariant1(pivot: MIDDLE) (ascending) size=131,072 -> 0.720 ms
[565.209s] QuicksortVariant1(pivot: MIDDLE) (ascending) size=262,144 -> 1.512 ms
[565.216s] QuicksortVariant1(pivot: MIDDLE) (ascending) size=524,288 -> 3.241 ms
[565.227s] QuicksortVariant1(pivot: MIDDLE) (ascending) size=1,048,576 -> 6.596 ms
[565.245s] QuicksortVariant1(pivot: MIDDLE) (ascending) size=2,097,152 -> 13.598 ms
[565.278s] QuicksortVariant1(pivot: MIDDLE) (ascending) size=4,194,304 -> 28.204 ms
[565.343s] QuicksortVariant1(pivot: MIDDLE) (ascending) size=8,388,608 -> 59.564 ms
[565.473s] QuicksortVariant1(pivot: MIDDLE) (ascending) size=16,777,216 -> 121.433 ms
[565.737s] QuicksortVariant1(pivot: MIDDLE) (ascending) size=33,554,432 -> 252.359 ms
[566.275s] QuicksortVariant1(pivot: MIDDLE) (ascending) size=67,108,864 -> 517.393 ms
[567.394s] QuicksortVariant1(pivot: MIDDLE) (ascending) size=134,217,728 -> 1081.491 ms
[569.664s] QuicksortVariant1(pivot: MIDDLE) (ascending) size=268,435,456 -> 2200.228 ms
[574.403s] QuicksortVariant1(pivot: MIDDLE) (ascending) size=536,870,912 -> 4599.965 ms
[574.407s] QuicksortVariant1(pivot: MIDDLE) (descending) size=1,024 -> 0.010 ms
[574.411s] QuicksortVariant1(pivot: MIDDLE) (descending) size=2,048 -> 0.018 ms
[574.415s] QuicksortVariant1(pivot: MIDDLE) (descending) size=4,096 -> 0.030 ms
[574.419s] QuicksortVariant1(pivot: MIDDLE) (descending) size=8,192 -> 0.057 ms
[574.423s] QuicksortVariant1(pivot: MIDDLE) (descending) size=16,384 -> 0.105 ms
[574.426s] QuicksortVariant1(pivot: MIDDLE) (descending) size=32,768 -> 0.206 ms
[574.431s] QuicksortVariant1(pivot: MIDDLE) (descending) size=65,536 -> 0.426 ms
[574.435s] QuicksortVariant1(pivot: MIDDLE) (descending) size=131,072 -> 0.846 ms
[574.441s] QuicksortVariant1(pivot: MIDDLE) (descending) size=262,144 -> 1.789 ms
[574.448s] QuicksortVariant1(pivot: MIDDLE) (descending) size=524,288 -> 3.588 ms
[574.460s] QuicksortVariant1(pivot: MIDDLE) (descending) size=1,048,576 -> 7.697 ms
[574.480s] QuicksortVariant1(pivot: MIDDLE) (descending) size=2,097,152 -> 15.569 ms
[574.518s] QuicksortVariant1(pivot: MIDDLE) (descending) size=4,194,304 -> 33.294 ms
[574.591s] QuicksortVariant1(pivot: MIDDLE) (descending) size=8,388,608 -> 66.881 ms
[574.740s] QuicksortVariant1(pivot: MIDDLE) (descending) size=16,777,216 -> 140.809 ms
[575.036s] QuicksortVariant1(pivot: MIDDLE) (descending) size=33,554,432 -> 282.948 ms
[575.656s] QuicksortVariant1(pivot: MIDDLE) (descending) size=67,108,864 -> 599.289 ms
[576.883s] QuicksortVariant1(pivot: MIDDLE) (descending) size=134,217,728 -> 1189.557 ms
[579.483s] QuicksortVariant1(pivot: MIDDLE) (descending) size=268,435,456 -> 2528.993 ms
[584.698s] QuicksortVariant1(pivot: MIDDLE) (descending) size=536,870,912 -> 5072.345 ms
--- iteration 6 of 10 ---
[584.702s] MergeSort (random) size=1,024 -> 0.044 ms
[584.706s] MergeSort (random) size=2,048 -> 0.084 ms
[584.710s] MergeSort (random) size=4,096 -> 0.168 ms
[584.714s] MergeSort (random) size=8,192 -> 0.353 ms
[584.719s] MergeSort (random) size=16,384 -> 0.761 ms
[584.724s] MergeSort (random) size=32,768 -> 1.656 ms
[584.732s] MergeSort (random) size=65,536 -> 3.622 ms
[584.743s] MergeSort (random) size=131,072 -> 7.235 ms
[584.762s] MergeSort (random) size=262,144 -> 14.726 ms
[584.796s] MergeSort (random) size=524,288 -> 29.792 ms
[584.864s] MergeSort (random) size=1,048,576 -> 62.936 ms
[585.000s] MergeSort (random) size=2,097,152 -> 130.977 ms
[585.282s] MergeSort (random) size=4,194,304 -> 274.607 ms
[585.867s] MergeSort (random) size=8,388,608 -> 574.657 ms
[587.078s] MergeSort (random) size=16,777,216 -> 1194.468 ms
[589.585s] MergeSort (random) size=33,554,432 -> 2478.772 ms
[594.799s] MergeSort (random) size=67,108,864 -> 5160.677 ms
[605.574s] MergeSort (random) size=134,217,728 -> 10674.811 ms
[628.006s] MergeSort (random) size=268,435,456 -> 22234.614 ms
[628.010s] MergeSort (ascending) size=1,024 -> 0.019 ms
[628.013s] MergeSort (ascending) size=2,048 -> 0.029 ms
[628.017s] MergeSort (ascending) size=4,096 -> 0.050 ms
[628.020s] MergeSort (ascending) size=8,192 -> 0.092 ms
[628.024s] MergeSort (ascending) size=16,384 -> 0.182 ms
[628.028s] MergeSort (ascending) size=32,768 -> 0.353 ms
[628.033s] MergeSort (ascending) size=65,536 -> 0.727 ms
[628.038s] MergeSort (ascending) size=131,072 -> 1.508 ms
[628.045s] MergeSort (ascending) size=262,144 -> 3.223 ms
[628.056s] MergeSort (ascending) size=524,288 -> 6.540 ms
[628.074s] MergeSort (ascending) size=1,048,576 -> 13.983 ms
[628.107s] MergeSort (ascending) size=2,097,152 -> 28.169 ms
[628.171s] MergeSort (ascending) size=4,194,304 -> 59.902 ms
[628.299s] MergeSort (ascending) size=8,388,608 -> 121.004 ms
[628.562s] MergeSort (ascending) size=16,777,216 -> 254.828 ms
[629.087s] MergeSort (ascending) size=33,554,432 -> 513.156 ms
[630.190s] MergeSort (ascending) size=67,108,864 -> 1081.399 ms
[632.406s] MergeSort (ascending) size=134,217,728 -> 2178.500 ms
[637.075s] MergeSort (ascending) size=268,435,456 -> 4598.361 ms
[637.079s] MergeSort (descending) size=1,024 -> 0.018 ms
[637.083s] MergeSort (descending) size=2,048 -> 0.029 ms
[637.086s] MergeSort (descending) size=4,096 -> 0.052 ms
[637.090s] MergeSort (descending) size=8,192 -> 0.093 ms
[637.094s] MergeSort (descending) size=16,384 -> 0.186 ms
[637.098s] MergeSort (descending) size=32,768 -> 0.374 ms
[637.102s] MergeSort (descending) size=65,536 -> 0.784 ms
[637.107s] MergeSort (descending) size=131,072 -> 1.608 ms
[637.114s] MergeSort (descending) size=262,144 -> 3.342 ms
[637.125s] MergeSort (descending) size=524,288 -> 6.923 ms
[637.144s] MergeSort (descending) size=1,048,576 -> 14.571 ms
[637.177s] MergeSort (descending) size=2,097,152 -> 29.459 ms
[637.245s] MergeSort (descending) size=4,194,304 -> 62.771 ms
[637.378s] MergeSort (descending) size=8,388,608 -> 126.928 ms
[637.656s] MergeSort (descending) size=16,777,216 -> 269.785 ms
[638.213s] MergeSort (descending) size=33,554,432 -> 544.452 ms
[639.390s] MergeSort (descending) size=67,108,864 -> 1156.086 ms
[641.758s] MergeSort (descending) size=134,217,728 -> 2330.713 ms
[646.741s] MergeSort (descending) size=268,435,456 -> 4911.909 ms
[646.745s] QuicksortVariant1(pivot: MIDDLE) (random) size=1,024 -> 0.042 ms
[646.749s] QuicksortVariant1(pivot: MIDDLE) (random) size=2,048 -> 0.078 ms
[646.753s] QuicksortVariant1(pivot: MIDDLE) (random) size=4,096 -> 0.143 ms
[646.756s] QuicksortVariant1(pivot: MIDDLE) (random) size=8,192 -> 0.293 ms
[646.760s] QuicksortVariant1(pivot: MIDDLE) (random) size=16,384 -> 0.609 ms
[646.765s] QuicksortVariant1(pivot: MIDDLE) (random) size=32,768 -> 1.288 ms
[646.772s] QuicksortVariant1(pivot: MIDDLE) (random) size=65,536 -> 2.711 ms
[646.781s] QuicksortVariant1(pivot: MIDDLE) (random) size=131,072 -> 5.572 ms
[646.796s] QuicksortVariant1(pivot: MIDDLE) (random) size=262,144 -> 11.885 ms
[646.825s] QuicksortVariant1(pivot: MIDDLE) (random) size=524,288 -> 24.254 ms
[646.880s] QuicksortVariant1(pivot: MIDDLE) (random) size=1,048,576 -> 51.400 ms
[646.992s] QuicksortVariant1(pivot: MIDDLE) (random) size=2,097,152 -> 106.029 ms
[647.222s] QuicksortVariant1(pivot: MIDDLE) (random) size=4,194,304 -> 223.459 ms
[647.696s] QuicksortVariant1(pivot: MIDDLE) (random) size=8,388,608 -> 463.429 ms
[648.700s] QuicksortVariant1(pivot: MIDDLE) (random) size=16,777,216 -> 987.367 ms
[650.779s] QuicksortVariant1(pivot: MIDDLE) (random) size=33,554,432 -> 2049.833 ms
[655.055s] QuicksortVariant1(pivot: MIDDLE) (random) size=67,108,864 -> 4224.291 ms
[663.704s] QuicksortVariant1(pivot: MIDDLE) (random) size=134,217,728 -> 8549.152 ms
[681.602s] QuicksortVariant1(pivot: MIDDLE) (random) size=268,435,456 -> 17700.625 ms
[681.606s] QuicksortVariant1(pivot: MIDDLE) (ascending) size=1,024 -> 0.008 ms
[681.610s] QuicksortVariant1(pivot: MIDDLE) (ascending) size=2,048 -> 0.014 ms
[681.613s] QuicksortVariant1(pivot: MIDDLE) (ascending) size=4,096 -> 0.028 ms
[681.617s] QuicksortVariant1(pivot: MIDDLE) (ascending) size=8,192 -> 0.046 ms
[681.621s] QuicksortVariant1(pivot: MIDDLE) (ascending) size=16,384 -> 0.085 ms
[681.624s] QuicksortVariant1(pivot: MIDDLE) (ascending) size=32,768 -> 0.176 ms
[681.628s] QuicksortVariant1(pivot: MIDDLE) (ascending) size=65,536 -> 0.384 ms
[681.633s] QuicksortVariant1(pivot: MIDDLE) (ascending) size=131,072 -> 0.712 ms
[681.638s] QuicksortVariant1(pivot: MIDDLE) (ascending) size=262,144 -> 1.451 ms
[681.644s] QuicksortVariant1(pivot: MIDDLE) (ascending) size=524,288 -> 3.077 ms
[681.655s] QuicksortVariant1(pivot: MIDDLE) (ascending) size=1,048,576 -> 6.434 ms
[681.672s] QuicksortVariant1(pivot: MIDDLE) (ascending) size=2,097,152 -> 13.722 ms
[681.705s] QuicksortVariant1(pivot: MIDDLE) (ascending) size=4,194,304 -> 28.188 ms
[681.770s] QuicksortVariant1(pivot: MIDDLE) (ascending) size=8,388,608 -> 58.973 ms
[681.898s] QuicksortVariant1(pivot: MIDDLE) (ascending) size=16,777,216 -> 119.765 ms
[682.172s] QuicksortVariant1(pivot: MIDDLE) (ascending) size=33,554,432 -> 262.284 ms
[682.706s] QuicksortVariant1(pivot: MIDDLE) (ascending) size=67,108,864 -> 513.419 ms
[683.813s] QuicksortVariant1(pivot: MIDDLE) (ascending) size=134,217,728 -> 1068.956 ms
[686.064s] QuicksortVariant1(pivot: MIDDLE) (ascending) size=268,435,456 -> 2180.522 ms
[690.754s] QuicksortVariant1(pivot: MIDDLE) (ascending) size=536,870,912 -> 4552.074 ms
[690.758s] QuicksortVariant1(pivot: MIDDLE) (descending) size=1,024 -> 0.010 ms
[690.762s] QuicksortVariant1(pivot: MIDDLE) (descending) size=2,048 -> 0.017 ms
[690.766s] QuicksortVariant1(pivot: MIDDLE) (descending) size=4,096 -> 0.028 ms
[690.769s] QuicksortVariant1(pivot: MIDDLE) (descending) size=8,192 -> 0.059 ms
[690.773s] QuicksortVariant1(pivot: MIDDLE) (descending) size=16,384 -> 0.108 ms
[690.776s] QuicksortVariant1(pivot: MIDDLE) (descending) size=32,768 -> 0.211 ms
[690.780s] QuicksortVariant1(pivot: MIDDLE) (descending) size=65,536 -> 0.413 ms
[690.785s] QuicksortVariant1(pivot: MIDDLE) (descending) size=131,072 -> 0.821 ms
[690.790s] QuicksortVariant1(pivot: MIDDLE) (descending) size=262,144 -> 1.718 ms
[690.797s] QuicksortVariant1(pivot: MIDDLE) (descending) size=524,288 -> 3.542 ms
[690.808s] QuicksortVariant1(pivot: MIDDLE) (descending) size=1,048,576 -> 7.271 ms
[690.828s] QuicksortVariant1(pivot: MIDDLE) (descending) size=2,097,152 -> 15.508 ms
[690.865s] QuicksortVariant1(pivot: MIDDLE) (descending) size=4,194,304 -> 32.279 ms
[690.937s] QuicksortVariant1(pivot: MIDDLE) (descending) size=8,388,608 -> 65.525 ms
[691.082s] QuicksortVariant1(pivot: MIDDLE) (descending) size=16,777,216 -> 137.470 ms
[691.373s] QuicksortVariant1(pivot: MIDDLE) (descending) size=33,554,432 -> 278.658 ms
[691.976s] QuicksortVariant1(pivot: MIDDLE) (descending) size=67,108,864 -> 582.856 ms
[693.192s] QuicksortVariant1(pivot: MIDDLE) (descending) size=134,217,728 -> 1178.473 ms
[695.745s] QuicksortVariant1(pivot: MIDDLE) (descending) size=268,435,456 -> 2483.005 ms
[700.867s] QuicksortVariant1(pivot: MIDDLE) (descending) size=536,870,912 -> 4982.585 ms
--- iteration 7 of 10 ---
[700.871s] MergeSort (random) size=1,024 -> 0.048 ms
[700.875s] MergeSort (random) size=2,048 -> 0.086 ms
[700.878s] MergeSort (random) size=4,096 -> 0.170 ms
[700.882s] MergeSort (random) size=8,192 -> 0.343 ms
[700.886s] MergeSort (random) size=16,384 -> 0.724 ms
[700.892s] MergeSort (random) size=32,768 -> 1.617 ms
[700.899s] MergeSort (random) size=65,536 -> 3.514 ms
[700.909s] MergeSort (random) size=131,072 -> 6.824 ms
[700.927s] MergeSort (random) size=262,144 -> 14.360 ms
[700.961s] MergeSort (random) size=524,288 -> 29.606 ms
[701.028s] MergeSort (random) size=1,048,576 -> 62.441 ms
[701.164s] MergeSort (random) size=2,097,152 -> 130.764 ms
[701.446s] MergeSort (random) size=4,194,304 -> 274.790 ms
[702.028s] MergeSort (random) size=8,388,608 -> 571.941 ms
[703.239s] MergeSort (random) size=16,777,216 -> 1194.238 ms
[705.740s] MergeSort (random) size=33,554,432 -> 2473.286 ms
[710.952s] MergeSort (random) size=67,108,864 -> 5159.301 ms
[721.753s] MergeSort (random) size=134,217,728 -> 10699.606 ms
[744.168s] MergeSort (random) size=268,435,456 -> 22217.728 ms
[744.172s] MergeSort (ascending) size=1,024 -> 0.024 ms
[744.176s] MergeSort (ascending) size=2,048 -> 0.044 ms
[744.180s] MergeSort (ascending) size=4,096 -> 0.069 ms
[744.183s] MergeSort (ascending) size=8,192 -> 0.134 ms
[744.187s] MergeSort (ascending) size=16,384 -> 0.250 ms
[744.191s] MergeSort (ascending) size=32,768 -> 0.494 ms
[744.196s] MergeSort (ascending) size=65,536 -> 1.020 ms
[744.202s] MergeSort (ascending) size=131,072 -> 2.002 ms
[744.209s] MergeSort (ascending) size=262,144 -> 4.079 ms
[744.220s] MergeSort (ascending) size=524,288 -> 6.510 ms
[744.237s] MergeSort (ascending) size=1,048,576 -> 13.904 ms
[744.270s] MergeSort (ascending) size=2,097,152 -> 28.265 ms
[744.335s] MergeSort (ascending) size=4,194,304 -> 59.988 ms
[744.462s] MergeSort (ascending) size=8,388,608 -> 120.718 ms
[744.725s] MergeSort (ascending) size=16,777,216 -> 254.328 ms
[745.250s] MergeSort (ascending) size=33,554,432 -> 512.616 ms
[746.355s] MergeSort (ascending) size=67,108,864 -> 1084.342 ms
[748.581s] MergeSort (ascending) size=134,217,728 -> 2187.671 ms
[753.234s] MergeSort (ascending) size=268,435,456 -> 4582.405 ms
[753.238s] MergeSort (descending) size=1,024 -> 0.029 ms
[753.241s] MergeSort (descending) size=2,048 -> 0.042 ms
[753.245s] MergeSort (descending) size=4,096 -> 0.069 ms
[753.249s] MergeSort (descending) size=8,192 -> 0.127 ms
[753.253s] MergeSort (descending) size=16,384 -> 0.257 ms
[753.257s] MergeSort (descending) size=32,768 -> 0.502 ms
[753.261s] MergeSort (descending) size=65,536 -> 1.041 ms
[753.267s] MergeSort (descending) size=131,072 -> 1.829 ms
[753.274s] MergeSort (descending) size=262,144 -> 3.547 ms
[753.285s] MergeSort (descending) size=524,288 -> 6.977 ms
[753.303s] MergeSort (descending) size=1,048,576 -> 14.602 ms
[753.338s] MergeSort (descending) size=2,097,152 -> 29.811 ms
[753.405s] MergeSort (descending) size=4,194,304 -> 62.304 ms
[753.538s] MergeSort (descending) size=8,388,608 -> 126.843 ms
[753.816s] MergeSort (descending) size=16,777,216 -> 269.704 ms
[754.375s] MergeSort (descending) size=33,554,432 -> 546.764 ms
[755.551s] MergeSort (descending) size=67,108,864 -> 1155.549 ms
[757.921s] MergeSort (descending) size=134,217,728 -> 2331.312 ms
[762.851s] MergeSort (descending) size=268,435,456 -> 4859.001 ms
[762.855s] QuicksortVariant1(pivot: MIDDLE) (random) size=1,024 -> 0.041 ms
[762.858s] QuicksortVariant1(pivot: MIDDLE) (random) size=2,048 -> 0.075 ms
[762.862s] QuicksortVariant1(pivot: MIDDLE) (random) size=4,096 -> 0.157 ms
[762.866s] QuicksortVariant1(pivot: MIDDLE) (random) size=8,192 -> 0.294 ms
[762.870s] QuicksortVariant1(pivot: MIDDLE) (random) size=16,384 -> 0.585 ms
[762.875s] QuicksortVariant1(pivot: MIDDLE) (random) size=32,768 -> 1.266 ms
[762.882s] QuicksortVariant1(pivot: MIDDLE) (random) size=65,536 -> 2.692 ms
[762.891s] QuicksortVariant1(pivot: MIDDLE) (random) size=131,072 -> 5.486 ms
[762.906s] QuicksortVariant1(pivot: MIDDLE) (random) size=262,144 -> 11.504 ms
[762.935s] QuicksortVariant1(pivot: MIDDLE) (random) size=524,288 -> 24.551 ms
[762.990s] QuicksortVariant1(pivot: MIDDLE) (random) size=1,048,576 -> 50.896 ms
[763.102s] QuicksortVariant1(pivot: MIDDLE) (random) size=2,097,152 -> 106.487 ms
[763.332s] QuicksortVariant1(pivot: MIDDLE) (random) size=4,194,304 -> 223.303 ms
[763.804s] QuicksortVariant1(pivot: MIDDLE) (random) size=8,388,608 -> 461.752 ms
[764.777s] QuicksortVariant1(pivot: MIDDLE) (random) size=16,777,216 -> 956.611 ms
[766.805s] QuicksortVariant1(pivot: MIDDLE) (random) size=33,554,432 -> 1999.692 ms
[770.966s] QuicksortVariant1(pivot: MIDDLE) (random) size=67,108,864 -> 4107.183 ms
[779.678s] QuicksortVariant1(pivot: MIDDLE) (random) size=134,217,728 -> 8610.860 ms
[797.740s] QuicksortVariant1(pivot: MIDDLE) (random) size=268,435,456 -> 17864.252 ms
[797.744s] QuicksortVariant1(pivot: MIDDLE) (ascending) size=1,024 -> 0.009 ms
[797.748s] QuicksortVariant1(pivot: MIDDLE) (ascending) size=2,048 -> 0.015 ms
[797.751s] QuicksortVariant1(pivot: MIDDLE) (ascending) size=4,096 -> 0.021 ms
[797.755s] QuicksortVariant1(pivot: MIDDLE) (ascending) size=8,192 -> 0.042 ms
[797.759s] QuicksortVariant1(pivot: MIDDLE) (ascending) size=16,384 -> 0.090 ms
[797.763s] QuicksortVariant1(pivot: MIDDLE) (ascending) size=32,768 -> 0.170 ms
[797.767s] QuicksortVariant1(pivot: MIDDLE) (ascending) size=65,536 -> 0.350 ms
[797.771s] QuicksortVariant1(pivot: MIDDLE) (ascending) size=131,072 -> 0.708 ms
[797.777s] QuicksortVariant1(pivot: MIDDLE) (ascending) size=262,144 -> 1.578 ms
[797.784s] QuicksortVariant1(pivot: MIDDLE) (ascending) size=524,288 -> 3.218 ms
[797.794s] QuicksortVariant1(pivot: MIDDLE) (ascending) size=1,048,576 -> 6.464 ms
[797.812s] QuicksortVariant1(pivot: MIDDLE) (ascending) size=2,097,152 -> 13.681 ms
[797.845s] QuicksortVariant1(pivot: MIDDLE) (ascending) size=4,194,304 -> 28.914 ms
[797.911s] QuicksortVariant1(pivot: MIDDLE) (ascending) size=8,388,608 -> 59.515 ms
[798.040s] QuicksortVariant1(pivot: MIDDLE) (ascending) size=16,777,216 -> 121.651 ms
[798.305s] QuicksortVariant1(pivot: MIDDLE) (ascending) size=33,554,432 -> 252.789 ms
[798.839s] QuicksortVariant1(pivot: MIDDLE) (ascending) size=67,108,864 -> 513.320 ms
[799.947s] QuicksortVariant1(pivot: MIDDLE) (ascending) size=134,217,728 -> 1070.905 ms
[802.212s] QuicksortVariant1(pivot: MIDDLE) (ascending) size=268,435,456 -> 2194.745 ms
[806.925s] QuicksortVariant1(pivot: MIDDLE) (ascending) size=536,870,912 -> 4574.337 ms
[806.930s] QuicksortVariant1(pivot: MIDDLE) (descending) size=1,024 -> 0.010 ms
[806.933s] QuicksortVariant1(pivot: MIDDLE) (descending) size=2,048 -> 0.016 ms
[806.937s] QuicksortVariant1(pivot: MIDDLE) (descending) size=4,096 -> 0.032 ms
[806.941s] QuicksortVariant1(pivot: MIDDLE) (descending) size=8,192 -> 0.056 ms
[806.945s] QuicksortVariant1(pivot: MIDDLE) (descending) size=16,384 -> 0.096 ms
[806.948s] QuicksortVariant1(pivot: MIDDLE) (descending) size=32,768 -> 0.199 ms
[806.953s] QuicksortVariant1(pivot: MIDDLE) (descending) size=65,536 -> 0.415 ms
[806.957s] QuicksortVariant1(pivot: MIDDLE) (descending) size=131,072 -> 0.851 ms
[806.963s] QuicksortVariant1(pivot: MIDDLE) (descending) size=262,144 -> 1.783 ms
[806.970s] QuicksortVariant1(pivot: MIDDLE) (descending) size=524,288 -> 3.520 ms
[806.982s] QuicksortVariant1(pivot: MIDDLE) (descending) size=1,048,576 -> 7.746 ms
[807.001s] QuicksortVariant1(pivot: MIDDLE) (descending) size=2,097,152 -> 15.468 ms
[807.038s] QuicksortVariant1(pivot: MIDDLE) (descending) size=4,194,304 -> 32.409 ms
[807.111s] QuicksortVariant1(pivot: MIDDLE) (descending) size=8,388,608 -> 66.926 ms
[807.260s] QuicksortVariant1(pivot: MIDDLE) (descending) size=16,777,216 -> 140.938 ms
[807.554s] QuicksortVariant1(pivot: MIDDLE) (descending) size=33,554,432 -> 281.365 ms
[808.173s] QuicksortVariant1(pivot: MIDDLE) (descending) size=67,108,864 -> 598.199 ms
[809.416s] QuicksortVariant1(pivot: MIDDLE) (descending) size=134,217,728 -> 1205.581 ms
[812.054s] QuicksortVariant1(pivot: MIDDLE) (descending) size=268,435,456 -> 2566.096 ms
[817.274s] QuicksortVariant1(pivot: MIDDLE) (descending) size=536,870,912 -> 5077.799 ms
--- iteration 8 of 10 ---
[817.278s] MergeSort (random) size=1,024 -> 0.050 ms
[817.282s] MergeSort (random) size=2,048 -> 0.097 ms
[817.286s] MergeSort (random) size=4,096 -> 0.169 ms
[817.290s] MergeSort (random) size=8,192 -> 0.340 ms
[817.295s] MergeSort (random) size=16,384 -> 0.733 ms
[817.300s] MergeSort (random) size=32,768 -> 1.591 ms
[817.307s] MergeSort (random) size=65,536 -> 3.402 ms
[817.318s] MergeSort (random) size=131,072 -> 7.080 ms
[817.336s] MergeSort (random) size=262,144 -> 14.427 ms
[817.370s] MergeSort (random) size=524,288 -> 29.793 ms
[817.437s] MergeSort (random) size=1,048,576 -> 62.659 ms
[817.574s] MergeSort (random) size=2,097,152 -> 130.775 ms
[817.856s] MergeSort (random) size=4,194,304 -> 275.468 ms
[818.439s] MergeSort (random) size=8,388,608 -> 572.359 ms
[819.653s] MergeSort (random) size=16,777,216 -> 1197.518 ms
[822.162s] MergeSort (random) size=33,554,432 -> 2480.744 ms
[827.380s] MergeSort (random) size=67,108,864 -> 5164.999 ms
[838.157s] MergeSort (random) size=134,217,728 -> 10676.098 ms
[860.656s] MergeSort (random) size=268,435,456 -> 22301.735 ms
[860.661s] MergeSort (ascending) size=1,024 -> 0.025 ms
[860.665s] MergeSort (ascending) size=2,048 -> 0.031 ms
[860.669s] MergeSort (ascending) size=4,096 -> 0.049 ms
[860.673s] MergeSort (ascending) size=8,192 -> 0.091 ms
[860.677s] MergeSort (ascending) size=16,384 -> 0.186 ms
[860.681s] MergeSort (ascending) size=32,768 -> 0.356 ms
[860.686s] MergeSort (ascending) size=65,536 -> 1.031 ms
[860.692s] MergeSort (ascending) size=131,072 -> 2.035 ms
[860.700s] MergeSort (ascending) size=262,144 -> 4.108 ms
[860.713s] MergeSort (ascending) size=524,288 -> 8.581 ms
[860.735s] MergeSort (ascending) size=1,048,576 -> 18.142 ms
[860.776s] MergeSort (ascending) size=2,097,152 -> 36.353 ms
[860.855s] MergeSort (ascending) size=4,194,304 -> 74.180 ms
[861.012s] MergeSort (ascending) size=8,388,608 -> 150.305 ms
[861.299s] MergeSort (ascending) size=16,777,216 -> 279.243 ms
[861.823s] MergeSort (ascending) size=33,554,432 -> 511.748 ms
[862.925s] MergeSort (ascending) size=67,108,864 -> 1081.094 ms
[865.140s] MergeSort (ascending) size=134,217,728 -> 2177.322 ms
[869.976s] MergeSort (ascending) size=268,435,456 -> 4764.854 ms
[869.981s] MergeSort (descending) size=1,024 -> 0.018 ms
[869.986s] MergeSort (descending) size=2,048 -> 0.028 ms
[869.990s] MergeSort (descending) size=4,096 -> 0.052 ms
[869.994s] MergeSort (descending) size=8,192 -> 0.101 ms
[869.999s] MergeSort (descending) size=16,384 -> 0.186 ms
[870.003s] MergeSort (descending) size=32,768 -> 0.393 ms
[870.008s] MergeSort (descending) size=65,536 -> 0.943 ms
[870.014s] MergeSort (descending) size=131,072 -> 1.700 ms
[870.022s] MergeSort (descending) size=262,144 -> 3.327 ms
[870.033s] MergeSort (descending) size=524,288 -> 6.959 ms
[870.053s] MergeSort (descending) size=1,048,576 -> 15.248 ms
[870.088s] MergeSort (descending) size=2,097,152 -> 30.205 ms
[870.155s] MergeSort (descending) size=4,194,304 -> 61.590 ms
[870.286s] MergeSort (descending) size=8,388,608 -> 124.693 ms
[870.577s] MergeSort (descending) size=16,777,216 -> 282.083 ms
[871.145s] MergeSort (descending) size=33,554,432 -> 555.024 ms
[872.309s] MergeSort (descending) size=67,108,864 -> 1142.465 ms
[874.644s] MergeSort (descending) size=134,217,728 -> 2297.617 ms
[879.547s] MergeSort (descending) size=268,435,456 -> 4831.292 ms
[879.551s] QuicksortVariant1(pivot: MIDDLE) (random) size=1,024 -> 0.041 ms
[879.556s] QuicksortVariant1(pivot: MIDDLE) (random) size=2,048 -> 0.077 ms
[879.561s] QuicksortVariant1(pivot: MIDDLE) (random) size=4,096 -> 0.145 ms
[879.566s] QuicksortVariant1(pivot: MIDDLE) (random) size=8,192 -> 0.286 ms
[879.571s] QuicksortVariant1(pivot: MIDDLE) (random) size=16,384 -> 0.638 ms
[879.576s] QuicksortVariant1(pivot: MIDDLE) (random) size=32,768 -> 1.248 ms
[879.584s] QuicksortVariant1(pivot: MIDDLE) (random) size=65,536 -> 2.705 ms
[879.594s] QuicksortVariant1(pivot: MIDDLE) (random) size=131,072 -> 5.580 ms
[879.610s] QuicksortVariant1(pivot: MIDDLE) (random) size=262,144 -> 11.443 ms
[879.639s] QuicksortVariant1(pivot: MIDDLE) (random) size=524,288 -> 24.486 ms
[879.695s] QuicksortVariant1(pivot: MIDDLE) (random) size=1,048,576 -> 50.602 ms
[879.807s] QuicksortVariant1(pivot: MIDDLE) (random) size=2,097,152 -> 106.677 ms
[880.034s] QuicksortVariant1(pivot: MIDDLE) (random) size=4,194,304 -> 219.698 ms
[880.509s] QuicksortVariant1(pivot: MIDDLE) (random) size=8,388,608 -> 464.913 ms
[881.488s] QuicksortVariant1(pivot: MIDDLE) (random) size=16,777,216 -> 962.192 ms
[883.498s] QuicksortVariant1(pivot: MIDDLE) (random) size=33,554,432 -> 1980.973 ms
[887.708s] QuicksortVariant1(pivot: MIDDLE) (random) size=67,108,864 -> 4157.644 ms
[896.358s] QuicksortVariant1(pivot: MIDDLE) (random) size=134,217,728 -> 8548.938 ms
[914.500s] QuicksortVariant1(pivot: MIDDLE) (random) size=268,435,456 -> 17944.392 ms
[914.505s] QuicksortVariant1(pivot: MIDDLE) (ascending) size=1,024 -> 0.008 ms
[914.509s] QuicksortVariant1(pivot: MIDDLE) (ascending) size=2,048 -> 0.015 ms
[914.513s] QuicksortVariant1(pivot: MIDDLE) (ascending) size=4,096 -> 0.027 ms
[914.517s] QuicksortVariant1(pivot: MIDDLE) (ascending) size=8,192 -> 0.042 ms
[914.522s] QuicksortVariant1(pivot: MIDDLE) (ascending) size=16,384 -> 0.091 ms
[914.526s] QuicksortVariant1(pivot: MIDDLE) (ascending) size=32,768 -> 0.179 ms
[914.531s] QuicksortVariant1(pivot: MIDDLE) (ascending) size=65,536 -> 0.348 ms
[914.536s] QuicksortVariant1(pivot: MIDDLE) (ascending) size=131,072 -> 0.722 ms
[914.541s] QuicksortVariant1(pivot: MIDDLE) (ascending) size=262,144 -> 1.498 ms
[914.549s] QuicksortVariant1(pivot: MIDDLE) (ascending) size=524,288 -> 3.081 ms
[914.560s] QuicksortVariant1(pivot: MIDDLE) (ascending) size=1,048,576 -> 6.670 ms
[914.578s] QuicksortVariant1(pivot: MIDDLE) (ascending) size=2,097,152 -> 13.738 ms
[914.611s] QuicksortVariant1(pivot: MIDDLE) (ascending) size=4,194,304 -> 27.976 ms
[914.675s] QuicksortVariant1(pivot: MIDDLE) (ascending) size=8,388,608 -> 58.335 ms
[914.803s] QuicksortVariant1(pivot: MIDDLE) (ascending) size=16,777,216 -> 119.322 ms
[915.068s] QuicksortVariant1(pivot: MIDDLE) (ascending) size=33,554,432 -> 252.486 ms
[915.598s] QuicksortVariant1(pivot: MIDDLE) (ascending) size=67,108,864 -> 508.847 ms
[916.698s] QuicksortVariant1(pivot: MIDDLE) (ascending) size=134,217,728 -> 1063.060 ms
[918.949s] QuicksortVariant1(pivot: MIDDLE) (ascending) size=268,435,456 -> 2180.590 ms
[923.620s] QuicksortVariant1(pivot: MIDDLE) (ascending) size=536,870,912 -> 4531.695 ms
[923.625s] QuicksortVariant1(pivot: MIDDLE) (descending) size=1,024 -> 0.010 ms
[923.629s] QuicksortVariant1(pivot: MIDDLE) (descending) size=2,048 -> 0.017 ms
[923.633s] QuicksortVariant1(pivot: MIDDLE) (descending) size=4,096 -> 0.032 ms
[923.637s] QuicksortVariant1(pivot: MIDDLE) (descending) size=8,192 -> 0.053 ms
[923.641s] QuicksortVariant1(pivot: MIDDLE) (descending) size=16,384 -> 0.103 ms
[923.646s] QuicksortVariant1(pivot: MIDDLE) (descending) size=32,768 -> 0.202 ms
[923.650s] QuicksortVariant1(pivot: MIDDLE) (descending) size=65,536 -> 0.403 ms
[923.655s] QuicksortVariant1(pivot: MIDDLE) (descending) size=131,072 -> 0.846 ms
[923.661s] QuicksortVariant1(pivot: MIDDLE) (descending) size=262,144 -> 1.801 ms
[923.669s] QuicksortVariant1(pivot: MIDDLE) (descending) size=524,288 -> 3.601 ms
[923.681s] QuicksortVariant1(pivot: MIDDLE) (descending) size=1,048,576 -> 7.549 ms
[923.701s] QuicksortVariant1(pivot: MIDDLE) (descending) size=2,097,152 -> 15.490 ms
[923.738s] QuicksortVariant1(pivot: MIDDLE) (descending) size=4,194,304 -> 32.300 ms
[923.810s] QuicksortVariant1(pivot: MIDDLE) (descending) size=8,388,608 -> 66.026 ms
[923.957s] QuicksortVariant1(pivot: MIDDLE) (descending) size=16,777,216 -> 137.895 ms
[924.249s] QuicksortVariant1(pivot: MIDDLE) (descending) size=33,554,432 -> 279.386 ms
[924.859s] QuicksortVariant1(pivot: MIDDLE) (descending) size=67,108,864 -> 589.439 ms
[926.078s] QuicksortVariant1(pivot: MIDDLE) (descending) size=134,217,728 -> 1180.789 ms
[928.637s] QuicksortVariant1(pivot: MIDDLE) (descending) size=268,435,456 -> 2487.992 ms
[933.753s] QuicksortVariant1(pivot: MIDDLE) (descending) size=536,870,912 -> 4977.249 ms
--- iteration 9 of 10 ---
[933.758s] MergeSort (random) size=1,024 -> 0.049 ms
[933.762s] MergeSort (random) size=2,048 -> 0.081 ms
[933.767s] MergeSort (random) size=4,096 -> 0.167 ms
[933.771s] MergeSort (random) size=8,192 -> 0.356 ms
[933.776s] MergeSort (random) size=16,384 -> 0.722 ms
[933.782s] MergeSort (random) size=32,768 -> 1.504 ms
[933.789s] MergeSort (random) size=65,536 -> 3.201 ms
[933.800s] MergeSort (random) size=131,072 -> 6.711 ms
[933.819s] MergeSort (random) size=262,144 -> 14.285 ms
[933.853s] MergeSort (random) size=524,288 -> 29.830 ms
[933.921s] MergeSort (random) size=1,048,576 -> 62.907 ms
[934.058s] MergeSort (random) size=2,097,152 -> 130.890 ms
[934.340s] MergeSort (random) size=4,194,304 -> 275.381 ms
[934.925s] MergeSort (random) size=8,388,608 -> 573.623 ms
[936.138s] MergeSort (random) size=16,777,216 -> 1197.231 ms
[938.649s] MergeSort (random) size=33,554,432 -> 2481.726 ms
[943.894s] MergeSort (random) size=67,108,864 -> 5192.059 ms
[954.692s] MergeSort (random) size=134,217,728 -> 10696.734 ms
[977.210s] MergeSort (random) size=268,435,456 -> 22320.472 ms
[977.214s] MergeSort (ascending) size=1,024 -> 0.017 ms
[977.218s] MergeSort (ascending) size=2,048 -> 0.027 ms
[977.222s] MergeSort (ascending) size=4,096 -> 0.052 ms
[977.226s] MergeSort (ascending) size=8,192 -> 0.091 ms
[977.230s] MergeSort (ascending) size=16,384 -> 0.180 ms
[977.235s] MergeSort (ascending) size=32,768 -> 0.358 ms
[977.240s] MergeSort (ascending) size=65,536 -> 0.743 ms
[977.245s] MergeSort (ascending) size=131,072 -> 1.494 ms
[977.252s] MergeSort (ascending) size=262,144 -> 3.214 ms
[977.263s] MergeSort (ascending) size=524,288 -> 6.642 ms
[977.281s] MergeSort (ascending) size=1,048,576 -> 14.048 ms
[977.314s] MergeSort (ascending) size=2,097,152 -> 28.474 ms
[977.379s] MergeSort (ascending) size=4,194,304 -> 60.059 ms
[977.507s] MergeSort (ascending) size=8,388,608 -> 121.296 ms
[977.771s] MergeSort (ascending) size=16,777,216 -> 255.134 ms
[978.297s] MergeSort (ascending) size=33,554,432 -> 513.984 ms
[979.402s] MergeSort (ascending) size=67,108,864 -> 1083.203 ms
[981.621s] MergeSort (ascending) size=134,217,728 -> 2181.187 ms
[986.288s] MergeSort (ascending) size=268,435,456 -> 4596.249 ms
[986.293s] MergeSort (descending) size=1,024 -> 0.017 ms
[986.297s] MergeSort (descending) size=2,048 -> 0.029 ms
[986.301s] MergeSort (descending) size=4,096 -> 0.053 ms
[986.304s] MergeSort (descending) size=8,192 -> 0.092 ms
[986.309s] MergeSort (descending) size=16,384 -> 0.198 ms
[986.313s] MergeSort (descending) size=32,768 -> 0.368 ms
[986.318s] MergeSort (descending) size=65,536 -> 0.783 ms
[986.323s] MergeSort (descending) size=131,072 -> 1.587 ms
[986.331s] MergeSort (descending) size=262,144 -> 3.387 ms
[986.341s] MergeSort (descending) size=524,288 -> 6.818 ms
[986.360s] MergeSort (descending) size=1,048,576 -> 14.684 ms
[986.394s] MergeSort (descending) size=2,097,152 -> 29.414 ms
[986.463s] MergeSort (descending) size=4,194,304 -> 63.439 ms
[986.597s] MergeSort (descending) size=8,388,608 -> 127.781 ms
[986.877s] MergeSort (descending) size=16,777,216 -> 271.060 ms
[987.435s] MergeSort (descending) size=33,554,432 -> 545.823 ms
[988.612s] MergeSort (descending) size=67,108,864 -> 1155.788 ms
[990.980s] MergeSort (descending) size=134,217,728 -> 2330.078 ms
[995.962s] MergeSort (descending) size=268,435,456 -> 4910.470 ms
[995.966s] QuicksortVariant1(pivot: MIDDLE) (random) size=1,024 -> 0.043 ms
[995.970s] QuicksortVariant1(pivot: MIDDLE) (random) size=2,048 -> 0.076 ms
[995.974s] QuicksortVariant1(pivot: MIDDLE) (random) size=4,096 -> 0.149 ms
[995.978s] QuicksortVariant1(pivot: MIDDLE) (random) size=8,192 -> 0.298 ms
[995.983s] QuicksortVariant1(pivot: MIDDLE) (random) size=16,384 -> 0.617 ms
[995.988s] QuicksortVariant1(pivot: MIDDLE) (random) size=32,768 -> 1.266 ms
[995.995s] QuicksortVariant1(pivot: MIDDLE) (random) size=65,536 -> 2.647 ms
[996.004s] QuicksortVariant1(pivot: MIDDLE) (random) size=131,072 -> 5.565 ms
[996.020s] QuicksortVariant1(pivot: MIDDLE) (random) size=262,144 -> 11.454 ms
[996.049s] QuicksortVariant1(pivot: MIDDLE) (random) size=524,288 -> 24.637 ms
[996.105s] QuicksortVariant1(pivot: MIDDLE) (random) size=1,048,576 -> 51.114 ms
[996.219s] QuicksortVariant1(pivot: MIDDLE) (random) size=2,097,152 -> 108.810 ms
[996.450s] QuicksortVariant1(pivot: MIDDLE) (random) size=4,194,304 -> 224.085 ms
[996.928s] QuicksortVariant1(pivot: MIDDLE) (random) size=8,388,608 -> 468.162 ms
[997.909s] QuicksortVariant1(pivot: MIDDLE) (random) size=16,777,216 -> 963.988 ms
[999.932s] QuicksortVariant1(pivot: MIDDLE) (random) size=33,554,432 -> 1993.796 ms
[1004.156s] QuicksortVariant1(pivot: MIDDLE) (random) size=67,108,864 -> 4171.030 ms
[1012.898s] QuicksortVariant1(pivot: MIDDLE) (random) size=134,217,728 -> 8640.431 ms
[1030.935s] QuicksortVariant1(pivot: MIDDLE) (random) size=268,435,456 -> 17839.990 ms
[1030.939s] QuicksortVariant1(pivot: MIDDLE) (ascending) size=1,024 -> 0.009 ms
[1030.943s] QuicksortVariant1(pivot: MIDDLE) (ascending) size=2,048 -> 0.015 ms
[1030.948s] QuicksortVariant1(pivot: MIDDLE) (ascending) size=4,096 -> 0.026 ms
[1030.951s] QuicksortVariant1(pivot: MIDDLE) (ascending) size=8,192 -> 0.051 ms
[1030.956s] QuicksortVariant1(pivot: MIDDLE) (ascending) size=16,384 -> 0.095 ms
[1030.960s] QuicksortVariant1(pivot: MIDDLE) (ascending) size=32,768 -> 0.178 ms
[1030.964s] QuicksortVariant1(pivot: MIDDLE) (ascending) size=65,536 -> 0.378 ms
[1030.969s] QuicksortVariant1(pivot: MIDDLE) (ascending) size=131,072 -> 0.735 ms
[1030.974s] QuicksortVariant1(pivot: MIDDLE) (ascending) size=262,144 -> 1.474 ms
[1030.982s] QuicksortVariant1(pivot: MIDDLE) (ascending) size=524,288 -> 3.171 ms
[1030.992s] QuicksortVariant1(pivot: MIDDLE) (ascending) size=1,048,576 -> 6.488 ms
[1031.010s] QuicksortVariant1(pivot: MIDDLE) (ascending) size=2,097,152 -> 13.884 ms
[1031.044s] QuicksortVariant1(pivot: MIDDLE) (ascending) size=4,194,304 -> 28.616 ms
[1031.109s] QuicksortVariant1(pivot: MIDDLE) (ascending) size=8,388,608 -> 59.505 ms
[1031.239s] QuicksortVariant1(pivot: MIDDLE) (ascending) size=16,777,216 -> 122.138 ms
[1031.505s] QuicksortVariant1(pivot: MIDDLE) (ascending) size=33,554,432 -> 253.418 ms
[1032.041s] QuicksortVariant1(pivot: MIDDLE) (ascending) size=67,108,864 -> 514.933 ms
[1033.149s] QuicksortVariant1(pivot: MIDDLE) (ascending) size=134,217,728 -> 1070.480 ms
[1035.415s] QuicksortVariant1(pivot: MIDDLE) (ascending) size=268,435,456 -> 2195.745 ms
[1040.142s] QuicksortVariant1(pivot: MIDDLE) (ascending) size=536,870,912 -> 4588.216 ms
[1040.146s] QuicksortVariant1(pivot: MIDDLE) (descending) size=1,024 -> 0.010 ms
[1040.150s] QuicksortVariant1(pivot: MIDDLE) (descending) size=2,048 -> 0.017 ms
[1040.154s] QuicksortVariant1(pivot: MIDDLE) (descending) size=4,096 -> 0.031 ms
[1040.158s] QuicksortVariant1(pivot: MIDDLE) (descending) size=8,192 -> 0.055 ms
[1040.162s] QuicksortVariant1(pivot: MIDDLE) (descending) size=16,384 -> 0.104 ms
[1040.167s] QuicksortVariant1(pivot: MIDDLE) (descending) size=32,768 -> 0.202 ms
[1040.171s] QuicksortVariant1(pivot: MIDDLE) (descending) size=65,536 -> 0.422 ms
[1040.176s] QuicksortVariant1(pivot: MIDDLE) (descending) size=131,072 -> 0.823 ms
[1040.181s] QuicksortVariant1(pivot: MIDDLE) (descending) size=262,144 -> 1.724 ms
[1040.189s] QuicksortVariant1(pivot: MIDDLE) (descending) size=524,288 -> 3.661 ms
[1040.201s] QuicksortVariant1(pivot: MIDDLE) (descending) size=1,048,576 -> 7.695 ms
[1040.221s] QuicksortVariant1(pivot: MIDDLE) (descending) size=2,097,152 -> 15.308 ms
[1040.258s] QuicksortVariant1(pivot: MIDDLE) (descending) size=4,194,304 -> 32.789 ms
[1040.330s] QuicksortVariant1(pivot: MIDDLE) (descending) size=8,388,608 -> 66.020 ms
[1040.478s] QuicksortVariant1(pivot: MIDDLE) (descending) size=16,777,216 -> 139.708 ms
[1040.772s] QuicksortVariant1(pivot: MIDDLE) (descending) size=33,554,432 -> 281.520 ms
[1041.383s] QuicksortVariant1(pivot: MIDDLE) (descending) size=67,108,864 -> 590.414 ms
[1042.608s] QuicksortVariant1(pivot: MIDDLE) (descending) size=134,217,728 -> 1186.499 ms
[1045.163s] QuicksortVariant1(pivot: MIDDLE) (descending) size=268,435,456 -> 2485.157 ms
[1050.303s] QuicksortVariant1(pivot: MIDDLE) (descending) size=536,870,912 -> 5000.888 ms
--- iteration 10 of 10 ---
[1050.307s] MergeSort (random) size=1,024 -> 0.048 ms
[1050.311s] MergeSort (random) size=2,048 -> 0.085 ms
[1050.315s] MergeSort (random) size=4,096 -> 0.164 ms
[1050.319s] MergeSort (random) size=8,192 -> 0.337 ms
[1050.324s] MergeSort (random) size=16,384 -> 0.737 ms
[1050.330s] MergeSort (random) size=32,768 -> 1.618 ms
[1050.337s] MergeSort (random) size=65,536 -> 3.414 ms
[1050.348s] MergeSort (random) size=131,072 -> 6.858 ms
[1050.366s] MergeSort (random) size=262,144 -> 14.145 ms
[1050.400s] MergeSort (random) size=524,288 -> 29.719 ms
[1050.468s] MergeSort (random) size=1,048,576 -> 62.552 ms
[1050.604s] MergeSort (random) size=2,097,152 -> 130.928 ms
[1050.886s] MergeSort (random) size=4,194,304 -> 274.882 ms
[1051.469s] MergeSort (random) size=8,388,608 -> 572.939 ms
[1052.682s] MergeSort (random) size=16,777,216 -> 1196.079 ms
[1055.188s] MergeSort (random) size=33,554,432 -> 2477.707 ms
[1060.411s] MergeSort (random) size=67,108,864 -> 5169.756 ms
[1071.208s] MergeSort (random) size=134,217,728 -> 10696.747 ms
[1093.690s] MergeSort (random) size=268,435,456 -> 22283.489 ms
[1093.695s] MergeSort (ascending) size=1,024 -> 0.027 ms
[1093.699s] MergeSort (ascending) size=2,048 -> 0.042 ms
[1093.703s] MergeSort (ascending) size=4,096 -> 0.068 ms
[1093.707s] MergeSort (ascending) size=8,192 -> 0.124 ms
[1093.712s] MergeSort (ascending) size=16,384 -> 0.239 ms
[1093.716s] MergeSort (ascending) size=32,768 -> 0.460 ms
[1093.722s] MergeSort (ascending) size=65,536 -> 0.956 ms
[1093.728s] MergeSort (ascending) size=131,072 -> 1.911 ms
[1093.735s] MergeSort (ascending) size=262,144 -> 3.512 ms
[1093.746s] MergeSort (ascending) size=524,288 -> 6.555 ms
[1093.764s] MergeSort (ascending) size=1,048,576 -> 13.962 ms
[1093.797s] MergeSort (ascending) size=2,097,152 -> 28.288 ms
[1093.862s] MergeSort (ascending) size=4,194,304 -> 59.939 ms
[1093.989s] MergeSort (ascending) size=8,388,608 -> 120.868 ms
[1094.252s] MergeSort (ascending) size=16,777,216 -> 253.687 ms
[1094.777s] MergeSort (ascending) size=33,554,432 -> 512.858 ms
[1095.878s] MergeSort (ascending) size=67,108,864 -> 1080.059 ms
[1098.099s] MergeSort (ascending) size=134,217,728 -> 2183.159 ms
[1102.747s] MergeSort (ascending) size=268,435,456 -> 4575.650 ms
[1102.751s] MergeSort (descending) size=1,024 -> 0.034 ms
[1102.755s] MergeSort (descending) size=2,048 -> 0.042 ms
[1102.759s] MergeSort (descending) size=4,096 -> 0.068 ms
[1102.763s] MergeSort (descending) size=8,192 -> 0.125 ms
[1102.767s] MergeSort (descending) size=16,384 -> 0.244 ms
[1102.772s] MergeSort (descending) size=32,768 -> 0.486 ms
[1102.777s] MergeSort (descending) size=65,536 -> 1.043 ms
[1102.783s] MergeSort (descending) size=131,072 -> 2.142 ms
[1102.790s] MergeSort (descending) size=262,144 -> 3.333 ms
[1102.802s] MergeSort (descending) size=524,288 -> 7.111 ms
[1102.824s] MergeSort (descending) size=1,048,576 -> 17.828 ms
[1102.864s] MergeSort (descending) size=2,097,152 -> 35.487 ms
[1102.932s] MergeSort (descending) size=4,194,304 -> 63.271 ms
[1103.070s] MergeSort (descending) size=8,388,608 -> 131.186 ms
[1103.353s] MergeSort (descending) size=16,777,216 -> 274.872 ms
[1103.913s] MergeSort (descending) size=33,554,432 -> 547.058 ms
[1105.097s] MergeSort (descending) size=67,108,864 -> 1162.865 ms
[1107.450s] MergeSort (descending) size=134,217,728 -> 2314.989 ms
[1112.506s] MergeSort (descending) size=268,435,456 -> 4984.917 ms
[1112.511s] QuicksortVariant1(pivot: MIDDLE) (random) size=1,024 -> 0.041 ms
[1112.516s] QuicksortVariant1(pivot: MIDDLE) (random) size=2,048 -> 0.073 ms
[1112.520s] QuicksortVariant1(pivot: MIDDLE) (random) size=4,096 -> 0.146 ms
[1112.525s] QuicksortVariant1(pivot: MIDDLE) (random) size=8,192 -> 0.301 ms
[1112.530s] QuicksortVariant1(pivot: MIDDLE) (random) size=16,384 -> 0.617 ms
[1112.536s] QuicksortVariant1(pivot: MIDDLE) (random) size=32,768 -> 1.248 ms
[1112.543s] QuicksortVariant1(pivot: MIDDLE) (random) size=65,536 -> 2.637 ms
[1112.553s] QuicksortVariant1(pivot: MIDDLE) (random) size=131,072 -> 5.514 ms
[1112.569s] QuicksortVariant1(pivot: MIDDLE) (random) size=262,144 -> 11.608 ms
[1112.598s] QuicksortVariant1(pivot: MIDDLE) (random) size=524,288 -> 24.207 ms
[1112.654s] QuicksortVariant1(pivot: MIDDLE) (random) size=1,048,576 -> 50.636 ms
[1112.768s] QuicksortVariant1(pivot: MIDDLE) (random) size=2,097,152 -> 108.167 ms
[1112.999s] QuicksortVariant1(pivot: MIDDLE) (random) size=4,194,304 -> 224.269 ms
[1113.475s] QuicksortVariant1(pivot: MIDDLE) (random) size=8,388,608 -> 465.217 ms
[1114.458s] QuicksortVariant1(pivot: MIDDLE) (random) size=16,777,216 -> 964.959 ms
[1116.477s] QuicksortVariant1(pivot: MIDDLE) (random) size=33,554,432 -> 1989.738 ms
[1120.705s] QuicksortVariant1(pivot: MIDDLE) (random) size=67,108,864 -> 4174.547 ms
[1129.418s] QuicksortVariant1(pivot: MIDDLE) (random) size=134,217,728 -> 8611.987 ms
[1147.349s] QuicksortVariant1(pivot: MIDDLE) (random) size=268,435,456 -> 17732.046 ms
[1147.353s] QuicksortVariant1(pivot: MIDDLE) (ascending) size=1,024 -> 0.009 ms
[1147.357s] QuicksortVariant1(pivot: MIDDLE) (ascending) size=2,048 -> 0.015 ms
[1147.362s] QuicksortVariant1(pivot: MIDDLE) (ascending) size=4,096 -> 0.027 ms
[1147.367s] QuicksortVariant1(pivot: MIDDLE) (ascending) size=8,192 -> 0.050 ms
[1147.371s] QuicksortVariant1(pivot: MIDDLE) (ascending) size=16,384 -> 0.087 ms
[1147.376s] QuicksortVariant1(pivot: MIDDLE) (ascending) size=32,768 -> 0.188 ms
[1147.381s] QuicksortVariant1(pivot: MIDDLE) (ascending) size=65,536 -> 0.351 ms
[1147.386s] QuicksortVariant1(pivot: MIDDLE) (ascending) size=131,072 -> 0.743 ms
[1147.392s] QuicksortVariant1(pivot: MIDDLE) (ascending) size=262,144 -> 1.496 ms
[1147.400s] QuicksortVariant1(pivot: MIDDLE) (ascending) size=524,288 -> 3.176 ms
[1147.411s] QuicksortVariant1(pivot: MIDDLE) (ascending) size=1,048,576 -> 6.441 ms
[1147.429s] QuicksortVariant1(pivot: MIDDLE) (ascending) size=2,097,152 -> 13.760 ms
[1147.462s] QuicksortVariant1(pivot: MIDDLE) (ascending) size=4,194,304 -> 28.130 ms
[1147.527s] QuicksortVariant1(pivot: MIDDLE) (ascending) size=8,388,608 -> 58.705 ms
[1147.654s] QuicksortVariant1(pivot: MIDDLE) (ascending) size=16,777,216 -> 118.664 ms
[1147.917s] QuicksortVariant1(pivot: MIDDLE) (ascending) size=33,554,432 -> 250.279 ms
[1148.448s] QuicksortVariant1(pivot: MIDDLE) (ascending) size=67,108,864 -> 509.807 ms
[1149.550s] QuicksortVariant1(pivot: MIDDLE) (ascending) size=134,217,728 -> 1064.765 ms
[1151.789s] QuicksortVariant1(pivot: MIDDLE) (ascending) size=268,435,456 -> 2167.962 ms
[1156.468s] QuicksortVariant1(pivot: MIDDLE) (ascending) size=536,870,912 -> 4539.460 ms
[1156.472s] QuicksortVariant1(pivot: MIDDLE) (descending) size=1,024 -> 0.009 ms
[1156.476s] QuicksortVariant1(pivot: MIDDLE) (descending) size=2,048 -> 0.020 ms
[1156.481s] QuicksortVariant1(pivot: MIDDLE) (descending) size=4,096 -> 0.031 ms
[1156.485s] QuicksortVariant1(pivot: MIDDLE) (descending) size=8,192 -> 0.057 ms
[1156.490s] QuicksortVariant1(pivot: MIDDLE) (descending) size=16,384 -> 0.103 ms
[1156.494s] QuicksortVariant1(pivot: MIDDLE) (descending) size=32,768 -> 0.205 ms
[1156.499s] QuicksortVariant1(pivot: MIDDLE) (descending) size=65,536 -> 0.417 ms
[1156.504s] QuicksortVariant1(pivot: MIDDLE) (descending) size=131,072 -> 0.836 ms
[1156.511s] QuicksortVariant1(pivot: MIDDLE) (descending) size=262,144 -> 1.779 ms
[1156.519s] QuicksortVariant1(pivot: MIDDLE) (descending) size=524,288 -> 3.527 ms
[1156.531s] QuicksortVariant1(pivot: MIDDLE) (descending) size=1,048,576 -> 7.629 ms
[1156.551s] QuicksortVariant1(pivot: MIDDLE) (descending) size=2,097,152 -> 15.416 ms
[1156.588s] QuicksortVariant1(pivot: MIDDLE) (descending) size=4,194,304 -> 32.262 ms
[1156.661s] QuicksortVariant1(pivot: MIDDLE) (descending) size=8,388,608 -> 66.644 ms
[1156.808s] QuicksortVariant1(pivot: MIDDLE) (descending) size=16,777,216 -> 138.376 ms
[1157.102s] QuicksortVariant1(pivot: MIDDLE) (descending) size=33,554,432 -> 281.590 ms
[1157.710s] QuicksortVariant1(pivot: MIDDLE) (descending) size=67,108,864 -> 587.109 ms
[1158.927s] QuicksortVariant1(pivot: MIDDLE) (descending) size=134,217,728 -> 1178.426 ms
[1161.500s] QuicksortVariant1(pivot: MIDDLE) (descending) size=268,435,456 -> 2501.909 ms
[1166.636s] QuicksortVariant1(pivot: MIDDLE) (descending) size=536,870,912 -> 4996.995 ms
