warmUps=3 iterations=10 algorithms=108 size=5.555.555
--- warm up 1 of 3 ---
RecursiveMsdRadixSortWithArraysAndCustomBase(524288) -> 160.602 ms
RadixSortWithArraysAndCustomBase(10000) -> 44.665 ms
RecursiveMsdRadixSortWithArraysAndCustomBase(16) -> 173.346 ms
RadixSortWithDynamicListsAndCustomBase(32768) -> 187.342 ms
RadixSortWithArraysAndCustomBase(1000000) -> 83.685 ms
RadixSortWithCountingSortAndCustomBase(2) -> 353.177 ms
RadixSortWithDynamicListsAndCustomBase(100) -> 205.196 ms
RadixSortWithDynamicListsAndCustomBase(8) -> 315.772 ms
RecursiveMsdRadixSortWithArraysAndCustomBase(1048576) -> 197.637 ms
RadixSortWithCountingSortAndCustomBase(10000) -> 22.636 ms
RadixSortWithCountingSortAndCustomBase(16384) -> 22.780 ms
RadixSortWithCountingSortAndCustomBase(100) -> 41.826 ms
RadixSortWithArraysAndCustomBase(2) -> 355.298 ms
RadixSortWithDynamicLists -> 257.796 ms
RadixSortWithDynamicListsAndCustomBase(65536) -> 142.292 ms
RadixSortWithDynamicListsAndCustomBase(10000) -> 109.146 ms
RadixSortWithCountingSortAndCustomBase(1048576) -> 29.243 ms
RadixSortWithDynamicListsAndCustomBase(32) -> 189.263 ms
RecursiveMsdRadixSortWithArraysAndCustomBase(10000) -> 103.051 ms
RecursiveMsdRadixSortWithArraysAndCustomBase(10) -> 201.240 ms
RadixSortWithDynamicListsAndCustomBase(512) -> 125.316 ms
RadixSortWithArraysAndCustomBase(32768) -> 30.624 ms
RadixSortWithDynamicListsAndCustomBase(1000000) -> 251.930 ms
RadixSortWithCountingSortAndCustomBase(32768) -> 22.815 ms
RadixSortWithCountingSortAndCustomBase(512) -> 32.369 ms
RecursiveMsdRadixSortWithArraysAndCustomBase(2048) -> 113.929 ms
RadixSortWithArraysAndCustomBase(128) -> 48.573 ms
RadixSortWithArraysAndCustomBase(10) -> 81.536 ms
RadixSortWithCountingSortAndCustomBase(1000000) -> 27.970 ms
RecursiveMsdRadixSortWithArraysAndCustomBase(1024) -> 107.417 ms
RadixSortWithDynamicListsAndCustomBase(10) -> 256.526 ms
RecursiveMsdRadixSortWithArraysAndCustomBase(256) -> 106.467 ms
RadixSortWithCountingSortAndCustomBase(1000) -> 31.661 ms
RecursiveMsdRadixSortWithArraysAndCustomBase(100000) -> 110.117 ms
RadixSortWithArraysAndCustomBase(65536) -> 32.403 ms
RadixSortWithArraysAndCustomBase(1024) -> 37.896 ms
RadixSortWithDynamicListsAndCustomBase(4096) -> 123.110 ms
RadixSortWithDynamicListsAndCustomBase(8192) -> 105.290 ms
RadixSortWithArraysAndCustomBase(1048576) -> 82.983 ms
RadixSortWithCountingSortAndCustomBase(256) -> 32.660 ms
RadixSortWithCountingSortAndCustomBase(16) -> 61.659 ms
RecursiveMsdRadixSortWithArraysAndCustomBase(16384) -> 103.543 ms
RadixSortWithArraysAndCustomBase(524288) -> 63.737 ms
RadixSortWithArraysAndCustomBase(16) -> 70.048 ms
RadixSortWithArrays -> 99.200 ms
RadixSortWithCountingSortAndCustomBase(65536) -> 22.729 ms
RadixSortWithArraysAndCustomBase(4096) -> 27.882 ms
RecursiveMsdRadixSortWithArraysAndCustomBase(4096) -> 102.824 ms
RadixSortWithArraysAndCustomBase(8) -> 93.946 ms
RadixSortWithArraysAndCustomBase(8192) -> 28.041 ms
RecursiveMsdRadixSortWithArrays -> 185.105 ms
RadixSortWithArraysAndCustomBase(100000) -> 40.476 ms
RecursiveMsdRadixSortWithArraysAndCustomBase(512) -> 111.862 ms
RadixSortWithDynamicListsAndCustomBase(128) -> 146.655 ms
RadixSortWithArraysAndCustomBase(1000) -> 38.287 ms
RecursiveMsdRadixSortWithArraysAndCustomBase(1000000) -> 195.227 ms
RecursiveMsdRadixSortWithArraysAndCustomBase(64) -> 139.203 ms
RadixSortWithCountingSortAndCustomBase(2048) -> 34.545 ms
RadixSortWithDynamicListsAndCustomBase(64) -> 162.835 ms
RadixSortWithDynamicListsAndCustomBase(4) -> 324.515 ms
RadixSortWithArraysAndCustomBase(256) -> 35.720 ms
RadixSortWithArraysAndCustomBase(64) -> 46.443 ms
RecursiveMsdRadixSortWithArraysAndCustomBase(4) -> 354.178 ms
RecursiveMsdRadixSortWithArraysAndCustomBase(100) -> 137.074 ms
RadixSortWithCountingSortAndCustomBase(524288) -> 26.107 ms
RecursiveMsdRadixSortWithArraysAndCustomBase(131072) -> 110.538 ms
RadixSortWithCountingSortAndCustomBase(128) -> 43.073 ms
RecursiveMsdRadixSortWithArraysAndCustomBase(1000) -> 107.695 ms
RadixSortWithDynamicListsAndCustomBase(524288) -> 210.139 ms
RecursiveMsdRadixSortWithArraysAndCustomBase(8192) -> 103.595 ms
RadixSortWithCountingSortAndCustomBase(32) -> 51.792 ms
RadixSortWithCountingSort -> 78.051 ms
RadixSortWithDynamicListsAndCustomBase(16384) -> 110.507 ms
RecursiveMsdRadixSortWithArraysAndCustomBase(8) -> 239.527 ms
RadixSortWithCountingSortAndCustomBase(100000) -> 23.949 ms
RadixSortWithDynamicListsAndCustomBase(262144) -> 191.075 ms
RadixSortWithCountingSortAndCustomBase(10) -> 71.649 ms
RadixSortWithDynamicListsAndCustomBase(2048) -> 123.405 ms
RadixSortWithDynamicListsAndCustomBase(2) -> 615.506 ms
RadixSortWithArraysAndCustomBase(32) -> 57.876 ms
RecursiveMsdRadixSortWithArraysAndCustomBase(32768) -> 105.664 ms
RadixSortWithArraysAndCustomBase(262144) -> 51.564 ms
RadixSortWithDynamicListsAndCustomBase(1000) -> 126.344 ms
RadixSortWithCountingSortAndCustomBase(1024) -> 31.730 ms
RecursiveMsdRadixSortWithArraysAndCustomBase(2) -> 663.181 ms
RadixSortWithCountingSortAndCustomBase(262144) -> 26.377 ms
RadixSortWithCountingSortAndCustomBase(4096) -> 22.680 ms
RadixSortWithArraysAndCustomBase(2048) -> 40.749 ms
RecursiveMsdRadixSortWithArraysAndCustomBase(65536) -> 106.667 ms
RadixSortWithCountingSortAndCustomBase(8192) -> 21.601 ms
RadixSortWithArraysAndCustomBase(512) -> 36.372 ms
RadixSortWithArraysAndCustomBase(4) -> 144.909 ms
RadixSortWithDynamicListsAndCustomBase(1024) -> 122.797 ms
RadixSortWithDynamicListsAndCustomBase(100000) -> 155.086 ms
RadixSortWithDynamicListsAndCustomBase(256) -> 126.759 ms
RadixSortWithCountingSortAndCustomBase(131072) -> 25.753 ms
RadixSortWithArraysAndCustomBase(16384) -> 29.408 ms
RecursiveMsdRadixSortWithArraysAndCustomBase(262144) -> 124.146 ms
RadixSortWithCountingSortAndCustomBase(4) -> 125.244 ms
RadixSortWithDynamicListsAndCustomBase(131072) -> 158.201 ms
RadixSortWithCountingSortAndCustomBase(64) -> 41.577 ms
RecursiveMsdRadixSortWithArraysAndCustomBase(128) -> 138.133 ms
RadixSortWithDynamicListsAndCustomBase(16) -> 195.521 ms
RadixSortWithArraysAndCustomBase(100) -> 46.782 ms
RadixSortWithCountingSortAndCustomBase(8) -> 83.156 ms
RadixSortWithDynamicListsAndCustomBase(1048576) -> 263.771 ms
RadixSortWithArraysAndCustomBase(131072) -> 40.366 ms
RecursiveMsdRadixSortWithArraysAndCustomBase(32) -> 150.163 ms
--- warm up 2 of 3 ---
RadixSortWithArraysAndCustomBase(256) -> 36.011 ms
RadixSortWithDynamicListsAndCustomBase(262144) -> 190.418 ms
RadixSortWithArraysAndCustomBase(100) -> 46.805 ms
RadixSortWithCountingSortAndCustomBase(128) -> 43.025 ms
RadixSortWithCountingSort -> 71.979 ms
RadixSortWithArraysAndCustomBase(8) -> 94.257 ms
RadixSortWithCountingSortAndCustomBase(10) -> 71.572 ms
RecursiveMsdRadixSortWithArraysAndCustomBase(1000) -> 107.922 ms
RecursiveMsdRadixSortWithArraysAndCustomBase(1024) -> 107.309 ms
RadixSortWithArraysAndCustomBase(1000) -> 37.589 ms
RadixSortWithCountingSortAndCustomBase(4) -> 125.762 ms
RecursiveMsdRadixSortWithArraysAndCustomBase(128) -> 137.644 ms
RecursiveMsdRadixSortWithArraysAndCustomBase(16384) -> 103.693 ms
RadixSortWithCountingSortAndCustomBase(8) -> 83.151 ms
RadixSortWithDynamicListsAndCustomBase(8192) -> 104.622 ms
RecursiveMsdRadixSortWithArraysAndCustomBase(100000) -> 108.276 ms
RadixSortWithArraysAndCustomBase(16) -> 69.624 ms
RadixSortWithDynamicListsAndCustomBase(32) -> 190.418 ms
RadixSortWithCountingSortAndCustomBase(65536) -> 23.535 ms
RadixSortWithArraysAndCustomBase(65536) -> 32.836 ms
RadixSortWithDynamicListsAndCustomBase(512) -> 124.952 ms
RecursiveMsdRadixSortWithArraysAndCustomBase(524288) -> 156.960 ms
RadixSortWithArraysAndCustomBase(32) -> 58.256 ms
RadixSortWithDynamicListsAndCustomBase(128) -> 143.503 ms
RecursiveMsdRadixSortWithArraysAndCustomBase(512) -> 106.846 ms
RecursiveMsdRadixSortWithArraysAndCustomBase(8) -> 239.023 ms
RadixSortWithDynamicListsAndCustomBase(32768) -> 125.372 ms
RadixSortWithArraysAndCustomBase(8192) -> 28.475 ms
RadixSortWithDynamicListsAndCustomBase(256) -> 123.199 ms
RadixSortWithDynamicListsAndCustomBase(10) -> 210.945 ms
RadixSortWithArraysAndCustomBase(10000) -> 28.672 ms
RadixSortWithArraysAndCustomBase(100000) -> 37.231 ms
RecursiveMsdRadixSortWithArraysAndCustomBase(131072) -> 112.117 ms
RadixSortWithDynamicListsAndCustomBase(2) -> 503.669 ms
RadixSortWithArraysAndCustomBase(4) -> 143.017 ms
RadixSortWithCountingSortAndCustomBase(16) -> 62.439 ms
RadixSortWithCountingSortAndCustomBase(2048) -> 35.310 ms
RadixSortWithDynamicListsAndCustomBase(16) -> 198.769 ms
RadixSortWithArraysAndCustomBase(128) -> 49.291 ms
RadixSortWithArrays -> 87.311 ms
RadixSortWithCountingSortAndCustomBase(100000) -> 23.255 ms
RadixSortWithArraysAndCustomBase(10) -> 82.245 ms
RadixSortWithDynamicListsAndCustomBase(100) -> 150.671 ms
RadixSortWithDynamicListsAndCustomBase(64) -> 162.147 ms
RadixSortWithCountingSortAndCustomBase(10000) -> 21.774 ms
RadixSortWithCountingSortAndCustomBase(1000) -> 32.586 ms
RadixSortWithCountingSortAndCustomBase(524288) -> 26.962 ms
RadixSortWithCountingSortAndCustomBase(1000000) -> 29.052 ms
RecursiveMsdRadixSortWithArrays -> 166.824 ms
RadixSortWithArraysAndCustomBase(1000000) -> 82.035 ms
RadixSortWithCountingSortAndCustomBase(32768) -> 22.057 ms
RecursiveMsdRadixSortWithArraysAndCustomBase(32) -> 150.451 ms
RadixSortWithArraysAndCustomBase(64) -> 46.622 ms
RecursiveMsdRadixSortWithArraysAndCustomBase(65536) -> 106.880 ms
RadixSortWithArraysAndCustomBase(512) -> 36.283 ms
RadixSortWithDynamicListsAndCustomBase(1024) -> 123.661 ms
RecursiveMsdRadixSortWithArraysAndCustomBase(16) -> 187.929 ms
RadixSortWithDynamicListsAndCustomBase(131072) -> 160.499 ms
RadixSortWithCountingSortAndCustomBase(256) -> 31.763 ms
RadixSortWithCountingSortAndCustomBase(64) -> 42.472 ms
RadixSortWithDynamicListsAndCustomBase(8) -> 227.713 ms
RadixSortWithDynamicListsAndCustomBase(524288) -> 208.568 ms
RadixSortWithArraysAndCustomBase(524288) -> 63.345 ms
RadixSortWithCountingSortAndCustomBase(8192) -> 21.626 ms
RecursiveMsdRadixSortWithArraysAndCustomBase(10) -> 202.557 ms
RecursiveMsdRadixSortWithArraysAndCustomBase(4096) -> 103.363 ms
RadixSortWithCountingSortAndCustomBase(1048576) -> 28.837 ms
RecursiveMsdRadixSortWithArraysAndCustomBase(4) -> 354.544 ms
RadixSortWithDynamicListsAndCustomBase(1000000) -> 248.880 ms
RadixSortWithArraysAndCustomBase(16384) -> 29.308 ms
RadixSortWithCountingSortAndCustomBase(100) -> 41.868 ms
RadixSortWithCountingSortAndCustomBase(512) -> 32.691 ms
RadixSortWithArraysAndCustomBase(1024) -> 37.744 ms
RadixSortWithCountingSortAndCustomBase(2) -> 340.465 ms
RecursiveMsdRadixSortWithArraysAndCustomBase(10000) -> 103.260 ms
RecursiveMsdRadixSortWithArraysAndCustomBase(2) -> 667.931 ms
RadixSortWithCountingSortAndCustomBase(16384) -> 22.745 ms
RadixSortWithArraysAndCustomBase(262144) -> 51.754 ms
RadixSortWithCountingSortAndCustomBase(4096) -> 21.675 ms
RadixSortWithCountingSortAndCustomBase(32) -> 51.569 ms
RecursiveMsdRadixSortWithArraysAndCustomBase(2048) -> 114.303 ms
RadixSortWithArraysAndCustomBase(4096) -> 27.748 ms
RadixSortWithDynamicListsAndCustomBase(100000) -> 153.511 ms
RadixSortWithDynamicListsAndCustomBase(4) -> 304.009 ms
RecursiveMsdRadixSortWithArraysAndCustomBase(1048576) -> 197.083 ms
RadixSortWithArraysAndCustomBase(2) -> 354.072 ms
RadixSortWithCountingSortAndCustomBase(262144) -> 25.475 ms
RecursiveMsdRadixSortWithArraysAndCustomBase(256) -> 106.803 ms
RadixSortWithDynamicListsAndCustomBase(2048) -> 123.736 ms
RecursiveMsdRadixSortWithArraysAndCustomBase(32768) -> 105.284 ms
RadixSortWithCountingSortAndCustomBase(131072) -> 23.773 ms
RadixSortWithArraysAndCustomBase(1048576) -> 83.982 ms
RecursiveMsdRadixSortWithArraysAndCustomBase(100) -> 137.986 ms
RecursiveMsdRadixSortWithArraysAndCustomBase(64) -> 138.894 ms
RadixSortWithDynamicListsAndCustomBase(16384) -> 110.413 ms
RadixSortWithArraysAndCustomBase(131072) -> 41.229 ms
RecursiveMsdRadixSortWithArraysAndCustomBase(1000000) -> 193.975 ms
RadixSortWithDynamicListsAndCustomBase(1048576) -> 260.680 ms
RecursiveMsdRadixSortWithArraysAndCustomBase(262144) -> 123.702 ms
RecursiveMsdRadixSortWithArraysAndCustomBase(8192) -> 104.011 ms
RadixSortWithDynamicLists -> 214.497 ms
RadixSortWithDynamicListsAndCustomBase(10000) -> 109.232 ms
RadixSortWithDynamicListsAndCustomBase(4096) -> 102.658 ms
RadixSortWithArraysAndCustomBase(2048) -> 40.728 ms
RadixSortWithArraysAndCustomBase(32768) -> 30.424 ms
RadixSortWithCountingSortAndCustomBase(1024) -> 31.920 ms
RadixSortWithDynamicListsAndCustomBase(65536) -> 141.347 ms
RadixSortWithDynamicListsAndCustomBase(1000) -> 124.427 ms
--- warm up 3 of 3 ---
RadixSortWithCountingSortAndCustomBase(524288) -> 26.958 ms
RadixSortWithCountingSortAndCustomBase(131072) -> 24.556 ms
RadixSortWithCountingSortAndCustomBase(16384) -> 22.562 ms
RadixSortWithCountingSortAndCustomBase(10) -> 72.463 ms
RecursiveMsdRadixSortWithArraysAndCustomBase(262144) -> 122.683 ms
RadixSortWithArraysAndCustomBase(1000000) -> 81.470 ms
RadixSortWithArraysAndCustomBase(262144) -> 52.137 ms
RadixSortWithCountingSortAndCustomBase(64) -> 41.530 ms
RadixSortWithArraysAndCustomBase(1048576) -> 83.949 ms
RadixSortWithDynamicListsAndCustomBase(512) -> 124.641 ms
RadixSortWithArraysAndCustomBase(2048) -> 40.836 ms
RadixSortWithDynamicListsAndCustomBase(10000) -> 108.487 ms
RadixSortWithDynamicListsAndCustomBase(65536) -> 142.349 ms
RadixSortWithDynamicListsAndCustomBase(32) -> 189.560 ms
RadixSortWithArraysAndCustomBase(524288) -> 63.551 ms
RadixSortWithDynamicListsAndCustomBase(128) -> 143.218 ms
RadixSortWithDynamicListsAndCustomBase(2) -> 533.156 ms
RadixSortWithArraysAndCustomBase(32) -> 58.033 ms
RadixSortWithDynamicListsAndCustomBase(1000) -> 123.587 ms
RecursiveMsdRadixSortWithArraysAndCustomBase(512) -> 106.661 ms
RadixSortWithDynamicListsAndCustomBase(16) -> 195.128 ms
RadixSortWithDynamicListsAndCustomBase(100) -> 149.419 ms
RadixSortWithArraysAndCustomBase(2) -> 354.708 ms
RadixSortWithCountingSortAndCustomBase(100000) -> 24.063 ms
RadixSortWithDynamicListsAndCustomBase(4) -> 303.792 ms
RecursiveMsdRadixSortWithArraysAndCustomBase(1000000) -> 195.403 ms
RadixSortWithCountingSortAndCustomBase(1000) -> 31.973 ms
RecursiveMsdRadixSortWithArraysAndCustomBase(32) -> 150.222 ms
RadixSortWithDynamicListsAndCustomBase(4096) -> 103.076 ms
RecursiveMsdRadixSortWithArraysAndCustomBase(64) -> 139.179 ms
RadixSortWithArraysAndCustomBase(32768) -> 30.555 ms
RadixSortWithDynamicListsAndCustomBase(262144) -> 186.254 ms
RadixSortWithCountingSortAndCustomBase(256) -> 31.555 ms
RadixSortWithCountingSortAndCustomBase(262144) -> 25.305 ms
RecursiveMsdRadixSortWithArraysAndCustomBase(1024) -> 108.417 ms
RadixSortWithArraysAndCustomBase(16) -> 69.871 ms
RadixSortWithDynamicListsAndCustomBase(2048) -> 123.115 ms
RecursiveMsdRadixSortWithArraysAndCustomBase(10) -> 202.316 ms
RadixSortWithDynamicListsAndCustomBase(100000) -> 153.101 ms
RadixSortWithDynamicListsAndCustomBase(32768) -> 125.329 ms
RadixSortWithCountingSortAndCustomBase(1048576) -> 28.527 ms
RadixSortWithDynamicListsAndCustomBase(16384) -> 112.104 ms
RadixSortWithArraysAndCustomBase(8) -> 94.635 ms
RadixSortWithArraysAndCustomBase(8192) -> 28.166 ms
RadixSortWithCountingSortAndCustomBase(2) -> 339.542 ms
RadixSortWithCountingSortAndCustomBase(32) -> 52.708 ms
RecursiveMsdRadixSortWithArraysAndCustomBase(16) -> 188.322 ms
RecursiveMsdRadixSortWithArraysAndCustomBase(8192) -> 104.005 ms
RadixSortWithDynamicListsAndCustomBase(256) -> 123.256 ms
RadixSortWithDynamicListsAndCustomBase(8192) -> 104.742 ms
RecursiveMsdRadixSortWithArraysAndCustomBase(1048576) -> 199.065 ms
RadixSortWithCountingSortAndCustomBase(32768) -> 23.080 ms
RadixSortWithArraysAndCustomBase(10000) -> 28.469 ms
RadixSortWithCountingSort -> 71.918 ms
RadixSortWithCountingSortAndCustomBase(16) -> 62.434 ms
RadixSortWithDynamicListsAndCustomBase(8) -> 228.610 ms
RadixSortWithCountingSortAndCustomBase(4) -> 125.686 ms
RadixSortWithCountingSortAndCustomBase(4096) -> 22.548 ms
RadixSortWithArraysAndCustomBase(512) -> 36.287 ms
RadixSortWithDynamicListsAndCustomBase(64) -> 161.337 ms
RadixSortWithCountingSortAndCustomBase(128) -> 43.536 ms
RadixSortWithDynamicListsAndCustomBase(1048576) -> 253.511 ms
RadixSortWithDynamicLists -> 220.650 ms
RadixSortWithArraysAndCustomBase(100) -> 46.937 ms
RecursiveMsdRadixSortWithArraysAndCustomBase(1000) -> 108.396 ms
RecursiveMsdRadixSortWithArraysAndCustomBase(256) -> 106.684 ms
RecursiveMsdRadixSortWithArraysAndCustomBase(2048) -> 114.550 ms
RecursiveMsdRadixSortWithArraysAndCustomBase(128) -> 137.994 ms
RecursiveMsdRadixSortWithArraysAndCustomBase(8) -> 239.874 ms
RadixSortWithCountingSortAndCustomBase(2048) -> 34.372 ms
RecursiveMsdRadixSortWithArraysAndCustomBase(10000) -> 103.512 ms
RadixSortWithArrays -> 87.166 ms
RadixSortWithCountingSortAndCustomBase(1000000) -> 27.922 ms
RadixSortWithDynamicListsAndCustomBase(10) -> 216.187 ms
RadixSortWithArraysAndCustomBase(100000) -> 37.479 ms
RecursiveMsdRadixSortWithArraysAndCustomBase(4096) -> 103.314 ms
RadixSortWithDynamicListsAndCustomBase(1024) -> 122.828 ms
RecursiveMsdRadixSortWithArraysAndCustomBase(65536) -> 107.151 ms
RecursiveMsdRadixSortWithArraysAndCustomBase(32768) -> 105.095 ms
RadixSortWithArraysAndCustomBase(4) -> 143.184 ms
RadixSortWithArraysAndCustomBase(64) -> 46.565 ms
RecursiveMsdRadixSortWithArraysAndCustomBase(100) -> 138.011 ms
RadixSortWithArraysAndCustomBase(1024) -> 38.110 ms
RecursiveMsdRadixSortWithArraysAndCustomBase(524288) -> 159.152 ms
RadixSortWithArraysAndCustomBase(256) -> 35.887 ms
RecursiveMsdRadixSortWithArrays -> 167.342 ms
RecursiveMsdRadixSortWithArraysAndCustomBase(2) -> 659.028 ms
RadixSortWithArraysAndCustomBase(4096) -> 27.788 ms
RadixSortWithCountingSortAndCustomBase(8) -> 83.461 ms
RadixSortWithDynamicListsAndCustomBase(131072) -> 157.961 ms
RadixSortWithCountingSortAndCustomBase(512) -> 31.427 ms
RadixSortWithCountingSortAndCustomBase(10000) -> 22.678 ms
RadixSortWithDynamicListsAndCustomBase(524288) -> 209.421 ms
RadixSortWithCountingSortAndCustomBase(100) -> 42.158 ms
RadixSortWithCountingSortAndCustomBase(65536) -> 23.798 ms
RecursiveMsdRadixSortWithArraysAndCustomBase(131072) -> 111.048 ms
RadixSortWithArraysAndCustomBase(10) -> 82.091 ms
RadixSortWithArraysAndCustomBase(16384) -> 29.431 ms
RadixSortWithArraysAndCustomBase(1000) -> 37.828 ms
RadixSortWithCountingSortAndCustomBase(8192) -> 21.704 ms
RecursiveMsdRadixSortWithArraysAndCustomBase(4) -> 355.533 ms
RadixSortWithArraysAndCustomBase(65536) -> 32.780 ms
RadixSortWithCountingSortAndCustomBase(1024) -> 31.909 ms
RadixSortWithArraysAndCustomBase(128) -> 48.855 ms
RadixSortWithArraysAndCustomBase(131072) -> 40.820 ms
RecursiveMsdRadixSortWithArraysAndCustomBase(100000) -> 108.664 ms
RadixSortWithDynamicListsAndCustomBase(1000000) -> 243.015 ms
RecursiveMsdRadixSortWithArraysAndCustomBase(16384) -> 104.117 ms
--- iteration 1 of 10 ---
RadixSortWithArraysAndCustomBase(1048576) -> 83.381 ms
RecursiveMsdRadixSortWithArraysAndCustomBase(8) -> 240.203 ms
RadixSortWithCountingSortAndCustomBase(128) -> 43.109 ms
RadixSortWithArraysAndCustomBase(1024) -> 37.541 ms
RadixSortWithArraysAndCustomBase(32) -> 58.164 ms
RadixSortWithCountingSortAndCustomBase(8) -> 83.428 ms
RadixSortWithDynamicListsAndCustomBase(8) -> 229.689 ms
RadixSortWithArraysAndCustomBase(32768) -> 30.757 ms
RadixSortWithArraysAndCustomBase(524288) -> 63.838 ms
RadixSortWithDynamicListsAndCustomBase(1024) -> 124.362 ms
RadixSortWithArraysAndCustomBase(1000000) -> 81.476 ms
RecursiveMsdRadixSortWithArraysAndCustomBase(10000) -> 103.729 ms
RecursiveMsdRadixSortWithArraysAndCustomBase(128) -> 138.535 ms
RadixSortWithDynamicListsAndCustomBase(32) -> 189.616 ms
RadixSortWithArraysAndCustomBase(2048) -> 40.721 ms
RadixSortWithDynamicListsAndCustomBase(128) -> 143.043 ms
RadixSortWithCountingSortAndCustomBase(8192) -> 22.670 ms
RadixSortWithArraysAndCustomBase(8) -> 94.593 ms
RecursiveMsdRadixSortWithArraysAndCustomBase(10) -> 202.281 ms
RadixSortWithArraysAndCustomBase(4) -> 143.758 ms
RecursiveMsdRadixSortWithArraysAndCustomBase(16) -> 188.922 ms
RadixSortWithCountingSortAndCustomBase(1000000) -> 27.563 ms
RadixSortWithDynamicListsAndCustomBase(262144) -> 184.960 ms
RecursiveMsdRadixSortWithArraysAndCustomBase(512) -> 106.738 ms
RadixSortWithCountingSortAndCustomBase(64) -> 41.699 ms
RadixSortWithCountingSortAndCustomBase(32768) -> 23.016 ms
RadixSortWithDynamicListsAndCustomBase(512) -> 124.829 ms
RecursiveMsdRadixSortWithArraysAndCustomBase(1024) -> 108.275 ms
RadixSortWithArraysAndCustomBase(262144) -> 52.326 ms
RadixSortWithArraysAndCustomBase(1000) -> 37.726 ms
RecursiveMsdRadixSortWithArraysAndCustomBase(4) -> 357.407 ms
RadixSortWithCountingSortAndCustomBase(131072) -> 26.727 ms
RecursiveMsdRadixSortWithArraysAndCustomBase(256) -> 111.125 ms
RadixSortWithArraysAndCustomBase(8192) -> 29.904 ms
RadixSortWithDynamicListsAndCustomBase(2) -> 489.897 ms
RecursiveMsdRadixSortWithArraysAndCustomBase(32768) -> 105.688 ms
RadixSortWithDynamicListsAndCustomBase(2048) -> 123.565 ms
RadixSortWithDynamicListsAndCustomBase(524288) -> 211.176 ms
RadixSortWithCountingSortAndCustomBase(2) -> 351.881 ms
RadixSortWithDynamicListsAndCustomBase(4) -> 303.638 ms
RadixSortWithDynamicListsAndCustomBase(256) -> 123.262 ms
RadixSortWithCountingSortAndCustomBase(1024) -> 31.751 ms
RadixSortWithArrays -> 87.709 ms
RadixSortWithCountingSortAndCustomBase(4096) -> 21.673 ms
RecursiveMsdRadixSortWithArraysAndCustomBase(65536) -> 106.962 ms
RadixSortWithCountingSortAndCustomBase(512) -> 31.697 ms
RadixSortWithCountingSortAndCustomBase(10000) -> 22.782 ms
RecursiveMsdRadixSortWithArraysAndCustomBase(131072) -> 111.092 ms
RadixSortWithArraysAndCustomBase(100) -> 47.208 ms
RadixSortWithArraysAndCustomBase(4096) -> 29.350 ms
RadixSortWithArraysAndCustomBase(100000) -> 37.165 ms
RadixSortWithCountingSortAndCustomBase(524288) -> 26.269 ms
RecursiveMsdRadixSortWithArraysAndCustomBase(2048) -> 114.937 ms
RecursiveMsdRadixSortWithArraysAndCustomBase(16384) -> 104.411 ms
RecursiveMsdRadixSortWithArraysAndCustomBase(100000) -> 108.904 ms
RadixSortWithDynamicListsAndCustomBase(16384) -> 110.633 ms
RadixSortWithCountingSortAndCustomBase(1048576) -> 28.878 ms
RadixSortWithCountingSortAndCustomBase(256) -> 33.001 ms
RadixSortWithCountingSortAndCustomBase(65536) -> 23.836 ms
RadixSortWithDynamicListsAndCustomBase(8192) -> 104.777 ms
RadixSortWithArraysAndCustomBase(10000) -> 28.547 ms
RadixSortWithDynamicListsAndCustomBase(4096) -> 102.592 ms
RadixSortWithCountingSort -> 72.251 ms
RadixSortWithCountingSortAndCustomBase(2048) -> 35.285 ms
RadixSortWithArraysAndCustomBase(16) -> 69.818 ms
RadixSortWithCountingSortAndCustomBase(262144) -> 25.094 ms
RecursiveMsdRadixSortWithArraysAndCustomBase(8192) -> 103.949 ms
RadixSortWithArraysAndCustomBase(256) -> 36.056 ms
RadixSortWithCountingSortAndCustomBase(1000) -> 31.859 ms
RecursiveMsdRadixSortWithArraysAndCustomBase(4096) -> 103.319 ms
RecursiveMsdRadixSortWithArraysAndCustomBase(524288) -> 159.082 ms
RadixSortWithDynamicListsAndCustomBase(64) -> 161.892 ms
RadixSortWithArraysAndCustomBase(65536) -> 32.584 ms
RadixSortWithCountingSortAndCustomBase(4) -> 125.133 ms
RecursiveMsdRadixSortWithArraysAndCustomBase(1000) -> 108.845 ms
RadixSortWithCountingSortAndCustomBase(16) -> 62.204 ms
RadixSortWithDynamicListsAndCustomBase(1048576) -> 258.027 ms
RecursiveMsdRadixSortWithArraysAndCustomBase(64) -> 139.577 ms
RecursiveMsdRadixSortWithArraysAndCustomBase(262144) -> 123.174 ms
RadixSortWithDynamicListsAndCustomBase(65536) -> 141.661 ms
RadixSortWithDynamicListsAndCustomBase(1000) -> 123.769 ms
RadixSortWithArraysAndCustomBase(131072) -> 40.388 ms
RecursiveMsdRadixSortWithArraysAndCustomBase(32) -> 151.245 ms
RadixSortWithArraysAndCustomBase(2) -> 354.630 ms
RadixSortWithDynamicListsAndCustomBase(32768) -> 125.675 ms
RecursiveMsdRadixSortWithArraysAndCustomBase(1000000) -> 195.562 ms
RadixSortWithDynamicListsAndCustomBase(10) -> 210.236 ms
RecursiveMsdRadixSortWithArraysAndCustomBase(100) -> 138.381 ms
RadixSortWithArraysAndCustomBase(10) -> 82.002 ms
RadixSortWithDynamicListsAndCustomBase(100000) -> 152.258 ms
RecursiveMsdRadixSortWithArrays -> 167.292 ms
RadixSortWithDynamicListsAndCustomBase(131072) -> 160.006 ms
RadixSortWithArraysAndCustomBase(512) -> 36.340 ms
RadixSortWithCountingSortAndCustomBase(10) -> 71.845 ms
RadixSortWithCountingSortAndCustomBase(32) -> 52.618 ms
RadixSortWithArraysAndCustomBase(128) -> 49.063 ms
RadixSortWithDynamicListsAndCustomBase(16) -> 199.061 ms
RecursiveMsdRadixSortWithArraysAndCustomBase(2) -> 662.661 ms
RadixSortWithArraysAndCustomBase(64) -> 46.507 ms
RadixSortWithDynamicListsAndCustomBase(10000) -> 109.191 ms
RadixSortWithDynamicLists -> 214.302 ms
RadixSortWithDynamicListsAndCustomBase(100) -> 149.910 ms
RadixSortWithCountingSortAndCustomBase(16384) -> 21.881 ms
RadixSortWithCountingSortAndCustomBase(100) -> 41.875 ms
RecursiveMsdRadixSortWithArraysAndCustomBase(1048576) -> 198.155 ms
RadixSortWithCountingSortAndCustomBase(100000) -> 24.096 ms
RadixSortWithArraysAndCustomBase(16384) -> 29.658 ms
RadixSortWithDynamicListsAndCustomBase(1000000) -> 251.133 ms
--- iteration 2 of 10 ---
RecursiveMsdRadixSortWithArraysAndCustomBase(10000) -> 104.318 ms
RecursiveMsdRadixSortWithArraysAndCustomBase(100000) -> 108.993 ms
RadixSortWithArraysAndCustomBase(1000000) -> 81.835 ms
RecursiveMsdRadixSortWithArraysAndCustomBase(32768) -> 105.607 ms
RadixSortWithArraysAndCustomBase(128) -> 51.015 ms
RecursiveMsdRadixSortWithArraysAndCustomBase(16) -> 188.926 ms
RadixSortWithArraysAndCustomBase(16) -> 69.636 ms
RecursiveMsdRadixSortWithArraysAndCustomBase(8192) -> 103.923 ms
RadixSortWithDynamicListsAndCustomBase(1000000) -> 249.725 ms
RadixSortWithCountingSortAndCustomBase(2) -> 339.361 ms
RadixSortWithCountingSortAndCustomBase(131072) -> 24.758 ms
RadixSortWithCountingSortAndCustomBase(262144) -> 26.118 ms
RadixSortWithCountingSortAndCustomBase(524288) -> 26.276 ms
RadixSortWithCountingSortAndCustomBase(8) -> 83.750 ms
RadixSortWithCountingSortAndCustomBase(64) -> 42.724 ms
RecursiveMsdRadixSortWithArraysAndCustomBase(4096) -> 103.056 ms
RadixSortWithArrays -> 87.562 ms
RadixSortWithDynamicListsAndCustomBase(2) -> 497.898 ms
RecursiveMsdRadixSortWithArraysAndCustomBase(4) -> 361.389 ms
RadixSortWithDynamicListsAndCustomBase(8) -> 228.336 ms
RadixSortWithCountingSortAndCustomBase(16) -> 62.115 ms
RecursiveMsdRadixSortWithArraysAndCustomBase(262144) -> 123.306 ms
RadixSortWithArraysAndCustomBase(2048) -> 40.896 ms
RadixSortWithDynamicListsAndCustomBase(10000) -> 108.740 ms
RadixSortWithDynamicListsAndCustomBase(65536) -> 141.955 ms
RecursiveMsdRadixSortWithArraysAndCustomBase(131072) -> 111.535 ms
RadixSortWithCountingSortAndCustomBase(1024) -> 32.315 ms
RadixSortWithArraysAndCustomBase(65536) -> 32.488 ms
RecursiveMsdRadixSortWithArraysAndCustomBase(2) -> 659.971 ms
RadixSortWithDynamicListsAndCustomBase(131072) -> 158.615 ms
RecursiveMsdRadixSortWithArraysAndCustomBase(2048) -> 114.878 ms
RadixSortWithDynamicListsAndCustomBase(4096) -> 103.393 ms
RadixSortWithCountingSortAndCustomBase(1048576) -> 28.826 ms
RadixSortWithDynamicListsAndCustomBase(8192) -> 104.591 ms
RadixSortWithCountingSortAndCustomBase(100) -> 41.988 ms
RecursiveMsdRadixSortWithArraysAndCustomBase(32) -> 151.869 ms
RecursiveMsdRadixSortWithArrays -> 167.356 ms
RadixSortWithCountingSortAndCustomBase(8192) -> 21.767 ms
RecursiveMsdRadixSortWithArraysAndCustomBase(8) -> 243.343 ms
RadixSortWithDynamicListsAndCustomBase(256) -> 124.285 ms
RadixSortWithDynamicListsAndCustomBase(4) -> 303.699 ms
RecursiveMsdRadixSortWithArraysAndCustomBase(1048576) -> 197.579 ms
RadixSortWithArraysAndCustomBase(4) -> 144.256 ms
RecursiveMsdRadixSortWithArraysAndCustomBase(1000000) -> 196.287 ms
RadixSortWithArraysAndCustomBase(256) -> 35.859 ms
RecursiveMsdRadixSortWithArraysAndCustomBase(64) -> 138.930 ms
RadixSortWithCountingSortAndCustomBase(32) -> 52.058 ms
RadixSortWithArraysAndCustomBase(8192) -> 28.301 ms
RadixSortWithArraysAndCustomBase(4096) -> 28.263 ms
RadixSortWithCountingSortAndCustomBase(256) -> 31.867 ms
RadixSortWithArraysAndCustomBase(8) -> 94.308 ms
RecursiveMsdRadixSortWithArraysAndCustomBase(128) -> 138.226 ms
RadixSortWithCountingSortAndCustomBase(10000) -> 22.747 ms
RecursiveMsdRadixSortWithArraysAndCustomBase(524288) -> 157.857 ms
RecursiveMsdRadixSortWithArraysAndCustomBase(16384) -> 104.102 ms
RadixSortWithArraysAndCustomBase(1024) -> 37.525 ms
RadixSortWithDynamicListsAndCustomBase(16384) -> 110.689 ms
RadixSortWithCountingSortAndCustomBase(10) -> 72.084 ms
RadixSortWithCountingSortAndCustomBase(128) -> 44.193 ms
RadixSortWithDynamicListsAndCustomBase(128) -> 143.176 ms
RecursiveMsdRadixSortWithArraysAndCustomBase(10) -> 203.118 ms
RecursiveMsdRadixSortWithArraysAndCustomBase(1000) -> 109.303 ms
RadixSortWithDynamicListsAndCustomBase(10) -> 219.054 ms
RadixSortWithArraysAndCustomBase(131072) -> 40.981 ms
RadixSortWithArraysAndCustomBase(512) -> 36.365 ms
RecursiveMsdRadixSortWithArraysAndCustomBase(512) -> 107.477 ms
RadixSortWithDynamicListsAndCustomBase(1024) -> 124.079 ms
RadixSortWithCountingSortAndCustomBase(32768) -> 23.112 ms
RecursiveMsdRadixSortWithArraysAndCustomBase(1024) -> 108.428 ms
RadixSortWithDynamicListsAndCustomBase(100000) -> 153.707 ms
RadixSortWithArraysAndCustomBase(10000) -> 28.580 ms
RadixSortWithCountingSortAndCustomBase(100000) -> 23.168 ms
RecursiveMsdRadixSortWithArraysAndCustomBase(65536) -> 107.188 ms
RadixSortWithArraysAndCustomBase(100) -> 46.941 ms
RadixSortWithArraysAndCustomBase(32768) -> 30.833 ms
RadixSortWithCountingSortAndCustomBase(65536) -> 22.758 ms
RadixSortWithCountingSortAndCustomBase(4096) -> 22.661 ms
RecursiveMsdRadixSortWithArraysAndCustomBase(256) -> 108.598 ms
RadixSortWithArraysAndCustomBase(10) -> 82.064 ms
RadixSortWithArraysAndCustomBase(524288) -> 64.024 ms
RadixSortWithDynamicListsAndCustomBase(16) -> 193.376 ms
RadixSortWithDynamicListsAndCustomBase(32) -> 187.711 ms
RadixSortWithArraysAndCustomBase(262144) -> 52.236 ms
RadixSortWithArraysAndCustomBase(16384) -> 29.525 ms
RadixSortWithCountingSortAndCustomBase(4) -> 125.669 ms
RadixSortWithDynamicListsAndCustomBase(262144) -> 189.775 ms
RadixSortWithDynamicListsAndCustomBase(1000) -> 123.783 ms
RadixSortWithArraysAndCustomBase(1048576) -> 83.130 ms
RadixSortWithCountingSortAndCustomBase(1000) -> 32.979 ms
RadixSortWithCountingSortAndCustomBase(2048) -> 35.276 ms
RadixSortWithArraysAndCustomBase(64) -> 46.681 ms
RadixSortWithArraysAndCustomBase(2) -> 355.831 ms
RadixSortWithDynamicLists -> 223.950 ms
RadixSortWithCountingSortAndCustomBase(16384) -> 22.052 ms
RadixSortWithDynamicListsAndCustomBase(64) -> 160.998 ms
RadixSortWithDynamicListsAndCustomBase(32768) -> 125.940 ms
RadixSortWithCountingSortAndCustomBase(512) -> 31.621 ms
RecursiveMsdRadixSortWithArraysAndCustomBase(100) -> 138.772 ms
RadixSortWithArraysAndCustomBase(32) -> 58.124 ms
RadixSortWithDynamicListsAndCustomBase(512) -> 125.609 ms
RadixSortWithCountingSort -> 72.180 ms
RadixSortWithDynamicListsAndCustomBase(524288) -> 211.188 ms
RadixSortWithDynamicListsAndCustomBase(100) -> 149.957 ms
RadixSortWithArraysAndCustomBase(1000) -> 37.692 ms
RadixSortWithArraysAndCustomBase(100000) -> 36.911 ms
RadixSortWithDynamicListsAndCustomBase(2048) -> 123.765 ms
RadixSortWithDynamicListsAndCustomBase(1048576) -> 251.998 ms
RadixSortWithCountingSortAndCustomBase(1000000) -> 28.721 ms
--- iteration 3 of 10 ---
RadixSortWithDynamicListsAndCustomBase(131072) -> 158.752 ms
RadixSortWithDynamicListsAndCustomBase(256) -> 122.800 ms
RadixSortWithDynamicListsAndCustomBase(8192) -> 105.152 ms
RadixSortWithArraysAndCustomBase(100) -> 46.940 ms
RecursiveMsdRadixSortWithArraysAndCustomBase(32) -> 151.101 ms
RadixSortWithCountingSortAndCustomBase(1048576) -> 28.649 ms
RadixSortWithCountingSortAndCustomBase(1024) -> 32.915 ms
RadixSortWithArraysAndCustomBase(1048576) -> 82.848 ms
RadixSortWithArraysAndCustomBase(10) -> 81.962 ms
RecursiveMsdRadixSortWithArraysAndCustomBase(1024) -> 108.402 ms
RecursiveMsdRadixSortWithArraysAndCustomBase(2) -> 659.921 ms
RadixSortWithArraysAndCustomBase(8192) -> 28.739 ms
RecursiveMsdRadixSortWithArraysAndCustomBase(128) -> 138.419 ms
RadixSortWithDynamicListsAndCustomBase(1000) -> 123.421 ms
RecursiveMsdRadixSortWithArraysAndCustomBase(2048) -> 114.953 ms
RadixSortWithDynamicListsAndCustomBase(524288) -> 210.978 ms
RadixSortWithDynamicListsAndCustomBase(32) -> 184.829 ms
RadixSortWithCountingSortAndCustomBase(10) -> 72.010 ms
RecursiveMsdRadixSortWithArraysAndCustomBase(32768) -> 105.747 ms
RadixSortWithDynamicListsAndCustomBase(1000000) -> 245.903 ms
RadixSortWithCountingSort -> 73.336 ms
RecursiveMsdRadixSortWithArraysAndCustomBase(8) -> 241.339 ms
RadixSortWithArraysAndCustomBase(2048) -> 41.527 ms
RadixSortWithDynamicListsAndCustomBase(2) -> 489.838 ms
RecursiveMsdRadixSortWithArraysAndCustomBase(4) -> 369.432 ms
RecursiveMsdRadixSortWithArraysAndCustomBase(131072) -> 111.265 ms
RadixSortWithCountingSortAndCustomBase(1000) -> 31.780 ms
RadixSortWithArraysAndCustomBase(64) -> 46.870 ms
RadixSortWithCountingSortAndCustomBase(262144) -> 25.067 ms
RecursiveMsdRadixSortWithArraysAndCustomBase(16384) -> 104.550 ms
RecursiveMsdRadixSortWithArraysAndCustomBase(1000000) -> 194.712 ms
RadixSortWithCountingSortAndCustomBase(8192) -> 21.648 ms
RadixSortWithDynamicListsAndCustomBase(10000) -> 108.865 ms
RadixSortWithCountingSortAndCustomBase(4096) -> 21.906 ms
RadixSortWithCountingSortAndCustomBase(64) -> 41.910 ms
RadixSortWithDynamicListsAndCustomBase(16) -> 195.225 ms
RadixSortWithCountingSortAndCustomBase(8) -> 84.159 ms
RadixSortWithCountingSortAndCustomBase(4) -> 125.780 ms
RadixSortWithCountingSortAndCustomBase(128) -> 44.158 ms
RecursiveMsdRadixSortWithArrays -> 167.500 ms
RadixSortWithArraysAndCustomBase(1000) -> 37.902 ms
RadixSortWithDynamicListsAndCustomBase(8) -> 233.201 ms
RadixSortWithArraysAndCustomBase(4096) -> 28.004 ms
RadixSortWithArrays -> 87.688 ms
RecursiveMsdRadixSortWithArraysAndCustomBase(10000) -> 103.798 ms
RadixSortWithCountingSortAndCustomBase(16) -> 61.996 ms
RecursiveMsdRadixSortWithArraysAndCustomBase(100) -> 138.559 ms
RadixSortWithDynamicListsAndCustomBase(128) -> 143.302 ms
RadixSortWithDynamicListsAndCustomBase(64) -> 162.611 ms
RecursiveMsdRadixSortWithArraysAndCustomBase(10) -> 203.343 ms
RecursiveMsdRadixSortWithArraysAndCustomBase(64) -> 139.371 ms
RadixSortWithCountingSortAndCustomBase(131072) -> 23.902 ms
RadixSortWithDynamicListsAndCustomBase(1048576) -> 254.330 ms
RadixSortWithCountingSortAndCustomBase(100000) -> 24.021 ms
RadixSortWithCountingSortAndCustomBase(2048) -> 34.374 ms
RadixSortWithArraysAndCustomBase(128) -> 49.803 ms
RadixSortWithDynamicListsAndCustomBase(512) -> 125.897 ms
RadixSortWithArraysAndCustomBase(256) -> 36.101 ms
RadixSortWithCountingSortAndCustomBase(2) -> 339.072 ms
RadixSortWithArraysAndCustomBase(65536) -> 32.229 ms
RadixSortWithDynamicLists -> 222.780 ms
RadixSortWithDynamicListsAndCustomBase(16384) -> 111.313 ms
RadixSortWithDynamicListsAndCustomBase(100) -> 149.629 ms
RadixSortWithCountingSortAndCustomBase(1000000) -> 28.653 ms
RecursiveMsdRadixSortWithArraysAndCustomBase(1000) -> 109.108 ms
RadixSortWithArraysAndCustomBase(2) -> 355.260 ms
RadixSortWithArraysAndCustomBase(1000000) -> 81.570 ms
RadixSortWithArraysAndCustomBase(524288) -> 63.358 ms
RecursiveMsdRadixSortWithArraysAndCustomBase(512) -> 107.513 ms
RadixSortWithArraysAndCustomBase(512) -> 36.275 ms
RadixSortWithDynamicListsAndCustomBase(262144) -> 188.900 ms
RadixSortWithArraysAndCustomBase(4) -> 144.082 ms
RadixSortWithCountingSortAndCustomBase(512) -> 32.657 ms
RecursiveMsdRadixSortWithArraysAndCustomBase(100000) -> 109.029 ms
RecursiveMsdRadixSortWithArraysAndCustomBase(16) -> 189.822 ms
RecursiveMsdRadixSortWithArraysAndCustomBase(256) -> 107.177 ms
RecursiveMsdRadixSortWithArraysAndCustomBase(524288) -> 161.008 ms
RadixSortWithCountingSortAndCustomBase(65536) -> 24.010 ms
RadixSortWithDynamicListsAndCustomBase(32768) -> 132.469 ms
RadixSortWithArraysAndCustomBase(1024) -> 38.267 ms
RecursiveMsdRadixSortWithArraysAndCustomBase(1048576) -> 198.557 ms
RadixSortWithArraysAndCustomBase(16) -> 69.639 ms
RecursiveMsdRadixSortWithArraysAndCustomBase(8192) -> 103.930 ms
RadixSortWithArraysAndCustomBase(262144) -> 52.252 ms
RadixSortWithCountingSortAndCustomBase(10000) -> 21.793 ms
RadixSortWithDynamicListsAndCustomBase(4096) -> 103.186 ms
RadixSortWithCountingSortAndCustomBase(524288) -> 26.483 ms
RadixSortWithDynamicListsAndCustomBase(65536) -> 141.376 ms
RadixSortWithDynamicListsAndCustomBase(2048) -> 123.664 ms
RecursiveMsdRadixSortWithArraysAndCustomBase(4096) -> 103.685 ms
RadixSortWithCountingSortAndCustomBase(32) -> 54.371 ms
RadixSortWithDynamicListsAndCustomBase(100000) -> 159.044 ms
RecursiveMsdRadixSortWithArraysAndCustomBase(65536) -> 107.999 ms
RecursiveMsdRadixSortWithArraysAndCustomBase(262144) -> 124.316 ms
RadixSortWithCountingSortAndCustomBase(16384) -> 21.864 ms
RadixSortWithDynamicListsAndCustomBase(10) -> 216.984 ms
RadixSortWithArraysAndCustomBase(10000) -> 28.804 ms
RadixSortWithArraysAndCustomBase(32768) -> 30.717 ms
RadixSortWithDynamicListsAndCustomBase(4) -> 303.488 ms
RadixSortWithCountingSortAndCustomBase(256) -> 32.703 ms
RadixSortWithDynamicListsAndCustomBase(1024) -> 123.176 ms
RadixSortWithArraysAndCustomBase(100000) -> 39.527 ms
RadixSortWithArraysAndCustomBase(32) -> 58.419 ms
RadixSortWithCountingSortAndCustomBase(100) -> 42.118 ms
RadixSortWithArraysAndCustomBase(8) -> 94.219 ms
RadixSortWithArraysAndCustomBase(131072) -> 40.726 ms
RadixSortWithArraysAndCustomBase(16384) -> 29.710 ms
RadixSortWithCountingSortAndCustomBase(32768) -> 22.237 ms
--- iteration 4 of 10 ---
RecursiveMsdRadixSortWithArraysAndCustomBase(1048576) -> 200.659 ms
RadixSortWithCountingSortAndCustomBase(10) -> 72.178 ms
RecursiveMsdRadixSortWithArraysAndCustomBase(262144) -> 123.217 ms
RadixSortWithCountingSortAndCustomBase(100000) -> 23.151 ms
RecursiveMsdRadixSortWithArraysAndCustomBase(100000) -> 109.054 ms
RadixSortWithCountingSortAndCustomBase(2) -> 339.434 ms
RadixSortWithCountingSortAndCustomBase(16384) -> 22.897 ms
RadixSortWithArraysAndCustomBase(16384) -> 29.800 ms
RadixSortWithArraysAndCustomBase(1048576) -> 83.244 ms
RadixSortWithArraysAndCustomBase(65536) -> 32.088 ms
RadixSortWithCountingSortAndCustomBase(16) -> 61.943 ms
RadixSortWithCountingSortAndCustomBase(8192) -> 22.543 ms
RecursiveMsdRadixSortWithArraysAndCustomBase(128) -> 138.776 ms
RecursiveMsdRadixSortWithArraysAndCustomBase(32) -> 152.168 ms
RadixSortWithCountingSortAndCustomBase(512) -> 31.771 ms
RadixSortWithArraysAndCustomBase(128) -> 49.086 ms
RadixSortWithDynamicListsAndCustomBase(16) -> 190.349 ms
RecursiveMsdRadixSortWithArraysAndCustomBase(100) -> 138.736 ms
RadixSortWithArraysAndCustomBase(10) -> 82.090 ms
RadixSortWithDynamicListsAndCustomBase(1048576) -> 259.444 ms
RadixSortWithDynamicListsAndCustomBase(64) -> 161.037 ms
RadixSortWithArraysAndCustomBase(100000) -> 36.835 ms
RadixSortWithArraysAndCustomBase(4096) -> 28.003 ms
RecursiveMsdRadixSortWithArraysAndCustomBase(1024) -> 108.482 ms
RadixSortWithDynamicListsAndCustomBase(524288) -> 211.708 ms
RadixSortWithCountingSortAndCustomBase(4096) -> 21.754 ms
RecursiveMsdRadixSortWithArraysAndCustomBase(32768) -> 105.419 ms
RecursiveMsdRadixSortWithArraysAndCustomBase(131072) -> 111.063 ms
RadixSortWithArraysAndCustomBase(1000) -> 37.891 ms
RadixSortWithCountingSortAndCustomBase(1000) -> 31.876 ms
RecursiveMsdRadixSortWithArraysAndCustomBase(16) -> 189.363 ms
RadixSortWithArraysAndCustomBase(100) -> 46.747 ms
RecursiveMsdRadixSortWithArrays -> 167.780 ms
RadixSortWithCountingSortAndCustomBase(524288) -> 26.821 ms
RadixSortWithArraysAndCustomBase(32) -> 58.643 ms
RadixSortWithArraysAndCustomBase(4) -> 145.510 ms
RadixSortWithArraysAndCustomBase(512) -> 36.252 ms
RadixSortWithArrays -> 87.663 ms
RecursiveMsdRadixSortWithArraysAndCustomBase(10000) -> 103.899 ms
RadixSortWithArraysAndCustomBase(8) -> 94.355 ms
RecursiveMsdRadixSortWithArraysAndCustomBase(64) -> 139.105 ms
RadixSortWithCountingSortAndCustomBase(32768) -> 22.267 ms
RadixSortWithDynamicListsAndCustomBase(512) -> 124.715 ms
RadixSortWithDynamicListsAndCustomBase(16384) -> 111.340 ms
RadixSortWithDynamicListsAndCustomBase(100000) -> 153.929 ms
RadixSortWithDynamicListsAndCustomBase(32768) -> 126.185 ms
RadixSortWithCountingSortAndCustomBase(32) -> 51.968 ms
RadixSortWithArraysAndCustomBase(1024) -> 37.882 ms
RadixSortWithDynamicListsAndCustomBase(262144) -> 188.638 ms
RadixSortWithDynamicListsAndCustomBase(1024) -> 124.294 ms
RecursiveMsdRadixSortWithArraysAndCustomBase(1000) -> 108.883 ms
RadixSortWithCountingSortAndCustomBase(4) -> 125.857 ms
RadixSortWithDynamicListsAndCustomBase(4096) -> 103.034 ms
RadixSortWithDynamicListsAndCustomBase(8) -> 228.942 ms
RecursiveMsdRadixSortWithArraysAndCustomBase(256) -> 107.562 ms
RadixSortWithArraysAndCustomBase(8192) -> 28.229 ms
RadixSortWithCountingSortAndCustomBase(1024) -> 32.009 ms
RadixSortWithCountingSortAndCustomBase(10000) -> 22.753 ms
RadixSortWithArraysAndCustomBase(16) -> 69.662 ms
RadixSortWithArraysAndCustomBase(131072) -> 40.948 ms
RadixSortWithDynamicListsAndCustomBase(1000) -> 123.873 ms
RadixSortWithArraysAndCustomBase(10000) -> 29.157 ms
RecursiveMsdRadixSortWithArraysAndCustomBase(2048) -> 115.245 ms
RadixSortWithDynamicListsAndCustomBase(65536) -> 141.551 ms
RadixSortWithCountingSortAndCustomBase(128) -> 43.435 ms
RecursiveMsdRadixSortWithArraysAndCustomBase(65536) -> 106.953 ms
RecursiveMsdRadixSortWithArraysAndCustomBase(4096) -> 103.259 ms
RecursiveMsdRadixSortWithArraysAndCustomBase(512) -> 106.979 ms
RadixSortWithCountingSortAndCustomBase(65536) -> 23.416 ms
RadixSortWithArraysAndCustomBase(2048) -> 40.878 ms
RadixSortWithCountingSortAndCustomBase(100) -> 41.795 ms
RadixSortWithArraysAndCustomBase(256) -> 36.020 ms
RadixSortWithArraysAndCustomBase(1000000) -> 82.164 ms
RadixSortWithDynamicLists -> 219.443 ms
RecursiveMsdRadixSortWithArraysAndCustomBase(2) -> 673.784 ms
RecursiveMsdRadixSortWithArraysAndCustomBase(10) -> 203.371 ms
RadixSortWithArraysAndCustomBase(262144) -> 52.370 ms
RadixSortWithDynamicListsAndCustomBase(131072) -> 159.222 ms
RecursiveMsdRadixSortWithArraysAndCustomBase(4) -> 357.318 ms
RadixSortWithCountingSortAndCustomBase(262144) -> 25.808 ms
RadixSortWithDynamicListsAndCustomBase(1000000) -> 246.710 ms
RadixSortWithDynamicListsAndCustomBase(8192) -> 104.262 ms
RecursiveMsdRadixSortWithArraysAndCustomBase(1000000) -> 195.224 ms
RadixSortWithDynamicListsAndCustomBase(128) -> 141.923 ms
RadixSortWithCountingSortAndCustomBase(1000000) -> 30.170 ms
RadixSortWithCountingSortAndCustomBase(256) -> 32.355 ms
RadixSortWithArraysAndCustomBase(32768) -> 30.323 ms
RadixSortWithDynamicListsAndCustomBase(2) -> 489.726 ms
RecursiveMsdRadixSortWithArraysAndCustomBase(524288) -> 159.003 ms
RadixSortWithCountingSortAndCustomBase(64) -> 41.960 ms
RadixSortWithDynamicListsAndCustomBase(32) -> 190.571 ms
RadixSortWithArraysAndCustomBase(524288) -> 64.153 ms
RadixSortWithDynamicListsAndCustomBase(100) -> 150.805 ms
RadixSortWithCountingSort -> 72.409 ms
RadixSortWithCountingSortAndCustomBase(131072) -> 24.812 ms
RadixSortWithDynamicListsAndCustomBase(4) -> 304.025 ms
RadixSortWithCountingSortAndCustomBase(8) -> 85.026 ms
RadixSortWithDynamicListsAndCustomBase(10) -> 216.158 ms
RecursiveMsdRadixSortWithArraysAndCustomBase(8) -> 241.409 ms
RadixSortWithDynamicListsAndCustomBase(10000) -> 109.085 ms
RadixSortWithArraysAndCustomBase(64) -> 46.689 ms
RecursiveMsdRadixSortWithArraysAndCustomBase(16384) -> 104.487 ms
RadixSortWithCountingSortAndCustomBase(1048576) -> 28.380 ms
RadixSortWithArraysAndCustomBase(2) -> 355.939 ms
RecursiveMsdRadixSortWithArraysAndCustomBase(8192) -> 104.295 ms
RadixSortWithDynamicListsAndCustomBase(2048) -> 123.671 ms
RadixSortWithDynamicListsAndCustomBase(256) -> 123.323 ms
RadixSortWithCountingSortAndCustomBase(2048) -> 34.413 ms
--- iteration 5 of 10 ---
RecursiveMsdRadixSortWithArraysAndCustomBase(16384) -> 104.446 ms
RadixSortWithCountingSortAndCustomBase(8192) -> 21.747 ms
RecursiveMsdRadixSortWithArraysAndCustomBase(10000) -> 103.881 ms
RadixSortWithArraysAndCustomBase(512) -> 36.492 ms
RadixSortWithCountingSortAndCustomBase(512) -> 31.899 ms
RadixSortWithArraysAndCustomBase(2) -> 356.206 ms
RadixSortWithArraysAndCustomBase(524288) -> 63.394 ms
RadixSortWithCountingSortAndCustomBase(65536) -> 22.878 ms
RecursiveMsdRadixSortWithArraysAndCustomBase(524288) -> 161.904 ms
RadixSortWithDynamicListsAndCustomBase(16) -> 194.838 ms
RadixSortWithDynamicListsAndCustomBase(128) -> 142.342 ms
RadixSortWithDynamicListsAndCustomBase(64) -> 163.048 ms
RadixSortWithArraysAndCustomBase(32) -> 58.068 ms
RadixSortWithArraysAndCustomBase(1000) -> 38.104 ms
RadixSortWithDynamicListsAndCustomBase(1000) -> 123.656 ms
RadixSortWithCountingSortAndCustomBase(16) -> 61.926 ms
RadixSortWithDynamicListsAndCustomBase(512) -> 125.450 ms
RecursiveMsdRadixSortWithArraysAndCustomBase(8192) -> 104.024 ms
RadixSortWithArraysAndCustomBase(32768) -> 30.613 ms
RadixSortWithArraysAndCustomBase(100000) -> 37.180 ms
RadixSortWithCountingSortAndCustomBase(262144) -> 25.223 ms
RadixSortWithCountingSortAndCustomBase(524288) -> 27.589 ms
RadixSortWithArraysAndCustomBase(131072) -> 40.499 ms
RadixSortWithDynamicListsAndCustomBase(1048576) -> 253.046 ms
RadixSortWithDynamicLists -> 210.741 ms
RadixSortWithDynamicListsAndCustomBase(100) -> 149.807 ms
RadixSortWithCountingSortAndCustomBase(1024) -> 32.103 ms
RecursiveMsdRadixSortWithArraysAndCustomBase(512) -> 107.131 ms
RadixSortWithCountingSortAndCustomBase(4) -> 125.874 ms
RadixSortWithCountingSortAndCustomBase(1000000) -> 27.670 ms
RadixSortWithDynamicListsAndCustomBase(100000) -> 153.492 ms
RadixSortWithArrays -> 87.887 ms
RadixSortWithDynamicListsAndCustomBase(4) -> 303.446 ms
RadixSortWithDynamicListsAndCustomBase(8) -> 227.801 ms
RecursiveMsdRadixSortWithArraysAndCustomBase(131072) -> 111.542 ms
RadixSortWithArraysAndCustomBase(4096) -> 28.186 ms
RadixSortWithDynamicListsAndCustomBase(16384) -> 111.039 ms
RecursiveMsdRadixSortWithArraysAndCustomBase(2) -> 662.638 ms
RadixSortWithArraysAndCustomBase(8) -> 95.135 ms
RadixSortWithCountingSortAndCustomBase(2048) -> 34.384 ms
RadixSortWithDynamicListsAndCustomBase(10000) -> 109.076 ms
RecursiveMsdRadixSortWithArraysAndCustomBase(64) -> 139.305 ms
RadixSortWithDynamicListsAndCustomBase(65536) -> 142.054 ms
RadixSortWithArraysAndCustomBase(1000000) -> 82.159 ms
RadixSortWithArraysAndCustomBase(1024) -> 37.638 ms
RecursiveMsdRadixSortWithArraysAndCustomBase(4) -> 358.661 ms
RadixSortWithCountingSortAndCustomBase(4096) -> 22.669 ms
RadixSortWithCountingSortAndCustomBase(10) -> 71.910 ms
RadixSortWithDynamicListsAndCustomBase(4096) -> 103.078 ms
RadixSortWithArraysAndCustomBase(10) -> 82.219 ms
RadixSortWithDynamicListsAndCustomBase(131072) -> 159.929 ms
RecursiveMsdRadixSortWithArraysAndCustomBase(4096) -> 103.781 ms
RadixSortWithCountingSortAndCustomBase(1048576) -> 28.824 ms
RadixSortWithArraysAndCustomBase(100) -> 46.963 ms
RadixSortWithDynamicListsAndCustomBase(8192) -> 104.980 ms
RadixSortWithCountingSort -> 72.484 ms
RadixSortWithDynamicListsAndCustomBase(2) -> 488.065 ms
RecursiveMsdRadixSortWithArraysAndCustomBase(1024) -> 108.987 ms
RadixSortWithDynamicListsAndCustomBase(10) -> 208.432 ms
RadixSortWithArraysAndCustomBase(64) -> 47.203 ms
RadixSortWithArraysAndCustomBase(2048) -> 40.913 ms
RadixSortWithDynamicListsAndCustomBase(256) -> 123.495 ms
RecursiveMsdRadixSortWithArraysAndCustomBase(256) -> 107.134 ms
RadixSortWithArraysAndCustomBase(10000) -> 28.527 ms
RadixSortWithDynamicListsAndCustomBase(1024) -> 122.781 ms
RadixSortWithDynamicListsAndCustomBase(1000000) -> 247.544 ms
RecursiveMsdRadixSortWithArraysAndCustomBase(8) -> 240.904 ms
RadixSortWithDynamicListsAndCustomBase(524288) -> 210.516 ms
RadixSortWithDynamicListsAndCustomBase(2048) -> 123.492 ms
RecursiveMsdRadixSortWithArraysAndCustomBase(32) -> 151.468 ms
RecursiveMsdRadixSortWithArraysAndCustomBase(2048) -> 114.978 ms
RadixSortWithArraysAndCustomBase(16384) -> 29.666 ms
RadixSortWithArraysAndCustomBase(1048576) -> 83.336 ms
RecursiveMsdRadixSortWithArraysAndCustomBase(32768) -> 105.690 ms
RadixSortWithArraysAndCustomBase(128) -> 49.704 ms
RecursiveMsdRadixSortWithArraysAndCustomBase(1000) -> 108.635 ms
RadixSortWithCountingSortAndCustomBase(131072) -> 23.798 ms
RadixSortWithCountingSortAndCustomBase(64) -> 41.967 ms
RadixSortWithDynamicListsAndCustomBase(32768) -> 125.144 ms
RadixSortWithDynamicListsAndCustomBase(32) -> 186.079 ms
RadixSortWithCountingSortAndCustomBase(16384) -> 22.742 ms
RadixSortWithCountingSortAndCustomBase(2) -> 339.468 ms
RadixSortWithCountingSortAndCustomBase(32768) -> 23.094 ms
RadixSortWithArraysAndCustomBase(8192) -> 28.455 ms
RadixSortWithArraysAndCustomBase(256) -> 35.992 ms
RadixSortWithCountingSortAndCustomBase(100) -> 41.852 ms
RadixSortWithCountingSortAndCustomBase(256) -> 32.641 ms
RecursiveMsdRadixSortWithArraysAndCustomBase(100000) -> 108.759 ms
RadixSortWithArraysAndCustomBase(4) -> 143.841 ms
RecursiveMsdRadixSortWithArraysAndCustomBase(1000000) -> 195.397 ms
RadixSortWithCountingSortAndCustomBase(1000) -> 31.962 ms
RadixSortWithDynamicListsAndCustomBase(262144) -> 187.871 ms
RecursiveMsdRadixSortWithArraysAndCustomBase(65536) -> 106.847 ms
RadixSortWithCountingSortAndCustomBase(8) -> 83.625 ms
RecursiveMsdRadixSortWithArrays -> 167.152 ms
RecursiveMsdRadixSortWithArraysAndCustomBase(100) -> 138.272 ms
RadixSortWithArraysAndCustomBase(65536) -> 32.728 ms
RadixSortWithCountingSortAndCustomBase(10000) -> 21.795 ms
RadixSortWithCountingSortAndCustomBase(128) -> 43.236 ms
RecursiveMsdRadixSortWithArraysAndCustomBase(1048576) -> 198.108 ms
RecursiveMsdRadixSortWithArraysAndCustomBase(262144) -> 122.922 ms
RecursiveMsdRadixSortWithArraysAndCustomBase(16) -> 188.481 ms
RecursiveMsdRadixSortWithArraysAndCustomBase(10) -> 202.326 ms
RecursiveMsdRadixSortWithArraysAndCustomBase(128) -> 138.293 ms
RadixSortWithArraysAndCustomBase(16) -> 70.040 ms
RadixSortWithArraysAndCustomBase(262144) -> 52.069 ms
RadixSortWithCountingSortAndCustomBase(100000) -> 23.295 ms
RadixSortWithCountingSortAndCustomBase(32) -> 51.843 ms
--- iteration 6 of 10 ---
RadixSortWithCountingSortAndCustomBase(524288) -> 28.135 ms
RadixSortWithCountingSortAndCustomBase(16384) -> 23.092 ms
RecursiveMsdRadixSortWithArraysAndCustomBase(32) -> 150.622 ms
RecursiveMsdRadixSortWithArraysAndCustomBase(2) -> 657.731 ms
RecursiveMsdRadixSortWithArraysAndCustomBase(1048576) -> 200.186 ms
RadixSortWithDynamicLists -> 219.942 ms
RadixSortWithArraysAndCustomBase(128) -> 48.700 ms
RecursiveMsdRadixSortWithArraysAndCustomBase(65536) -> 106.864 ms
RadixSortWithCountingSortAndCustomBase(10000) -> 21.795 ms
RadixSortWithCountingSortAndCustomBase(4096) -> 22.701 ms
RadixSortWithArraysAndCustomBase(256) -> 35.987 ms
RecursiveMsdRadixSortWithArraysAndCustomBase(262144) -> 124.057 ms
RadixSortWithCountingSortAndCustomBase(1000) -> 31.718 ms
RadixSortWithCountingSortAndCustomBase(4) -> 125.755 ms
RadixSortWithArraysAndCustomBase(16) -> 69.543 ms
RadixSortWithCountingSortAndCustomBase(64) -> 41.429 ms
RadixSortWithCountingSortAndCustomBase(1048576) -> 29.923 ms
RadixSortWithDynamicListsAndCustomBase(128) -> 142.917 ms
RadixSortWithArraysAndCustomBase(65536) -> 32.375 ms
RadixSortWithArraysAndCustomBase(4096) -> 27.716 ms
RadixSortWithArraysAndCustomBase(10000) -> 28.493 ms
RadixSortWithDynamicListsAndCustomBase(131072) -> 158.757 ms
RadixSortWithDynamicListsAndCustomBase(8) -> 229.117 ms
RadixSortWithArraysAndCustomBase(1000000) -> 81.684 ms
RecursiveMsdRadixSortWithArraysAndCustomBase(1000000) -> 193.208 ms
RecursiveMsdRadixSortWithArraysAndCustomBase(16) -> 188.328 ms
RadixSortWithCountingSortAndCustomBase(2048) -> 34.438 ms
RadixSortWithCountingSortAndCustomBase(128) -> 43.951 ms
RecursiveMsdRadixSortWithArraysAndCustomBase(128) -> 137.734 ms
RecursiveMsdRadixSortWithArrays -> 166.766 ms
RadixSortWithDynamicListsAndCustomBase(1048576) -> 257.958 ms
RadixSortWithCountingSortAndCustomBase(8192) -> 22.553 ms
RadixSortWithArraysAndCustomBase(32768) -> 31.871 ms
RadixSortWithArraysAndCustomBase(1024) -> 39.327 ms
RecursiveMsdRadixSortWithArraysAndCustomBase(524288) -> 170.883 ms
RadixSortWithDynamicListsAndCustomBase(262144) -> 189.311 ms
RadixSortWithArraysAndCustomBase(10) -> 81.923 ms
RecursiveMsdRadixSortWithArraysAndCustomBase(131072) -> 110.893 ms
RadixSortWithCountingSortAndCustomBase(2) -> 339.392 ms
RadixSortWithCountingSortAndCustomBase(262144) -> 26.157 ms
RadixSortWithDynamicListsAndCustomBase(10) -> 216.072 ms
RadixSortWithCountingSortAndCustomBase(65536) -> 25.197 ms
RadixSortWithDynamicListsAndCustomBase(32768) -> 132.398 ms
RadixSortWithDynamicListsAndCustomBase(100) -> 153.578 ms
RadixSortWithArraysAndCustomBase(8) -> 94.619 ms
RecursiveMsdRadixSortWithArraysAndCustomBase(10) -> 204.675 ms
RecursiveMsdRadixSortWithArraysAndCustomBase(256) -> 106.443 ms
RadixSortWithCountingSortAndCustomBase(10) -> 73.877 ms
RecursiveMsdRadixSortWithArraysAndCustomBase(16384) -> 103.596 ms
RadixSortWithDynamicListsAndCustomBase(4096) -> 103.563 ms
RecursiveMsdRadixSortWithArraysAndCustomBase(32768) -> 106.515 ms
RadixSortWithDynamicListsAndCustomBase(524288) -> 218.779 ms
RadixSortWithDynamicListsAndCustomBase(1000000) -> 250.832 ms
RecursiveMsdRadixSortWithArraysAndCustomBase(8) -> 242.783 ms
RadixSortWithCountingSortAndCustomBase(100000) -> 23.767 ms
RadixSortWithArraysAndCustomBase(64) -> 48.174 ms
RadixSortWithDynamicListsAndCustomBase(1024) -> 125.060 ms
RadixSortWithDynamicListsAndCustomBase(32) -> 193.577 ms
RecursiveMsdRadixSortWithArraysAndCustomBase(10000) -> 104.930 ms
RadixSortWithArraysAndCustomBase(2048) -> 41.828 ms
RecursiveMsdRadixSortWithArraysAndCustomBase(512) -> 108.646 ms
RadixSortWithCountingSortAndCustomBase(32768) -> 22.621 ms
RadixSortWithDynamicListsAndCustomBase(4) -> 306.771 ms
RadixSortWithDynamicListsAndCustomBase(2048) -> 125.230 ms
RecursiveMsdRadixSortWithArraysAndCustomBase(100) -> 141.079 ms
RadixSortWithDynamicListsAndCustomBase(1000) -> 125.575 ms
RadixSortWithCountingSortAndCustomBase(131072) -> 25.183 ms
RecursiveMsdRadixSortWithArraysAndCustomBase(64) -> 141.513 ms
RadixSortWithDynamicListsAndCustomBase(10000) -> 111.410 ms
RadixSortWithArraysAndCustomBase(4) -> 146.723 ms
RadixSortWithCountingSort -> 74.159 ms
RecursiveMsdRadixSortWithArraysAndCustomBase(1024) -> 110.151 ms
RecursiveMsdRadixSortWithArraysAndCustomBase(1000) -> 109.921 ms
RadixSortWithArraysAndCustomBase(512) -> 37.077 ms
RadixSortWithArraysAndCustomBase(524288) -> 66.662 ms
RecursiveMsdRadixSortWithArraysAndCustomBase(4096) -> 103.815 ms
RadixSortWithArraysAndCustomBase(1048576) -> 86.500 ms
RadixSortWithArraysAndCustomBase(2) -> 358.346 ms
RadixSortWithCountingSortAndCustomBase(512) -> 32.329 ms
RadixSortWithDynamicListsAndCustomBase(100000) -> 155.890 ms
RadixSortWithDynamicListsAndCustomBase(2) -> 489.446 ms
RadixSortWithCountingSortAndCustomBase(1024) -> 32.544 ms
RadixSortWithArraysAndCustomBase(100) -> 46.782 ms
RadixSortWithDynamicListsAndCustomBase(16) -> 201.169 ms
RadixSortWithCountingSortAndCustomBase(256) -> 31.598 ms
RadixSortWithDynamicListsAndCustomBase(256) -> 123.451 ms
RadixSortWithDynamicListsAndCustomBase(16384) -> 111.776 ms
RadixSortWithArraysAndCustomBase(262144) -> 51.379 ms
RadixSortWithDynamicListsAndCustomBase(8192) -> 104.916 ms
RadixSortWithArraysAndCustomBase(1000) -> 37.537 ms
RadixSortWithCountingSortAndCustomBase(8) -> 83.171 ms
RadixSortWithDynamicListsAndCustomBase(512) -> 125.699 ms
RadixSortWithCountingSortAndCustomBase(1000000) -> 28.518 ms
RecursiveMsdRadixSortWithArraysAndCustomBase(100000) -> 108.124 ms
RadixSortWithArrays -> 87.363 ms
RadixSortWithArraysAndCustomBase(8192) -> 28.284 ms
RecursiveMsdRadixSortWithArraysAndCustomBase(4) -> 352.784 ms
RadixSortWithArraysAndCustomBase(16384) -> 29.348 ms
RadixSortWithDynamicListsAndCustomBase(65536) -> 141.344 ms
RadixSortWithArraysAndCustomBase(100000) -> 37.175 ms
RadixSortWithDynamicListsAndCustomBase(64) -> 162.239 ms
RadixSortWithArraysAndCustomBase(131072) -> 40.407 ms
RadixSortWithCountingSortAndCustomBase(100) -> 41.807 ms
RecursiveMsdRadixSortWithArraysAndCustomBase(8192) -> 103.501 ms
RadixSortWithCountingSortAndCustomBase(16) -> 61.637 ms
RadixSortWithCountingSortAndCustomBase(32) -> 52.450 ms
RadixSortWithArraysAndCustomBase(32) -> 57.871 ms
RecursiveMsdRadixSortWithArraysAndCustomBase(2048) -> 113.982 ms
--- iteration 7 of 10 ---
RadixSortWithArraysAndCustomBase(100) -> 46.677 ms
RecursiveMsdRadixSortWithArraysAndCustomBase(128) -> 137.320 ms
RadixSortWithDynamicListsAndCustomBase(131072) -> 158.199 ms
RadixSortWithCountingSortAndCustomBase(1000) -> 31.545 ms
RadixSortWithCountingSortAndCustomBase(2) -> 339.195 ms
RadixSortWithCountingSortAndCustomBase(10000) -> 21.650 ms
RadixSortWithDynamicListsAndCustomBase(4) -> 303.933 ms
RadixSortWithCountingSortAndCustomBase(4) -> 125.148 ms
RadixSortWithCountingSortAndCustomBase(10) -> 71.478 ms
RadixSortWithArraysAndCustomBase(128) -> 48.931 ms
RadixSortWithDynamicListsAndCustomBase(32768) -> 125.685 ms
RecursiveMsdRadixSortWithArraysAndCustomBase(512) -> 106.582 ms
RecursiveMsdRadixSortWithArraysAndCustomBase(8192) -> 103.856 ms
RadixSortWithDynamicListsAndCustomBase(8192) -> 104.608 ms
RecursiveMsdRadixSortWithArraysAndCustomBase(1000) -> 107.660 ms
RecursiveMsdRadixSortWithArraysAndCustomBase(131072) -> 110.467 ms
RecursiveMsdRadixSortWithArraysAndCustomBase(16384) -> 103.634 ms
RadixSortWithDynamicListsAndCustomBase(32) -> 188.549 ms
RecursiveMsdRadixSortWithArraysAndCustomBase(100000) -> 108.139 ms
RadixSortWithArraysAndCustomBase(2048) -> 40.850 ms
RadixSortWithArraysAndCustomBase(65536) -> 32.291 ms
RadixSortWithDynamicListsAndCustomBase(1000) -> 123.379 ms
RecursiveMsdRadixSortWithArraysAndCustomBase(4096) -> 102.832 ms
RadixSortWithArraysAndCustomBase(4096) -> 27.955 ms
RadixSortWithDynamicListsAndCustomBase(1048576) -> 258.321 ms
RadixSortWithDynamicListsAndCustomBase(262144) -> 188.143 ms
RecursiveMsdRadixSortWithArraysAndCustomBase(1000000) -> 195.053 ms
RadixSortWithDynamicListsAndCustomBase(2048) -> 122.967 ms
RecursiveMsdRadixSortWithArraysAndCustomBase(32768) -> 105.043 ms
RadixSortWithDynamicListsAndCustomBase(4096) -> 103.282 ms
RadixSortWithDynamicLists -> 220.729 ms
RecursiveMsdRadixSortWithArraysAndCustomBase(65536) -> 106.374 ms
RadixSortWithArraysAndCustomBase(1048576) -> 83.251 ms
RadixSortWithArraysAndCustomBase(100000) -> 35.632 ms
RadixSortWithArraysAndCustomBase(524288) -> 62.660 ms
RadixSortWithArraysAndCustomBase(1000000) -> 81.450 ms
RadixSortWithDynamicListsAndCustomBase(10000) -> 108.644 ms
RadixSortWithArraysAndCustomBase(512) -> 36.204 ms
RadixSortWithArraysAndCustomBase(4) -> 143.048 ms
RadixSortWithCountingSortAndCustomBase(1024) -> 31.627 ms
RadixSortWithCountingSortAndCustomBase(65536) -> 23.113 ms
RadixSortWithCountingSortAndCustomBase(256) -> 31.831 ms
RecursiveMsdRadixSortWithArraysAndCustomBase(100) -> 137.978 ms
RadixSortWithCountingSortAndCustomBase(1000000) -> 27.494 ms
RecursiveMsdRadixSortWithArraysAndCustomBase(1048576) -> 197.586 ms
RecursiveMsdRadixSortWithArraysAndCustomBase(2) -> 652.335 ms
RadixSortWithCountingSortAndCustomBase(8) -> 82.977 ms
RadixSortWithArraysAndCustomBase(2) -> 354.515 ms
RadixSortWithDynamicListsAndCustomBase(128) -> 143.969 ms
RadixSortWithDynamicListsAndCustomBase(16) -> 197.848 ms
RadixSortWithArraysAndCustomBase(262144) -> 51.932 ms
RadixSortWithDynamicListsAndCustomBase(8) -> 227.849 ms
RadixSortWithDynamicListsAndCustomBase(524288) -> 210.293 ms
RecursiveMsdRadixSortWithArraysAndCustomBase(256) -> 106.431 ms
RadixSortWithDynamicListsAndCustomBase(100) -> 149.248 ms
RecursiveMsdRadixSortWithArraysAndCustomBase(262144) -> 122.478 ms
RecursiveMsdRadixSortWithArraysAndCustomBase(10) -> 200.825 ms
RadixSortWithDynamicListsAndCustomBase(1024) -> 122.335 ms
RadixSortWithArraysAndCustomBase(32) -> 57.711 ms
RadixSortWithArraysAndCustomBase(8192) -> 28.234 ms
RadixSortWithArraysAndCustomBase(256) -> 35.608 ms
RadixSortWithCountingSortAndCustomBase(131072) -> 23.711 ms
RadixSortWithCountingSortAndCustomBase(32768) -> 22.103 ms
RadixSortWithArraysAndCustomBase(10) -> 81.186 ms
RecursiveMsdRadixSortWithArraysAndCustomBase(8) -> 238.940 ms
RecursiveMsdRadixSortWithArraysAndCustomBase(2048) -> 113.929 ms
RadixSortWithCountingSortAndCustomBase(512) -> 31.370 ms
RecursiveMsdRadixSortWithArraysAndCustomBase(16) -> 187.103 ms
RecursiveMsdRadixSortWithArraysAndCustomBase(4) -> 350.970 ms
RecursiveMsdRadixSortWithArraysAndCustomBase(524288) -> 156.934 ms
RadixSortWithCountingSortAndCustomBase(2048) -> 34.436 ms
RadixSortWithArrays -> 86.575 ms
RadixSortWithCountingSortAndCustomBase(16) -> 63.639 ms
RadixSortWithDynamicListsAndCustomBase(256) -> 123.015 ms
RadixSortWithDynamicListsAndCustomBase(100000) -> 153.659 ms
RadixSortWithArraysAndCustomBase(8) -> 94.168 ms
RadixSortWithCountingSortAndCustomBase(100000) -> 23.201 ms
RadixSortWithCountingSort -> 71.684 ms
RecursiveMsdRadixSortWithArraysAndCustomBase(1024) -> 107.567 ms
RadixSortWithDynamicListsAndCustomBase(64) -> 160.494 ms
RadixSortWithCountingSortAndCustomBase(4096) -> 21.563 ms
RadixSortWithDynamicListsAndCustomBase(10) -> 216.590 ms
RecursiveMsdRadixSortWithArraysAndCustomBase(32) -> 149.327 ms
RadixSortWithCountingSortAndCustomBase(64) -> 41.392 ms
RadixSortWithArraysAndCustomBase(1024) -> 37.460 ms
RecursiveMsdRadixSortWithArraysAndCustomBase(10000) -> 102.759 ms
RadixSortWithDynamicListsAndCustomBase(1000000) -> 253.389 ms
RadixSortWithCountingSortAndCustomBase(16384) -> 21.682 ms
RecursiveMsdRadixSortWithArraysAndCustomBase(64) -> 138.139 ms
RadixSortWithArraysAndCustomBase(1000) -> 37.647 ms
RadixSortWithCountingSortAndCustomBase(262144) -> 25.581 ms
RadixSortWithDynamicListsAndCustomBase(512) -> 125.031 ms
RadixSortWithCountingSortAndCustomBase(8192) -> 21.918 ms
RadixSortWithCountingSortAndCustomBase(100) -> 41.656 ms
RadixSortWithDynamicListsAndCustomBase(2) -> 487.358 ms
RadixSortWithCountingSortAndCustomBase(1048576) -> 28.021 ms
RadixSortWithDynamicListsAndCustomBase(16384) -> 110.358 ms
RadixSortWithCountingSortAndCustomBase(128) -> 43.309 ms
RadixSortWithArraysAndCustomBase(131072) -> 38.634 ms
RadixSortWithArraysAndCustomBase(64) -> 46.543 ms
RadixSortWithDynamicListsAndCustomBase(65536) -> 141.228 ms
RadixSortWithArraysAndCustomBase(10000) -> 28.272 ms
RadixSortWithCountingSortAndCustomBase(524288) -> 26.613 ms
RecursiveMsdRadixSortWithArrays -> 165.618 ms
RadixSortWithArraysAndCustomBase(16) -> 69.204 ms
RadixSortWithCountingSortAndCustomBase(32) -> 51.633 ms
RadixSortWithArraysAndCustomBase(32768) -> 29.850 ms
RadixSortWithArraysAndCustomBase(16384) -> 29.458 ms
--- iteration 8 of 10 ---
RadixSortWithDynamicListsAndCustomBase(1024) -> 122.484 ms
RadixSortWithArraysAndCustomBase(16384) -> 29.357 ms
RadixSortWithDynamicListsAndCustomBase(10) -> 213.130 ms
RadixSortWithArraysAndCustomBase(2048) -> 40.804 ms
RadixSortWithCountingSortAndCustomBase(2) -> 340.620 ms
RadixSortWithArraysAndCustomBase(256) -> 35.866 ms
RadixSortWithArraysAndCustomBase(8) -> 93.676 ms
RadixSortWithDynamicListsAndCustomBase(128) -> 143.282 ms
RecursiveMsdRadixSortWithArraysAndCustomBase(512) -> 105.647 ms
RadixSortWithArraysAndCustomBase(100) -> 46.472 ms
RadixSortWithArraysAndCustomBase(32768) -> 30.206 ms
RadixSortWithCountingSortAndCustomBase(100000) -> 23.199 ms
RadixSortWithCountingSortAndCustomBase(65536) -> 22.657 ms
RadixSortWithCountingSortAndCustomBase(4) -> 124.624 ms
RadixSortWithCountingSortAndCustomBase(10) -> 71.383 ms
RadixSortWithDynamicListsAndCustomBase(64) -> 162.094 ms
RadixSortWithArraysAndCustomBase(10) -> 81.406 ms
RecursiveMsdRadixSortWithArraysAndCustomBase(524288) -> 160.442 ms
RadixSortWithCountingSort -> 71.849 ms
RadixSortWithDynamicListsAndCustomBase(16) -> 194.197 ms
RecursiveMsdRadixSortWithArrays -> 165.386 ms
RadixSortWithArraysAndCustomBase(32) -> 57.803 ms
RecursiveMsdRadixSortWithArraysAndCustomBase(8) -> 239.097 ms
RadixSortWithCountingSortAndCustomBase(32768) -> 22.193 ms
RadixSortWithCountingSortAndCustomBase(16384) -> 21.806 ms
RadixSortWithArraysAndCustomBase(4) -> 142.807 ms
RadixSortWithDynamicListsAndCustomBase(100) -> 149.820 ms
RadixSortWithCountingSortAndCustomBase(2048) -> 34.398 ms
RecursiveMsdRadixSortWithArraysAndCustomBase(100) -> 136.531 ms
RadixSortWithDynamicListsAndCustomBase(524288) -> 211.419 ms
RadixSortWithCountingSortAndCustomBase(10000) -> 21.687 ms
RadixSortWithArraysAndCustomBase(131072) -> 39.239 ms
RecursiveMsdRadixSortWithArraysAndCustomBase(2) -> 654.701 ms
RadixSortWithCountingSortAndCustomBase(64) -> 41.312 ms
RadixSortWithArraysAndCustomBase(524288) -> 64.693 ms
RadixSortWithCountingSortAndCustomBase(8192) -> 21.582 ms
RadixSortWithArrays -> 86.515 ms
RadixSortWithArraysAndCustomBase(1048576) -> 83.718 ms
RadixSortWithArraysAndCustomBase(10000) -> 28.425 ms
RadixSortWithCountingSortAndCustomBase(1000) -> 31.548 ms
RadixSortWithDynamicListsAndCustomBase(32) -> 185.578 ms
RadixSortWithArraysAndCustomBase(8192) -> 28.208 ms
RecursiveMsdRadixSortWithArraysAndCustomBase(128) -> 136.529 ms
RadixSortWithCountingSortAndCustomBase(100) -> 41.169 ms
RadixSortWithDynamicListsAndCustomBase(1000000) -> 242.696 ms
RadixSortWithArraysAndCustomBase(1000000) -> 81.940 ms
RadixSortWithCountingSortAndCustomBase(1048576) -> 28.518 ms
RadixSortWithArraysAndCustomBase(1000) -> 37.401 ms
RadixSortWithDynamicListsAndCustomBase(131072) -> 161.201 ms
RadixSortWithDynamicListsAndCustomBase(2) -> 488.584 ms
RecursiveMsdRadixSortWithArraysAndCustomBase(4) -> 354.063 ms
RadixSortWithCountingSortAndCustomBase(524288) -> 25.536 ms
RadixSortWithDynamicLists -> 215.680 ms
RadixSortWithCountingSortAndCustomBase(1024) -> 31.647 ms
RecursiveMsdRadixSortWithArraysAndCustomBase(256) -> 106.338 ms
RadixSortWithDynamicListsAndCustomBase(16384) -> 110.812 ms
RecursiveMsdRadixSortWithArraysAndCustomBase(10) -> 200.075 ms
RadixSortWithDynamicListsAndCustomBase(2048) -> 123.214 ms
RadixSortWithCountingSortAndCustomBase(512) -> 31.576 ms
RadixSortWithArraysAndCustomBase(100000) -> 35.532 ms
RecursiveMsdRadixSortWithArraysAndCustomBase(1048576) -> 197.763 ms
RadixSortWithDynamicListsAndCustomBase(1048576) -> 251.556 ms
RadixSortWithCountingSortAndCustomBase(1000000) -> 27.888 ms
RadixSortWithCountingSortAndCustomBase(128) -> 43.053 ms
RadixSortWithCountingSortAndCustomBase(262144) -> 25.387 ms
RecursiveMsdRadixSortWithArraysAndCustomBase(16384) -> 103.189 ms
RadixSortWithArraysAndCustomBase(128) -> 48.624 ms
RadixSortWithArraysAndCustomBase(4096) -> 27.990 ms
RadixSortWithDynamicListsAndCustomBase(4) -> 301.905 ms
RecursiveMsdRadixSortWithArraysAndCustomBase(131072) -> 110.343 ms
RadixSortWithArraysAndCustomBase(1024) -> 37.315 ms
RadixSortWithCountingSortAndCustomBase(131072) -> 23.426 ms
RecursiveMsdRadixSortWithArraysAndCustomBase(2048) -> 113.631 ms
RadixSortWithDynamicListsAndCustomBase(512) -> 125.402 ms
RadixSortWithCountingSortAndCustomBase(4096) -> 21.584 ms
RadixSortWithArraysAndCustomBase(2) -> 354.010 ms
RadixSortWithDynamicListsAndCustomBase(256) -> 122.639 ms
RecursiveMsdRadixSortWithArraysAndCustomBase(16) -> 186.511 ms
RadixSortWithCountingSortAndCustomBase(256) -> 31.640 ms
RadixSortWithCountingSortAndCustomBase(32) -> 51.285 ms
RadixSortWithDynamicListsAndCustomBase(100000) -> 153.305 ms
RecursiveMsdRadixSortWithArraysAndCustomBase(1000) -> 107.007 ms
RadixSortWithDynamicListsAndCustomBase(4096) -> 102.362 ms
RadixSortWithDynamicListsAndCustomBase(8192) -> 104.531 ms
RecursiveMsdRadixSortWithArraysAndCustomBase(1024) -> 106.463 ms
RadixSortWithArraysAndCustomBase(262144) -> 51.437 ms
RadixSortWithCountingSortAndCustomBase(8) -> 82.681 ms
RadixSortWithDynamicListsAndCustomBase(32768) -> 126.687 ms
RadixSortWithDynamicListsAndCustomBase(262144) -> 197.467 ms
RecursiveMsdRadixSortWithArraysAndCustomBase(8192) -> 105.342 ms
RecursiveMsdRadixSortWithArraysAndCustomBase(4096) -> 102.465 ms
RadixSortWithArraysAndCustomBase(16) -> 69.041 ms
RadixSortWithCountingSortAndCustomBase(16) -> 61.237 ms
RadixSortWithDynamicListsAndCustomBase(65536) -> 140.976 ms
RecursiveMsdRadixSortWithArraysAndCustomBase(32) -> 148.888 ms
RecursiveMsdRadixSortWithArraysAndCustomBase(65536) -> 106.115 ms
RecursiveMsdRadixSortWithArraysAndCustomBase(64) -> 137.029 ms
RadixSortWithArraysAndCustomBase(65536) -> 32.629 ms
RecursiveMsdRadixSortWithArraysAndCustomBase(1000000) -> 201.052 ms
RecursiveMsdRadixSortWithArraysAndCustomBase(32768) -> 108.500 ms
RadixSortWithDynamicListsAndCustomBase(1000) -> 124.928 ms
RadixSortWithDynamicListsAndCustomBase(8) -> 226.966 ms
RecursiveMsdRadixSortWithArraysAndCustomBase(262144) -> 122.624 ms
RadixSortWithDynamicListsAndCustomBase(10000) -> 108.456 ms
RadixSortWithArraysAndCustomBase(512) -> 35.916 ms
RadixSortWithArraysAndCustomBase(64) -> 46.573 ms
RecursiveMsdRadixSortWithArraysAndCustomBase(10000) -> 102.894 ms
RecursiveMsdRadixSortWithArraysAndCustomBase(100000) -> 110.677 ms
--- iteration 9 of 10 ---
RadixSortWithDynamicListsAndCustomBase(1000) -> 123.384 ms
RadixSortWithDynamicListsAndCustomBase(1048576) -> 263.416 ms
RecursiveMsdRadixSortWithArraysAndCustomBase(2048) -> 113.034 ms
RadixSortWithCountingSortAndCustomBase(2) -> 338.855 ms
RadixSortWithArraysAndCustomBase(128) -> 48.531 ms
RadixSortWithArraysAndCustomBase(65536) -> 32.588 ms
RadixSortWithDynamicListsAndCustomBase(32) -> 189.901 ms
RecursiveMsdRadixSortWithArraysAndCustomBase(8) -> 235.910 ms
RadixSortWithArraysAndCustomBase(16) -> 68.932 ms
RadixSortWithDynamicListsAndCustomBase(128) -> 142.826 ms
RadixSortWithCountingSortAndCustomBase(128) -> 42.651 ms
RadixSortWithDynamicListsAndCustomBase(16384) -> 110.337 ms
RadixSortWithCountingSortAndCustomBase(10) -> 71.410 ms
RadixSortWithArrays -> 86.516 ms
RadixSortWithArraysAndCustomBase(131072) -> 40.722 ms
RadixSortWithCountingSortAndCustomBase(32) -> 51.606 ms
RadixSortWithCountingSortAndCustomBase(100000) -> 22.940 ms
RadixSortWithDynamicListsAndCustomBase(10000) -> 108.850 ms
RadixSortWithDynamicListsAndCustomBase(8) -> 228.197 ms
RecursiveMsdRadixSortWithArraysAndCustomBase(2) -> 654.287 ms
RadixSortWithArraysAndCustomBase(100000) -> 36.959 ms
RadixSortWithArraysAndCustomBase(10000) -> 28.287 ms
RadixSortWithDynamicListsAndCustomBase(4096) -> 102.818 ms
RadixSortWithDynamicListsAndCustomBase(524288) -> 212.244 ms
RecursiveMsdRadixSortWithArraysAndCustomBase(1000) -> 107.192 ms
RadixSortWithArraysAndCustomBase(16384) -> 29.779 ms
RadixSortWithDynamicListsAndCustomBase(512) -> 125.636 ms
RadixSortWithCountingSortAndCustomBase(2048) -> 34.588 ms
RadixSortWithArraysAndCustomBase(2) -> 357.914 ms
RadixSortWithDynamicListsAndCustomBase(100000) -> 154.501 ms
RadixSortWithArraysAndCustomBase(10) -> 82.105 ms
RecursiveMsdRadixSortWithArraysAndCustomBase(100) -> 138.118 ms
RadixSortWithCountingSortAndCustomBase(256) -> 32.155 ms
RadixSortWithArraysAndCustomBase(2048) -> 41.765 ms
RadixSortWithCountingSortAndCustomBase(262144) -> 25.485 ms
RadixSortWithCountingSortAndCustomBase(65536) -> 22.937 ms
RecursiveMsdRadixSortWithArrays -> 167.030 ms
RadixSortWithArraysAndCustomBase(32768) -> 30.412 ms
RadixSortWithDynamicListsAndCustomBase(2) -> 493.483 ms
RadixSortWithCountingSortAndCustomBase(1000) -> 32.031 ms
RadixSortWithCountingSort -> 72.085 ms
RadixSortWithArraysAndCustomBase(64) -> 47.085 ms
RadixSortWithDynamicListsAndCustomBase(64) -> 163.412 ms
RadixSortWithCountingSortAndCustomBase(1000000) -> 28.709 ms
RecursiveMsdRadixSortWithArraysAndCustomBase(512) -> 107.719 ms
RadixSortWithArraysAndCustomBase(8) -> 95.750 ms
RadixSortWithCountingSortAndCustomBase(10000) -> 22.108 ms
RadixSortWithCountingSortAndCustomBase(1024) -> 32.039 ms
RadixSortWithDynamicListsAndCustomBase(65536) -> 143.688 ms
RecursiveMsdRadixSortWithArraysAndCustomBase(262144) -> 123.787 ms
RecursiveMsdRadixSortWithArraysAndCustomBase(100000) -> 110.279 ms
RecursiveMsdRadixSortWithArraysAndCustomBase(128) -> 138.675 ms
RadixSortWithDynamicLists -> 219.360 ms
RecursiveMsdRadixSortWithArraysAndCustomBase(32) -> 150.706 ms
RadixSortWithCountingSortAndCustomBase(4) -> 126.508 ms
RecursiveMsdRadixSortWithArraysAndCustomBase(1024) -> 108.460 ms
RecursiveMsdRadixSortWithArraysAndCustomBase(1000000) -> 198.160 ms
RadixSortWithCountingSortAndCustomBase(131072) -> 24.240 ms
RadixSortWithArraysAndCustomBase(262144) -> 51.520 ms
RecursiveMsdRadixSortWithArraysAndCustomBase(1048576) -> 203.042 ms
RadixSortWithDynamicListsAndCustomBase(262144) -> 190.844 ms
RadixSortWithCountingSortAndCustomBase(16384) -> 21.968 ms
RadixSortWithCountingSortAndCustomBase(8) -> 83.139 ms
RadixSortWithCountingSortAndCustomBase(4096) -> 21.765 ms
RecursiveMsdRadixSortWithArraysAndCustomBase(64) -> 139.693 ms
RadixSortWithDynamicListsAndCustomBase(1024) -> 125.589 ms
RadixSortWithArraysAndCustomBase(256) -> 36.460 ms
RecursiveMsdRadixSortWithArraysAndCustomBase(16384) -> 105.025 ms
RadixSortWithDynamicListsAndCustomBase(10) -> 214.972 ms
RadixSortWithArraysAndCustomBase(4) -> 145.637 ms
RadixSortWithArraysAndCustomBase(100) -> 47.535 ms
RecursiveMsdRadixSortWithArraysAndCustomBase(65536) -> 107.657 ms
RadixSortWithCountingSortAndCustomBase(16) -> 61.329 ms
RadixSortWithArraysAndCustomBase(1000000) -> 81.775 ms
RadixSortWithDynamicListsAndCustomBase(256) -> 121.607 ms
RecursiveMsdRadixSortWithArraysAndCustomBase(16) -> 186.111 ms
RadixSortWithArraysAndCustomBase(1000) -> 37.483 ms
RadixSortWithArraysAndCustomBase(1024) -> 37.629 ms
RadixSortWithCountingSortAndCustomBase(32768) -> 22.075 ms
RadixSortWithDynamicListsAndCustomBase(32768) -> 125.099 ms
RadixSortWithDynamicListsAndCustomBase(8192) -> 104.103 ms
RecursiveMsdRadixSortWithArraysAndCustomBase(4096) -> 102.146 ms
RecursiveMsdRadixSortWithArraysAndCustomBase(10000) -> 103.808 ms
RecursiveMsdRadixSortWithArraysAndCustomBase(32768) -> 104.190 ms
RecursiveMsdRadixSortWithArraysAndCustomBase(524288) -> 157.456 ms
RadixSortWithArraysAndCustomBase(512) -> 36.423 ms
RadixSortWithArraysAndCustomBase(524288) -> 63.548 ms
RadixSortWithDynamicListsAndCustomBase(2048) -> 123.396 ms
RecursiveMsdRadixSortWithArraysAndCustomBase(256) -> 105.618 ms
RecursiveMsdRadixSortWithArraysAndCustomBase(131072) -> 109.266 ms
RadixSortWithCountingSortAndCustomBase(1048576) -> 28.183 ms
RadixSortWithCountingSortAndCustomBase(100) -> 41.484 ms
RecursiveMsdRadixSortWithArraysAndCustomBase(10) -> 200.213 ms
RadixSortWithDynamicListsAndCustomBase(131072) -> 158.273 ms
RadixSortWithArraysAndCustomBase(8192) -> 28.254 ms
RadixSortWithArraysAndCustomBase(32) -> 57.570 ms
RadixSortWithCountingSortAndCustomBase(512) -> 31.300 ms
RadixSortWithCountingSortAndCustomBase(8192) -> 21.759 ms
RadixSortWithDynamicListsAndCustomBase(100) -> 148.937 ms
RadixSortWithDynamicListsAndCustomBase(16) -> 196.801 ms
RecursiveMsdRadixSortWithArraysAndCustomBase(8192) -> 102.807 ms
RadixSortWithArraysAndCustomBase(4096) -> 27.994 ms
RadixSortWithArraysAndCustomBase(1048576) -> 83.067 ms
RecursiveMsdRadixSortWithArraysAndCustomBase(4) -> 353.518 ms
RadixSortWithDynamicListsAndCustomBase(4) -> 300.845 ms
RadixSortWithDynamicListsAndCustomBase(1000000) -> 245.117 ms
RadixSortWithCountingSortAndCustomBase(64) -> 41.493 ms
RadixSortWithCountingSortAndCustomBase(524288) -> 26.530 ms
--- iteration 10 of 10 ---
RadixSortWithArraysAndCustomBase(256) -> 35.472 ms
RadixSortWithCountingSortAndCustomBase(64) -> 41.459 ms
RecursiveMsdRadixSortWithArraysAndCustomBase(10) -> 199.896 ms
RadixSortWithArraysAndCustomBase(4) -> 142.918 ms
RadixSortWithDynamicListsAndCustomBase(4) -> 299.881 ms
RadixSortWithCountingSortAndCustomBase(2048) -> 34.461 ms
RadixSortWithDynamicListsAndCustomBase(1048576) -> 251.777 ms
RadixSortWithArraysAndCustomBase(524288) -> 63.362 ms
RadixSortWithCountingSortAndCustomBase(524288) -> 26.065 ms
RadixSortWithCountingSortAndCustomBase(1000000) -> 26.201 ms
RadixSortWithDynamicListsAndCustomBase(1024) -> 122.690 ms
RadixSortWithDynamicListsAndCustomBase(4096) -> 102.785 ms
RadixSortWithCountingSortAndCustomBase(1000) -> 31.386 ms
RadixSortWithArraysAndCustomBase(65536) -> 31.809 ms
RecursiveMsdRadixSortWithArraysAndCustomBase(100) -> 136.357 ms
RadixSortWithCountingSortAndCustomBase(32768) -> 21.947 ms
RecursiveMsdRadixSortWithArraysAndCustomBase(10000) -> 102.348 ms
RadixSortWithArraysAndCustomBase(2048) -> 40.720 ms
RecursiveMsdRadixSortWithArraysAndCustomBase(131072) -> 109.664 ms
RadixSortWithDynamicListsAndCustomBase(32) -> 187.490 ms
RadixSortWithArraysAndCustomBase(1000) -> 37.487 ms
RadixSortWithArraysAndCustomBase(1000000) -> 81.735 ms
RecursiveMsdRadixSortWithArraysAndCustomBase(16) -> 186.707 ms
RadixSortWithDynamicLists -> 220.564 ms
RadixSortWithArraysAndCustomBase(64) -> 46.203 ms
RadixSortWithCountingSortAndCustomBase(128) -> 42.935 ms
RadixSortWithDynamicListsAndCustomBase(100000) -> 152.235 ms
RadixSortWithArraysAndCustomBase(32768) -> 30.274 ms
RadixSortWithArraysAndCustomBase(4096) -> 27.747 ms
RadixSortWithArraysAndCustomBase(8) -> 93.694 ms
RecursiveMsdRadixSortWithArraysAndCustomBase(65536) -> 105.983 ms
RecursiveMsdRadixSortWithArraysAndCustomBase(32) -> 148.998 ms
RadixSortWithDynamicListsAndCustomBase(10) -> 216.346 ms
RadixSortWithArraysAndCustomBase(10000) -> 28.184 ms
RadixSortWithArraysAndCustomBase(512) -> 36.035 ms
RadixSortWithCountingSortAndCustomBase(512) -> 31.410 ms
RadixSortWithArraysAndCustomBase(16) -> 68.864 ms
RecursiveMsdRadixSortWithArraysAndCustomBase(524288) -> 156.684 ms
RadixSortWithDynamicListsAndCustomBase(8) -> 226.923 ms
RadixSortWithDynamicListsAndCustomBase(262144) -> 186.645 ms
RadixSortWithDynamicListsAndCustomBase(1000) -> 123.544 ms
RecursiveMsdRadixSortWithArraysAndCustomBase(100000) -> 107.563 ms
RadixSortWithCountingSortAndCustomBase(10) -> 71.323 ms
RadixSortWithArraysAndCustomBase(100000) -> 36.693 ms
RecursiveMsdRadixSortWithArraysAndCustomBase(262144) -> 122.808 ms
RecursiveMsdRadixSortWithArraysAndCustomBase(32768) -> 103.843 ms
RadixSortWithArrays -> 86.506 ms
RadixSortWithDynamicListsAndCustomBase(8192) -> 104.276 ms
RadixSortWithCountingSortAndCustomBase(8192) -> 21.627 ms
RecursiveMsdRadixSortWithArraysAndCustomBase(1000000) -> 192.098 ms
RadixSortWithCountingSortAndCustomBase(100000) -> 22.918 ms
RadixSortWithArraysAndCustomBase(1024) -> 37.202 ms
RadixSortWithDynamicListsAndCustomBase(64) -> 161.536 ms
RadixSortWithCountingSortAndCustomBase(10000) -> 21.668 ms
RadixSortWithArraysAndCustomBase(10) -> 81.035 ms
RadixSortWithDynamicListsAndCustomBase(524288) -> 211.243 ms
RadixSortWithDynamicListsAndCustomBase(128) -> 142.461 ms
RadixSortWithCountingSort -> 71.403 ms
RecursiveMsdRadixSortWithArraysAndCustomBase(4096) -> 101.928 ms
RadixSortWithDynamicListsAndCustomBase(256) -> 122.322 ms
RecursiveMsdRadixSortWithArraysAndCustomBase(16384) -> 103.254 ms
RadixSortWithDynamicListsAndCustomBase(2) -> 484.710 ms
RadixSortWithDynamicListsAndCustomBase(131072) -> 158.471 ms
RadixSortWithCountingSortAndCustomBase(4) -> 124.575 ms
RadixSortWithCountingSortAndCustomBase(8) -> 82.835 ms
RadixSortWithArraysAndCustomBase(128) -> 48.284 ms
RadixSortWithArraysAndCustomBase(32) -> 57.458 ms
RecursiveMsdRadixSortWithArraysAndCustomBase(1000) -> 106.705 ms
RadixSortWithCountingSortAndCustomBase(4096) -> 21.523 ms
RadixSortWithCountingSortAndCustomBase(16) -> 61.284 ms
RadixSortWithDynamicListsAndCustomBase(1000000) -> 246.146 ms
RadixSortWithDynamicListsAndCustomBase(65536) -> 140.762 ms
RecursiveMsdRadixSortWithArrays -> 164.617 ms
RadixSortWithCountingSortAndCustomBase(131072) -> 23.649 ms
RadixSortWithCountingSortAndCustomBase(256) -> 31.398 ms
RadixSortWithCountingSortAndCustomBase(16384) -> 21.636 ms
RadixSortWithCountingSortAndCustomBase(2) -> 339.343 ms
RadixSortWithArraysAndCustomBase(100) -> 46.545 ms
RadixSortWithCountingSortAndCustomBase(1048576) -> 28.188 ms
RecursiveMsdRadixSortWithArraysAndCustomBase(8) -> 237.574 ms
RecursiveMsdRadixSortWithArraysAndCustomBase(1024) -> 106.564 ms
RadixSortWithCountingSortAndCustomBase(32) -> 51.564 ms
RadixSortWithArraysAndCustomBase(8192) -> 28.043 ms
RecursiveMsdRadixSortWithArraysAndCustomBase(2) -> 656.762 ms
RadixSortWithDynamicListsAndCustomBase(100) -> 149.532 ms
RadixSortWithDynamicListsAndCustomBase(512) -> 124.046 ms
RadixSortWithDynamicListsAndCustomBase(10000) -> 108.024 ms
RecursiveMsdRadixSortWithArraysAndCustomBase(64) -> 136.641 ms
RecursiveMsdRadixSortWithArraysAndCustomBase(8192) -> 102.447 ms
RecursiveMsdRadixSortWithArraysAndCustomBase(1048576) -> 195.772 ms
RecursiveMsdRadixSortWithArraysAndCustomBase(512) -> 104.934 ms
RadixSortWithArraysAndCustomBase(2) -> 354.052 ms
RadixSortWithArraysAndCustomBase(16384) -> 29.234 ms
RadixSortWithArraysAndCustomBase(131072) -> 40.555 ms
RadixSortWithArraysAndCustomBase(1048576) -> 82.863 ms
RadixSortWithDynamicListsAndCustomBase(16384) -> 109.849 ms
RadixSortWithDynamicListsAndCustomBase(16) -> 192.981 ms
RecursiveMsdRadixSortWithArraysAndCustomBase(256) -> 105.303 ms
RadixSortWithCountingSortAndCustomBase(1024) -> 31.410 ms
RadixSortWithCountingSortAndCustomBase(100) -> 41.406 ms
RadixSortWithCountingSortAndCustomBase(65536) -> 22.583 ms
RadixSortWithDynamicListsAndCustomBase(2048) -> 122.661 ms
RadixSortWithCountingSortAndCustomBase(262144) -> 24.501 ms
RadixSortWithDynamicListsAndCustomBase(32768) -> 125.326 ms
RadixSortWithArraysAndCustomBase(262144) -> 51.930 ms
RecursiveMsdRadixSortWithArraysAndCustomBase(2048) -> 113.386 ms
RecursiveMsdRadixSortWithArraysAndCustomBase(128) -> 136.642 ms
RecursiveMsdRadixSortWithArraysAndCustomBase(4) -> 353.952 ms
