profile=radix-4096-vs-256 iterations=10 algorithms=2
--- warm up 1 of 2 ---
[0.252s] RadixSortWithArraysAndCustomBase(4096) (random) size=1,024 -> 0.524 ms
[0.259s] RadixSortWithArraysAndCustomBase(4096) (random) size=2,048 -> 0.261 ms
[0.264s] RadixSortWithArraysAndCustomBase(4096) (random) size=4,096 -> 0.346 ms
[0.270s] RadixSortWithArraysAndCustomBase(4096) (random) size=8,192 -> 0.901 ms
[0.277s] RadixSortWithArraysAndCustomBase(4096) (random) size=16,384 -> 1.805 ms
[0.284s] RadixSortWithArraysAndCustomBase(4096) (random) size=32,768 -> 1.192 ms
[0.290s] RadixSortWithArraysAndCustomBase(4096) (random) size=65,536 -> 1.060 ms
[0.297s] RadixSortWithArraysAndCustomBase(4096) (random) size=131,072 -> 1.332 ms
[0.304s] RadixSortWithArraysAndCustomBase(4096) (random) size=262,144 -> 1.764 ms
[0.312s] RadixSortWithArraysAndCustomBase(4096) (random) size=524,288 -> 2.625 ms
[0.324s] RadixSortWithArraysAndCustomBase(4096) (random) size=1,048,576 -> 5.253 ms
[0.342s] RadixSortWithArraysAndCustomBase(4096) (random) size=2,097,152 -> 10.906 ms
[0.375s] RadixSortWithArraysAndCustomBase(4096) (random) size=4,194,304 -> 22.690 ms
[0.380s] RadixSortWithArraysAndCustomBase(256) (random) size=1,024 -> 0.024 ms
[0.385s] RadixSortWithArraysAndCustomBase(256) (random) size=2,048 -> 0.028 ms
[0.390s] RadixSortWithArraysAndCustomBase(256) (random) size=4,096 -> 0.042 ms
[0.395s] RadixSortWithArraysAndCustomBase(256) (random) size=8,192 -> 0.057 ms
[0.400s] RadixSortWithArraysAndCustomBase(256) (random) size=16,384 -> 0.086 ms
[0.405s] RadixSortWithArraysAndCustomBase(256) (random) size=32,768 -> 0.185 ms
[0.410s] RadixSortWithArraysAndCustomBase(256) (random) size=65,536 -> 0.310 ms
[0.416s] RadixSortWithArraysAndCustomBase(256) (random) size=131,072 -> 0.948 ms
[0.423s] RadixSortWithArraysAndCustomBase(256) (random) size=262,144 -> 1.770 ms
[0.431s] RadixSortWithArraysAndCustomBase(256) (random) size=524,288 -> 3.430 ms
[0.444s] RadixSortWithArraysAndCustomBase(256) (random) size=1,048,576 -> 6.907 ms
[0.465s] RadixSortWithArraysAndCustomBase(256) (random) size=2,097,152 -> 14.574 ms
[0.510s] RadixSortWithArraysAndCustomBase(256) (random) size=4,194,304 -> 35.507 ms
--- warm up 2 of 2 ---
[0.514s] RadixSortWithArraysAndCustomBase(4096) (random) size=1,024 -> 0.057 ms
[0.518s] RadixSortWithArraysAndCustomBase(4096) (random) size=2,048 -> 0.091 ms
[0.521s] RadixSortWithArraysAndCustomBase(4096) (random) size=4,096 -> 0.073 ms
[0.525s] RadixSortWithArraysAndCustomBase(4096) (random) size=8,192 -> 0.163 ms
[0.528s] RadixSortWithArraysAndCustomBase(4096) (random) size=16,384 -> 0.186 ms
[0.532s] RadixSortWithArraysAndCustomBase(4096) (random) size=32,768 -> 0.259 ms
[0.536s] RadixSortWithArraysAndCustomBase(4096) (random) size=65,536 -> 0.401 ms
[0.540s] RadixSortWithArraysAndCustomBase(4096) (random) size=131,072 -> 0.689 ms
[0.545s] RadixSortWithArraysAndCustomBase(4096) (random) size=262,144 -> 1.289 ms
[0.551s] RadixSortWithArraysAndCustomBase(4096) (random) size=524,288 -> 2.575 ms
[0.560s] RadixSortWithArraysAndCustomBase(4096) (random) size=1,048,576 -> 5.168 ms
[0.576s] RadixSortWithArraysAndCustomBase(4096) (random) size=2,097,152 -> 10.932 ms
[0.605s] RadixSortWithArraysAndCustomBase(4096) (random) size=4,194,304 -> 22.101 ms
[0.609s] RadixSortWithArraysAndCustomBase(256) (random) size=1,024 -> 0.021 ms
[0.612s] RadixSortWithArraysAndCustomBase(256) (random) size=2,048 -> 0.022 ms
[0.616s] RadixSortWithArraysAndCustomBase(256) (random) size=4,096 -> 0.034 ms
[0.619s] RadixSortWithArraysAndCustomBase(256) (random) size=8,192 -> 0.052 ms
[0.622s] RadixSortWithArraysAndCustomBase(256) (random) size=16,384 -> 0.091 ms
[0.626s] RadixSortWithArraysAndCustomBase(256) (random) size=32,768 -> 0.163 ms
[0.629s] RadixSortWithArraysAndCustomBase(256) (random) size=65,536 -> 0.350 ms
[0.634s] RadixSortWithArraysAndCustomBase(256) (random) size=131,072 -> 0.962 ms
[0.639s] RadixSortWithArraysAndCustomBase(256) (random) size=262,144 -> 1.798 ms
[0.646s] RadixSortWithArraysAndCustomBase(256) (random) size=524,288 -> 3.350 ms
[0.657s] RadixSortWithArraysAndCustomBase(256) (random) size=1,048,576 -> 6.909 ms
[0.676s] RadixSortWithArraysAndCustomBase(256) (random) size=2,097,152 -> 13.627 ms
[0.710s] RadixSortWithArraysAndCustomBase(256) (random) size=4,194,304 -> 27.664 ms
--- iteration 1 of 10 ---
[0.714s] RadixSortWithArraysAndCustomBase(4096) (random) size=1,024 -> 0.041 ms
[0.718s] RadixSortWithArraysAndCustomBase(4096) (random) size=2,048 -> 0.049 ms
[0.721s] RadixSortWithArraysAndCustomBase(4096) (random) size=4,096 -> 0.059 ms
[0.725s] RadixSortWithArraysAndCustomBase(4096) (random) size=8,192 -> 0.127 ms
[0.728s] RadixSortWithArraysAndCustomBase(4096) (random) size=16,384 -> 0.163 ms
[0.731s] RadixSortWithArraysAndCustomBase(4096) (random) size=32,768 -> 0.249 ms
[0.735s] RadixSortWithArraysAndCustomBase(4096) (random) size=65,536 -> 0.394 ms
[0.739s] RadixSortWithArraysAndCustomBase(4096) (random) size=131,072 -> 0.726 ms
[0.744s] RadixSortWithArraysAndCustomBase(4096) (random) size=262,144 -> 1.297 ms
[0.750s] RadixSortWithArraysAndCustomBase(4096) (random) size=524,288 -> 2.503 ms
[0.760s] RadixSortWithArraysAndCustomBase(4096) (random) size=1,048,576 -> 5.175 ms
[0.775s] RadixSortWithArraysAndCustomBase(4096) (random) size=2,097,152 -> 10.399 ms
[0.803s] RadixSortWithArraysAndCustomBase(4096) (random) size=4,194,304 -> 21.026 ms
[0.858s] RadixSortWithArraysAndCustomBase(4096) (random) size=8,388,608 -> 44.861 ms
[0.973s] RadixSortWithArraysAndCustomBase(4096) (random) size=16,777,216 -> 93.925 ms
[1.317s] RadixSortWithArraysAndCustomBase(4096) (random) size=33,554,432 -> 309.282 ms
[1.955s] RadixSortWithArraysAndCustomBase(4096) (random) size=67,108,864 -> 572.580 ms
[3.279s] RadixSortWithArraysAndCustomBase(4096) (random) size=134,217,728 -> 1211.202 ms
[6.366s] RadixSortWithArraysAndCustomBase(4096) (random) size=268,435,456 -> 2839.740 ms
[12.814s] RadixSortWithArraysAndCustomBase(4096) (random) size=536,870,912 -> 5976.798 ms
[12.818s] RadixSortWithArraysAndCustomBase(256) (random) size=1,024 -> 0.020 ms
[12.822s] RadixSortWithArraysAndCustomBase(256) (random) size=2,048 -> 0.030 ms
[12.826s] RadixSortWithArraysAndCustomBase(256) (random) size=4,096 -> 0.039 ms
[12.829s] RadixSortWithArraysAndCustomBase(256) (random) size=8,192 -> 0.058 ms
[12.833s] RadixSortWithArraysAndCustomBase(256) (random) size=16,384 -> 0.111 ms
[12.837s] RadixSortWithArraysAndCustomBase(256) (random) size=32,768 -> 0.172 ms
[12.841s] RadixSortWithArraysAndCustomBase(256) (random) size=65,536 -> 0.329 ms
[12.846s] RadixSortWithArraysAndCustomBase(256) (random) size=131,072 -> 0.972 ms
[12.851s] RadixSortWithArraysAndCustomBase(256) (random) size=262,144 -> 1.736 ms
[12.859s] RadixSortWithArraysAndCustomBase(256) (random) size=524,288 -> 3.354 ms
[12.870s] RadixSortWithArraysAndCustomBase(256) (random) size=1,048,576 -> 6.854 ms
[12.889s] RadixSortWithArraysAndCustomBase(256) (random) size=2,097,152 -> 13.597 ms
[12.923s] RadixSortWithArraysAndCustomBase(256) (random) size=4,194,304 -> 27.220 ms
[12.986s] RadixSortWithArraysAndCustomBase(256) (random) size=8,388,608 -> 52.978 ms
[13.108s] RadixSortWithArraysAndCustomBase(256) (random) size=16,777,216 -> 106.359 ms
[13.461s] RadixSortWithArraysAndCustomBase(256) (random) size=33,554,432 -> 324.593 ms
[14.203s] RadixSortWithArraysAndCustomBase(256) (random) size=67,108,864 -> 691.294 ms
[15.814s] RadixSortWithArraysAndCustomBase(256) (random) size=134,217,728 -> 1511.103 ms
[20.459s] RadixSortWithArraysAndCustomBase(256) (random) size=268,435,456 -> 4449.042 ms
[29.140s] RadixSortWithArraysAndCustomBase(256) (random) size=536,870,912 -> 8291.920 ms
--- iteration 2 of 10 ---
[29.147s] RadixSortWithArraysAndCustomBase(4096) (random) size=1,024 -> 0.042 ms
[29.151s] RadixSortWithArraysAndCustomBase(4096) (random) size=2,048 -> 0.053 ms
[29.157s] RadixSortWithArraysAndCustomBase(4096) (random) size=4,096 -> 0.074 ms
[29.162s] RadixSortWithArraysAndCustomBase(4096) (random) size=8,192 -> 0.133 ms
[29.167s] RadixSortWithArraysAndCustomBase(4096) (random) size=16,384 -> 0.169 ms
[29.172s] RadixSortWithArraysAndCustomBase(4096) (random) size=32,768 -> 0.252 ms
[29.177s] RadixSortWithArraysAndCustomBase(4096) (random) size=65,536 -> 0.426 ms
[29.183s] RadixSortWithArraysAndCustomBase(4096) (random) size=131,072 -> 0.718 ms
[29.190s] RadixSortWithArraysAndCustomBase(4096) (random) size=262,144 -> 1.340 ms
[29.198s] RadixSortWithArraysAndCustomBase(4096) (random) size=524,288 -> 2.699 ms
[29.209s] RadixSortWithArraysAndCustomBase(4096) (random) size=1,048,576 -> 5.327 ms
[29.226s] RadixSortWithArraysAndCustomBase(4096) (random) size=2,097,152 -> 10.415 ms
[29.255s] RadixSortWithArraysAndCustomBase(4096) (random) size=4,194,304 -> 21.161 ms
[29.310s] RadixSortWithArraysAndCustomBase(4096) (random) size=8,388,608 -> 43.308 ms
[29.417s] RadixSortWithArraysAndCustomBase(4096) (random) size=16,777,216 -> 90.358 ms
[29.731s] RadixSortWithArraysAndCustomBase(4096) (random) size=33,554,432 -> 284.929 ms
[30.340s] RadixSortWithArraysAndCustomBase(4096) (random) size=67,108,864 -> 555.626 ms
[31.631s] RadixSortWithArraysAndCustomBase(4096) (random) size=134,217,728 -> 1190.286 ms
[34.369s] RadixSortWithArraysAndCustomBase(4096) (random) size=268,435,456 -> 2541.245 ms
[40.518s] RadixSortWithArraysAndCustomBase(4096) (random) size=536,870,912 -> 5759.513 ms
[40.523s] RadixSortWithArraysAndCustomBase(256) (random) size=1,024 -> 0.021 ms
[40.528s] RadixSortWithArraysAndCustomBase(256) (random) size=2,048 -> 0.037 ms
[40.533s] RadixSortWithArraysAndCustomBase(256) (random) size=4,096 -> 0.054 ms
[40.539s] RadixSortWithArraysAndCustomBase(256) (random) size=8,192 -> 0.071 ms
[40.544s] RadixSortWithArraysAndCustomBase(256) (random) size=16,384 -> 0.093 ms
[40.548s] RadixSortWithArraysAndCustomBase(256) (random) size=32,768 -> 0.180 ms
[40.554s] RadixSortWithArraysAndCustomBase(256) (random) size=65,536 -> 0.333 ms
[40.560s] RadixSortWithArraysAndCustomBase(256) (random) size=131,072 -> 1.011 ms
[40.566s] RadixSortWithArraysAndCustomBase(256) (random) size=262,144 -> 1.680 ms
[40.575s] RadixSortWithArraysAndCustomBase(256) (random) size=524,288 -> 3.365 ms
[40.587s] RadixSortWithArraysAndCustomBase(256) (random) size=1,048,576 -> 6.718 ms
[40.607s] RadixSortWithArraysAndCustomBase(256) (random) size=2,097,152 -> 13.490 ms
[40.642s] RadixSortWithArraysAndCustomBase(256) (random) size=4,194,304 -> 27.379 ms
[40.706s] RadixSortWithArraysAndCustomBase(256) (random) size=8,388,608 -> 52.543 ms
[40.828s] RadixSortWithArraysAndCustomBase(256) (random) size=16,777,216 -> 105.538 ms
[41.182s] RadixSortWithArraysAndCustomBase(256) (random) size=33,554,432 -> 325.319 ms
[41.936s] RadixSortWithArraysAndCustomBase(256) (random) size=67,108,864 -> 700.204 ms
[43.574s] RadixSortWithArraysAndCustomBase(256) (random) size=134,217,728 -> 1538.378 ms
[48.218s] RadixSortWithArraysAndCustomBase(256) (random) size=268,435,456 -> 4448.684 ms
[56.647s] RadixSortWithArraysAndCustomBase(256) (random) size=536,870,912 -> 8037.579 ms
--- iteration 3 of 10 ---
[56.652s] RadixSortWithArraysAndCustomBase(4096) (random) size=1,024 -> 0.045 ms
[56.657s] RadixSortWithArraysAndCustomBase(4096) (random) size=2,048 -> 0.060 ms
[56.662s] RadixSortWithArraysAndCustomBase(4096) (random) size=4,096 -> 0.077 ms
[56.667s] RadixSortWithArraysAndCustomBase(4096) (random) size=8,192 -> 0.132 ms
[56.672s] RadixSortWithArraysAndCustomBase(4096) (random) size=16,384 -> 0.169 ms
[56.677s] RadixSortWithArraysAndCustomBase(4096) (random) size=32,768 -> 0.249 ms
[56.682s] RadixSortWithArraysAndCustomBase(4096) (random) size=65,536 -> 0.419 ms
[56.688s] RadixSortWithArraysAndCustomBase(4096) (random) size=131,072 -> 0.716 ms
[56.694s] RadixSortWithArraysAndCustomBase(4096) (random) size=262,144 -> 1.313 ms
[56.702s] RadixSortWithArraysAndCustomBase(4096) (random) size=524,288 -> 2.601 ms
[56.713s] RadixSortWithArraysAndCustomBase(4096) (random) size=1,048,576 -> 5.198 ms
[56.729s] RadixSortWithArraysAndCustomBase(4096) (random) size=2,097,152 -> 10.366 ms
[56.759s] RadixSortWithArraysAndCustomBase(4096) (random) size=4,194,304 -> 21.217 ms
[56.813s] RadixSortWithArraysAndCustomBase(4096) (random) size=8,388,608 -> 42.935 ms
[56.920s] RadixSortWithArraysAndCustomBase(4096) (random) size=16,777,216 -> 89.830 ms
[57.233s] RadixSortWithArraysAndCustomBase(4096) (random) size=33,554,432 -> 284.686 ms
[57.839s] RadixSortWithArraysAndCustomBase(4096) (random) size=67,108,864 -> 553.470 ms
[59.122s] RadixSortWithArraysAndCustomBase(4096) (random) size=134,217,728 -> 1180.971 ms
[61.847s] RadixSortWithArraysAndCustomBase(4096) (random) size=268,435,456 -> 2530.284 ms
[67.858s] RadixSortWithArraysAndCustomBase(4096) (random) size=536,870,912 -> 5624.378 ms
[67.864s] RadixSortWithArraysAndCustomBase(256) (random) size=1,024 -> 0.025 ms
[67.869s] RadixSortWithArraysAndCustomBase(256) (random) size=2,048 -> 0.025 ms
[67.874s] RadixSortWithArraysAndCustomBase(256) (random) size=4,096 -> 0.043 ms
[67.879s] RadixSortWithArraysAndCustomBase(256) (random) size=8,192 -> 0.060 ms
[67.883s] RadixSortWithArraysAndCustomBase(256) (random) size=16,384 -> 0.096 ms
[67.888s] RadixSortWithArraysAndCustomBase(256) (random) size=32,768 -> 0.188 ms
[67.893s] RadixSortWithArraysAndCustomBase(256) (random) size=65,536 -> 0.316 ms
[67.899s] RadixSortWithArraysAndCustomBase(256) (random) size=131,072 -> 0.996 ms
[67.906s] RadixSortWithArraysAndCustomBase(256) (random) size=262,144 -> 1.702 ms
[67.914s] RadixSortWithArraysAndCustomBase(256) (random) size=524,288 -> 3.343 ms
[67.927s] RadixSortWithArraysAndCustomBase(256) (random) size=1,048,576 -> 6.830 ms
[67.946s] RadixSortWithArraysAndCustomBase(256) (random) size=2,097,152 -> 13.475 ms
[67.982s] RadixSortWithArraysAndCustomBase(256) (random) size=4,194,304 -> 27.041 ms
[68.046s] RadixSortWithArraysAndCustomBase(256) (random) size=8,388,608 -> 53.006 ms
[68.169s] RadixSortWithArraysAndCustomBase(256) (random) size=16,777,216 -> 106.763 ms
[68.528s] RadixSortWithArraysAndCustomBase(256) (random) size=33,554,432 -> 329.898 ms
[69.275s] RadixSortWithArraysAndCustomBase(256) (random) size=67,108,864 -> 693.806 ms
[70.883s] RadixSortWithArraysAndCustomBase(256) (random) size=134,217,728 -> 1507.497 ms
[75.516s] RadixSortWithArraysAndCustomBase(256) (random) size=268,435,456 -> 4437.423 ms
[83.919s] RadixSortWithArraysAndCustomBase(256) (random) size=536,870,912 -> 8014.911 ms
--- iteration 4 of 10 ---
[83.924s] RadixSortWithArraysAndCustomBase(4096) (random) size=1,024 -> 0.045 ms
[83.929s] RadixSortWithArraysAndCustomBase(4096) (random) size=2,048 -> 0.054 ms
[83.934s] RadixSortWithArraysAndCustomBase(4096) (random) size=4,096 -> 0.071 ms
[83.939s] RadixSortWithArraysAndCustomBase(4096) (random) size=8,192 -> 0.131 ms
[83.944s] RadixSortWithArraysAndCustomBase(4096) (random) size=16,384 -> 0.181 ms
[83.949s] RadixSortWithArraysAndCustomBase(4096) (random) size=32,768 -> 0.267 ms
[83.954s] RadixSortWithArraysAndCustomBase(4096) (random) size=65,536 -> 0.457 ms
[83.960s] RadixSortWithArraysAndCustomBase(4096) (random) size=131,072 -> 0.734 ms
[83.966s] RadixSortWithArraysAndCustomBase(4096) (random) size=262,144 -> 1.305 ms
[83.974s] RadixSortWithArraysAndCustomBase(4096) (random) size=524,288 -> 2.628 ms
[83.985s] RadixSortWithArraysAndCustomBase(4096) (random) size=1,048,576 -> 5.216 ms
[84.001s] RadixSortWithArraysAndCustomBase(4096) (random) size=2,097,152 -> 10.365 ms
[84.030s] RadixSortWithArraysAndCustomBase(4096) (random) size=4,194,304 -> 21.068 ms
[84.084s] RadixSortWithArraysAndCustomBase(4096) (random) size=8,388,608 -> 43.008 ms
[84.191s] RadixSortWithArraysAndCustomBase(4096) (random) size=16,777,216 -> 89.209 ms
[84.503s] RadixSortWithArraysAndCustomBase(4096) (random) size=33,554,432 -> 283.140 ms
[85.110s] RadixSortWithArraysAndCustomBase(4096) (random) size=67,108,864 -> 554.204 ms
[86.388s] RadixSortWithArraysAndCustomBase(4096) (random) size=134,217,728 -> 1178.254 ms
[89.111s] RadixSortWithArraysAndCustomBase(4096) (random) size=268,435,456 -> 2526.142 ms
[95.309s] RadixSortWithArraysAndCustomBase(4096) (random) size=536,870,912 -> 5811.670 ms
[95.315s] RadixSortWithArraysAndCustomBase(256) (random) size=1,024 -> 0.026 ms
[95.320s] RadixSortWithArraysAndCustomBase(256) (random) size=2,048 -> 0.031 ms
[95.325s] RadixSortWithArraysAndCustomBase(256) (random) size=4,096 -> 0.039 ms
[95.329s] RadixSortWithArraysAndCustomBase(256) (random) size=8,192 -> 0.056 ms
[95.333s] RadixSortWithArraysAndCustomBase(256) (random) size=16,384 -> 0.099 ms
[95.337s] RadixSortWithArraysAndCustomBase(256) (random) size=32,768 -> 0.175 ms
[95.341s] RadixSortWithArraysAndCustomBase(256) (random) size=65,536 -> 0.316 ms
[95.346s] RadixSortWithArraysAndCustomBase(256) (random) size=131,072 -> 1.072 ms
[95.352s] RadixSortWithArraysAndCustomBase(256) (random) size=262,144 -> 1.733 ms
[95.360s] RadixSortWithArraysAndCustomBase(256) (random) size=524,288 -> 3.351 ms
[95.371s] RadixSortWithArraysAndCustomBase(256) (random) size=1,048,576 -> 6.781 ms
[95.390s] RadixSortWithArraysAndCustomBase(256) (random) size=2,097,152 -> 13.698 ms
[95.425s] RadixSortWithArraysAndCustomBase(256) (random) size=4,194,304 -> 27.342 ms
[95.488s] RadixSortWithArraysAndCustomBase(256) (random) size=8,388,608 -> 53.123 ms
[95.611s] RadixSortWithArraysAndCustomBase(256) (random) size=16,777,216 -> 106.817 ms
[95.966s] RadixSortWithArraysAndCustomBase(256) (random) size=33,554,432 -> 327.370 ms
[96.714s] RadixSortWithArraysAndCustomBase(256) (random) size=67,108,864 -> 695.713 ms
[98.343s] RadixSortWithArraysAndCustomBase(256) (random) size=134,217,728 -> 1529.233 ms
[102.986s] RadixSortWithArraysAndCustomBase(256) (random) size=268,435,456 -> 4448.021 ms
[111.398s] RadixSortWithArraysAndCustomBase(256) (random) size=536,870,912 -> 8025.573 ms
--- iteration 5 of 10 ---
[111.402s] RadixSortWithArraysAndCustomBase(4096) (random) size=1,024 -> 0.046 ms
[111.406s] RadixSortWithArraysAndCustomBase(4096) (random) size=2,048 -> 0.055 ms
[111.410s] RadixSortWithArraysAndCustomBase(4096) (random) size=4,096 -> 0.078 ms
[111.414s] RadixSortWithArraysAndCustomBase(4096) (random) size=8,192 -> 0.131 ms
[111.418s] RadixSortWithArraysAndCustomBase(4096) (random) size=16,384 -> 0.173 ms
[111.422s] RadixSortWithArraysAndCustomBase(4096) (random) size=32,768 -> 0.250 ms
[111.426s] RadixSortWithArraysAndCustomBase(4096) (random) size=65,536 -> 0.420 ms
[111.431s] RadixSortWithArraysAndCustomBase(4096) (random) size=131,072 -> 0.701 ms
[111.436s] RadixSortWithArraysAndCustomBase(4096) (random) size=262,144 -> 1.309 ms
[111.443s] RadixSortWithArraysAndCustomBase(4096) (random) size=524,288 -> 2.595 ms
[111.453s] RadixSortWithArraysAndCustomBase(4096) (random) size=1,048,576 -> 5.215 ms
[111.468s] RadixSortWithArraysAndCustomBase(4096) (random) size=2,097,152 -> 10.417 ms
[111.497s] RadixSortWithArraysAndCustomBase(4096) (random) size=4,194,304 -> 21.345 ms
[111.550s] RadixSortWithArraysAndCustomBase(4096) (random) size=8,388,608 -> 43.390 ms
[111.657s] RadixSortWithArraysAndCustomBase(4096) (random) size=16,777,216 -> 90.553 ms
[111.968s] RadixSortWithArraysAndCustomBase(4096) (random) size=33,554,432 -> 282.644 ms
[112.571s] RadixSortWithArraysAndCustomBase(4096) (random) size=67,108,864 -> 550.980 ms
[113.850s] RadixSortWithArraysAndCustomBase(4096) (random) size=134,217,728 -> 1179.479 ms
[116.557s] RadixSortWithArraysAndCustomBase(4096) (random) size=268,435,456 -> 2511.574 ms
[122.498s] RadixSortWithArraysAndCustomBase(4096) (random) size=536,870,912 -> 5554.096 ms
[122.502s] RadixSortWithArraysAndCustomBase(256) (random) size=1,024 -> 0.020 ms
[122.506s] RadixSortWithArraysAndCustomBase(256) (random) size=2,048 -> 0.031 ms
[122.510s] RadixSortWithArraysAndCustomBase(256) (random) size=4,096 -> 0.043 ms
[122.514s] RadixSortWithArraysAndCustomBase(256) (random) size=8,192 -> 0.067 ms
[122.518s] RadixSortWithArraysAndCustomBase(256) (random) size=16,384 -> 0.102 ms
[122.522s] RadixSortWithArraysAndCustomBase(256) (random) size=32,768 -> 0.168 ms
[122.526s] RadixSortWithArraysAndCustomBase(256) (random) size=65,536 -> 0.352 ms
[122.531s] RadixSortWithArraysAndCustomBase(256) (random) size=131,072 -> 0.981 ms
[122.537s] RadixSortWithArraysAndCustomBase(256) (random) size=262,144 -> 1.766 ms
[122.544s] RadixSortWithArraysAndCustomBase(256) (random) size=524,288 -> 3.374 ms
[122.556s] RadixSortWithArraysAndCustomBase(256) (random) size=1,048,576 -> 6.827 ms
[122.575s] RadixSortWithArraysAndCustomBase(256) (random) size=2,097,152 -> 13.640 ms
[122.610s] RadixSortWithArraysAndCustomBase(256) (random) size=4,194,304 -> 27.756 ms
[122.674s] RadixSortWithArraysAndCustomBase(256) (random) size=8,388,608 -> 53.392 ms
[122.796s] RadixSortWithArraysAndCustomBase(256) (random) size=16,777,216 -> 106.289 ms
[123.152s] RadixSortWithArraysAndCustomBase(256) (random) size=33,554,432 -> 328.054 ms
[123.901s] RadixSortWithArraysAndCustomBase(256) (random) size=67,108,864 -> 696.983 ms
[125.499s] RadixSortWithArraysAndCustomBase(256) (random) size=134,217,728 -> 1497.953 ms
[130.218s] RadixSortWithArraysAndCustomBase(256) (random) size=268,435,456 -> 4523.761 ms
[138.675s] RadixSortWithArraysAndCustomBase(256) (random) size=536,870,912 -> 8056.536 ms
--- iteration 6 of 10 ---
[138.679s] RadixSortWithArraysAndCustomBase(4096) (random) size=1,024 -> 0.046 ms
[138.682s] RadixSortWithArraysAndCustomBase(4096) (random) size=2,048 -> 0.054 ms
[138.686s] RadixSortWithArraysAndCustomBase(4096) (random) size=4,096 -> 0.074 ms
[138.690s] RadixSortWithArraysAndCustomBase(4096) (random) size=8,192 -> 0.141 ms
[138.694s] RadixSortWithArraysAndCustomBase(4096) (random) size=16,384 -> 0.181 ms
[138.698s] RadixSortWithArraysAndCustomBase(4096) (random) size=32,768 -> 0.251 ms
[138.703s] RadixSortWithArraysAndCustomBase(4096) (random) size=65,536 -> 0.423 ms
[138.707s] RadixSortWithArraysAndCustomBase(4096) (random) size=131,072 -> 0.737 ms
[138.713s] RadixSortWithArraysAndCustomBase(4096) (random) size=262,144 -> 1.371 ms
[138.720s] RadixSortWithArraysAndCustomBase(4096) (random) size=524,288 -> 2.550 ms
[138.730s] RadixSortWithArraysAndCustomBase(4096) (random) size=1,048,576 -> 5.304 ms
[138.746s] RadixSortWithArraysAndCustomBase(4096) (random) size=2,097,152 -> 10.464 ms
[138.774s] RadixSortWithArraysAndCustomBase(4096) (random) size=4,194,304 -> 21.114 ms
[138.828s] RadixSortWithArraysAndCustomBase(4096) (random) size=8,388,608 -> 43.570 ms
[138.933s] RadixSortWithArraysAndCustomBase(4096) (random) size=16,777,216 -> 89.932 ms
[139.245s] RadixSortWithArraysAndCustomBase(4096) (random) size=33,554,432 -> 283.350 ms
[139.847s] RadixSortWithArraysAndCustomBase(4096) (random) size=67,108,864 -> 550.706 ms
[141.130s] RadixSortWithArraysAndCustomBase(4096) (random) size=134,217,728 -> 1183.531 ms
[143.835s] RadixSortWithArraysAndCustomBase(4096) (random) size=268,435,456 -> 2509.790 ms
[149.737s] RadixSortWithArraysAndCustomBase(4096) (random) size=536,870,912 -> 5511.538 ms
[149.742s] RadixSortWithArraysAndCustomBase(256) (random) size=1,024 -> 0.018 ms
[149.746s] RadixSortWithArraysAndCustomBase(256) (random) size=2,048 -> 0.026 ms
[149.750s] RadixSortWithArraysAndCustomBase(256) (random) size=4,096 -> 0.039 ms
[149.753s] RadixSortWithArraysAndCustomBase(256) (random) size=8,192 -> 0.069 ms
[149.758s] RadixSortWithArraysAndCustomBase(256) (random) size=16,384 -> 0.095 ms
[149.762s] RadixSortWithArraysAndCustomBase(256) (random) size=32,768 -> 0.181 ms
[149.766s] RadixSortWithArraysAndCustomBase(256) (random) size=65,536 -> 0.330 ms
[149.771s] RadixSortWithArraysAndCustomBase(256) (random) size=131,072 -> 1.061 ms
[149.777s] RadixSortWithArraysAndCustomBase(256) (random) size=262,144 -> 1.743 ms
[149.784s] RadixSortWithArraysAndCustomBase(256) (random) size=524,288 -> 3.374 ms
[149.796s] RadixSortWithArraysAndCustomBase(256) (random) size=1,048,576 -> 6.847 ms
[149.815s] RadixSortWithArraysAndCustomBase(256) (random) size=2,097,152 -> 13.715 ms
[149.849s] RadixSortWithArraysAndCustomBase(256) (random) size=4,194,304 -> 27.368 ms
[149.913s] RadixSortWithArraysAndCustomBase(256) (random) size=8,388,608 -> 53.261 ms
[150.036s] RadixSortWithArraysAndCustomBase(256) (random) size=16,777,216 -> 106.274 ms
[150.390s] RadixSortWithArraysAndCustomBase(256) (random) size=33,554,432 -> 326.307 ms
[151.139s] RadixSortWithArraysAndCustomBase(256) (random) size=67,108,864 -> 695.976 ms
[152.736s] RadixSortWithArraysAndCustomBase(256) (random) size=134,217,728 -> 1497.390 ms
[157.387s] RadixSortWithArraysAndCustomBase(256) (random) size=268,435,456 -> 4455.456 ms
[165.795s] RadixSortWithArraysAndCustomBase(256) (random) size=536,870,912 -> 8019.755 ms
--- iteration 7 of 10 ---
[165.799s] RadixSortWithArraysAndCustomBase(4096) (random) size=1,024 -> 0.044 ms
[165.803s] RadixSortWithArraysAndCustomBase(4096) (random) size=2,048 -> 0.050 ms
[165.807s] RadixSortWithArraysAndCustomBase(4096) (random) size=4,096 -> 0.068 ms
[165.811s] RadixSortWithArraysAndCustomBase(4096) (random) size=8,192 -> 0.137 ms
[165.815s] RadixSortWithArraysAndCustomBase(4096) (random) size=16,384 -> 0.169 ms
[165.819s] RadixSortWithArraysAndCustomBase(4096) (random) size=32,768 -> 0.246 ms
[165.823s] RadixSortWithArraysAndCustomBase(4096) (random) size=65,536 -> 0.412 ms
[165.828s] RadixSortWithArraysAndCustomBase(4096) (random) size=131,072 -> 0.713 ms
[165.834s] RadixSortWithArraysAndCustomBase(4096) (random) size=262,144 -> 1.299 ms
[165.840s] RadixSortWithArraysAndCustomBase(4096) (random) size=524,288 -> 2.597 ms
[165.850s] RadixSortWithArraysAndCustomBase(4096) (random) size=1,048,576 -> 5.303 ms
[165.866s] RadixSortWithArraysAndCustomBase(4096) (random) size=2,097,152 -> 10.497 ms
[165.895s] RadixSortWithArraysAndCustomBase(4096) (random) size=4,194,304 -> 21.248 ms
[165.948s] RadixSortWithArraysAndCustomBase(4096) (random) size=8,388,608 -> 43.408 ms
[166.055s] RadixSortWithArraysAndCustomBase(4096) (random) size=16,777,216 -> 89.630 ms
[166.366s] RadixSortWithArraysAndCustomBase(4096) (random) size=33,554,432 -> 283.426 ms
[166.968s] RadixSortWithArraysAndCustomBase(4096) (random) size=67,108,864 -> 549.961 ms
[168.253s] RadixSortWithArraysAndCustomBase(4096) (random) size=134,217,728 -> 1184.805 ms
[170.958s] RadixSortWithArraysAndCustomBase(4096) (random) size=268,435,456 -> 2509.072 ms
[176.891s] RadixSortWithArraysAndCustomBase(4096) (random) size=536,870,912 -> 5543.113 ms
[176.895s] RadixSortWithArraysAndCustomBase(256) (random) size=1,024 -> 0.020 ms
[176.899s] RadixSortWithArraysAndCustomBase(256) (random) size=2,048 -> 0.026 ms
[176.903s] RadixSortWithArraysAndCustomBase(256) (random) size=4,096 -> 0.040 ms
[176.907s] RadixSortWithArraysAndCustomBase(256) (random) size=8,192 -> 0.061 ms
[176.911s] RadixSortWithArraysAndCustomBase(256) (random) size=16,384 -> 0.095 ms
[176.915s] RadixSortWithArraysAndCustomBase(256) (random) size=32,768 -> 0.181 ms
[176.919s] RadixSortWithArraysAndCustomBase(256) (random) size=65,536 -> 0.321 ms
[176.924s] RadixSortWithArraysAndCustomBase(256) (random) size=131,072 -> 1.029 ms
[176.930s] RadixSortWithArraysAndCustomBase(256) (random) size=262,144 -> 1.788 ms
[176.937s] RadixSortWithArraysAndCustomBase(256) (random) size=524,288 -> 3.389 ms
[176.949s] RadixSortWithArraysAndCustomBase(256) (random) size=1,048,576 -> 6.931 ms
[176.968s] RadixSortWithArraysAndCustomBase(256) (random) size=2,097,152 -> 13.732 ms
[177.003s] RadixSortWithArraysAndCustomBase(256) (random) size=4,194,304 -> 27.712 ms
[177.066s] RadixSortWithArraysAndCustomBase(256) (random) size=8,388,608 -> 53.532 ms
[177.190s] RadixSortWithArraysAndCustomBase(256) (random) size=16,777,216 -> 107.409 ms
[177.550s] RadixSortWithArraysAndCustomBase(256) (random) size=33,554,432 -> 331.360 ms
[178.298s] RadixSortWithArraysAndCustomBase(256) (random) size=67,108,864 -> 696.415 ms
[179.900s] RadixSortWithArraysAndCustomBase(256) (random) size=134,217,728 -> 1501.034 ms
[184.579s] RadixSortWithArraysAndCustomBase(256) (random) size=268,435,456 -> 4481.689 ms
[193.178s] RadixSortWithArraysAndCustomBase(256) (random) size=536,870,912 -> 8210.125 ms
--- iteration 8 of 10 ---
[193.182s] RadixSortWithArraysAndCustomBase(4096) (random) size=1,024 -> 0.039 ms
[193.186s] RadixSortWithArraysAndCustomBase(4096) (random) size=2,048 -> 0.050 ms
[193.190s] RadixSortWithArraysAndCustomBase(4096) (random) size=4,096 -> 0.075 ms
[193.194s] RadixSortWithArraysAndCustomBase(4096) (random) size=8,192 -> 0.135 ms
[193.198s] RadixSortWithArraysAndCustomBase(4096) (random) size=16,384 -> 0.178 ms
[193.202s] RadixSortWithArraysAndCustomBase(4096) (random) size=32,768 -> 0.252 ms
[193.206s] RadixSortWithArraysAndCustomBase(4096) (random) size=65,536 -> 0.423 ms
[193.211s] RadixSortWithArraysAndCustomBase(4096) (random) size=131,072 -> 0.695 ms
[193.217s] RadixSortWithArraysAndCustomBase(4096) (random) size=262,144 -> 1.394 ms
[193.224s] RadixSortWithArraysAndCustomBase(4096) (random) size=524,288 -> 2.631 ms
[193.233s] RadixSortWithArraysAndCustomBase(4096) (random) size=1,048,576 -> 5.170 ms
[193.249s] RadixSortWithArraysAndCustomBase(4096) (random) size=2,097,152 -> 10.435 ms
[193.277s] RadixSortWithArraysAndCustomBase(4096) (random) size=4,194,304 -> 21.073 ms
[193.330s] RadixSortWithArraysAndCustomBase(4096) (random) size=8,388,608 -> 43.191 ms
[193.436s] RadixSortWithArraysAndCustomBase(4096) (random) size=16,777,216 -> 89.718 ms
[193.747s] RadixSortWithArraysAndCustomBase(4096) (random) size=33,554,432 -> 283.611 ms
[194.354s] RadixSortWithArraysAndCustomBase(4096) (random) size=67,108,864 -> 554.645 ms
[195.648s] RadixSortWithArraysAndCustomBase(4096) (random) size=134,217,728 -> 1192.717 ms
[198.378s] RadixSortWithArraysAndCustomBase(4096) (random) size=268,435,456 -> 2529.540 ms
[204.305s] RadixSortWithArraysAndCustomBase(4096) (random) size=536,870,912 -> 5533.114 ms
[204.309s] RadixSortWithArraysAndCustomBase(256) (random) size=1,024 -> 0.020 ms
[204.313s] RadixSortWithArraysAndCustomBase(256) (random) size=2,048 -> 0.028 ms
[204.317s] RadixSortWithArraysAndCustomBase(256) (random) size=4,096 -> 0.038 ms
[204.321s] RadixSortWithArraysAndCustomBase(256) (random) size=8,192 -> 0.052 ms
[204.325s] RadixSortWithArraysAndCustomBase(256) (random) size=16,384 -> 0.096 ms
[204.329s] RadixSortWithArraysAndCustomBase(256) (random) size=32,768 -> 0.172 ms
[204.334s] RadixSortWithArraysAndCustomBase(256) (random) size=65,536 -> 0.321 ms
[204.338s] RadixSortWithArraysAndCustomBase(256) (random) size=131,072 -> 1.011 ms
[204.344s] RadixSortWithArraysAndCustomBase(256) (random) size=262,144 -> 1.762 ms
[204.352s] RadixSortWithArraysAndCustomBase(256) (random) size=524,288 -> 3.480 ms
[204.364s] RadixSortWithArraysAndCustomBase(256) (random) size=1,048,576 -> 6.997 ms
[204.383s] RadixSortWithArraysAndCustomBase(256) (random) size=2,097,152 -> 13.769 ms
[204.418s] RadixSortWithArraysAndCustomBase(256) (random) size=4,194,304 -> 27.813 ms
[204.482s] RadixSortWithArraysAndCustomBase(256) (random) size=8,388,608 -> 53.609 ms
[204.606s] RadixSortWithArraysAndCustomBase(256) (random) size=16,777,216 -> 108.046 ms
[204.962s] RadixSortWithArraysAndCustomBase(256) (random) size=33,554,432 -> 327.433 ms
[205.708s] RadixSortWithArraysAndCustomBase(256) (random) size=67,108,864 -> 693.164 ms
[207.316s] RadixSortWithArraysAndCustomBase(256) (random) size=134,217,728 -> 1508.113 ms
[212.089s] RadixSortWithArraysAndCustomBase(256) (random) size=268,435,456 -> 4574.352 ms
[220.498s] RadixSortWithArraysAndCustomBase(256) (random) size=536,870,912 -> 8018.012 ms
--- iteration 9 of 10 ---
[220.502s] RadixSortWithArraysAndCustomBase(4096) (random) size=1,024 -> 0.043 ms
[220.506s] RadixSortWithArraysAndCustomBase(4096) (random) size=2,048 -> 0.051 ms
[220.510s] RadixSortWithArraysAndCustomBase(4096) (random) size=4,096 -> 0.071 ms
[220.514s] RadixSortWithArraysAndCustomBase(4096) (random) size=8,192 -> 0.131 ms
[220.518s] RadixSortWithArraysAndCustomBase(4096) (random) size=16,384 -> 0.169 ms
[220.522s] RadixSortWithArraysAndCustomBase(4096) (random) size=32,768 -> 0.250 ms
[220.526s] RadixSortWithArraysAndCustomBase(4096) (random) size=65,536 -> 0.420 ms
[220.531s] RadixSortWithArraysAndCustomBase(4096) (random) size=131,072 -> 0.738 ms
[220.536s] RadixSortWithArraysAndCustomBase(4096) (random) size=262,144 -> 1.338 ms
[220.544s] RadixSortWithArraysAndCustomBase(4096) (random) size=524,288 -> 2.610 ms
[220.554s] RadixSortWithArraysAndCustomBase(4096) (random) size=1,048,576 -> 5.288 ms
[220.570s] RadixSortWithArraysAndCustomBase(4096) (random) size=2,097,152 -> 10.601 ms
[220.598s] RadixSortWithArraysAndCustomBase(4096) (random) size=4,194,304 -> 21.160 ms
[220.652s] RadixSortWithArraysAndCustomBase(4096) (random) size=8,388,608 -> 43.615 ms
[220.758s] RadixSortWithArraysAndCustomBase(4096) (random) size=16,777,216 -> 89.903 ms
[221.071s] RadixSortWithArraysAndCustomBase(4096) (random) size=33,554,432 -> 284.688 ms
[221.679s] RadixSortWithArraysAndCustomBase(4096) (random) size=67,108,864 -> 555.348 ms
[222.972s] RadixSortWithArraysAndCustomBase(4096) (random) size=134,217,728 -> 1190.880 ms
[225.684s] RadixSortWithArraysAndCustomBase(4096) (random) size=268,435,456 -> 2514.117 ms
[231.646s] RadixSortWithArraysAndCustomBase(4096) (random) size=536,870,912 -> 5568.056 ms
[231.650s] RadixSortWithArraysAndCustomBase(256) (random) size=1,024 -> 0.021 ms
[231.654s] RadixSortWithArraysAndCustomBase(256) (random) size=2,048 -> 0.023 ms
[231.658s] RadixSortWithArraysAndCustomBase(256) (random) size=4,096 -> 0.040 ms
[231.662s] RadixSortWithArraysAndCustomBase(256) (random) size=8,192 -> 0.054 ms
[231.666s] RadixSortWithArraysAndCustomBase(256) (random) size=16,384 -> 0.102 ms
[231.670s] RadixSortWithArraysAndCustomBase(256) (random) size=32,768 -> 0.171 ms
[231.674s] RadixSortWithArraysAndCustomBase(256) (random) size=65,536 -> 0.323 ms
[231.679s] RadixSortWithArraysAndCustomBase(256) (random) size=131,072 -> 1.057 ms
[231.685s] RadixSortWithArraysAndCustomBase(256) (random) size=262,144 -> 1.730 ms
[231.693s] RadixSortWithArraysAndCustomBase(256) (random) size=524,288 -> 3.394 ms
[231.705s] RadixSortWithArraysAndCustomBase(256) (random) size=1,048,576 -> 7.041 ms
[231.724s] RadixSortWithArraysAndCustomBase(256) (random) size=2,097,152 -> 13.927 ms
[231.759s] RadixSortWithArraysAndCustomBase(256) (random) size=4,194,304 -> 27.917 ms
[231.823s] RadixSortWithArraysAndCustomBase(256) (random) size=8,388,608 -> 53.591 ms
[231.947s] RadixSortWithArraysAndCustomBase(256) (random) size=16,777,216 -> 107.604 ms
[232.305s] RadixSortWithArraysAndCustomBase(256) (random) size=33,554,432 -> 329.294 ms
[233.044s] RadixSortWithArraysAndCustomBase(256) (random) size=67,108,864 -> 686.763 ms
[234.645s] RadixSortWithArraysAndCustomBase(256) (random) size=134,217,728 -> 1499.912 ms
[239.398s] RadixSortWithArraysAndCustomBase(256) (random) size=268,435,456 -> 4550.280 ms
[247.790s] RadixSortWithArraysAndCustomBase(256) (random) size=536,870,912 -> 7996.452 ms
--- iteration 10 of 10 ---
[247.795s] RadixSortWithArraysAndCustomBase(4096) (random) size=1,024 -> 0.043 ms
[247.799s] RadixSortWithArraysAndCustomBase(4096) (random) size=2,048 -> 0.052 ms
[247.802s] RadixSortWithArraysAndCustomBase(4096) (random) size=4,096 -> 0.067 ms
[247.806s] RadixSortWithArraysAndCustomBase(4096) (random) size=8,192 -> 0.121 ms
[247.811s] RadixSortWithArraysAndCustomBase(4096) (random) size=16,384 -> 0.173 ms
[247.815s] RadixSortWithArraysAndCustomBase(4096) (random) size=32,768 -> 0.244 ms
[247.819s] RadixSortWithArraysAndCustomBase(4096) (random) size=65,536 -> 0.396 ms
[247.823s] RadixSortWithArraysAndCustomBase(4096) (random) size=131,072 -> 0.699 ms
[247.829s] RadixSortWithArraysAndCustomBase(4096) (random) size=262,144 -> 1.302 ms
[247.835s] RadixSortWithArraysAndCustomBase(4096) (random) size=524,288 -> 2.477 ms
[247.845s] RadixSortWithArraysAndCustomBase(4096) (random) size=1,048,576 -> 5.058 ms
[247.861s] RadixSortWithArraysAndCustomBase(4096) (random) size=2,097,152 -> 10.406 ms
[247.889s] RadixSortWithArraysAndCustomBase(4096) (random) size=4,194,304 -> 21.228 ms
[247.942s] RadixSortWithArraysAndCustomBase(4096) (random) size=8,388,608 -> 42.808 ms
[248.048s] RadixSortWithArraysAndCustomBase(4096) (random) size=16,777,216 -> 89.641 ms
[248.361s] RadixSortWithArraysAndCustomBase(4096) (random) size=33,554,432 -> 284.316 ms
[248.967s] RadixSortWithArraysAndCustomBase(4096) (random) size=67,108,864 -> 553.605 ms
[250.251s] RadixSortWithArraysAndCustomBase(4096) (random) size=134,217,728 -> 1183.053 ms
[252.954s] RadixSortWithArraysAndCustomBase(4096) (random) size=268,435,456 -> 2505.458 ms
[258.852s] RadixSortWithArraysAndCustomBase(4096) (random) size=536,870,912 -> 5504.975 ms
[258.857s] RadixSortWithArraysAndCustomBase(256) (random) size=1,024 -> 0.028 ms
[258.861s] RadixSortWithArraysAndCustomBase(256) (random) size=2,048 -> 0.027 ms
[258.865s] RadixSortWithArraysAndCustomBase(256) (random) size=4,096 -> 0.039 ms
[258.869s] RadixSortWithArraysAndCustomBase(256) (random) size=8,192 -> 0.058 ms
[258.873s] RadixSortWithArraysAndCustomBase(256) (random) size=16,384 -> 0.097 ms
[258.877s] RadixSortWithArraysAndCustomBase(256) (random) size=32,768 -> 0.168 ms
[258.881s] RadixSortWithArraysAndCustomBase(256) (random) size=65,536 -> 0.331 ms
[258.886s] RadixSortWithArraysAndCustomBase(256) (random) size=131,072 -> 0.970 ms
[258.892s] RadixSortWithArraysAndCustomBase(256) (random) size=262,144 -> 1.699 ms
[258.900s] RadixSortWithArraysAndCustomBase(256) (random) size=524,288 -> 3.383 ms
[258.911s] RadixSortWithArraysAndCustomBase(256) (random) size=1,048,576 -> 6.944 ms
[258.931s] RadixSortWithArraysAndCustomBase(256) (random) size=2,097,152 -> 13.755 ms
[258.966s] RadixSortWithArraysAndCustomBase(256) (random) size=4,194,304 -> 27.780 ms
[259.030s] RadixSortWithArraysAndCustomBase(256) (random) size=8,388,608 -> 53.618 ms
[259.153s] RadixSortWithArraysAndCustomBase(256) (random) size=16,777,216 -> 107.062 ms
[259.512s] RadixSortWithArraysAndCustomBase(256) (random) size=33,554,432 -> 330.089 ms
[260.259s] RadixSortWithArraysAndCustomBase(256) (random) size=67,108,864 -> 693.712 ms
[261.881s] RadixSortWithArraysAndCustomBase(256) (random) size=134,217,728 -> 1520.468 ms
[266.651s] RadixSortWithArraysAndCustomBase(256) (random) size=268,435,456 -> 4566.924 ms
[275.011s] RadixSortWithArraysAndCustomBase(256) (random) size=536,870,912 -> 7964.966 ms
