profile=radix-256-gc iterations=10 algorithms=1
--- warm up 1 of 2 ---
[0.241s] RadixSortWithArraysAndCustomBase(256) (random) size=1,024 -> 0.757 ms
[0.248s] RadixSortWithArraysAndCustomBase(256) (random) size=2,048 -> 0.186 ms
[0.253s] RadixSortWithArraysAndCustomBase(256) (random) size=4,096 -> 0.363 ms
[0.259s] RadixSortWithArraysAndCustomBase(256) (random) size=8,192 -> 0.657 ms
[0.266s] RadixSortWithArraysAndCustomBase(256) (random) size=16,384 -> 1.313 ms
[0.272s] RadixSortWithArraysAndCustomBase(256) (random) size=32,768 -> 0.777 ms
[0.278s] RadixSortWithArraysAndCustomBase(256) (random) size=65,536 -> 0.948 ms
[0.285s] RadixSortWithArraysAndCustomBase(256) (random) size=131,072 -> 1.523 ms
[0.292s] RadixSortWithArraysAndCustomBase(256) (random) size=262,144 -> 1.879 ms
[0.302s] RadixSortWithArraysAndCustomBase(256) (random) size=524,288 -> 3.420 ms
[0.315s] RadixSortWithArraysAndCustomBase(256) (random) size=1,048,576 -> 7.137 ms
[0.337s] RadixSortWithArraysAndCustomBase(256) (random) size=2,097,152 -> 13.978 ms
[0.379s] RadixSortWithArraysAndCustomBase(256) (random) size=4,194,304 -> 31.884 ms
--- warm up 2 of 2 ---
[0.385s] RadixSortWithArraysAndCustomBase(256) (random) size=1,024 -> 0.030 ms
[0.390s] RadixSortWithArraysAndCustomBase(256) (random) size=2,048 -> 0.039 ms
[0.394s] RadixSortWithArraysAndCustomBase(256) (random) size=4,096 -> 0.042 ms
[0.400s] RadixSortWithArraysAndCustomBase(256) (random) size=8,192 -> 0.069 ms
[0.405s] RadixSortWithArraysAndCustomBase(256) (random) size=16,384 -> 0.095 ms
[0.409s] RadixSortWithArraysAndCustomBase(256) (random) size=32,768 -> 0.170 ms
[0.415s] RadixSortWithArraysAndCustomBase(256) (random) size=65,536 -> 0.324 ms
[0.421s] RadixSortWithArraysAndCustomBase(256) (random) size=131,072 -> 0.984 ms
[0.428s] RadixSortWithArraysAndCustomBase(256) (random) size=262,144 -> 1.691 ms
[0.436s] RadixSortWithArraysAndCustomBase(256) (random) size=524,288 -> 3.419 ms
[0.449s] RadixSortWithArraysAndCustomBase(256) (random) size=1,048,576 -> 6.924 ms
[0.471s] RadixSortWithArraysAndCustomBase(256) (random) size=2,097,152 -> 13.652 ms
[0.509s] RadixSortWithArraysAndCustomBase(256) (random) size=4,194,304 -> 28.629 ms
--- iteration 1 of 10 ---
[0.514s] RadixSortWithArraysAndCustomBase(256) (random) size=1,024 -> 0.027 ms
[0.519s] RadixSortWithArraysAndCustomBase(256) (random) size=2,048 -> 0.028 ms
[0.524s] RadixSortWithArraysAndCustomBase(256) (random) size=4,096 -> 0.042 ms
[0.529s] RadixSortWithArraysAndCustomBase(256) (random) size=8,192 -> 0.063 ms
[0.535s] RadixSortWithArraysAndCustomBase(256) (random) size=16,384 -> 0.100 ms
[0.540s] RadixSortWithArraysAndCustomBase(256) (random) size=32,768 -> 0.176 ms
[0.546s] RadixSortWithArraysAndCustomBase(256) (random) size=65,536 -> 0.324 ms
[0.552s] RadixSortWithArraysAndCustomBase(256) (random) size=131,072 -> 0.958 ms
[0.559s] RadixSortWithArraysAndCustomBase(256) (random) size=262,144 -> 1.715 ms
[0.568s] RadixSortWithArraysAndCustomBase(256) (random) size=524,288 -> 3.387 ms
[0.580s] RadixSortWithArraysAndCustomBase(256) (random) size=1,048,576 -> 6.850 ms
[0.601s] RadixSortWithArraysAndCustomBase(256) (random) size=2,097,152 -> 13.314 ms
[0.638s] RadixSortWithArraysAndCustomBase(256) (random) size=4,194,304 -> 28.253 ms
[0.710s] RadixSortWithArraysAndCustomBase(256) (random) size=8,388,608 -> 58.367 ms
[0.848s] RadixSortWithArraysAndCustomBase(256) (random) size=16,777,216 -> 119.828 ms
[1.215s] RadixSortWithArraysAndCustomBase(256) (random) size=33,554,432 -> 330.949 ms
[1.950s] RadixSortWithArraysAndCustomBase(256) (random) size=67,108,864 -> 668.330 ms
[3.588s] RadixSortWithArraysAndCustomBase(256) (random) size=134,217,728 -> 1511.190 ms
[7.138s] RadixSortWithArraysAndCustomBase(256) (random) size=268,435,456 -> 3298.225 ms
[15.666s] RadixSortWithArraysAndCustomBase(256) (random) size=536,870,912 -> 8076.333 ms
--- iteration 2 of 10 ---
[15.676s] RadixSortWithArraysAndCustomBase(256) (random) size=1,024 -> 0.027 ms
[15.681s] RadixSortWithArraysAndCustomBase(256) (random) size=2,048 -> 0.033 ms
[15.686s] RadixSortWithArraysAndCustomBase(256) (random) size=4,096 -> 0.045 ms
[15.691s] RadixSortWithArraysAndCustomBase(256) (random) size=8,192 -> 0.063 ms
[15.697s] RadixSortWithArraysAndCustomBase(256) (random) size=16,384 -> 0.125 ms
[15.702s] RadixSortWithArraysAndCustomBase(256) (random) size=32,768 -> 0.171 ms
[15.707s] RadixSortWithArraysAndCustomBase(256) (random) size=65,536 -> 0.341 ms
[15.712s] RadixSortWithArraysAndCustomBase(256) (random) size=131,072 -> 1.019 ms
[15.719s] RadixSortWithArraysAndCustomBase(256) (random) size=262,144 -> 1.727 ms
[15.728s] RadixSortWithArraysAndCustomBase(256) (random) size=524,288 -> 3.401 ms
[15.740s] RadixSortWithArraysAndCustomBase(256) (random) size=1,048,576 -> 6.924 ms
[15.760s] RadixSortWithArraysAndCustomBase(256) (random) size=2,097,152 -> 13.879 ms
[15.796s] RadixSortWithArraysAndCustomBase(256) (random) size=4,194,304 -> 27.951 ms
[15.862s] RadixSortWithArraysAndCustomBase(256) (random) size=8,388,608 -> 55.442 ms
[15.990s] RadixSortWithArraysAndCustomBase(256) (random) size=16,777,216 -> 111.135 ms
[16.339s] RadixSortWithArraysAndCustomBase(256) (random) size=33,554,432 -> 319.935 ms
[17.065s] RadixSortWithArraysAndCustomBase(256) (random) size=67,108,864 -> 673.632 ms
[18.622s] RadixSortWithArraysAndCustomBase(256) (random) size=134,217,728 -> 1455.491 ms
[21.957s] RadixSortWithArraysAndCustomBase(256) (random) size=268,435,456 -> 3134.560 ms
[29.828s] RadixSortWithArraysAndCustomBase(256) (random) size=536,870,912 -> 7475.205 ms
--- iteration 3 of 10 ---
[29.833s] RadixSortWithArraysAndCustomBase(256) (random) size=1,024 -> 0.028 ms
[29.837s] RadixSortWithArraysAndCustomBase(256) (random) size=2,048 -> 0.032 ms
[29.842s] RadixSortWithArraysAndCustomBase(256) (random) size=4,096 -> 0.051 ms
[29.846s] RadixSortWithArraysAndCustomBase(256) (random) size=8,192 -> 0.062 ms
[29.850s] RadixSortWithArraysAndCustomBase(256) (random) size=16,384 -> 0.090 ms
[29.855s] RadixSortWithArraysAndCustomBase(256) (random) size=32,768 -> 0.176 ms
[29.860s] RadixSortWithArraysAndCustomBase(256) (random) size=65,536 -> 0.314 ms
[29.865s] RadixSortWithArraysAndCustomBase(256) (random) size=131,072 -> 0.957 ms
[29.872s] RadixSortWithArraysAndCustomBase(256) (random) size=262,144 -> 1.812 ms
[29.880s] RadixSortWithArraysAndCustomBase(256) (random) size=524,288 -> 3.381 ms
[29.892s] RadixSortWithArraysAndCustomBase(256) (random) size=1,048,576 -> 6.787 ms
[29.912s] RadixSortWithArraysAndCustomBase(256) (random) size=2,097,152 -> 13.547 ms
[29.947s] RadixSortWithArraysAndCustomBase(256) (random) size=4,194,304 -> 27.862 ms
[30.013s] RadixSortWithArraysAndCustomBase(256) (random) size=8,388,608 -> 55.410 ms
[30.141s] RadixSortWithArraysAndCustomBase(256) (random) size=16,777,216 -> 111.688 ms
[30.486s] RadixSortWithArraysAndCustomBase(256) (random) size=33,554,432 -> 315.696 ms
[31.189s] RadixSortWithArraysAndCustomBase(256) (random) size=67,108,864 -> 650.598 ms
[32.717s] RadixSortWithArraysAndCustomBase(256) (random) size=134,217,728 -> 1426.881 ms
[36.138s] RadixSortWithArraysAndCustomBase(256) (random) size=268,435,456 -> 3222.950 ms
[44.075s] RadixSortWithArraysAndCustomBase(256) (random) size=536,870,912 -> 7532.741 ms
--- iteration 4 of 10 ---
[44.079s] RadixSortWithArraysAndCustomBase(256) (random) size=1,024 -> 0.028 ms
[44.084s] RadixSortWithArraysAndCustomBase(256) (random) size=2,048 -> 0.031 ms
[44.088s] RadixSortWithArraysAndCustomBase(256) (random) size=4,096 -> 0.045 ms
[44.093s] RadixSortWithArraysAndCustomBase(256) (random) size=8,192 -> 0.060 ms
[44.098s] RadixSortWithArraysAndCustomBase(256) (random) size=16,384 -> 0.096 ms
[44.102s] RadixSortWithArraysAndCustomBase(256) (random) size=32,768 -> 0.179 ms
[44.107s] RadixSortWithArraysAndCustomBase(256) (random) size=65,536 -> 0.321 ms
[44.113s] RadixSortWithArraysAndCustomBase(256) (random) size=131,072 -> 0.955 ms
[44.119s] RadixSortWithArraysAndCustomBase(256) (random) size=262,144 -> 1.723 ms
[44.127s] RadixSortWithArraysAndCustomBase(256) (random) size=524,288 -> 3.418 ms
[44.139s] RadixSortWithArraysAndCustomBase(256) (random) size=1,048,576 -> 6.764 ms
[44.159s] RadixSortWithArraysAndCustomBase(256) (random) size=2,097,152 -> 13.773 ms
[44.195s] RadixSortWithArraysAndCustomBase(256) (random) size=4,194,304 -> 27.890 ms
[44.261s] RadixSortWithArraysAndCustomBase(256) (random) size=8,388,608 -> 54.988 ms
[44.389s] RadixSortWithArraysAndCustomBase(256) (random) size=16,777,216 -> 111.429 ms
[44.746s] RadixSortWithArraysAndCustomBase(256) (random) size=33,554,432 -> 328.606 ms
[45.454s] RadixSortWithArraysAndCustomBase(256) (random) size=67,108,864 -> 654.233 ms
[46.958s] RadixSortWithArraysAndCustomBase(256) (random) size=134,217,728 -> 1399.000 ms
[50.165s] RadixSortWithArraysAndCustomBase(256) (random) size=268,435,456 -> 3010.565 ms
[58.569s] RadixSortWithArraysAndCustomBase(256) (random) size=536,870,912 -> 8014.237 ms
--- iteration 5 of 10 ---
[58.574s] RadixSortWithArraysAndCustomBase(256) (random) size=1,024 -> 0.025 ms
[58.579s] RadixSortWithArraysAndCustomBase(256) (random) size=2,048 -> 0.027 ms
[58.583s] RadixSortWithArraysAndCustomBase(256) (random) size=4,096 -> 0.043 ms
[58.588s] RadixSortWithArraysAndCustomBase(256) (random) size=8,192 -> 0.070 ms
[58.593s] RadixSortWithArraysAndCustomBase(256) (random) size=16,384 -> 0.089 ms
[58.598s] RadixSortWithArraysAndCustomBase(256) (random) size=32,768 -> 0.171 ms
[58.603s] RadixSortWithArraysAndCustomBase(256) (random) size=65,536 -> 0.335 ms
[58.609s] RadixSortWithArraysAndCustomBase(256) (random) size=131,072 -> 1.059 ms
[58.615s] RadixSortWithArraysAndCustomBase(256) (random) size=262,144 -> 1.698 ms
[58.624s] RadixSortWithArraysAndCustomBase(256) (random) size=524,288 -> 3.505 ms
[58.636s] RadixSortWithArraysAndCustomBase(256) (random) size=1,048,576 -> 6.751 ms
[58.657s] RadixSortWithArraysAndCustomBase(256) (random) size=2,097,152 -> 13.728 ms
[58.692s] RadixSortWithArraysAndCustomBase(256) (random) size=4,194,304 -> 27.577 ms
[58.758s] RadixSortWithArraysAndCustomBase(256) (random) size=8,388,608 -> 54.868 ms
[58.887s] RadixSortWithArraysAndCustomBase(256) (random) size=16,777,216 -> 110.746 ms
[59.230s] RadixSortWithArraysAndCustomBase(256) (random) size=33,554,432 -> 314.090 ms
[59.940s] RadixSortWithArraysAndCustomBase(256) (random) size=67,108,864 -> 656.976 ms
[61.466s] RadixSortWithArraysAndCustomBase(256) (random) size=134,217,728 -> 1426.079 ms
[64.780s] RadixSortWithArraysAndCustomBase(256) (random) size=268,435,456 -> 3113.368 ms
[72.446s] RadixSortWithArraysAndCustomBase(256) (random) size=536,870,912 -> 7273.760 ms
--- iteration 6 of 10 ---
[72.452s] RadixSortWithArraysAndCustomBase(256) (random) size=1,024 -> 0.025 ms
[72.457s] RadixSortWithArraysAndCustomBase(256) (random) size=2,048 -> 0.034 ms
[72.462s] RadixSortWithArraysAndCustomBase(256) (random) size=4,096 -> 0.035 ms
[72.466s] RadixSortWithArraysAndCustomBase(256) (random) size=8,192 -> 0.064 ms
[72.472s] RadixSortWithArraysAndCustomBase(256) (random) size=16,384 -> 0.105 ms
[72.476s] RadixSortWithArraysAndCustomBase(256) (random) size=32,768 -> 0.177 ms
[72.480s] RadixSortWithArraysAndCustomBase(256) (random) size=65,536 -> 0.325 ms
[72.485s] RadixSortWithArraysAndCustomBase(256) (random) size=131,072 -> 0.991 ms
[72.491s] RadixSortWithArraysAndCustomBase(256) (random) size=262,144 -> 1.683 ms
[72.499s] RadixSortWithArraysAndCustomBase(256) (random) size=524,288 -> 3.373 ms
[72.510s] RadixSortWithArraysAndCustomBase(256) (random) size=1,048,576 -> 6.856 ms
[72.529s] RadixSortWithArraysAndCustomBase(256) (random) size=2,097,152 -> 13.741 ms
[72.564s] RadixSortWithArraysAndCustomBase(256) (random) size=4,194,304 -> 27.688 ms
[72.629s] RadixSortWithArraysAndCustomBase(256) (random) size=8,388,608 -> 54.865 ms
[72.757s] RadixSortWithArraysAndCustomBase(256) (random) size=16,777,216 -> 110.905 ms
[73.098s] RadixSortWithArraysAndCustomBase(256) (random) size=33,554,432 -> 313.698 ms
[73.800s] RadixSortWithArraysAndCustomBase(256) (random) size=67,108,864 -> 649.717 ms
[75.321s] RadixSortWithArraysAndCustomBase(256) (random) size=134,217,728 -> 1420.961 ms
[78.577s] RadixSortWithArraysAndCustomBase(256) (random) size=268,435,456 -> 3060.193 ms
[86.422s] RadixSortWithArraysAndCustomBase(256) (random) size=536,870,912 -> 7460.088 ms
--- iteration 7 of 10 ---
[86.427s] RadixSortWithArraysAndCustomBase(256) (random) size=1,024 -> 0.020 ms
[86.431s] RadixSortWithArraysAndCustomBase(256) (random) size=2,048 -> 0.026 ms
[86.434s] RadixSortWithArraysAndCustomBase(256) (random) size=4,096 -> 0.037 ms
[86.438s] RadixSortWithArraysAndCustomBase(256) (random) size=8,192 -> 0.052 ms
[86.442s] RadixSortWithArraysAndCustomBase(256) (random) size=16,384 -> 0.099 ms
[86.446s] RadixSortWithArraysAndCustomBase(256) (random) size=32,768 -> 0.175 ms
[86.450s] RadixSortWithArraysAndCustomBase(256) (random) size=65,536 -> 0.328 ms
[86.455s] RadixSortWithArraysAndCustomBase(256) (random) size=131,072 -> 1.021 ms
[86.461s] RadixSortWithArraysAndCustomBase(256) (random) size=262,144 -> 1.705 ms
[86.469s] RadixSortWithArraysAndCustomBase(256) (random) size=524,288 -> 3.322 ms
[86.480s] RadixSortWithArraysAndCustomBase(256) (random) size=1,048,576 -> 6.799 ms
[86.499s] RadixSortWithArraysAndCustomBase(256) (random) size=2,097,152 -> 13.689 ms
[86.534s] RadixSortWithArraysAndCustomBase(256) (random) size=4,194,304 -> 27.683 ms
[86.599s] RadixSortWithArraysAndCustomBase(256) (random) size=8,388,608 -> 55.124 ms
[86.727s] RadixSortWithArraysAndCustomBase(256) (random) size=16,777,216 -> 111.350 ms
[87.073s] RadixSortWithArraysAndCustomBase(256) (random) size=33,554,432 -> 318.059 ms
[87.775s] RadixSortWithArraysAndCustomBase(256) (random) size=67,108,864 -> 646.441 ms
[89.301s] RadixSortWithArraysAndCustomBase(256) (random) size=134,217,728 -> 1426.834 ms
[92.512s] RadixSortWithArraysAndCustomBase(256) (random) size=268,435,456 -> 3015.717 ms
[99.745s] RadixSortWithArraysAndCustomBase(256) (random) size=536,870,912 -> 6846.546 ms
--- iteration 8 of 10 ---
[99.750s] RadixSortWithArraysAndCustomBase(256) (random) size=1,024 -> 0.021 ms
[99.754s] RadixSortWithArraysAndCustomBase(256) (random) size=2,048 -> 0.024 ms
[99.758s] RadixSortWithArraysAndCustomBase(256) (random) size=4,096 -> 0.035 ms
[99.762s] RadixSortWithArraysAndCustomBase(256) (random) size=8,192 -> 0.063 ms
[99.766s] RadixSortWithArraysAndCustomBase(256) (random) size=16,384 -> 0.095 ms
[99.770s] RadixSortWithArraysAndCustomBase(256) (random) size=32,768 -> 0.166 ms
[99.774s] RadixSortWithArraysAndCustomBase(256) (random) size=65,536 -> 0.322 ms
[99.779s] RadixSortWithArraysAndCustomBase(256) (random) size=131,072 -> 1.014 ms
[99.784s] RadixSortWithArraysAndCustomBase(256) (random) size=262,144 -> 1.708 ms
[99.792s] RadixSortWithArraysAndCustomBase(256) (random) size=524,288 -> 3.347 ms
[99.803s] RadixSortWithArraysAndCustomBase(256) (random) size=1,048,576 -> 6.717 ms
[99.822s] RadixSortWithArraysAndCustomBase(256) (random) size=2,097,152 -> 13.633 ms
[99.856s] RadixSortWithArraysAndCustomBase(256) (random) size=4,194,304 -> 27.125 ms
[99.922s] RadixSortWithArraysAndCustomBase(256) (random) size=8,388,608 -> 54.347 ms
[100.048s] RadixSortWithArraysAndCustomBase(256) (random) size=16,777,216 -> 110.158 ms
[100.388s] RadixSortWithArraysAndCustomBase(256) (random) size=33,554,432 -> 311.831 ms
[101.086s] RadixSortWithArraysAndCustomBase(256) (random) size=67,108,864 -> 647.083 ms
[102.652s] RadixSortWithArraysAndCustomBase(256) (random) size=134,217,728 -> 1465.692 ms
[105.949s] RadixSortWithArraysAndCustomBase(256) (random) size=268,435,456 -> 3099.612 ms
[113.305s] RadixSortWithArraysAndCustomBase(256) (random) size=536,870,912 -> 6963.769 ms
--- iteration 9 of 10 ---
[113.310s] RadixSortWithArraysAndCustomBase(256) (random) size=1,024 -> 0.028 ms
[113.314s] RadixSortWithArraysAndCustomBase(256) (random) size=2,048 -> 0.026 ms
[113.318s] RadixSortWithArraysAndCustomBase(256) (random) size=4,096 -> 0.034 ms
[113.322s] RadixSortWithArraysAndCustomBase(256) (random) size=8,192 -> 0.072 ms
[113.326s] RadixSortWithArraysAndCustomBase(256) (random) size=16,384 -> 0.109 ms
[113.330s] RadixSortWithArraysAndCustomBase(256) (random) size=32,768 -> 0.170 ms
[113.334s] RadixSortWithArraysAndCustomBase(256) (random) size=65,536 -> 0.345 ms
[113.339s] RadixSortWithArraysAndCustomBase(256) (random) size=131,072 -> 1.020 ms
[113.345s] RadixSortWithArraysAndCustomBase(256) (random) size=262,144 -> 1.716 ms
[113.353s] RadixSortWithArraysAndCustomBase(256) (random) size=524,288 -> 3.342 ms
[113.364s] RadixSortWithArraysAndCustomBase(256) (random) size=1,048,576 -> 6.808 ms
[113.383s] RadixSortWithArraysAndCustomBase(256) (random) size=2,097,152 -> 13.708 ms
[113.418s] RadixSortWithArraysAndCustomBase(256) (random) size=4,194,304 -> 27.568 ms
[113.484s] RadixSortWithArraysAndCustomBase(256) (random) size=8,388,608 -> 55.506 ms
[113.611s] RadixSortWithArraysAndCustomBase(256) (random) size=16,777,216 -> 110.333 ms
[113.957s] RadixSortWithArraysAndCustomBase(256) (random) size=33,554,432 -> 317.438 ms
[114.696s] RadixSortWithArraysAndCustomBase(256) (random) size=67,108,864 -> 687.528 ms
[116.221s] RadixSortWithArraysAndCustomBase(256) (random) size=134,217,728 -> 1424.585 ms
[119.464s] RadixSortWithArraysAndCustomBase(256) (random) size=268,435,456 -> 3041.420 ms
[126.928s] RadixSortWithArraysAndCustomBase(256) (random) size=536,870,912 -> 7077.493 ms
--- iteration 10 of 10 ---
[126.933s] RadixSortWithArraysAndCustomBase(256) (random) size=1,024 -> 0.026 ms
[126.937s] RadixSortWithArraysAndCustomBase(256) (random) size=2,048 -> 0.025 ms
[126.941s] RadixSortWithArraysAndCustomBase(256) (random) size=4,096 -> 0.035 ms
[126.945s] RadixSortWithArraysAndCustomBase(256) (random) size=8,192 -> 0.062 ms
[126.948s] RadixSortWithArraysAndCustomBase(256) (random) size=16,384 -> 0.094 ms
[126.952s] RadixSortWithArraysAndCustomBase(256) (random) size=32,768 -> 0.175 ms
[126.956s] RadixSortWithArraysAndCustomBase(256) (random) size=65,536 -> 0.321 ms
[126.961s] RadixSortWithArraysAndCustomBase(256) (random) size=131,072 -> 0.999 ms
[126.967s] RadixSortWithArraysAndCustomBase(256) (random) size=262,144 -> 1.732 ms
[126.975s] RadixSortWithArraysAndCustomBase(256) (random) size=524,288 -> 3.308 ms
[126.986s] RadixSortWithArraysAndCustomBase(256) (random) size=1,048,576 -> 6.707 ms
[127.005s] RadixSortWithArraysAndCustomBase(256) (random) size=2,097,152 -> 13.476 ms
[127.039s] RadixSortWithArraysAndCustomBase(256) (random) size=4,194,304 -> 27.253 ms
[127.104s] RadixSortWithArraysAndCustomBase(256) (random) size=8,388,608 -> 54.570 ms
[127.230s] RadixSortWithArraysAndCustomBase(256) (random) size=16,777,216 -> 110.266 ms
[127.579s] RadixSortWithArraysAndCustomBase(256) (random) size=33,554,432 -> 320.838 ms
[128.283s] RadixSortWithArraysAndCustomBase(256) (random) size=67,108,864 -> 651.719 ms
[129.812s] RadixSortWithArraysAndCustomBase(256) (random) size=134,217,728 -> 1429.877 ms
[133.046s] RadixSortWithArraysAndCustomBase(256) (random) size=268,435,456 -> 3040.491 ms
[140.541s] RadixSortWithArraysAndCustomBase(256) (random) size=536,870,912 -> 7110.029 ms
