profile=radix-parallel iterations=10 algorithms=4
--- warm up 1 of 2 ---
[0.244s] RadixSortWithArrays (random) size=1,024 -> 0.794 ms
[0.250s] RadixSortWithArrays (random) size=2,048 -> 0.392 ms
[0.256s] RadixSortWithArrays (random) size=4,096 -> 0.607 ms
[0.262s] RadixSortWithArrays (random) size=8,192 -> 1.175 ms
[0.268s] RadixSortWithArrays (random) size=16,384 -> 0.700 ms
[0.275s] RadixSortWithArrays (random) size=32,768 -> 1.175 ms
[0.281s] RadixSortWithArrays (random) size=65,536 -> 1.075 ms
[0.288s] RadixSortWithArrays (random) size=131,072 -> 1.999 ms
[0.297s] RadixSortWithArrays (random) size=262,144 -> 3.565 ms
[0.309s] RadixSortWithArrays (random) size=524,288 -> 6.976 ms
[0.332s] RadixSortWithArrays (random) size=1,048,576 -> 17.391 ms
[0.374s] RadixSortWithArrays (random) size=2,097,152 -> 34.459 ms
[0.453s] RadixSortWithArrays (random) size=4,194,304 -> 69.874 ms
[0.461s] ParallelRadixSortWithArrays (random) size=1,024 -> 4.745 ms
[0.466s] ParallelRadixSortWithArrays (random) size=2,048 -> 0.951 ms
[0.470s] ParallelRadixSortWithArrays (random) size=4,096 -> 0.888 ms
[0.475s] ParallelRadixSortWithArrays (random) size=8,192 -> 0.801 ms
[0.480s] ParallelRadixSortWithArrays (random) size=16,384 -> 1.517 ms
[0.485s] ParallelRadixSortWithArrays (random) size=32,768 -> 2.502 ms
[0.492s] ParallelRadixSortWithArrays (random) size=65,536 -> 2.943 ms
[0.497s] ParallelRadixSortWithArrays (random) size=131,072 -> 1.105 ms
[0.502s] ParallelRadixSortWithArrays (random) size=262,144 -> 1.565 ms
[0.508s] ParallelRadixSortWithArrays (random) size=524,288 -> 2.293 ms
[0.516s] ParallelRadixSortWithArrays (random) size=1,048,576 -> 3.777 ms
[0.529s] ParallelRadixSortWithArrays (random) size=2,097,152 -> 6.881 ms
[0.548s] ParallelRadixSortWithArrays (random) size=4,194,304 -> 12.764 ms
[0.556s] RecursiveMsdRadixSortWithArrays (random) size=1,024 -> 3.297 ms
[0.559s] RecursiveMsdRadixSortWithArrays (random) size=2,048 -> 0.179 ms
[0.562s] RecursiveMsdRadixSortWithArrays (random) size=4,096 -> 0.190 ms
[0.566s] RecursiveMsdRadixSortWithArrays (random) size=8,192 -> 0.318 ms
[0.570s] RecursiveMsdRadixSortWithArrays (random) size=16,384 -> 0.520 ms
[0.574s] RecursiveMsdRadixSortWithArrays (random) size=32,768 -> 0.987 ms
[0.580s] RecursiveMsdRadixSortWithArrays (random) size=65,536 -> 1.819 ms
[0.587s] RecursiveMsdRadixSortWithArrays (random) size=131,072 -> 3.946 ms
[0.598s] RecursiveMsdRadixSortWithArrays (random) size=262,144 -> 7.344 ms
[0.617s] RecursiveMsdRadixSortWithArrays (random) size=524,288 -> 15.466 ms
[0.654s] RecursiveMsdRadixSortWithArrays (random) size=1,048,576 -> 32.159 ms
[0.727s] RecursiveMsdRadixSortWithArrays (random) size=2,097,152 -> 66.891 ms
[0.862s] RecursiveMsdRadixSortWithArrays (random) size=4,194,304 -> 128.303 ms
[0.869s] ParallelRecursiveMsdRadixSortWithArrays (random) size=1,024 -> 3.543 ms
[0.873s] ParallelRecursiveMsdRadixSortWithArrays (random) size=2,048 -> 0.469 ms
[0.877s] ParallelRecursiveMsdRadixSortWithArrays (random) size=4,096 -> 0.562 ms
[0.882s] ParallelRecursiveMsdRadixSortWithArrays (random) size=8,192 -> 0.741 ms
[0.886s] ParallelRecursiveMsdRadixSortWithArrays (random) size=16,384 -> 1.298 ms
[0.893s] ParallelRecursiveMsdRadixSortWithArrays (random) size=32,768 -> 2.718 ms
[0.899s] ParallelRecursiveMsdRadixSortWithArrays (random) size=65,536 -> 2.926 ms
[0.905s] ParallelRecursiveMsdRadixSortWithArrays (random) size=131,072 -> 2.640 ms
[0.914s] ParallelRecursiveMsdRadixSortWithArrays (random) size=262,144 -> 4.976 ms
[0.923s] ParallelRecursiveMsdRadixSortWithArrays (random) size=524,288 -> 4.773 ms
[0.937s] ParallelRecursiveMsdRadixSortWithArrays (random) size=1,048,576 -> 9.158 ms
[0.957s] ParallelRecursiveMsdRadixSortWithArrays (random) size=2,097,152 -> 14.482 ms
[0.989s] ParallelRecursiveMsdRadixSortWithArrays (random) size=4,194,304 -> 24.576 ms
--- warm up 2 of 2 ---
[0.993s] RadixSortWithArrays (random) size=1,024 -> 0.023 ms
[0.997s] RadixSortWithArrays (random) size=2,048 -> 0.029 ms
[1.000s] RadixSortWithArrays (random) size=4,096 -> 0.047 ms
[1.003s] RadixSortWithArrays (random) size=8,192 -> 0.084 ms
[1.007s] RadixSortWithArrays (random) size=16,384 -> 0.210 ms
[1.011s] RadixSortWithArrays (random) size=32,768 -> 0.388 ms
[1.015s] RadixSortWithArrays (random) size=65,536 -> 0.778 ms
[1.021s] RadixSortWithArrays (random) size=131,072 -> 1.952 ms
[1.028s] RadixSortWithArrays (random) size=262,144 -> 3.672 ms
[1.039s] RadixSortWithArrays (random) size=524,288 -> 7.249 ms
[1.060s] RadixSortWithArrays (random) size=1,048,576 -> 16.340 ms
[1.098s] RadixSortWithArrays (random) size=2,097,152 -> 33.534 ms
[1.170s] RadixSortWithArrays (random) size=4,194,304 -> 64.938 ms
[1.174s] ParallelRadixSortWithArrays (random) size=1,024 -> 0.292 ms
[1.178s] ParallelRadixSortWithArrays (random) size=2,048 -> 0.280 ms
[1.181s] ParallelRadixSortWithArrays (random) size=4,096 -> 0.306 ms
[1.185s] ParallelRadixSortWithArrays (random) size=8,192 -> 0.354 ms
[1.188s] ParallelRadixSortWithArrays (random) size=16,384 -> 0.549 ms
[1.192s] ParallelRadixSortWithArrays (random) size=32,768 -> 0.574 ms
[1.196s] ParallelRadixSortWithArrays (random) size=65,536 -> 0.729 ms
[1.201s] ParallelRadixSortWithArrays (random) size=131,072 -> 1.062 ms
[1.206s] ParallelRadixSortWithArrays (random) size=262,144 -> 1.327 ms
[1.211s] ParallelRadixSortWithArrays (random) size=524,288 -> 1.944 ms
[1.219s] ParallelRadixSortWithArrays (random) size=1,048,576 -> 3.637 ms
[1.230s] ParallelRadixSortWithArrays (random) size=2,097,152 -> 5.685 ms
[1.247s] ParallelRadixSortWithArrays (random) size=4,194,304 -> 10.256 ms
[1.251s] RecursiveMsdRadixSortWithArrays (random) size=1,024 -> 0.041 ms
[1.255s] RecursiveMsdRadixSortWithArrays (random) size=2,048 -> 0.078 ms
[1.260s] RecursiveMsdRadixSortWithArrays (random) size=4,096 -> 0.110 ms
[1.263s] RecursiveMsdRadixSortWithArrays (random) size=8,192 -> 0.206 ms
[1.267s] RecursiveMsdRadixSortWithArrays (random) size=16,384 -> 0.422 ms
[1.271s] RecursiveMsdRadixSortWithArrays (random) size=32,768 -> 0.819 ms
[1.276s] RecursiveMsdRadixSortWithArrays (random) size=65,536 -> 1.698 ms
[1.283s] RecursiveMsdRadixSortWithArrays (random) size=131,072 -> 3.871 ms
[1.295s] RecursiveMsdRadixSortWithArrays (random) size=262,144 -> 7.687 ms
[1.314s] RecursiveMsdRadixSortWithArrays (random) size=524,288 -> 15.153 ms
[1.350s] RecursiveMsdRadixSortWithArrays (random) size=1,048,576 -> 32.163 ms
[1.420s] RecursiveMsdRadixSortWithArrays (random) size=2,097,152 -> 64.440 ms
[1.551s] RecursiveMsdRadixSortWithArrays (random) size=4,194,304 -> 123.810 ms
[1.555s] ParallelRecursiveMsdRadixSortWithArrays (random) size=1,024 -> 0.110 ms
[1.558s] ParallelRecursiveMsdRadixSortWithArrays (random) size=2,048 -> 0.099 ms
[1.561s] ParallelRecursiveMsdRadixSortWithArrays (random) size=4,096 -> 0.135 ms
[1.565s] ParallelRecursiveMsdRadixSortWithArrays (random) size=8,192 -> 0.152 ms
[1.568s] ParallelRecursiveMsdRadixSortWithArrays (random) size=16,384 -> 0.229 ms
[1.572s] ParallelRecursiveMsdRadixSortWithArrays (random) size=32,768 -> 0.302 ms
[1.576s] ParallelRecursiveMsdRadixSortWithArrays (random) size=65,536 -> 0.469 ms
[1.580s] ParallelRecursiveMsdRadixSortWithArrays (random) size=131,072 -> 1.074 ms
[1.585s] ParallelRecursiveMsdRadixSortWithArrays (random) size=262,144 -> 1.590 ms
[1.592s] ParallelRecursiveMsdRadixSortWithArrays (random) size=524,288 -> 2.678 ms
[1.605s] ParallelRecursiveMsdRadixSortWithArrays (random) size=1,048,576 -> 8.339 ms
[1.623s] ParallelRecursiveMsdRadixSortWithArrays (random) size=2,097,152 -> 13.786 ms
[1.654s] ParallelRecursiveMsdRadixSortWithArrays (random) size=4,194,304 -> 23.770 ms
--- iteration 1 of 10 ---
[1.658s] RadixSortWithArrays (random) size=1,024 -> 0.024 ms
[1.662s] RadixSortWithArrays (random) size=2,048 -> 0.027 ms
[1.665s] RadixSortWithArrays (random) size=4,096 -> 0.048 ms
[1.668s] RadixSortWithArrays (random) size=8,192 -> 0.086 ms
[1.672s] RadixSortWithArrays (random) size=16,384 -> 0.200 ms
[1.675s] RadixSortWithArrays (random) size=32,768 -> 0.373 ms
[1.679s] RadixSortWithArrays (random) size=65,536 -> 0.723 ms
[1.684s] RadixSortWithArrays (random) size=131,072 -> 1.817 ms
[1.691s] RadixSortWithArrays (random) size=262,144 -> 3.512 ms
[1.702s] RadixSortWithArrays (random) size=524,288 -> 6.902 ms
[1.722s] RadixSortWithArrays (random) size=1,048,576 -> 16.401 ms
[1.761s] RadixSortWithArrays (random) size=2,097,152 -> 33.401 ms
[1.833s] RadixSortWithArrays (random) size=4,194,304 -> 64.655 ms
[1.973s] RadixSortWithArrays (random) size=8,388,608 -> 130.024 ms
[2.324s] RadixSortWithArrays (random) size=16,777,216 -> 335.001 ms
[3.002s] RadixSortWithArrays (random) size=33,554,432 -> 649.239 ms
[4.365s] RadixSortWithArrays (random) size=67,108,864 -> 1300.125 ms
[4.369s] ParallelRadixSortWithArrays (random) size=1,024 -> 0.281 ms
[4.373s] ParallelRadixSortWithArrays (random) size=2,048 -> 0.320 ms
[4.377s] ParallelRadixSortWithArrays (random) size=4,096 -> 0.352 ms
[4.380s] ParallelRadixSortWithArrays (random) size=8,192 -> 0.272 ms
[4.384s] ParallelRadixSortWithArrays (random) size=16,384 -> 0.475 ms
[4.387s] ParallelRadixSortWithArrays (random) size=32,768 -> 0.538 ms
[4.391s] ParallelRadixSortWithArrays (random) size=65,536 -> 0.605 ms
[4.396s] ParallelRadixSortWithArrays (random) size=131,072 -> 1.048 ms
[4.401s] ParallelRadixSortWithArrays (random) size=262,144 -> 1.466 ms
[4.406s] ParallelRadixSortWithArrays (random) size=524,288 -> 2.193 ms
[4.414s] ParallelRadixSortWithArrays (random) size=1,048,576 -> 3.788 ms
[4.425s] ParallelRadixSortWithArrays (random) size=2,097,152 -> 6.273 ms
[4.442s] ParallelRadixSortWithArrays (random) size=4,194,304 -> 10.153 ms
[4.472s] ParallelRadixSortWithArrays (random) size=8,388,608 -> 20.383 ms
[4.537s] ParallelRadixSortWithArrays (random) size=16,777,216 -> 48.496 ms
[4.681s] ParallelRadixSortWithArrays (random) size=33,554,432 -> 114.749 ms
[4.966s] ParallelRadixSortWithArrays (random) size=67,108,864 -> 229.807 ms
[4.973s] RecursiveMsdRadixSortWithArrays (random) size=1,024 -> 0.054 ms
[4.977s] RecursiveMsdRadixSortWithArrays (random) size=2,048 -> 0.069 ms
[4.981s] RecursiveMsdRadixSortWithArrays (random) size=4,096 -> 0.132 ms
[4.985s] RecursiveMsdRadixSortWithArrays (random) size=8,192 -> 0.259 ms
[4.989s] RecursiveMsdRadixSortWithArrays (random) size=16,384 -> 0.498 ms
[4.993s] RecursiveMsdRadixSortWithArrays (random) size=32,768 -> 0.949 ms
[4.999s] RecursiveMsdRadixSortWithArrays (random) size=65,536 -> 1.876 ms
[5.007s] RecursiveMsdRadixSortWithArrays (random) size=131,072 -> 4.387 ms
[5.019s] RecursiveMsdRadixSortWithArrays (random) size=262,144 -> 8.513 ms
[5.040s] RecursiveMsdRadixSortWithArrays (random) size=524,288 -> 16.625 ms
[5.081s] RecursiveMsdRadixSortWithArrays (random) size=1,048,576 -> 35.850 ms
[5.156s] RecursiveMsdRadixSortWithArrays (random) size=2,097,152 -> 69.582 ms
[5.302s] RecursiveMsdRadixSortWithArrays (random) size=4,194,304 -> 138.855 ms
[5.606s] RecursiveMsdRadixSortWithArrays (random) size=8,388,608 -> 293.106 ms
[6.249s] RecursiveMsdRadixSortWithArrays (random) size=16,777,216 -> 626.740 ms
[7.501s] RecursiveMsdRadixSortWithArrays (random) size=33,554,432 -> 1223.357 ms
[9.899s] RecursiveMsdRadixSortWithArrays (random) size=67,108,864 -> 2343.622 ms
[9.903s] ParallelRecursiveMsdRadixSortWithArrays (random) size=1,024 -> 0.073 ms
[9.907s] ParallelRecursiveMsdRadixSortWithArrays (random) size=2,048 -> 0.090 ms
[9.911s] ParallelRecursiveMsdRadixSortWithArrays (random) size=4,096 -> 0.109 ms
[9.915s] ParallelRecursiveMsdRadixSortWithArrays (random) size=8,192 -> 0.160 ms
[9.919s] ParallelRecursiveMsdRadixSortWithArrays (random) size=16,384 -> 0.224 ms
[9.923s] ParallelRecursiveMsdRadixSortWithArrays (random) size=32,768 -> 0.286 ms
[9.927s] ParallelRecursiveMsdRadixSortWithArrays (random) size=65,536 -> 0.459 ms
[9.932s] ParallelRecursiveMsdRadixSortWithArrays (random) size=131,072 -> 1.053 ms
[9.938s] ParallelRecursiveMsdRadixSortWithArrays (random) size=262,144 -> 1.579 ms
[9.945s] ParallelRecursiveMsdRadixSortWithArrays (random) size=524,288 -> 3.018 ms
[9.958s] ParallelRecursiveMsdRadixSortWithArrays (random) size=1,048,576 -> 8.408 ms
[9.977s] ParallelRecursiveMsdRadixSortWithArrays (random) size=2,097,152 -> 13.226 ms
[10.008s] ParallelRecursiveMsdRadixSortWithArrays (random) size=4,194,304 -> 22.676 ms
[10.059s] ParallelRecursiveMsdRadixSortWithArrays (random) size=8,388,608 -> 40.956 ms
[10.186s] ParallelRecursiveMsdRadixSortWithArrays (random) size=16,777,216 -> 110.296 ms
[10.395s] ParallelRecursiveMsdRadixSortWithArrays (random) size=33,554,432 -> 179.425 ms
[10.819s] ParallelRecursiveMsdRadixSortWithArrays (random) size=67,108,864 -> 370.077 ms
--- iteration 2 of 10 ---
[10.824s] RadixSortWithArrays (random) size=1,024 -> 0.031 ms
[10.828s] RadixSortWithArrays (random) size=2,048 -> 0.036 ms
[10.831s] RadixSortWithArrays (random) size=4,096 -> 0.049 ms
[10.835s] RadixSortWithArrays (random) size=8,192 -> 0.109 ms
[10.839s] RadixSortWithArrays (random) size=16,384 -> 0.217 ms
[10.843s] RadixSortWithArrays (random) size=32,768 -> 0.382 ms
[10.847s] RadixSortWithArrays (random) size=65,536 -> 0.733 ms
[10.853s] RadixSortWithArrays (random) size=131,072 -> 1.825 ms
[10.860s] RadixSortWithArrays (random) size=262,144 -> 3.660 ms
[10.872s] RadixSortWithArrays (random) size=524,288 -> 7.231 ms
[10.893s] RadixSortWithArrays (random) size=1,048,576 -> 16.569 ms
[10.933s] RadixSortWithArrays (random) size=2,097,152 -> 34.193 ms
[11.006s] RadixSortWithArrays (random) size=4,194,304 -> 66.382 ms
[11.148s] RadixSortWithArrays (random) size=8,388,608 -> 131.421 ms
[11.478s] RadixSortWithArrays (random) size=16,777,216 -> 313.738 ms
[12.123s] RadixSortWithArrays (random) size=33,554,432 -> 617.036 ms
[13.419s] RadixSortWithArrays (random) size=67,108,864 -> 1243.430 ms
[13.424s] ParallelRadixSortWithArrays (random) size=1,024 -> 0.279 ms
[13.428s] ParallelRadixSortWithArrays (random) size=2,048 -> 0.258 ms
[13.432s] ParallelRadixSortWithArrays (random) size=4,096 -> 0.296 ms
[13.436s] ParallelRadixSortWithArrays (random) size=8,192 -> 0.317 ms
[13.441s] ParallelRadixSortWithArrays (random) size=16,384 -> 0.480 ms
[13.446s] ParallelRadixSortWithArrays (random) size=32,768 -> 0.565 ms
[13.450s] ParallelRadixSortWithArrays (random) size=65,536 -> 0.668 ms
[13.454s] ParallelRadixSortWithArrays (random) size=131,072 -> 0.968 ms
[13.459s] ParallelRadixSortWithArrays (random) size=262,144 -> 1.384 ms
[13.465s] ParallelRadixSortWithArrays (random) size=524,288 -> 2.202 ms
[13.473s] ParallelRadixSortWithArrays (random) size=1,048,576 -> 3.873 ms
[13.484s] ParallelRadixSortWithArrays (random) size=2,097,152 -> 6.257 ms
[13.502s] ParallelRadixSortWithArrays (random) size=4,194,304 -> 10.766 ms
[13.534s] ParallelRadixSortWithArrays (random) size=8,388,608 -> 22.139 ms
[13.604s] ParallelRadixSortWithArrays (random) size=16,777,216 -> 54.151 ms
[13.737s] ParallelRadixSortWithArrays (random) size=33,554,432 -> 105.125 ms
[13.992s] ParallelRadixSortWithArrays (random) size=67,108,864 -> 201.845 ms
[13.996s] RecursiveMsdRadixSortWithArrays (random) size=1,024 -> 0.335 ms
[14.000s] RecursiveMsdRadixSortWithArrays (random) size=2,048 -> 0.562 ms
[14.004s] RecursiveMsdRadixSortWithArrays (random) size=4,096 -> 0.968 ms
[14.009s] RecursiveMsdRadixSortWithArrays (random) size=8,192 -> 1.323 ms
[14.013s] RecursiveMsdRadixSortWithArrays (random) size=16,384 -> 0.625 ms
[14.017s] RecursiveMsdRadixSortWithArrays (random) size=32,768 -> 0.940 ms
[14.022s] RecursiveMsdRadixSortWithArrays (random) size=65,536 -> 1.709 ms
[14.029s] RecursiveMsdRadixSortWithArrays (random) size=131,072 -> 4.043 ms
[14.041s] RecursiveMsdRadixSortWithArrays (random) size=262,144 -> 7.876 ms
[14.060s] RecursiveMsdRadixSortWithArrays (random) size=524,288 -> 15.708 ms
[14.097s] RecursiveMsdRadixSortWithArrays (random) size=1,048,576 -> 32.882 ms
[14.166s] RecursiveMsdRadixSortWithArrays (random) size=2,097,152 -> 63.797 ms
[14.299s] RecursiveMsdRadixSortWithArrays (random) size=4,194,304 -> 125.683 ms
[14.558s] RecursiveMsdRadixSortWithArrays (random) size=8,388,608 -> 249.398 ms
[15.155s] RecursiveMsdRadixSortWithArrays (random) size=16,777,216 -> 580.555 ms
[16.327s] RecursiveMsdRadixSortWithArrays (random) size=33,554,432 -> 1143.743 ms
[18.683s] RecursiveMsdRadixSortWithArrays (random) size=67,108,864 -> 2304.232 ms
[18.687s] ParallelRecursiveMsdRadixSortWithArrays (random) size=1,024 -> 0.336 ms
[18.691s] ParallelRecursiveMsdRadixSortWithArrays (random) size=2,048 -> 0.478 ms
[18.695s] ParallelRecursiveMsdRadixSortWithArrays (random) size=4,096 -> 0.679 ms
[18.700s] ParallelRecursiveMsdRadixSortWithArrays (random) size=8,192 -> 0.959 ms
[18.705s] ParallelRecursiveMsdRadixSortWithArrays (random) size=16,384 -> 1.145 ms
[18.709s] ParallelRecursiveMsdRadixSortWithArrays (random) size=32,768 -> 0.577 ms
[18.713s] ParallelRecursiveMsdRadixSortWithArrays (random) size=65,536 -> 0.940 ms
[18.718s] ParallelRecursiveMsdRadixSortWithArrays (random) size=131,072 -> 1.087 ms
[18.723s] ParallelRecursiveMsdRadixSortWithArrays (random) size=262,144 -> 1.662 ms
[18.730s] ParallelRecursiveMsdRadixSortWithArrays (random) size=524,288 -> 2.792 ms
[18.743s] ParallelRecursiveMsdRadixSortWithArrays (random) size=1,048,576 -> 8.554 ms
[18.762s] ParallelRecursiveMsdRadixSortWithArrays (random) size=2,097,152 -> 13.875 ms
[18.792s] ParallelRecursiveMsdRadixSortWithArrays (random) size=4,194,304 -> 23.026 ms
[18.844s] ParallelRecursiveMsdRadixSortWithArrays (random) size=8,388,608 -> 43.024 ms
[18.974s] ParallelRecursiveMsdRadixSortWithArrays (random) size=16,777,216 -> 113.425 ms
[19.190s] ParallelRecursiveMsdRadixSortWithArrays (random) size=33,554,432 -> 187.679 ms
[19.615s] ParallelRecursiveMsdRadixSortWithArrays (random) size=67,108,864 -> 370.973 ms
--- iteration 3 of 10 ---
[19.619s] RadixSortWithArrays (random) size=1,024 -> 0.023 ms
[19.622s] RadixSortWithArrays (random) size=2,048 -> 0.029 ms
[19.626s] RadixSortWithArrays (random) size=4,096 -> 0.047 ms
[19.629s] RadixSortWithArrays (random) size=8,192 -> 0.085 ms
[19.632s] RadixSortWithArrays (random) size=16,384 -> 0.200 ms
[19.636s] RadixSortWithArrays (random) size=32,768 -> 0.388 ms
[19.640s] RadixSortWithArrays (random) size=65,536 -> 0.727 ms
[19.645s] RadixSortWithArrays (random) size=131,072 -> 1.845 ms
[19.652s] RadixSortWithArrays (random) size=262,144 -> 3.675 ms
[19.663s] RadixSortWithArrays (random) size=524,288 -> 7.222 ms
[19.684s] RadixSortWithArrays (random) size=1,048,576 -> 16.697 ms
[19.723s] RadixSortWithArrays (random) size=2,097,152 -> 34.335 ms
[19.796s] RadixSortWithArrays (random) size=4,194,304 -> 66.464 ms
[19.938s] RadixSortWithArrays (random) size=8,388,608 -> 132.306 ms
[20.272s] RadixSortWithArrays (random) size=16,777,216 -> 317.904 ms
[20.925s] RadixSortWithArrays (random) size=33,554,432 -> 624.220 ms
[22.241s] RadixSortWithArrays (random) size=67,108,864 -> 1260.352 ms
[22.244s] ParallelRadixSortWithArrays (random) size=1,024 -> 0.330 ms
[22.248s] ParallelRadixSortWithArrays (random) size=2,048 -> 0.305 ms
[22.252s] ParallelRadixSortWithArrays (random) size=4,096 -> 0.341 ms
[22.255s] ParallelRadixSortWithArrays (random) size=8,192 -> 0.359 ms
[22.259s] ParallelRadixSortWithArrays (random) size=16,384 -> 0.509 ms
[22.263s] ParallelRadixSortWithArrays (random) size=32,768 -> 0.620 ms
[22.267s] ParallelRadixSortWithArrays (random) size=65,536 -> 0.711 ms
[22.271s] ParallelRadixSortWithArrays (random) size=131,072 -> 1.118 ms
[22.277s] ParallelRadixSortWithArrays (random) size=262,144 -> 1.482 ms
[22.282s] ParallelRadixSortWithArrays (random) size=524,288 -> 2.166 ms
[22.292s] ParallelRadixSortWithArrays (random) size=1,048,576 -> 4.774 ms
[22.304s] ParallelRadixSortWithArrays (random) size=2,097,152 -> 5.958 ms
[22.322s] ParallelRadixSortWithArrays (random) size=4,194,304 -> 11.268 ms
[22.354s] ParallelRadixSortWithArrays (random) size=8,388,608 -> 21.949 ms
[22.424s] ParallelRadixSortWithArrays (random) size=16,777,216 -> 54.142 ms
[22.558s] ParallelRadixSortWithArrays (random) size=33,554,432 -> 105.141 ms
[22.823s] ParallelRadixSortWithArrays (random) size=67,108,864 -> 212.230 ms
[22.827s] RecursiveMsdRadixSortWithArrays (random) size=1,024 -> 0.033 ms
[22.830s] RecursiveMsdRadixSortWithArrays (random) size=2,048 -> 0.067 ms
[22.833s] RecursiveMsdRadixSortWithArrays (random) size=4,096 -> 0.113 ms
[22.837s] RecursiveMsdRadixSortWithArrays (random) size=8,192 -> 0.213 ms
[22.840s] RecursiveMsdRadixSortWithArrays (random) size=16,384 -> 0.438 ms
[22.844s] RecursiveMsdRadixSortWithArrays (random) size=32,768 -> 0.821 ms
[22.849s] RecursiveMsdRadixSortWithArrays (random) size=65,536 -> 1.661 ms
[22.856s] RecursiveMsdRadixSortWithArrays (random) size=131,072 -> 4.020 ms
[22.867s] RecursiveMsdRadixSortWithArrays (random) size=262,144 -> 7.851 ms
[22.887s] RecursiveMsdRadixSortWithArrays (random) size=524,288 -> 15.643 ms
[22.924s] RecursiveMsdRadixSortWithArrays (random) size=1,048,576 -> 33.045 ms
[22.994s] RecursiveMsdRadixSortWithArrays (random) size=2,097,152 -> 64.433 ms
[23.127s] RecursiveMsdRadixSortWithArrays (random) size=4,194,304 -> 126.193 ms
[23.388s] RecursiveMsdRadixSortWithArrays (random) size=8,388,608 -> 251.565 ms
[23.997s] RecursiveMsdRadixSortWithArrays (random) size=16,777,216 -> 591.890 ms
[25.192s] RecursiveMsdRadixSortWithArrays (random) size=33,554,432 -> 1166.975 ms
[27.550s] RecursiveMsdRadixSortWithArrays (random) size=67,108,864 -> 2304.813 ms
[27.554s] ParallelRecursiveMsdRadixSortWithArrays (random) size=1,024 -> 0.092 ms
[27.557s] ParallelRecursiveMsdRadixSortWithArrays (random) size=2,048 -> 0.092 ms
[27.561s] ParallelRecursiveMsdRadixSortWithArrays (random) size=4,096 -> 0.106 ms
[27.564s] ParallelRecursiveMsdRadixSortWithArrays (random) size=8,192 -> 0.154 ms
[27.568s] ParallelRecursiveMsdRadixSortWithArrays (random) size=16,384 -> 0.212 ms
[27.571s] ParallelRecursiveMsdRadixSortWithArrays (random) size=32,768 -> 0.279 ms
[27.575s] ParallelRecursiveMsdRadixSortWithArrays (random) size=65,536 -> 0.454 ms
[27.580s] ParallelRecursiveMsdRadixSortWithArrays (random) size=131,072 -> 1.061 ms
[27.585s] ParallelRecursiveMsdRadixSortWithArrays (random) size=262,144 -> 1.681 ms
[27.591s] ParallelRecursiveMsdRadixSortWithArrays (random) size=524,288 -> 2.797 ms
[27.604s] ParallelRecursiveMsdRadixSortWithArrays (random) size=1,048,576 -> 8.726 ms
[27.623s] ParallelRecursiveMsdRadixSortWithArrays (random) size=2,097,152 -> 13.838 ms
[27.653s] ParallelRecursiveMsdRadixSortWithArrays (random) size=4,194,304 -> 23.102 ms
[27.706s] ParallelRecursiveMsdRadixSortWithArrays (random) size=8,388,608 -> 43.092 ms
[27.836s] ParallelRecursiveMsdRadixSortWithArrays (random) size=16,777,216 -> 113.558 ms
[28.053s] ParallelRecursiveMsdRadixSortWithArrays (random) size=33,554,432 -> 187.741 ms
[28.477s] ParallelRecursiveMsdRadixSortWithArrays (random) size=67,108,864 -> 370.495 ms
--- iteration 4 of 10 ---
[28.481s] RadixSortWithArrays (random) size=1,024 -> 0.026 ms
[28.484s] RadixSortWithArrays (random) size=2,048 -> 0.034 ms
[28.488s] RadixSortWithArrays (random) size=4,096 -> 0.052 ms
[28.491s] RadixSortWithArrays (random) size=8,192 -> 0.089 ms
[28.494s] RadixSortWithArrays (random) size=16,384 -> 0.214 ms
[28.498s] RadixSortWithArrays (random) size=32,768 -> 0.397 ms
[28.502s] RadixSortWithArrays (random) size=65,536 -> 0.768 ms
[28.507s] RadixSortWithArrays (random) size=131,072 -> 1.897 ms
[28.514s] RadixSortWithArrays (random) size=262,144 -> 3.718 ms
[28.525s] RadixSortWithArrays (random) size=524,288 -> 7.214 ms
[28.546s] RadixSortWithArrays (random) size=1,048,576 -> 16.685 ms
[28.585s] RadixSortWithArrays (random) size=2,097,152 -> 34.323 ms
[28.659s] RadixSortWithArrays (random) size=4,194,304 -> 66.684 ms
[28.801s] RadixSortWithArrays (random) size=8,388,608 -> 132.503 ms
[29.134s] RadixSortWithArrays (random) size=16,777,216 -> 317.103 ms
[29.785s] RadixSortWithArrays (random) size=33,554,432 -> 623.334 ms
[31.091s] RadixSortWithArrays (random) size=67,108,864 -> 1253.492 ms
[31.095s] ParallelRadixSortWithArrays (random) size=1,024 -> 0.252 ms
[31.098s] ParallelRadixSortWithArrays (random) size=2,048 -> 0.299 ms
[31.102s] ParallelRadixSortWithArrays (random) size=4,096 -> 0.308 ms
[31.105s] ParallelRadixSortWithArrays (random) size=8,192 -> 0.355 ms
[31.109s] ParallelRadixSortWithArrays (random) size=16,384 -> 0.502 ms
[31.113s] ParallelRadixSortWithArrays (random) size=32,768 -> 0.578 ms
[31.117s] ParallelRadixSortWithArrays (random) size=65,536 -> 0.675 ms
[31.121s] ParallelRadixSortWithArrays (random) size=131,072 -> 1.060 ms
[31.126s] ParallelRadixSortWithArrays (random) size=262,144 -> 1.434 ms
[31.132s] ParallelRadixSortWithArrays (random) size=524,288 -> 2.261 ms
[31.140s] ParallelRadixSortWithArrays (random) size=1,048,576 -> 4.045 ms
[31.152s] ParallelRadixSortWithArrays (random) size=2,097,152 -> 6.446 ms
[31.169s] ParallelRadixSortWithArrays (random) size=4,194,304 -> 10.895 ms
[31.201s] ParallelRadixSortWithArrays (random) size=8,388,608 -> 22.669 ms
[31.269s] ParallelRadixSortWithArrays (random) size=16,777,216 -> 51.819 ms
[31.402s] ParallelRadixSortWithArrays (random) size=33,554,432 -> 104.243 ms
[31.673s] ParallelRadixSortWithArrays (random) size=67,108,864 -> 217.369 ms
[31.676s] RecursiveMsdRadixSortWithArrays (random) size=1,024 -> 0.037 ms
[31.679s] RecursiveMsdRadixSortWithArrays (random) size=2,048 -> 0.058 ms
[31.683s] RecursiveMsdRadixSortWithArrays (random) size=4,096 -> 0.115 ms
[31.686s] RecursiveMsdRadixSortWithArrays (random) size=8,192 -> 0.208 ms
[31.690s] RecursiveMsdRadixSortWithArrays (random) size=16,384 -> 0.431 ms
[31.694s] RecursiveMsdRadixSortWithArrays (random) size=32,768 -> 0.844 ms
[31.698s] RecursiveMsdRadixSortWithArrays (random) size=65,536 -> 1.674 ms
[31.706s] RecursiveMsdRadixSortWithArrays (random) size=131,072 -> 4.058 ms
[31.717s] RecursiveMsdRadixSortWithArrays (random) size=262,144 -> 7.922 ms
[31.736s] RecursiveMsdRadixSortWithArrays (random) size=524,288 -> 15.704 ms
[31.774s] RecursiveMsdRadixSortWithArrays (random) size=1,048,576 -> 33.053 ms
[31.843s] RecursiveMsdRadixSortWithArrays (random) size=2,097,152 -> 64.590 ms
[31.977s] RecursiveMsdRadixSortWithArrays (random) size=4,194,304 -> 126.396 ms
[32.244s] RecursiveMsdRadixSortWithArrays (random) size=8,388,608 -> 257.219 ms
[32.848s] RecursiveMsdRadixSortWithArrays (random) size=16,777,216 -> 588.063 ms
[34.036s] RecursiveMsdRadixSortWithArrays (random) size=33,554,432 -> 1159.348 ms
[36.402s] RecursiveMsdRadixSortWithArrays (random) size=67,108,864 -> 2313.603 ms
[36.406s] ParallelRecursiveMsdRadixSortWithArrays (random) size=1,024 -> 0.100 ms
[36.410s] ParallelRecursiveMsdRadixSortWithArrays (random) size=2,048 -> 0.122 ms
[36.413s] ParallelRecursiveMsdRadixSortWithArrays (random) size=4,096 -> 0.113 ms
[36.417s] ParallelRecursiveMsdRadixSortWithArrays (random) size=8,192 -> 0.111 ms
[36.420s] ParallelRecursiveMsdRadixSortWithArrays (random) size=16,384 -> 0.211 ms
[36.424s] ParallelRecursiveMsdRadixSortWithArrays (random) size=32,768 -> 0.282 ms
[36.428s] ParallelRecursiveMsdRadixSortWithArrays (random) size=65,536 -> 0.445 ms
[36.432s] ParallelRecursiveMsdRadixSortWithArrays (random) size=131,072 -> 1.079 ms
[36.437s] ParallelRecursiveMsdRadixSortWithArrays (random) size=262,144 -> 1.647 ms
[36.444s] ParallelRecursiveMsdRadixSortWithArrays (random) size=524,288 -> 2.791 ms
[36.457s] ParallelRecursiveMsdRadixSortWithArrays (random) size=1,048,576 -> 8.579 ms
[36.475s] ParallelRecursiveMsdRadixSortWithArrays (random) size=2,097,152 -> 13.592 ms
[36.505s] ParallelRecursiveMsdRadixSortWithArrays (random) size=4,194,304 -> 22.897 ms
[36.558s] ParallelRecursiveMsdRadixSortWithArrays (random) size=8,388,608 -> 43.497 ms
[36.689s] ParallelRecursiveMsdRadixSortWithArrays (random) size=16,777,216 -> 114.669 ms
[36.904s] ParallelRecursiveMsdRadixSortWithArrays (random) size=33,554,432 -> 185.902 ms
[37.327s] ParallelRecursiveMsdRadixSortWithArrays (random) size=67,108,864 -> 369.194 ms
--- iteration 5 of 10 ---
[37.332s] RadixSortWithArrays (random) size=1,024 -> 0.024 ms
[37.335s] RadixSortWithArrays (random) size=2,048 -> 0.032 ms
[37.338s] RadixSortWithArrays (random) size=4,096 -> 0.051 ms
[37.341s] RadixSortWithArrays (random) size=8,192 -> 0.084 ms
[37.345s] RadixSortWithArrays (random) size=16,384 -> 0.209 ms
[37.348s] RadixSortWithArrays (random) size=32,768 -> 0.370 ms
[37.352s] RadixSortWithArrays (random) size=65,536 -> 0.739 ms
[37.357s] RadixSortWithArrays (random) size=131,072 -> 1.851 ms
[37.365s] RadixSortWithArrays (random) size=262,144 -> 3.717 ms
[37.375s] RadixSortWithArrays (random) size=524,288 -> 7.189 ms
[37.396s] RadixSortWithArrays (random) size=1,048,576 -> 16.693 ms
[37.436s] RadixSortWithArrays (random) size=2,097,152 -> 34.493 ms
[37.509s] RadixSortWithArrays (random) size=4,194,304 -> 66.632 ms
[37.651s] RadixSortWithArrays (random) size=8,388,608 -> 132.351 ms
[37.984s] RadixSortWithArrays (random) size=16,777,216 -> 316.805 ms
[38.635s] RadixSortWithArrays (random) size=33,554,432 -> 623.489 ms
[39.946s] RadixSortWithArrays (random) size=67,108,864 -> 1259.062 ms
[39.949s] ParallelRadixSortWithArrays (random) size=1,024 -> 0.329 ms
[39.953s] ParallelRadixSortWithArrays (random) size=2,048 -> 0.287 ms
[39.956s] ParallelRadixSortWithArrays (random) size=4,096 -> 0.326 ms
[39.960s] ParallelRadixSortWithArrays (random) size=8,192 -> 0.329 ms
[39.964s] ParallelRadixSortWithArrays (random) size=16,384 -> 0.474 ms
[39.967s] ParallelRadixSortWithArrays (random) size=32,768 -> 0.516 ms
[39.971s] ParallelRadixSortWithArrays (random) size=65,536 -> 0.665 ms
[39.975s] ParallelRadixSortWithArrays (random) size=131,072 -> 0.993 ms
[39.980s] ParallelRadixSortWithArrays (random) size=262,144 -> 1.355 ms
[39.986s] ParallelRadixSortWithArrays (random) size=524,288 -> 2.245 ms
[39.994s] ParallelRadixSortWithArrays (random) size=1,048,576 -> 4.037 ms
[40.005s] ParallelRadixSortWithArrays (random) size=2,097,152 -> 6.248 ms
[40.023s] ParallelRadixSortWithArrays (random) size=4,194,304 -> 10.922 ms
[40.055s] ParallelRadixSortWithArrays (random) size=8,388,608 -> 22.252 ms
[40.125s] ParallelRadixSortWithArrays (random) size=16,777,216 -> 53.356 ms
[40.257s] ParallelRadixSortWithArrays (random) size=33,554,432 -> 103.383 ms
[40.517s] ParallelRadixSortWithArrays (random) size=67,108,864 -> 207.247 ms
[40.521s] RecursiveMsdRadixSortWithArrays (random) size=1,024 -> 0.036 ms
[40.524s] RecursiveMsdRadixSortWithArrays (random) size=2,048 -> 0.061 ms
[40.527s] RecursiveMsdRadixSortWithArrays (random) size=4,096 -> 0.108 ms
[40.531s] RecursiveMsdRadixSortWithArrays (random) size=8,192 -> 0.209 ms
[40.534s] RecursiveMsdRadixSortWithArrays (random) size=16,384 -> 0.425 ms
[40.538s] RecursiveMsdRadixSortWithArrays (random) size=32,768 -> 0.831 ms
[40.543s] RecursiveMsdRadixSortWithArrays (random) size=65,536 -> 1.698 ms
[40.550s] RecursiveMsdRadixSortWithArrays (random) size=131,072 -> 4.093 ms
[40.562s] RecursiveMsdRadixSortWithArrays (random) size=262,144 -> 7.932 ms
[40.581s] RecursiveMsdRadixSortWithArrays (random) size=524,288 -> 15.728 ms
[40.619s] RecursiveMsdRadixSortWithArrays (random) size=1,048,576 -> 33.261 ms
[40.689s] RecursiveMsdRadixSortWithArrays (random) size=2,097,152 -> 64.790 ms
[40.822s] RecursiveMsdRadixSortWithArrays (random) size=4,194,304 -> 126.942 ms
[41.084s] RecursiveMsdRadixSortWithArrays (random) size=8,388,608 -> 251.963 ms
[41.692s] RecursiveMsdRadixSortWithArrays (random) size=16,777,216 -> 591.789 ms
[42.875s] RecursiveMsdRadixSortWithArrays (random) size=33,554,432 -> 1154.026 ms
[45.256s] RecursiveMsdRadixSortWithArrays (random) size=67,108,864 -> 2328.079 ms
[45.260s] ParallelRecursiveMsdRadixSortWithArrays (random) size=1,024 -> 0.105 ms
[45.263s] ParallelRecursiveMsdRadixSortWithArrays (random) size=2,048 -> 0.142 ms
[45.267s] ParallelRecursiveMsdRadixSortWithArrays (random) size=4,096 -> 0.103 ms
[45.270s] ParallelRecursiveMsdRadixSortWithArrays (random) size=8,192 -> 0.140 ms
[45.274s] ParallelRecursiveMsdRadixSortWithArrays (random) size=16,384 -> 0.209 ms
[45.277s] ParallelRecursiveMsdRadixSortWithArrays (random) size=32,768 -> 0.259 ms
[45.281s] ParallelRecursiveMsdRadixSortWithArrays (random) size=65,536 -> 0.447 ms
[45.285s] ParallelRecursiveMsdRadixSortWithArrays (random) size=131,072 -> 1.069 ms
[45.291s] ParallelRecursiveMsdRadixSortWithArrays (random) size=262,144 -> 1.578 ms
[45.297s] ParallelRecursiveMsdRadixSortWithArrays (random) size=524,288 -> 2.928 ms
[45.310s] ParallelRecursiveMsdRadixSortWithArrays (random) size=1,048,576 -> 8.560 ms
[45.329s] ParallelRecursiveMsdRadixSortWithArrays (random) size=2,097,152 -> 13.783 ms
[45.358s] ParallelRecursiveMsdRadixSortWithArrays (random) size=4,194,304 -> 22.768 ms
[45.411s] ParallelRecursiveMsdRadixSortWithArrays (random) size=8,388,608 -> 42.879 ms
[45.541s] ParallelRecursiveMsdRadixSortWithArrays (random) size=16,777,216 -> 112.961 ms
[45.755s] ParallelRecursiveMsdRadixSortWithArrays (random) size=33,554,432 -> 186.092 ms
[46.178s] ParallelRecursiveMsdRadixSortWithArrays (random) size=67,108,864 -> 368.920 ms
--- iteration 6 of 10 ---
[46.182s] RadixSortWithArrays (random) size=1,024 -> 0.023 ms
[46.186s] RadixSortWithArrays (random) size=2,048 -> 0.031 ms
[46.189s] RadixSortWithArrays (random) size=4,096 -> 0.046 ms
[46.192s] RadixSortWithArrays (random) size=8,192 -> 0.085 ms
[46.196s] RadixSortWithArrays (random) size=16,384 -> 0.217 ms
[46.199s] RadixSortWithArrays (random) size=32,768 -> 0.396 ms
[46.203s] RadixSortWithArrays (random) size=65,536 -> 0.767 ms
[46.209s] RadixSortWithArrays (random) size=131,072 -> 1.892 ms
[46.216s] RadixSortWithArrays (random) size=262,144 -> 3.719 ms
[46.227s] RadixSortWithArrays (random) size=524,288 -> 7.260 ms
[46.248s] RadixSortWithArrays (random) size=1,048,576 -> 16.700 ms
[46.287s] RadixSortWithArrays (random) size=2,097,152 -> 34.611 ms
[46.361s] RadixSortWithArrays (random) size=4,194,304 -> 66.910 ms
[46.503s] RadixSortWithArrays (random) size=8,388,608 -> 132.700 ms
[46.837s] RadixSortWithArrays (random) size=16,777,216 -> 317.561 ms
[47.491s] RadixSortWithArrays (random) size=33,554,432 -> 625.675 ms
[48.800s] RadixSortWithArrays (random) size=67,108,864 -> 1257.320 ms
[48.804s] ParallelRadixSortWithArrays (random) size=1,024 -> 0.249 ms
[48.807s] ParallelRadixSortWithArrays (random) size=2,048 -> 0.246 ms
[48.811s] ParallelRadixSortWithArrays (random) size=4,096 -> 0.303 ms
[48.815s] ParallelRadixSortWithArrays (random) size=8,192 -> 0.317 ms
[48.818s] ParallelRadixSortWithArrays (random) size=16,384 -> 0.464 ms
[48.822s] ParallelRadixSortWithArrays (random) size=32,768 -> 0.510 ms
[48.826s] ParallelRadixSortWithArrays (random) size=65,536 -> 0.630 ms
[48.830s] ParallelRadixSortWithArrays (random) size=131,072 -> 1.028 ms
[48.835s] ParallelRadixSortWithArrays (random) size=262,144 -> 1.349 ms
[48.841s] ParallelRadixSortWithArrays (random) size=524,288 -> 2.230 ms
[48.849s] ParallelRadixSortWithArrays (random) size=1,048,576 -> 4.023 ms
[48.861s] ParallelRadixSortWithArrays (random) size=2,097,152 -> 6.085 ms
[48.878s] ParallelRadixSortWithArrays (random) size=4,194,304 -> 10.984 ms
[48.910s] ParallelRadixSortWithArrays (random) size=8,388,608 -> 22.081 ms
[48.980s] ParallelRadixSortWithArrays (random) size=16,777,216 -> 53.464 ms
[49.112s] ParallelRadixSortWithArrays (random) size=33,554,432 -> 104.349 ms
[49.382s] ParallelRadixSortWithArrays (random) size=67,108,864 -> 216.259 ms
[49.386s] RecursiveMsdRadixSortWithArrays (random) size=1,024 -> 0.038 ms
[49.389s] RecursiveMsdRadixSortWithArrays (random) size=2,048 -> 0.061 ms
[49.393s] RecursiveMsdRadixSortWithArrays (random) size=4,096 -> 0.117 ms
[49.396s] RecursiveMsdRadixSortWithArrays (random) size=8,192 -> 0.208 ms
[49.400s] RecursiveMsdRadixSortWithArrays (random) size=16,384 -> 0.431 ms
[49.404s] RecursiveMsdRadixSortWithArrays (random) size=32,768 -> 0.849 ms
[49.409s] RecursiveMsdRadixSortWithArrays (random) size=65,536 -> 1.642 ms
[49.416s] RecursiveMsdRadixSortWithArrays (random) size=131,072 -> 4.057 ms
[49.428s] RecursiveMsdRadixSortWithArrays (random) size=262,144 -> 7.911 ms
[49.447s] RecursiveMsdRadixSortWithArrays (random) size=524,288 -> 15.666 ms
[49.484s] RecursiveMsdRadixSortWithArrays (random) size=1,048,576 -> 33.152 ms
[49.554s] RecursiveMsdRadixSortWithArrays (random) size=2,097,152 -> 64.698 ms
[49.688s] RecursiveMsdRadixSortWithArrays (random) size=4,194,304 -> 126.947 ms
[49.950s] RecursiveMsdRadixSortWithArrays (random) size=8,388,608 -> 252.403 ms
[50.560s] RecursiveMsdRadixSortWithArrays (random) size=16,777,216 -> 594.057 ms
[51.758s] RecursiveMsdRadixSortWithArrays (random) size=33,554,432 -> 1169.147 ms
[54.126s] RecursiveMsdRadixSortWithArrays (random) size=67,108,864 -> 2315.611 ms
[54.130s] ParallelRecursiveMsdRadixSortWithArrays (random) size=1,024 -> 0.153 ms
[54.134s] ParallelRecursiveMsdRadixSortWithArrays (random) size=2,048 -> 0.091 ms
[54.137s] ParallelRecursiveMsdRadixSortWithArrays (random) size=4,096 -> 0.147 ms
[54.141s] ParallelRecursiveMsdRadixSortWithArrays (random) size=8,192 -> 0.142 ms
[54.144s] ParallelRecursiveMsdRadixSortWithArrays (random) size=16,384 -> 0.220 ms
[54.148s] ParallelRecursiveMsdRadixSortWithArrays (random) size=32,768 -> 0.308 ms
[54.152s] ParallelRecursiveMsdRadixSortWithArrays (random) size=65,536 -> 0.432 ms
[54.156s] ParallelRecursiveMsdRadixSortWithArrays (random) size=131,072 -> 1.050 ms
[54.162s] ParallelRecursiveMsdRadixSortWithArrays (random) size=262,144 -> 1.616 ms
[54.168s] ParallelRecursiveMsdRadixSortWithArrays (random) size=524,288 -> 2.840 ms
[54.181s] ParallelRecursiveMsdRadixSortWithArrays (random) size=1,048,576 -> 8.635 ms
[54.200s] ParallelRecursiveMsdRadixSortWithArrays (random) size=2,097,152 -> 13.734 ms
[54.229s] ParallelRecursiveMsdRadixSortWithArrays (random) size=4,194,304 -> 22.834 ms
[54.282s] ParallelRecursiveMsdRadixSortWithArrays (random) size=8,388,608 -> 42.364 ms
[54.411s] ParallelRecursiveMsdRadixSortWithArrays (random) size=16,777,216 -> 113.273 ms
[54.625s] ParallelRecursiveMsdRadixSortWithArrays (random) size=33,554,432 -> 184.362 ms
[55.049s] ParallelRecursiveMsdRadixSortWithArrays (random) size=67,108,864 -> 370.695 ms
--- iteration 7 of 10 ---
[55.053s] RadixSortWithArrays (random) size=1,024 -> 0.022 ms
[55.056s] RadixSortWithArrays (random) size=2,048 -> 0.029 ms
[55.060s] RadixSortWithArrays (random) size=4,096 -> 0.051 ms
[55.063s] RadixSortWithArrays (random) size=8,192 -> 0.085 ms
[55.066s] RadixSortWithArrays (random) size=16,384 -> 0.210 ms
[55.070s] RadixSortWithArrays (random) size=32,768 -> 0.389 ms
[55.074s] RadixSortWithArrays (random) size=65,536 -> 0.746 ms
[55.079s] RadixSortWithArrays (random) size=131,072 -> 1.882 ms
[55.086s] RadixSortWithArrays (random) size=262,144 -> 3.698 ms
[55.097s] RadixSortWithArrays (random) size=524,288 -> 7.237 ms
[55.118s] RadixSortWithArrays (random) size=1,048,576 -> 16.766 ms
[55.157s] RadixSortWithArrays (random) size=2,097,152 -> 34.434 ms
[55.231s] RadixSortWithArrays (random) size=4,194,304 -> 66.821 ms
[55.374s] RadixSortWithArrays (random) size=8,388,608 -> 133.138 ms
[55.707s] RadixSortWithArrays (random) size=16,777,216 -> 317.315 ms
[56.362s] RadixSortWithArrays (random) size=33,554,432 -> 626.852 ms
[57.674s] RadixSortWithArrays (random) size=67,108,864 -> 1259.486 ms
[57.677s] ParallelRadixSortWithArrays (random) size=1,024 -> 0.222 ms
[57.681s] ParallelRadixSortWithArrays (random) size=2,048 -> 0.230 ms
[57.684s] ParallelRadixSortWithArrays (random) size=4,096 -> 0.291 ms
[57.688s] ParallelRadixSortWithArrays (random) size=8,192 -> 0.317 ms
[57.692s] ParallelRadixSortWithArrays (random) size=16,384 -> 0.444 ms
[57.695s] ParallelRadixSortWithArrays (random) size=32,768 -> 0.501 ms
[57.699s] ParallelRadixSortWithArrays (random) size=65,536 -> 0.579 ms
[57.704s] ParallelRadixSortWithArrays (random) size=131,072 -> 0.956 ms
[57.709s] ParallelRadixSortWithArrays (random) size=262,144 -> 1.404 ms
[57.715s] ParallelRadixSortWithArrays (random) size=524,288 -> 2.139 ms
[57.723s] ParallelRadixSortWithArrays (random) size=1,048,576 -> 3.931 ms
[57.734s] ParallelRadixSortWithArrays (random) size=2,097,152 -> 6.220 ms
[57.751s] ParallelRadixSortWithArrays (random) size=4,194,304 -> 10.485 ms
[57.783s] ParallelRadixSortWithArrays (random) size=8,388,608 -> 22.181 ms
[57.852s] ParallelRadixSortWithArrays (random) size=16,777,216 -> 53.146 ms
[57.984s] ParallelRadixSortWithArrays (random) size=33,554,432 -> 103.328 ms
[58.244s] ParallelRadixSortWithArrays (random) size=67,108,864 -> 206.058 ms
[58.247s] RecursiveMsdRadixSortWithArrays (random) size=1,024 -> 0.035 ms
[58.250s] RecursiveMsdRadixSortWithArrays (random) size=2,048 -> 0.062 ms
[58.254s] RecursiveMsdRadixSortWithArrays (random) size=4,096 -> 0.107 ms
[58.257s] RecursiveMsdRadixSortWithArrays (random) size=8,192 -> 0.205 ms
[58.261s] RecursiveMsdRadixSortWithArrays (random) size=16,384 -> 0.442 ms
[58.265s] RecursiveMsdRadixSortWithArrays (random) size=32,768 -> 0.852 ms
[58.270s] RecursiveMsdRadixSortWithArrays (random) size=65,536 -> 1.670 ms
[58.277s] RecursiveMsdRadixSortWithArrays (random) size=131,072 -> 4.044 ms
[58.288s] RecursiveMsdRadixSortWithArrays (random) size=262,144 -> 7.958 ms
[58.308s] RecursiveMsdRadixSortWithArrays (random) size=524,288 -> 15.742 ms
[58.345s] RecursiveMsdRadixSortWithArrays (random) size=1,048,576 -> 33.231 ms
[58.415s] RecursiveMsdRadixSortWithArrays (random) size=2,097,152 -> 64.901 ms
[58.549s] RecursiveMsdRadixSortWithArrays (random) size=4,194,304 -> 127.143 ms
[58.812s] RecursiveMsdRadixSortWithArrays (random) size=8,388,608 -> 252.719 ms
[59.424s] RecursiveMsdRadixSortWithArrays (random) size=16,777,216 -> 596.102 ms
[60.616s] RecursiveMsdRadixSortWithArrays (random) size=33,554,432 -> 1164.233 ms
[62.987s] RecursiveMsdRadixSortWithArrays (random) size=67,108,864 -> 2318.104 ms
[62.991s] ParallelRecursiveMsdRadixSortWithArrays (random) size=1,024 -> 0.096 ms
[62.994s] ParallelRecursiveMsdRadixSortWithArrays (random) size=2,048 -> 0.127 ms
[62.998s] ParallelRecursiveMsdRadixSortWithArrays (random) size=4,096 -> 0.108 ms
[63.001s] ParallelRecursiveMsdRadixSortWithArrays (random) size=8,192 -> 0.134 ms
[63.005s] ParallelRecursiveMsdRadixSortWithArrays (random) size=16,384 -> 0.185 ms
[63.008s] ParallelRecursiveMsdRadixSortWithArrays (random) size=32,768 -> 0.282 ms
[63.012s] ParallelRecursiveMsdRadixSortWithArrays (random) size=65,536 -> 0.426 ms
[63.016s] ParallelRecursiveMsdRadixSortWithArrays (random) size=131,072 -> 1.079 ms
[63.021s] ParallelRecursiveMsdRadixSortWithArrays (random) size=262,144 -> 1.674 ms
[63.028s] ParallelRecursiveMsdRadixSortWithArrays (random) size=524,288 -> 2.872 ms
[63.041s] ParallelRecursiveMsdRadixSortWithArrays (random) size=1,048,576 -> 8.621 ms
[63.060s] ParallelRecursiveMsdRadixSortWithArrays (random) size=2,097,152 -> 13.598 ms
[63.090s] ParallelRecursiveMsdRadixSortWithArrays (random) size=4,194,304 -> 23.002 ms
[63.142s] ParallelRecursiveMsdRadixSortWithArrays (random) size=8,388,608 -> 42.415 ms
[63.272s] ParallelRecursiveMsdRadixSortWithArrays (random) size=16,777,216 -> 113.358 ms
[63.488s] ParallelRecursiveMsdRadixSortWithArrays (random) size=33,554,432 -> 186.656 ms
[63.912s] ParallelRecursiveMsdRadixSortWithArrays (random) size=67,108,864 -> 370.260 ms
--- iteration 8 of 10 ---
[63.916s] RadixSortWithArrays (random) size=1,024 -> 0.028 ms
[63.919s] RadixSortWithArrays (random) size=2,048 -> 0.030 ms
[63.922s] RadixSortWithArrays (random) size=4,096 -> 0.051 ms
[63.926s] RadixSortWithArrays (random) size=8,192 -> 0.094 ms
[63.929s] RadixSortWithArrays (random) size=16,384 -> 0.205 ms
[63.932s] RadixSortWithArrays (random) size=32,768 -> 0.392 ms
[63.936s] RadixSortWithArrays (random) size=65,536 -> 0.745 ms
[63.942s] RadixSortWithArrays (random) size=131,072 -> 1.875 ms
[63.949s] RadixSortWithArrays (random) size=262,144 -> 3.645 ms
[63.960s] RadixSortWithArrays (random) size=524,288 -> 7.221 ms
[63.980s] RadixSortWithArrays (random) size=1,048,576 -> 16.688 ms
[64.020s] RadixSortWithArrays (random) size=2,097,152 -> 34.591 ms
[64.093s] RadixSortWithArrays (random) size=4,194,304 -> 66.583 ms
[64.236s] RadixSortWithArrays (random) size=8,388,608 -> 132.579 ms
[64.569s] RadixSortWithArrays (random) size=16,777,216 -> 317.977 ms
[65.228s] RadixSortWithArrays (random) size=33,554,432 -> 629.409 ms
[66.545s] RadixSortWithArrays (random) size=67,108,864 -> 1264.783 ms
[66.549s] ParallelRadixSortWithArrays (random) size=1,024 -> 0.285 ms
[66.552s] ParallelRadixSortWithArrays (random) size=2,048 -> 0.254 ms
[66.556s] ParallelRadixSortWithArrays (random) size=4,096 -> 0.286 ms
[66.560s] ParallelRadixSortWithArrays (random) size=8,192 -> 0.345 ms
[66.563s] ParallelRadixSortWithArrays (random) size=16,384 -> 0.462 ms
[66.567s] ParallelRadixSortWithArrays (random) size=32,768 -> 0.562 ms
[66.571s] ParallelRadixSortWithArrays (random) size=65,536 -> 0.620 ms
[66.575s] ParallelRadixSortWithArrays (random) size=131,072 -> 0.978 ms
[66.580s] ParallelRadixSortWithArrays (random) size=262,144 -> 1.411 ms
[66.586s] ParallelRadixSortWithArrays (random) size=524,288 -> 2.267 ms
[66.595s] ParallelRadixSortWithArrays (random) size=1,048,576 -> 4.130 ms
[66.606s] ParallelRadixSortWithArrays (random) size=2,097,152 -> 6.560 ms
[66.624s] ParallelRadixSortWithArrays (random) size=4,194,304 -> 10.887 ms
[66.655s] ParallelRadixSortWithArrays (random) size=8,388,608 -> 21.442 ms
[66.722s] ParallelRadixSortWithArrays (random) size=16,777,216 -> 51.484 ms
[66.858s] ParallelRadixSortWithArrays (random) size=33,554,432 -> 106.600 ms
[67.127s] ParallelRadixSortWithArrays (random) size=67,108,864 -> 215.945 ms
[67.131s] RecursiveMsdRadixSortWithArrays (random) size=1,024 -> 0.036 ms
[67.134s] RecursiveMsdRadixSortWithArrays (random) size=2,048 -> 0.068 ms
[67.138s] RecursiveMsdRadixSortWithArrays (random) size=4,096 -> 0.108 ms
[67.141s] RecursiveMsdRadixSortWithArrays (random) size=8,192 -> 0.216 ms
[67.144s] RecursiveMsdRadixSortWithArrays (random) size=16,384 -> 0.433 ms
[67.148s] RecursiveMsdRadixSortWithArrays (random) size=32,768 -> 0.832 ms
[67.153s] RecursiveMsdRadixSortWithArrays (random) size=65,536 -> 1.710 ms
[67.161s] RecursiveMsdRadixSortWithArrays (random) size=131,072 -> 4.053 ms
[67.172s] RecursiveMsdRadixSortWithArrays (random) size=262,144 -> 7.927 ms
[67.192s] RecursiveMsdRadixSortWithArrays (random) size=524,288 -> 15.797 ms
[67.229s] RecursiveMsdRadixSortWithArrays (random) size=1,048,576 -> 33.245 ms
[67.300s] RecursiveMsdRadixSortWithArrays (random) size=2,097,152 -> 65.454 ms
[67.436s] RecursiveMsdRadixSortWithArrays (random) size=4,194,304 -> 128.443 ms
[67.698s] RecursiveMsdRadixSortWithArrays (random) size=8,388,608 -> 252.665 ms
[68.303s] RecursiveMsdRadixSortWithArrays (random) size=16,777,216 -> 589.186 ms
[69.495s] RecursiveMsdRadixSortWithArrays (random) size=33,554,432 -> 1162.944 ms
[71.866s] RecursiveMsdRadixSortWithArrays (random) size=67,108,864 -> 2317.633 ms
[71.870s] ParallelRecursiveMsdRadixSortWithArrays (random) size=1,024 -> 0.165 ms
[71.873s] ParallelRecursiveMsdRadixSortWithArrays (random) size=2,048 -> 0.105 ms
[71.877s] ParallelRecursiveMsdRadixSortWithArrays (random) size=4,096 -> 0.110 ms
[71.880s] ParallelRecursiveMsdRadixSortWithArrays (random) size=8,192 -> 0.127 ms
[71.884s] ParallelRecursiveMsdRadixSortWithArrays (random) size=16,384 -> 0.216 ms
[71.887s] ParallelRecursiveMsdRadixSortWithArrays (random) size=32,768 -> 0.324 ms
[71.891s] ParallelRecursiveMsdRadixSortWithArrays (random) size=65,536 -> 0.434 ms
[71.896s] ParallelRecursiveMsdRadixSortWithArrays (random) size=131,072 -> 1.057 ms
[71.901s] ParallelRecursiveMsdRadixSortWithArrays (random) size=262,144 -> 1.659 ms
[71.907s] ParallelRecursiveMsdRadixSortWithArrays (random) size=524,288 -> 2.875 ms
[71.920s] ParallelRecursiveMsdRadixSortWithArrays (random) size=1,048,576 -> 8.654 ms
[71.939s] ParallelRecursiveMsdRadixSortWithArrays (random) size=2,097,152 -> 13.848 ms
[71.969s] ParallelRecursiveMsdRadixSortWithArrays (random) size=4,194,304 -> 23.257 ms
[72.021s] ParallelRecursiveMsdRadixSortWithArrays (random) size=8,388,608 -> 42.603 ms
[72.151s] ParallelRecursiveMsdRadixSortWithArrays (random) size=16,777,216 -> 113.788 ms
[72.365s] ParallelRecursiveMsdRadixSortWithArrays (random) size=33,554,432 -> 184.941 ms
[72.787s] ParallelRecursiveMsdRadixSortWithArrays (random) size=67,108,864 -> 367.476 ms
--- iteration 9 of 10 ---
[72.791s] RadixSortWithArrays (random) size=1,024 -> 0.024 ms
[72.794s] RadixSortWithArrays (random) size=2,048 -> 0.036 ms
[72.797s] RadixSortWithArrays (random) size=4,096 -> 0.062 ms
[72.801s] RadixSortWithArrays (random) size=8,192 -> 0.083 ms
[72.804s] RadixSortWithArrays (random) size=16,384 -> 0.215 ms
[72.808s] RadixSortWithArrays (random) size=32,768 -> 0.382 ms
[72.812s] RadixSortWithArrays (random) size=65,536 -> 0.746 ms
[72.817s] RadixSortWithArrays (random) size=131,072 -> 1.899 ms
[72.824s] RadixSortWithArrays (random) size=262,144 -> 3.676 ms
[72.835s] RadixSortWithArrays (random) size=524,288 -> 7.254 ms
[72.856s] RadixSortWithArrays (random) size=1,048,576 -> 16.724 ms
[72.895s] RadixSortWithArrays (random) size=2,097,152 -> 34.489 ms
[72.969s] RadixSortWithArrays (random) size=4,194,304 -> 66.807 ms
[73.111s] RadixSortWithArrays (random) size=8,388,608 -> 132.868 ms
[73.446s] RadixSortWithArrays (random) size=16,777,216 -> 318.284 ms
[74.100s] RadixSortWithArrays (random) size=33,554,432 -> 626.192 ms
[75.411s] RadixSortWithArrays (random) size=67,108,864 -> 1258.379 ms
[75.415s] ParallelRadixSortWithArrays (random) size=1,024 -> 0.258 ms
[75.418s] ParallelRadixSortWithArrays (random) size=2,048 -> 0.244 ms
[75.422s] ParallelRadixSortWithArrays (random) size=4,096 -> 0.276 ms
[75.425s] ParallelRadixSortWithArrays (random) size=8,192 -> 0.292 ms
[75.429s] ParallelRadixSortWithArrays (random) size=16,384 -> 0.462 ms
[75.433s] ParallelRadixSortWithArrays (random) size=32,768 -> 0.563 ms
[75.437s] ParallelRadixSortWithArrays (random) size=65,536 -> 0.660 ms
[75.441s] ParallelRadixSortWithArrays (random) size=131,072 -> 1.057 ms
[75.446s] ParallelRadixSortWithArrays (random) size=262,144 -> 1.349 ms
[75.452s] ParallelRadixSortWithArrays (random) size=524,288 -> 2.209 ms
[75.460s] ParallelRadixSortWithArrays (random) size=1,048,576 -> 4.020 ms
[75.471s] ParallelRadixSortWithArrays (random) size=2,097,152 -> 6.290 ms
[75.489s] ParallelRadixSortWithArrays (random) size=4,194,304 -> 11.115 ms
[75.521s] ParallelRadixSortWithArrays (random) size=8,388,608 -> 21.845 ms
[75.590s] ParallelRadixSortWithArrays (random) size=16,777,216 -> 53.348 ms
[75.720s] ParallelRadixSortWithArrays (random) size=33,554,432 -> 101.203 ms
[75.987s] ParallelRadixSortWithArrays (random) size=67,108,864 -> 213.909 ms
[75.991s] RecursiveMsdRadixSortWithArrays (random) size=1,024 -> 0.037 ms
[75.994s] RecursiveMsdRadixSortWithArrays (random) size=2,048 -> 0.062 ms
[75.997s] RecursiveMsdRadixSortWithArrays (random) size=4,096 -> 0.117 ms
[76.000s] RecursiveMsdRadixSortWithArrays (random) size=8,192 -> 0.208 ms
[76.004s] RecursiveMsdRadixSortWithArrays (random) size=16,384 -> 0.429 ms
[76.008s] RecursiveMsdRadixSortWithArrays (random) size=32,768 -> 0.829 ms
[76.013s] RecursiveMsdRadixSortWithArrays (random) size=65,536 -> 1.716 ms
[76.020s] RecursiveMsdRadixSortWithArrays (random) size=131,072 -> 4.087 ms
[76.031s] RecursiveMsdRadixSortWithArrays (random) size=262,144 -> 7.923 ms
[76.051s] RecursiveMsdRadixSortWithArrays (random) size=524,288 -> 15.724 ms
[76.088s] RecursiveMsdRadixSortWithArrays (random) size=1,048,576 -> 33.323 ms
[76.159s] RecursiveMsdRadixSortWithArrays (random) size=2,097,152 -> 64.882 ms
[76.293s] RecursiveMsdRadixSortWithArrays (random) size=4,194,304 -> 127.417 ms
[76.555s] RecursiveMsdRadixSortWithArrays (random) size=8,388,608 -> 252.422 ms
[77.160s] RecursiveMsdRadixSortWithArrays (random) size=16,777,216 -> 589.130 ms
[78.351s] RecursiveMsdRadixSortWithArrays (random) size=33,554,432 -> 1162.043 ms
[80.720s] RecursiveMsdRadixSortWithArrays (random) size=67,108,864 -> 2316.111 ms
[80.724s] ParallelRecursiveMsdRadixSortWithArrays (random) size=1,024 -> 0.168 ms
[80.727s] ParallelRecursiveMsdRadixSortWithArrays (random) size=2,048 -> 0.155 ms
[80.731s] ParallelRecursiveMsdRadixSortWithArrays (random) size=4,096 -> 0.109 ms
[80.734s] ParallelRecursiveMsdRadixSortWithArrays (random) size=8,192 -> 0.176 ms
[80.738s] ParallelRecursiveMsdRadixSortWithArrays (random) size=16,384 -> 0.218 ms
[80.741s] ParallelRecursiveMsdRadixSortWithArrays (random) size=32,768 -> 0.275 ms
[80.745s] ParallelRecursiveMsdRadixSortWithArrays (random) size=65,536 -> 0.436 ms
[80.750s] ParallelRecursiveMsdRadixSortWithArrays (random) size=131,072 -> 1.062 ms
[80.755s] ParallelRecursiveMsdRadixSortWithArrays (random) size=262,144 -> 1.669 ms
[80.761s] ParallelRecursiveMsdRadixSortWithArrays (random) size=524,288 -> 2.832 ms
[80.774s] ParallelRecursiveMsdRadixSortWithArrays (random) size=1,048,576 -> 8.607 ms
[80.793s] ParallelRecursiveMsdRadixSortWithArrays (random) size=2,097,152 -> 13.703 ms
[80.822s] ParallelRecursiveMsdRadixSortWithArrays (random) size=4,194,304 -> 22.820 ms
[80.875s] ParallelRecursiveMsdRadixSortWithArrays (random) size=8,388,608 -> 43.214 ms
[81.006s] ParallelRecursiveMsdRadixSortWithArrays (random) size=16,777,216 -> 113.997 ms
[81.220s] ParallelRecursiveMsdRadixSortWithArrays (random) size=33,554,432 -> 185.108 ms
[81.646s] ParallelRecursiveMsdRadixSortWithArrays (random) size=67,108,864 -> 372.673 ms
--- iteration 10 of 10 ---
[81.650s] RadixSortWithArrays (random) size=1,024 -> 0.024 ms
[81.654s] RadixSortWithArrays (random) size=2,048 -> 0.037 ms
[81.657s] RadixSortWithArrays (random) size=4,096 -> 0.050 ms
[81.660s] RadixSortWithArrays (random) size=8,192 -> 0.091 ms
[81.664s] RadixSortWithArrays (random) size=16,384 -> 0.199 ms
[81.668s] RadixSortWithArrays (random) size=32,768 -> 0.384 ms
[81.672s] RadixSortWithArrays (random) size=65,536 -> 0.768 ms
[81.677s] RadixSortWithArrays (random) size=131,072 -> 1.874 ms
[81.684s] RadixSortWithArrays (random) size=262,144 -> 3.697 ms
[81.695s] RadixSortWithArrays (random) size=524,288 -> 7.218 ms
[81.715s] RadixSortWithArrays (random) size=1,048,576 -> 16.704 ms
[81.755s] RadixSortWithArrays (random) size=2,097,152 -> 34.509 ms
[81.828s] RadixSortWithArrays (random) size=4,194,304 -> 66.745 ms
[81.971s] RadixSortWithArrays (random) size=8,388,608 -> 132.745 ms
[82.304s] RadixSortWithArrays (random) size=16,777,216 -> 317.729 ms
[82.959s] RadixSortWithArrays (random) size=33,554,432 -> 626.746 ms
[84.270s] RadixSortWithArrays (random) size=67,108,864 -> 1258.535 ms
[84.274s] ParallelRadixSortWithArrays (random) size=1,024 -> 0.292 ms
[84.277s] ParallelRadixSortWithArrays (random) size=2,048 -> 0.311 ms
[84.281s] ParallelRadixSortWithArrays (random) size=4,096 -> 0.307 ms
[84.284s] ParallelRadixSortWithArrays (random) size=8,192 -> 0.295 ms
[84.288s] ParallelRadixSortWithArrays (random) size=16,384 -> 0.466 ms
[84.291s] ParallelRadixSortWithArrays (random) size=32,768 -> 0.519 ms
[84.295s] ParallelRadixSortWithArrays (random) size=65,536 -> 0.679 ms
[84.300s] ParallelRadixSortWithArrays (random) size=131,072 -> 0.998 ms
[84.305s] ParallelRadixSortWithArrays (random) size=262,144 -> 1.463 ms
[84.311s] ParallelRadixSortWithArrays (random) size=524,288 -> 2.310 ms
[84.319s] ParallelRadixSortWithArrays (random) size=1,048,576 -> 4.064 ms
[84.330s] ParallelRadixSortWithArrays (random) size=2,097,152 -> 6.386 ms
[84.348s] ParallelRadixSortWithArrays (random) size=4,194,304 -> 10.870 ms
[84.380s] ParallelRadixSortWithArrays (random) size=8,388,608 -> 22.448 ms
[84.449s] ParallelRadixSortWithArrays (random) size=16,777,216 -> 52.729 ms
[84.581s] ParallelRadixSortWithArrays (random) size=33,554,432 -> 103.799 ms
[84.847s] ParallelRadixSortWithArrays (random) size=67,108,864 -> 212.564 ms
[84.850s] RecursiveMsdRadixSortWithArrays (random) size=1,024 -> 0.034 ms
[84.853s] RecursiveMsdRadixSortWithArrays (random) size=2,048 -> 0.061 ms
[84.857s] RecursiveMsdRadixSortWithArrays (random) size=4,096 -> 0.111 ms
[84.860s] RecursiveMsdRadixSortWithArrays (random) size=8,192 -> 0.207 ms
[84.864s] RecursiveMsdRadixSortWithArrays (random) size=16,384 -> 0.431 ms
[84.868s] RecursiveMsdRadixSortWithArrays (random) size=32,768 -> 0.824 ms
[84.872s] RecursiveMsdRadixSortWithArrays (random) size=65,536 -> 1.654 ms
[84.880s] RecursiveMsdRadixSortWithArrays (random) size=131,072 -> 3.986 ms
[84.891s] RecursiveMsdRadixSortWithArrays (random) size=262,144 -> 7.898 ms
[84.910s] RecursiveMsdRadixSortWithArrays (random) size=524,288 -> 15.683 ms
[84.948s] RecursiveMsdRadixSortWithArrays (random) size=1,048,576 -> 33.073 ms
[85.018s] RecursiveMsdRadixSortWithArrays (random) size=2,097,152 -> 64.754 ms
[85.152s] RecursiveMsdRadixSortWithArrays (random) size=4,194,304 -> 127.208 ms
[85.415s] RecursiveMsdRadixSortWithArrays (random) size=8,388,608 -> 253.405 ms
[86.020s] RecursiveMsdRadixSortWithArrays (random) size=16,777,216 -> 589.498 ms
[87.218s] RecursiveMsdRadixSortWithArrays (random) size=33,554,432 -> 1168.949 ms
[89.580s] RecursiveMsdRadixSortWithArrays (random) size=67,108,864 -> 2309.298 ms
[89.584s] ParallelRecursiveMsdRadixSortWithArrays (random) size=1,024 -> 0.134 ms
[89.587s] ParallelRecursiveMsdRadixSortWithArrays (random) size=2,048 -> 0.096 ms
[89.591s] ParallelRecursiveMsdRadixSortWithArrays (random) size=4,096 -> 0.108 ms
[89.594s] ParallelRecursiveMsdRadixSortWithArrays (random) size=8,192 -> 0.105 ms
[89.597s] ParallelRecursiveMsdRadixSortWithArrays (random) size=16,384 -> 0.210 ms
[89.601s] ParallelRecursiveMsdRadixSortWithArrays (random) size=32,768 -> 0.289 ms
[89.605s] ParallelRecursiveMsdRadixSortWithArrays (random) size=65,536 -> 0.433 ms
[89.609s] ParallelRecursiveMsdRadixSortWithArrays (random) size=131,072 -> 1.027 ms
[89.614s] ParallelRecursiveMsdRadixSortWithArrays (random) size=262,144 -> 1.643 ms
[89.621s] ParallelRecursiveMsdRadixSortWithArrays (random) size=524,288 -> 2.878 ms
[89.634s] ParallelRecursiveMsdRadixSortWithArrays (random) size=1,048,576 -> 8.611 ms
[89.652s] ParallelRecursiveMsdRadixSortWithArrays (random) size=2,097,152 -> 13.549 ms
[89.682s] ParallelRecursiveMsdRadixSortWithArrays (random) size=4,194,304 -> 23.058 ms
[89.735s] ParallelRecursiveMsdRadixSortWithArrays (random) size=8,388,608 -> 43.503 ms
[89.865s] ParallelRecursiveMsdRadixSortWithArrays (random) size=16,777,216 -> 113.506 ms
[90.081s] ParallelRecursiveMsdRadixSortWithArrays (random) size=33,554,432 -> 187.498 ms
[90.505s] ParallelRecursiveMsdRadixSortWithArrays (random) size=67,108,864 -> 369.691 ms
