profile=radix-dynamic-lists-gc iterations=10 algorithms=1
--- warm up 1 of 2 ---
[0.243s] RadixSortWithDynamicListsAndCustomBase(10) (random) size=1,024 -> 0.604 ms
[0.250s] RadixSortWithDynamicListsAndCustomBase(10) (random) size=2,048 -> 0.501 ms
[0.257s] RadixSortWithDynamicListsAndCustomBase(10) (random) size=4,096 -> 0.811 ms
[0.263s] RadixSortWithDynamicListsAndCustomBase(10) (random) size=8,192 -> 1.564 ms
[0.270s] RadixSortWithDynamicListsAndCustomBase(10) (random) size=16,384 -> 1.245 ms
[0.278s] RadixSortWithDynamicListsAndCustomBase(10) (random) size=32,768 -> 2.007 ms
[0.285s] RadixSortWithDynamicListsAndCustomBase(10) (random) size=65,536 -> 2.416 ms
[0.295s] RadixSortWithDynamicListsAndCustomBase(10) (random) size=131,072 -> 3.861 ms
[0.308s] RadixSortWithDynamicListsAndCustomBase(10) (random) size=262,144 -> 7.624 ms
[0.335s] RadixSortWithDynamicListsAndCustomBase(10) (random) size=524,288 -> 20.299 ms
[0.401s] RadixSortWithDynamicListsAndCustomBase(10) (random) size=1,048,576 -> 59.555 ms
[0.510s] RadixSortWithDynamicListsAndCustomBase(10) (random) size=2,097,152 -> 102.235 ms
[0.712s] RadixSortWithDynamicListsAndCustomBase(10) (random) size=4,194,304 -> 195.223 ms
[0.716s] RadixSortWithDynamicListsAndCustomBase(10) (ascending) size=1,024 -> 0.036 ms
[0.720s] RadixSortWithDynamicListsAndCustomBase(10) (ascending) size=2,048 -> 0.048 ms
[0.723s] RadixSortWithDynamicListsAndCustomBase(10) (ascending) size=4,096 -> 0.078 ms
[0.726s] RadixSortWithDynamicListsAndCustomBase(10) (ascending) size=8,192 -> 0.145 ms
[0.730s] RadixSortWithDynamicListsAndCustomBase(10) (ascending) size=16,384 -> 0.297 ms
[0.734s] RadixSortWithDynamicListsAndCustomBase(10) (ascending) size=32,768 -> 0.596 ms
[0.738s] RadixSortWithDynamicListsAndCustomBase(10) (ascending) size=65,536 -> 1.237 ms
[0.744s] RadixSortWithDynamicListsAndCustomBase(10) (ascending) size=131,072 -> 2.816 ms
[0.754s] RadixSortWithDynamicListsAndCustomBase(10) (ascending) size=262,144 -> 5.646 ms
[0.769s] RadixSortWithDynamicListsAndCustomBase(10) (ascending) size=524,288 -> 11.643 ms
[0.801s] RadixSortWithDynamicListsAndCustomBase(10) (ascending) size=1,048,576 -> 28.504 ms
[0.873s] RadixSortWithDynamicListsAndCustomBase(10) (ascending) size=2,097,152 -> 67.536 ms
[1.013s] RadixSortWithDynamicListsAndCustomBase(10) (ascending) size=4,194,304 -> 135.748 ms
[1.017s] RadixSortWithDynamicListsAndCustomBase(10) (descending) size=1,024 -> 0.034 ms
[1.020s] RadixSortWithDynamicListsAndCustomBase(10) (descending) size=2,048 -> 0.041 ms
[1.024s] RadixSortWithDynamicListsAndCustomBase(10) (descending) size=4,096 -> 0.069 ms
[1.027s] RadixSortWithDynamicListsAndCustomBase(10) (descending) size=8,192 -> 0.123 ms
[1.031s] RadixSortWithDynamicListsAndCustomBase(10) (descending) size=16,384 -> 0.304 ms
[1.035s] RadixSortWithDynamicListsAndCustomBase(10) (descending) size=32,768 -> 0.636 ms
[1.039s] RadixSortWithDynamicListsAndCustomBase(10) (descending) size=65,536 -> 1.241 ms
[1.045s] RadixSortWithDynamicListsAndCustomBase(10) (descending) size=131,072 -> 2.838 ms
[1.054s] RadixSortWithDynamicListsAndCustomBase(10) (descending) size=262,144 -> 5.594 ms
[1.069s] RadixSortWithDynamicListsAndCustomBase(10) (descending) size=524,288 -> 11.687 ms
[1.101s] RadixSortWithDynamicListsAndCustomBase(10) (descending) size=1,048,576 -> 28.424 ms
[1.170s] RadixSortWithDynamicListsAndCustomBase(10) (descending) size=2,097,152 -> 64.512 ms
[1.310s] RadixSortWithDynamicListsAndCustomBase(10) (descending) size=4,194,304 -> 135.770 ms
--- warm up 2 of 2 ---
[1.314s] RadixSortWithDynamicListsAndCustomBase(10) (random) size=1,024 -> 0.031 ms
[1.317s] RadixSortWithDynamicListsAndCustomBase(10) (random) size=2,048 -> 0.049 ms
[1.320s] RadixSortWithDynamicListsAndCustomBase(10) (random) size=4,096 -> 0.080 ms
[1.324s] RadixSortWithDynamicListsAndCustomBase(10) (random) size=8,192 -> 0.129 ms
[1.327s] RadixSortWithDynamicListsAndCustomBase(10) (random) size=16,384 -> 0.300 ms
[1.331s] RadixSortWithDynamicListsAndCustomBase(10) (random) size=32,768 -> 0.584 ms
[1.335s] RadixSortWithDynamicListsAndCustomBase(10) (random) size=65,536 -> 1.245 ms
[1.342s] RadixSortWithDynamicListsAndCustomBase(10) (random) size=131,072 -> 2.859 ms
[1.351s] RadixSortWithDynamicListsAndCustomBase(10) (random) size=262,144 -> 5.608 ms
[1.366s] RadixSortWithDynamicListsAndCustomBase(10) (random) size=524,288 -> 11.885 ms
[1.403s] RadixSortWithDynamicListsAndCustomBase(10) (random) size=1,048,576 -> 32.239 ms
[1.498s] RadixSortWithDynamicListsAndCustomBase(10) (random) size=2,097,152 -> 89.811 ms
[1.684s] RadixSortWithDynamicListsAndCustomBase(10) (random) size=4,194,304 -> 179.763 ms
[1.688s] RadixSortWithDynamicListsAndCustomBase(10) (ascending) size=1,024 -> 0.027 ms
[1.691s] RadixSortWithDynamicListsAndCustomBase(10) (ascending) size=2,048 -> 0.041 ms
[1.694s] RadixSortWithDynamicListsAndCustomBase(10) (ascending) size=4,096 -> 0.075 ms
[1.698s] RadixSortWithDynamicListsAndCustomBase(10) (ascending) size=8,192 -> 0.133 ms
[1.701s] RadixSortWithDynamicListsAndCustomBase(10) (ascending) size=16,384 -> 0.330 ms
[1.705s] RadixSortWithDynamicListsAndCustomBase(10) (ascending) size=32,768 -> 0.593 ms
[1.709s] RadixSortWithDynamicListsAndCustomBase(10) (ascending) size=65,536 -> 1.227 ms
[1.715s] RadixSortWithDynamicListsAndCustomBase(10) (ascending) size=131,072 -> 2.812 ms
[1.724s] RadixSortWithDynamicListsAndCustomBase(10) (ascending) size=262,144 -> 5.672 ms
[1.739s] RadixSortWithDynamicListsAndCustomBase(10) (ascending) size=524,288 -> 11.646 ms
[1.771s] RadixSortWithDynamicListsAndCustomBase(10) (ascending) size=1,048,576 -> 28.195 ms
[1.841s] RadixSortWithDynamicListsAndCustomBase(10) (ascending) size=2,097,152 -> 65.338 ms
[1.980s] RadixSortWithDynamicListsAndCustomBase(10) (ascending) size=4,194,304 -> 134.374 ms
[1.983s] RadixSortWithDynamicListsAndCustomBase(10) (descending) size=1,024 -> 0.032 ms
[1.986s] RadixSortWithDynamicListsAndCustomBase(10) (descending) size=2,048 -> 0.044 ms
[1.990s] RadixSortWithDynamicListsAndCustomBase(10) (descending) size=4,096 -> 0.071 ms
[1.993s] RadixSortWithDynamicListsAndCustomBase(10) (descending) size=8,192 -> 0.118 ms
[1.996s] RadixSortWithDynamicListsAndCustomBase(10) (descending) size=16,384 -> 0.288 ms
[2.000s] RadixSortWithDynamicListsAndCustomBase(10) (descending) size=32,768 -> 0.573 ms
[2.004s] RadixSortWithDynamicListsAndCustomBase(10) (descending) size=65,536 -> 1.194 ms
[2.010s] RadixSortWithDynamicListsAndCustomBase(10) (descending) size=131,072 -> 2.741 ms
[2.019s] RadixSortWithDynamicListsAndCustomBase(10) (descending) size=262,144 -> 5.537 ms
[2.033s] RadixSortWithDynamicListsAndCustomBase(10) (descending) size=524,288 -> 11.393 ms
[2.065s] RadixSortWithDynamicListsAndCustomBase(10) (descending) size=1,048,576 -> 27.537 ms
[2.132s] RadixSortWithDynamicListsAndCustomBase(10) (descending) size=2,097,152 -> 63.595 ms
[2.269s] RadixSortWithDynamicListsAndCustomBase(10) (descending) size=4,194,304 -> 132.278 ms
--- iteration 1 of 10 ---
[2.273s] RadixSortWithDynamicListsAndCustomBase(10) (random) size=1,024 -> 0.032 ms
[2.276s] RadixSortWithDynamicListsAndCustomBase(10) (random) size=2,048 -> 0.049 ms
[2.279s] RadixSortWithDynamicListsAndCustomBase(10) (random) size=4,096 -> 0.074 ms
[2.283s] RadixSortWithDynamicListsAndCustomBase(10) (random) size=8,192 -> 0.134 ms
[2.286s] RadixSortWithDynamicListsAndCustomBase(10) (random) size=16,384 -> 0.297 ms
[2.290s] RadixSortWithDynamicListsAndCustomBase(10) (random) size=32,768 -> 0.575 ms
[2.294s] RadixSortWithDynamicListsAndCustomBase(10) (random) size=65,536 -> 1.194 ms
[2.300s] RadixSortWithDynamicListsAndCustomBase(10) (random) size=131,072 -> 2.761 ms
[2.309s] RadixSortWithDynamicListsAndCustomBase(10) (random) size=262,144 -> 5.614 ms
[2.326s] RadixSortWithDynamicListsAndCustomBase(10) (random) size=524,288 -> 11.934 ms
[2.362s] RadixSortWithDynamicListsAndCustomBase(10) (random) size=1,048,576 -> 32.229 ms
[2.457s] RadixSortWithDynamicListsAndCustomBase(10) (random) size=2,097,152 -> 89.752 ms
[2.633s] RadixSortWithDynamicListsAndCustomBase(10) (random) size=4,194,304 -> 169.988 ms
[3.084s] RadixSortWithDynamicListsAndCustomBase(10) (random) size=8,388,608 -> 440.725 ms
[4.058s] RadixSortWithDynamicListsAndCustomBase(10) (random) size=16,777,216 -> 954.246 ms
[6.412s] RadixSortWithDynamicListsAndCustomBase(10) (random) size=33,554,432 -> 2317.397 ms
[11.060s] RadixSortWithDynamicListsAndCustomBase(10) (random) size=67,108,864 -> 4573.953 ms
[11.067s] RadixSortWithDynamicListsAndCustomBase(10) (ascending) size=1,024 -> 0.031 ms
[11.072s] RadixSortWithDynamicListsAndCustomBase(10) (ascending) size=2,048 -> 0.045 ms
[11.077s] RadixSortWithDynamicListsAndCustomBase(10) (ascending) size=4,096 -> 0.080 ms
[11.082s] RadixSortWithDynamicListsAndCustomBase(10) (ascending) size=8,192 -> 0.133 ms
[11.087s] RadixSortWithDynamicListsAndCustomBase(10) (ascending) size=16,384 -> 0.312 ms
[11.093s] RadixSortWithDynamicListsAndCustomBase(10) (ascending) size=32,768 -> 0.626 ms
[11.099s] RadixSortWithDynamicListsAndCustomBase(10) (ascending) size=65,536 -> 1.251 ms
[11.107s] RadixSortWithDynamicListsAndCustomBase(10) (ascending) size=131,072 -> 2.838 ms
[11.119s] RadixSortWithDynamicListsAndCustomBase(10) (ascending) size=262,144 -> 5.754 ms
[11.136s] RadixSortWithDynamicListsAndCustomBase(10) (ascending) size=524,288 -> 11.649 ms
[11.170s] RadixSortWithDynamicListsAndCustomBase(10) (ascending) size=1,048,576 -> 28.456 ms
[11.239s] RadixSortWithDynamicListsAndCustomBase(10) (ascending) size=2,097,152 -> 63.220 ms
[11.392s] RadixSortWithDynamicListsAndCustomBase(10) (ascending) size=4,194,304 -> 146.466 ms
[11.795s] RadixSortWithDynamicListsAndCustomBase(10) (ascending) size=8,388,608 -> 394.399 ms
[12.904s] RadixSortWithDynamicListsAndCustomBase(10) (ascending) size=16,777,216 -> 1099.048 ms
[15.484s] RadixSortWithDynamicListsAndCustomBase(10) (ascending) size=33,554,432 -> 2565.569 ms
[21.316s] RadixSortWithDynamicListsAndCustomBase(10) (ascending) size=67,108,864 -> 5806.393 ms
[21.322s] RadixSortWithDynamicListsAndCustomBase(10) (descending) size=1,024 -> 0.032 ms
[21.328s] RadixSortWithDynamicListsAndCustomBase(10) (descending) size=2,048 -> 0.045 ms
[21.333s] RadixSortWithDynamicListsAndCustomBase(10) (descending) size=4,096 -> 0.074 ms
[21.338s] RadixSortWithDynamicListsAndCustomBase(10) (descending) size=8,192 -> 0.131 ms
[21.344s] RadixSortWithDynamicListsAndCustomBase(10) (descending) size=16,384 -> 0.323 ms
[21.350s] RadixSortWithDynamicListsAndCustomBase(10) (descending) size=32,768 -> 0.632 ms
[21.356s] RadixSortWithDynamicListsAndCustomBase(10) (descending) size=65,536 -> 1.251 ms
[21.365s] RadixSortWithDynamicListsAndCustomBase(10) (descending) size=131,072 -> 2.831 ms
[21.376s] RadixSortWithDynamicListsAndCustomBase(10) (descending) size=262,144 -> 5.629 ms
[21.393s] RadixSortWithDynamicListsAndCustomBase(10) (descending) size=524,288 -> 11.653 ms
[21.427s] RadixSortWithDynamicListsAndCustomBase(10) (descending) size=1,048,576 -> 28.113 ms
[21.497s] RadixSortWithDynamicListsAndCustomBase(10) (descending) size=2,097,152 -> 63.630 ms
[21.636s] RadixSortWithDynamicListsAndCustomBase(10) (descending) size=4,194,304 -> 132.396 ms
[22.040s] RadixSortWithDynamicListsAndCustomBase(10) (descending) size=8,388,608 -> 396.021 ms
[23.165s] RadixSortWithDynamicListsAndCustomBase(10) (descending) size=16,777,216 -> 1114.791 ms
[25.957s] RadixSortWithDynamicListsAndCustomBase(10) (descending) size=33,554,432 -> 2777.466 ms
[31.846s] RadixSortWithDynamicListsAndCustomBase(10) (descending) size=67,108,864 -> 5863.369 ms
--- iteration 2 of 10 ---
[31.852s] RadixSortWithDynamicListsAndCustomBase(10) (random) size=1,024 -> 0.037 ms
[31.858s] RadixSortWithDynamicListsAndCustomBase(10) (random) size=2,048 -> 0.049 ms
[31.863s] RadixSortWithDynamicListsAndCustomBase(10) (random) size=4,096 -> 0.079 ms
[31.869s] RadixSortWithDynamicListsAndCustomBase(10) (random) size=8,192 -> 0.134 ms
[31.874s] RadixSortWithDynamicListsAndCustomBase(10) (random) size=16,384 -> 0.320 ms
[31.880s] RadixSortWithDynamicListsAndCustomBase(10) (random) size=32,768 -> 0.622 ms
[31.887s] RadixSortWithDynamicListsAndCustomBase(10) (random) size=65,536 -> 1.252 ms
[31.895s] RadixSortWithDynamicListsAndCustomBase(10) (random) size=131,072 -> 2.890 ms
[31.907s] RadixSortWithDynamicListsAndCustomBase(10) (random) size=262,144 -> 5.675 ms
[31.925s] RadixSortWithDynamicListsAndCustomBase(10) (random) size=524,288 -> 11.975 ms
[31.965s] RadixSortWithDynamicListsAndCustomBase(10) (random) size=1,048,576 -> 34.174 ms
[32.061s] RadixSortWithDynamicListsAndCustomBase(10) (random) size=2,097,152 -> 87.832 ms
[32.237s] RadixSortWithDynamicListsAndCustomBase(10) (random) size=4,194,304 -> 167.812 ms
[32.633s] RadixSortWithDynamicListsAndCustomBase(10) (random) size=8,388,608 -> 383.397 ms
[33.566s] RadixSortWithDynamicListsAndCustomBase(10) (random) size=16,777,216 -> 914.909 ms
[35.593s] RadixSortWithDynamicListsAndCustomBase(10) (random) size=33,554,432 -> 1995.137 ms
[40.078s] RadixSortWithDynamicListsAndCustomBase(10) (random) size=67,108,864 -> 4427.485 ms
[40.084s] RadixSortWithDynamicListsAndCustomBase(10) (ascending) size=1,024 -> 0.033 ms
[40.090s] RadixSortWithDynamicListsAndCustomBase(10) (ascending) size=2,048 -> 0.051 ms
[40.096s] RadixSortWithDynamicListsAndCustomBase(10) (ascending) size=4,096 -> 0.087 ms
[40.102s] RadixSortWithDynamicListsAndCustomBase(10) (ascending) size=8,192 -> 0.151 ms
[40.107s] RadixSortWithDynamicListsAndCustomBase(10) (ascending) size=16,384 -> 0.336 ms
[40.114s] RadixSortWithDynamicListsAndCustomBase(10) (ascending) size=32,768 -> 0.671 ms
[40.120s] RadixSortWithDynamicListsAndCustomBase(10) (ascending) size=65,536 -> 1.377 ms
[40.129s] RadixSortWithDynamicListsAndCustomBase(10) (ascending) size=131,072 -> 3.112 ms
[40.141s] RadixSortWithDynamicListsAndCustomBase(10) (ascending) size=262,144 -> 6.229 ms
[40.160s] RadixSortWithDynamicListsAndCustomBase(10) (ascending) size=524,288 -> 12.831 ms
[40.197s] RadixSortWithDynamicListsAndCustomBase(10) (ascending) size=1,048,576 -> 30.933 ms
[40.272s] RadixSortWithDynamicListsAndCustomBase(10) (ascending) size=2,097,152 -> 67.310 ms
[40.419s] RadixSortWithDynamicListsAndCustomBase(10) (ascending) size=4,194,304 -> 140.145 ms
[40.827s] RadixSortWithDynamicListsAndCustomBase(10) (ascending) size=8,388,608 -> 400.403 ms
[42.045s] RadixSortWithDynamicListsAndCustomBase(10) (ascending) size=16,777,216 -> 1207.579 ms
[44.831s] RadixSortWithDynamicListsAndCustomBase(10) (ascending) size=33,554,432 -> 2771.199 ms
[50.585s] RadixSortWithDynamicListsAndCustomBase(10) (ascending) size=67,108,864 -> 5730.250 ms
[50.591s] RadixSortWithDynamicListsAndCustomBase(10) (descending) size=1,024 -> 0.032 ms
[50.597s] RadixSortWithDynamicListsAndCustomBase(10) (descending) size=2,048 -> 0.045 ms
[50.602s] RadixSortWithDynamicListsAndCustomBase(10) (descending) size=4,096 -> 0.071 ms
[50.607s] RadixSortWithDynamicListsAndCustomBase(10) (descending) size=8,192 -> 0.129 ms
[50.613s] RadixSortWithDynamicListsAndCustomBase(10) (descending) size=16,384 -> 0.310 ms
[50.619s] RadixSortWithDynamicListsAndCustomBase(10) (descending) size=32,768 -> 0.614 ms
[50.626s] RadixSortWithDynamicListsAndCustomBase(10) (descending) size=65,536 -> 1.245 ms
[50.634s] RadixSortWithDynamicListsAndCustomBase(10) (descending) size=131,072 -> 2.874 ms
[50.645s] RadixSortWithDynamicListsAndCustomBase(10) (descending) size=262,144 -> 5.743 ms
[50.663s] RadixSortWithDynamicListsAndCustomBase(10) (descending) size=524,288 -> 11.800 ms
[50.697s] RadixSortWithDynamicListsAndCustomBase(10) (descending) size=1,048,576 -> 28.105 ms
[50.766s] RadixSortWithDynamicListsAndCustomBase(10) (descending) size=2,097,152 -> 62.353 ms
[50.910s] RadixSortWithDynamicListsAndCustomBase(10) (descending) size=4,194,304 -> 137.161 ms
[51.325s] RadixSortWithDynamicListsAndCustomBase(10) (descending) size=8,388,608 -> 406.870 ms
[52.482s] RadixSortWithDynamicListsAndCustomBase(10) (descending) size=16,777,216 -> 1146.842 ms
[55.387s] RadixSortWithDynamicListsAndCustomBase(10) (descending) size=33,554,432 -> 2889.102 ms
[61.113s] RadixSortWithDynamicListsAndCustomBase(10) (descending) size=67,108,864 -> 5701.195 ms
--- iteration 3 of 10 ---
[61.119s] RadixSortWithDynamicListsAndCustomBase(10) (random) size=1,024 -> 0.034 ms
[61.125s] RadixSortWithDynamicListsAndCustomBase(10) (random) size=2,048 -> 0.050 ms
[61.131s] RadixSortWithDynamicListsAndCustomBase(10) (random) size=4,096 -> 0.077 ms
[61.136s] RadixSortWithDynamicListsAndCustomBase(10) (random) size=8,192 -> 0.141 ms
[61.142s] RadixSortWithDynamicListsAndCustomBase(10) (random) size=16,384 -> 0.316 ms
[61.148s] RadixSortWithDynamicListsAndCustomBase(10) (random) size=32,768 -> 0.624 ms
[61.154s] RadixSortWithDynamicListsAndCustomBase(10) (random) size=65,536 -> 1.239 ms
[61.163s] RadixSortWithDynamicListsAndCustomBase(10) (random) size=131,072 -> 2.896 ms
[61.174s] RadixSortWithDynamicListsAndCustomBase(10) (random) size=262,144 -> 5.703 ms
[61.193s] RadixSortWithDynamicListsAndCustomBase(10) (random) size=524,288 -> 12.199 ms
[61.233s] RadixSortWithDynamicListsAndCustomBase(10) (random) size=1,048,576 -> 33.696 ms
[61.329s] RadixSortWithDynamicListsAndCustomBase(10) (random) size=2,097,152 -> 89.144 ms
[61.507s] RadixSortWithDynamicListsAndCustomBase(10) (random) size=4,194,304 -> 169.191 ms
[61.906s] RadixSortWithDynamicListsAndCustomBase(10) (random) size=8,388,608 -> 385.945 ms
[62.881s] RadixSortWithDynamicListsAndCustomBase(10) (random) size=16,777,216 -> 956.830 ms
[65.027s] RadixSortWithDynamicListsAndCustomBase(10) (random) size=33,554,432 -> 2114.471 ms
[69.501s] RadixSortWithDynamicListsAndCustomBase(10) (random) size=67,108,864 -> 4416.889 ms
[69.508s] RadixSortWithDynamicListsAndCustomBase(10) (ascending) size=1,024 -> 0.034 ms
[69.513s] RadixSortWithDynamicListsAndCustomBase(10) (ascending) size=2,048 -> 0.050 ms
[69.519s] RadixSortWithDynamicListsAndCustomBase(10) (ascending) size=4,096 -> 0.081 ms
[69.524s] RadixSortWithDynamicListsAndCustomBase(10) (ascending) size=8,192 -> 0.150 ms
[69.530s] RadixSortWithDynamicListsAndCustomBase(10) (ascending) size=16,384 -> 0.340 ms
[69.536s] RadixSortWithDynamicListsAndCustomBase(10) (ascending) size=32,768 -> 0.673 ms
[69.543s] RadixSortWithDynamicListsAndCustomBase(10) (ascending) size=65,536 -> 1.374 ms
[69.552s] RadixSortWithDynamicListsAndCustomBase(10) (ascending) size=131,072 -> 3.118 ms
[69.564s] RadixSortWithDynamicListsAndCustomBase(10) (ascending) size=262,144 -> 6.286 ms
[69.583s] RadixSortWithDynamicListsAndCustomBase(10) (ascending) size=524,288 -> 12.756 ms
[69.620s] RadixSortWithDynamicListsAndCustomBase(10) (ascending) size=1,048,576 -> 31.126 ms
[69.697s] RadixSortWithDynamicListsAndCustomBase(10) (ascending) size=2,097,152 -> 70.175 ms
[69.843s] RadixSortWithDynamicListsAndCustomBase(10) (ascending) size=4,194,304 -> 138.957 ms
[70.141s] RadixSortWithDynamicListsAndCustomBase(10) (ascending) size=8,388,608 -> 290.688 ms
[71.216s] RadixSortWithDynamicListsAndCustomBase(10) (ascending) size=16,777,216 -> 1064.409 ms
[73.928s] RadixSortWithDynamicListsAndCustomBase(10) (ascending) size=33,554,432 -> 2696.528 ms
[79.738s] RadixSortWithDynamicListsAndCustomBase(10) (ascending) size=67,108,864 -> 5785.327 ms
[79.744s] RadixSortWithDynamicListsAndCustomBase(10) (descending) size=1,024 -> 0.038 ms
[79.749s] RadixSortWithDynamicListsAndCustomBase(10) (descending) size=2,048 -> 0.046 ms
[79.754s] RadixSortWithDynamicListsAndCustomBase(10) (descending) size=4,096 -> 0.081 ms
[79.759s] RadixSortWithDynamicListsAndCustomBase(10) (descending) size=8,192 -> 0.146 ms
[79.764s] RadixSortWithDynamicListsAndCustomBase(10) (descending) size=16,384 -> 0.329 ms
[79.769s] RadixSortWithDynamicListsAndCustomBase(10) (descending) size=32,768 -> 0.654 ms
[79.775s] RadixSortWithDynamicListsAndCustomBase(10) (descending) size=65,536 -> 1.305 ms
[79.783s] RadixSortWithDynamicListsAndCustomBase(10) (descending) size=131,072 -> 2.990 ms
[79.795s] RadixSortWithDynamicListsAndCustomBase(10) (descending) size=262,144 -> 6.002 ms
[79.813s] RadixSortWithDynamicListsAndCustomBase(10) (descending) size=524,288 -> 12.410 ms
[79.848s] RadixSortWithDynamicListsAndCustomBase(10) (descending) size=1,048,576 -> 30.060 ms
[79.918s] RadixSortWithDynamicListsAndCustomBase(10) (descending) size=2,097,152 -> 64.571 ms
[80.056s] RadixSortWithDynamicListsAndCustomBase(10) (descending) size=4,194,304 -> 131.321 ms
[80.455s] RadixSortWithDynamicListsAndCustomBase(10) (descending) size=8,388,608 -> 391.813 ms
[81.617s] RadixSortWithDynamicListsAndCustomBase(10) (descending) size=16,777,216 -> 1151.811 ms
[84.417s] RadixSortWithDynamicListsAndCustomBase(10) (descending) size=33,554,432 -> 2785.055 ms
[90.158s] RadixSortWithDynamicListsAndCustomBase(10) (descending) size=67,108,864 -> 5717.586 ms
--- iteration 4 of 10 ---
[90.164s] RadixSortWithDynamicListsAndCustomBase(10) (random) size=1,024 -> 0.036 ms
[90.168s] RadixSortWithDynamicListsAndCustomBase(10) (random) size=2,048 -> 0.054 ms
[90.173s] RadixSortWithDynamicListsAndCustomBase(10) (random) size=4,096 -> 0.086 ms
[90.178s] RadixSortWithDynamicListsAndCustomBase(10) (random) size=8,192 -> 0.148 ms
[90.183s] RadixSortWithDynamicListsAndCustomBase(10) (random) size=16,384 -> 0.331 ms
[90.188s] RadixSortWithDynamicListsAndCustomBase(10) (random) size=32,768 -> 0.649 ms
[90.194s] RadixSortWithDynamicListsAndCustomBase(10) (random) size=65,536 -> 1.338 ms
[90.202s] RadixSortWithDynamicListsAndCustomBase(10) (random) size=131,072 -> 3.086 ms
[90.214s] RadixSortWithDynamicListsAndCustomBase(10) (random) size=262,144 -> 6.061 ms
[90.232s] RadixSortWithDynamicListsAndCustomBase(10) (random) size=524,288 -> 12.696 ms
[90.273s] RadixSortWithDynamicListsAndCustomBase(10) (random) size=1,048,576 -> 35.265 ms
[90.369s] RadixSortWithDynamicListsAndCustomBase(10) (random) size=2,097,152 -> 89.124 ms
[90.549s] RadixSortWithDynamicListsAndCustomBase(10) (random) size=4,194,304 -> 171.650 ms
[90.952s] RadixSortWithDynamicListsAndCustomBase(10) (random) size=8,388,608 -> 391.313 ms
[91.987s] RadixSortWithDynamicListsAndCustomBase(10) (random) size=16,777,216 -> 1016.240 ms
[94.164s] RadixSortWithDynamicListsAndCustomBase(10) (random) size=33,554,432 -> 2146.352 ms
[98.732s] RadixSortWithDynamicListsAndCustomBase(10) (random) size=67,108,864 -> 4510.273 ms
[98.738s] RadixSortWithDynamicListsAndCustomBase(10) (ascending) size=1,024 -> 0.036 ms
[98.743s] RadixSortWithDynamicListsAndCustomBase(10) (ascending) size=2,048 -> 0.053 ms
[98.748s] RadixSortWithDynamicListsAndCustomBase(10) (ascending) size=4,096 -> 0.086 ms
[98.753s] RadixSortWithDynamicListsAndCustomBase(10) (ascending) size=8,192 -> 0.153 ms
[98.759s] RadixSortWithDynamicListsAndCustomBase(10) (ascending) size=16,384 -> 0.364 ms
[98.764s] RadixSortWithDynamicListsAndCustomBase(10) (ascending) size=32,768 -> 0.735 ms
[98.771s] RadixSortWithDynamicListsAndCustomBase(10) (ascending) size=65,536 -> 1.406 ms
[98.779s] RadixSortWithDynamicListsAndCustomBase(10) (ascending) size=131,072 -> 3.215 ms
[98.791s] RadixSortWithDynamicListsAndCustomBase(10) (ascending) size=262,144 -> 6.538 ms
[98.810s] RadixSortWithDynamicListsAndCustomBase(10) (ascending) size=524,288 -> 13.438 ms
[98.848s] RadixSortWithDynamicListsAndCustomBase(10) (ascending) size=1,048,576 -> 32.104 ms
[98.925s] RadixSortWithDynamicListsAndCustomBase(10) (ascending) size=2,097,152 -> 70.342 ms
[99.074s] RadixSortWithDynamicListsAndCustomBase(10) (ascending) size=4,194,304 -> 143.228 ms
[99.382s] RadixSortWithDynamicListsAndCustomBase(10) (ascending) size=8,388,608 -> 299.662 ms
[100.529s] RadixSortWithDynamicListsAndCustomBase(10) (ascending) size=16,777,216 -> 1137.577 ms
[103.258s] RadixSortWithDynamicListsAndCustomBase(10) (ascending) size=33,554,432 -> 2714.744 ms
[109.176s] RadixSortWithDynamicListsAndCustomBase(10) (ascending) size=67,108,864 -> 5894.100 ms
[109.182s] RadixSortWithDynamicListsAndCustomBase(10) (descending) size=1,024 -> 0.030 ms
[109.187s] RadixSortWithDynamicListsAndCustomBase(10) (descending) size=2,048 -> 0.047 ms
[109.192s] RadixSortWithDynamicListsAndCustomBase(10) (descending) size=4,096 -> 0.079 ms
[109.197s] RadixSortWithDynamicListsAndCustomBase(10) (descending) size=8,192 -> 0.154 ms
[109.202s] RadixSortWithDynamicListsAndCustomBase(10) (descending) size=16,384 -> 0.346 ms
[109.208s] RadixSortWithDynamicListsAndCustomBase(10) (descending) size=32,768 -> 0.668 ms
[109.214s] RadixSortWithDynamicListsAndCustomBase(10) (descending) size=65,536 -> 1.309 ms
[109.222s] RadixSortWithDynamicListsAndCustomBase(10) (descending) size=131,072 -> 2.968 ms
[109.233s] RadixSortWithDynamicListsAndCustomBase(10) (descending) size=262,144 -> 6.011 ms
[109.251s] RadixSortWithDynamicListsAndCustomBase(10) (descending) size=524,288 -> 12.377 ms
[109.287s] RadixSortWithDynamicListsAndCustomBase(10) (descending) size=1,048,576 -> 29.929 ms
[109.359s] RadixSortWithDynamicListsAndCustomBase(10) (descending) size=2,097,152 -> 66.366 ms
[109.498s] RadixSortWithDynamicListsAndCustomBase(10) (descending) size=4,194,304 -> 133.157 ms
[109.899s] RadixSortWithDynamicListsAndCustomBase(10) (descending) size=8,388,608 -> 393.804 ms
[111.030s] RadixSortWithDynamicListsAndCustomBase(10) (descending) size=16,777,216 -> 1120.874 ms
[113.814s] RadixSortWithDynamicListsAndCustomBase(10) (descending) size=33,554,432 -> 2769.389 ms
[119.838s] RadixSortWithDynamicListsAndCustomBase(10) (descending) size=67,108,864 -> 5999.895 ms
--- iteration 5 of 10 ---
[119.844s] RadixSortWithDynamicListsAndCustomBase(10) (random) size=1,024 -> 0.037 ms
[119.849s] RadixSortWithDynamicListsAndCustomBase(10) (random) size=2,048 -> 0.054 ms
[119.854s] RadixSortWithDynamicListsAndCustomBase(10) (random) size=4,096 -> 0.085 ms
[119.859s] RadixSortWithDynamicListsAndCustomBase(10) (random) size=8,192 -> 0.149 ms
[119.864s] RadixSortWithDynamicListsAndCustomBase(10) (random) size=16,384 -> 0.343 ms
[119.869s] RadixSortWithDynamicListsAndCustomBase(10) (random) size=32,768 -> 0.671 ms
[119.876s] RadixSortWithDynamicListsAndCustomBase(10) (random) size=65,536 -> 1.345 ms
[119.884s] RadixSortWithDynamicListsAndCustomBase(10) (random) size=131,072 -> 3.181 ms
[119.896s] RadixSortWithDynamicListsAndCustomBase(10) (random) size=262,144 -> 6.251 ms
[119.915s] RadixSortWithDynamicListsAndCustomBase(10) (random) size=524,288 -> 13.361 ms
[119.956s] RadixSortWithDynamicListsAndCustomBase(10) (random) size=1,048,576 -> 34.865 ms
[120.055s] RadixSortWithDynamicListsAndCustomBase(10) (random) size=2,097,152 -> 93.072 ms
[120.236s] RadixSortWithDynamicListsAndCustomBase(10) (random) size=4,194,304 -> 172.309 ms
[120.631s] RadixSortWithDynamicListsAndCustomBase(10) (random) size=8,388,608 -> 383.630 ms
[121.645s] RadixSortWithDynamicListsAndCustomBase(10) (random) size=16,777,216 -> 995.549 ms
[123.760s] RadixSortWithDynamicListsAndCustomBase(10) (random) size=33,554,432 -> 2084.775 ms
[128.242s] RadixSortWithDynamicListsAndCustomBase(10) (random) size=67,108,864 -> 4425.320 ms
[128.247s] RadixSortWithDynamicListsAndCustomBase(10) (ascending) size=1,024 -> 0.034 ms
[128.252s] RadixSortWithDynamicListsAndCustomBase(10) (ascending) size=2,048 -> 0.044 ms
[128.257s] RadixSortWithDynamicListsAndCustomBase(10) (ascending) size=4,096 -> 0.078 ms
[128.262s] RadixSortWithDynamicListsAndCustomBase(10) (ascending) size=8,192 -> 0.141 ms
[128.267s] RadixSortWithDynamicListsAndCustomBase(10) (ascending) size=16,384 -> 0.330 ms
[128.272s] RadixSortWithDynamicListsAndCustomBase(10) (ascending) size=32,768 -> 0.650 ms
[128.278s] RadixSortWithDynamicListsAndCustomBase(10) (ascending) size=65,536 -> 1.326 ms
[128.286s] RadixSortWithDynamicListsAndCustomBase(10) (ascending) size=131,072 -> 3.043 ms
[128.297s] RadixSortWithDynamicListsAndCustomBase(10) (ascending) size=262,144 -> 6.123 ms
[128.315s] RadixSortWithDynamicListsAndCustomBase(10) (ascending) size=524,288 -> 12.490 ms
[128.351s] RadixSortWithDynamicListsAndCustomBase(10) (ascending) size=1,048,576 -> 30.496 ms
[128.421s] RadixSortWithDynamicListsAndCustomBase(10) (ascending) size=2,097,152 -> 64.407 ms
[128.560s] RadixSortWithDynamicListsAndCustomBase(10) (ascending) size=4,194,304 -> 132.847 ms
[128.965s] RadixSortWithDynamicListsAndCustomBase(10) (ascending) size=8,388,608 -> 398.101 ms
[130.175s] RadixSortWithDynamicListsAndCustomBase(10) (ascending) size=16,777,216 -> 1199.717 ms
[132.793s] RadixSortWithDynamicListsAndCustomBase(10) (ascending) size=33,554,432 -> 2603.951 ms
[138.637s] RadixSortWithDynamicListsAndCustomBase(10) (ascending) size=67,108,864 -> 5819.820 ms
[138.643s] RadixSortWithDynamicListsAndCustomBase(10) (descending) size=1,024 -> 0.030 ms
[138.648s] RadixSortWithDynamicListsAndCustomBase(10) (descending) size=2,048 -> 0.049 ms
[138.653s] RadixSortWithDynamicListsAndCustomBase(10) (descending) size=4,096 -> 0.100 ms
[138.658s] RadixSortWithDynamicListsAndCustomBase(10) (descending) size=8,192 -> 0.140 ms
[138.663s] RadixSortWithDynamicListsAndCustomBase(10) (descending) size=16,384 -> 0.346 ms
[138.669s] RadixSortWithDynamicListsAndCustomBase(10) (descending) size=32,768 -> 0.699 ms
[138.675s] RadixSortWithDynamicListsAndCustomBase(10) (descending) size=65,536 -> 1.305 ms
[138.682s] RadixSortWithDynamicListsAndCustomBase(10) (descending) size=131,072 -> 2.988 ms
[138.694s] RadixSortWithDynamicListsAndCustomBase(10) (descending) size=262,144 -> 6.048 ms
[138.711s] RadixSortWithDynamicListsAndCustomBase(10) (descending) size=524,288 -> 12.407 ms
[138.747s] RadixSortWithDynamicListsAndCustomBase(10) (descending) size=1,048,576 -> 30.319 ms
[138.820s] RadixSortWithDynamicListsAndCustomBase(10) (descending) size=2,097,152 -> 67.212 ms
[138.960s] RadixSortWithDynamicListsAndCustomBase(10) (descending) size=4,194,304 -> 133.213 ms
[139.370s] RadixSortWithDynamicListsAndCustomBase(10) (descending) size=8,388,608 -> 402.824 ms
[140.514s] RadixSortWithDynamicListsAndCustomBase(10) (descending) size=16,777,216 -> 1134.671 ms
[143.190s] RadixSortWithDynamicListsAndCustomBase(10) (descending) size=33,554,432 -> 2661.326 ms
[148.933s] RadixSortWithDynamicListsAndCustomBase(10) (descending) size=67,108,864 -> 5719.230 ms
--- iteration 6 of 10 ---
[148.938s] RadixSortWithDynamicListsAndCustomBase(10) (random) size=1,024 -> 0.032 ms
[148.943s] RadixSortWithDynamicListsAndCustomBase(10) (random) size=2,048 -> 0.053 ms
[148.948s] RadixSortWithDynamicListsAndCustomBase(10) (random) size=4,096 -> 0.084 ms
[148.953s] RadixSortWithDynamicListsAndCustomBase(10) (random) size=8,192 -> 0.146 ms
[148.958s] RadixSortWithDynamicListsAndCustomBase(10) (random) size=16,384 -> 0.330 ms
[148.963s] RadixSortWithDynamicListsAndCustomBase(10) (random) size=32,768 -> 0.651 ms
[148.970s] RadixSortWithDynamicListsAndCustomBase(10) (random) size=65,536 -> 1.342 ms
[148.978s] RadixSortWithDynamicListsAndCustomBase(10) (random) size=131,072 -> 3.085 ms
[148.989s] RadixSortWithDynamicListsAndCustomBase(10) (random) size=262,144 -> 6.012 ms
[149.007s] RadixSortWithDynamicListsAndCustomBase(10) (random) size=524,288 -> 12.766 ms
[149.048s] RadixSortWithDynamicListsAndCustomBase(10) (random) size=1,048,576 -> 35.054 ms
[149.145s] RadixSortWithDynamicListsAndCustomBase(10) (random) size=2,097,152 -> 89.653 ms
[149.320s] RadixSortWithDynamicListsAndCustomBase(10) (random) size=4,194,304 -> 167.593 ms
[149.720s] RadixSortWithDynamicListsAndCustomBase(10) (random) size=8,388,608 -> 387.886 ms
[150.699s] RadixSortWithDynamicListsAndCustomBase(10) (random) size=16,777,216 -> 960.509 ms
[152.837s] RadixSortWithDynamicListsAndCustomBase(10) (random) size=33,554,432 -> 2107.260 ms
[157.310s] RadixSortWithDynamicListsAndCustomBase(10) (random) size=67,108,864 -> 4416.603 ms
[157.316s] RadixSortWithDynamicListsAndCustomBase(10) (ascending) size=1,024 -> 0.030 ms
[157.321s] RadixSortWithDynamicListsAndCustomBase(10) (ascending) size=2,048 -> 0.049 ms
[157.326s] RadixSortWithDynamicListsAndCustomBase(10) (ascending) size=4,096 -> 0.080 ms
[157.331s] RadixSortWithDynamicListsAndCustomBase(10) (ascending) size=8,192 -> 0.147 ms
[157.336s] RadixSortWithDynamicListsAndCustomBase(10) (ascending) size=16,384 -> 0.349 ms
[157.341s] RadixSortWithDynamicListsAndCustomBase(10) (ascending) size=32,768 -> 0.676 ms
[157.348s] RadixSortWithDynamicListsAndCustomBase(10) (ascending) size=65,536 -> 1.384 ms
[157.356s] RadixSortWithDynamicListsAndCustomBase(10) (ascending) size=131,072 -> 3.132 ms
[157.367s] RadixSortWithDynamicListsAndCustomBase(10) (ascending) size=262,144 -> 6.050 ms
[157.385s] RadixSortWithDynamicListsAndCustomBase(10) (ascending) size=524,288 -> 12.524 ms
[157.420s] RadixSortWithDynamicListsAndCustomBase(10) (ascending) size=1,048,576 -> 30.140 ms
[157.492s] RadixSortWithDynamicListsAndCustomBase(10) (ascending) size=2,097,152 -> 66.178 ms
[157.634s] RadixSortWithDynamicListsAndCustomBase(10) (ascending) size=4,194,304 -> 135.476 ms
[158.015s] RadixSortWithDynamicListsAndCustomBase(10) (ascending) size=8,388,608 -> 373.798 ms
[159.195s] RadixSortWithDynamicListsAndCustomBase(10) (ascending) size=16,777,216 -> 1169.973 ms
[161.808s] RadixSortWithDynamicListsAndCustomBase(10) (ascending) size=33,554,432 -> 2599.303 ms
[167.670s] RadixSortWithDynamicListsAndCustomBase(10) (ascending) size=67,108,864 -> 5836.652 ms
[167.675s] RadixSortWithDynamicListsAndCustomBase(10) (descending) size=1,024 -> 0.029 ms
[167.680s] RadixSortWithDynamicListsAndCustomBase(10) (descending) size=2,048 -> 0.050 ms
[167.685s] RadixSortWithDynamicListsAndCustomBase(10) (descending) size=4,096 -> 0.081 ms
[167.690s] RadixSortWithDynamicListsAndCustomBase(10) (descending) size=8,192 -> 0.142 ms
[167.695s] RadixSortWithDynamicListsAndCustomBase(10) (descending) size=16,384 -> 0.344 ms
[167.700s] RadixSortWithDynamicListsAndCustomBase(10) (descending) size=32,768 -> 0.667 ms
[167.706s] RadixSortWithDynamicListsAndCustomBase(10) (descending) size=65,536 -> 1.364 ms
[167.715s] RadixSortWithDynamicListsAndCustomBase(10) (descending) size=131,072 -> 3.068 ms
[167.726s] RadixSortWithDynamicListsAndCustomBase(10) (descending) size=262,144 -> 6.126 ms
[167.744s] RadixSortWithDynamicListsAndCustomBase(10) (descending) size=524,288 -> 12.557 ms
[167.780s] RadixSortWithDynamicListsAndCustomBase(10) (descending) size=1,048,576 -> 30.138 ms
[167.852s] RadixSortWithDynamicListsAndCustomBase(10) (descending) size=2,097,152 -> 66.618 ms
[167.995s] RadixSortWithDynamicListsAndCustomBase(10) (descending) size=4,194,304 -> 136.362 ms
[168.378s] RadixSortWithDynamicListsAndCustomBase(10) (descending) size=8,388,608 -> 374.615 ms
[169.516s] RadixSortWithDynamicListsAndCustomBase(10) (descending) size=16,777,216 -> 1128.907 ms
[172.139s] RadixSortWithDynamicListsAndCustomBase(10) (descending) size=33,554,432 -> 2609.063 ms
[177.941s] RadixSortWithDynamicListsAndCustomBase(10) (descending) size=67,108,864 -> 5777.234 ms
--- iteration 7 of 10 ---
[177.947s] RadixSortWithDynamicListsAndCustomBase(10) (random) size=1,024 -> 0.033 ms
[177.952s] RadixSortWithDynamicListsAndCustomBase(10) (random) size=2,048 -> 0.058 ms
[177.957s] RadixSortWithDynamicListsAndCustomBase(10) (random) size=4,096 -> 0.081 ms
[177.962s] RadixSortWithDynamicListsAndCustomBase(10) (random) size=8,192 -> 0.149 ms
[177.968s] RadixSortWithDynamicListsAndCustomBase(10) (random) size=16,384 -> 0.349 ms
[177.973s] RadixSortWithDynamicListsAndCustomBase(10) (random) size=32,768 -> 0.668 ms
[177.979s] RadixSortWithDynamicListsAndCustomBase(10) (random) size=65,536 -> 1.341 ms
[177.987s] RadixSortWithDynamicListsAndCustomBase(10) (random) size=131,072 -> 3.179 ms
[177.999s] RadixSortWithDynamicListsAndCustomBase(10) (random) size=262,144 -> 6.225 ms
[178.018s] RadixSortWithDynamicListsAndCustomBase(10) (random) size=524,288 -> 13.159 ms
[178.060s] RadixSortWithDynamicListsAndCustomBase(10) (random) size=1,048,576 -> 35.666 ms
[178.162s] RadixSortWithDynamicListsAndCustomBase(10) (random) size=2,097,152 -> 94.833 ms
[178.346s] RadixSortWithDynamicListsAndCustomBase(10) (random) size=4,194,304 -> 175.664 ms
[178.744s] RadixSortWithDynamicListsAndCustomBase(10) (random) size=8,388,608 -> 386.524 ms
[179.696s] RadixSortWithDynamicListsAndCustomBase(10) (random) size=16,777,216 -> 934.150 ms
[181.753s] RadixSortWithDynamicListsAndCustomBase(10) (random) size=33,554,432 -> 2025.712 ms
[186.088s] RadixSortWithDynamicListsAndCustomBase(10) (random) size=67,108,864 -> 4277.641 ms
[186.094s] RadixSortWithDynamicListsAndCustomBase(10) (ascending) size=1,024 -> 0.033 ms
[186.099s] RadixSortWithDynamicListsAndCustomBase(10) (ascending) size=2,048 -> 0.046 ms
[186.104s] RadixSortWithDynamicListsAndCustomBase(10) (ascending) size=4,096 -> 0.080 ms
[186.109s] RadixSortWithDynamicListsAndCustomBase(10) (ascending) size=8,192 -> 0.148 ms
[186.114s] RadixSortWithDynamicListsAndCustomBase(10) (ascending) size=16,384 -> 0.334 ms
[186.119s] RadixSortWithDynamicListsAndCustomBase(10) (ascending) size=32,768 -> 0.659 ms
[186.125s] RadixSortWithDynamicListsAndCustomBase(10) (ascending) size=65,536 -> 1.326 ms
[186.133s] RadixSortWithDynamicListsAndCustomBase(10) (ascending) size=131,072 -> 3.004 ms
[186.144s] RadixSortWithDynamicListsAndCustomBase(10) (ascending) size=262,144 -> 6.106 ms
[186.162s] RadixSortWithDynamicListsAndCustomBase(10) (ascending) size=524,288 -> 12.529 ms
[186.198s] RadixSortWithDynamicListsAndCustomBase(10) (ascending) size=1,048,576 -> 30.359 ms
[186.270s] RadixSortWithDynamicListsAndCustomBase(10) (ascending) size=2,097,152 -> 65.899 ms
[186.410s] RadixSortWithDynamicListsAndCustomBase(10) (ascending) size=4,194,304 -> 134.180 ms
[186.708s] RadixSortWithDynamicListsAndCustomBase(10) (ascending) size=8,388,608 -> 290.139 ms
[187.898s] RadixSortWithDynamicListsAndCustomBase(10) (ascending) size=16,777,216 -> 1179.884 ms
[190.690s] RadixSortWithDynamicListsAndCustomBase(10) (ascending) size=33,554,432 -> 2778.049 ms
[196.472s] RadixSortWithDynamicListsAndCustomBase(10) (ascending) size=67,108,864 -> 5757.478 ms
[196.478s] RadixSortWithDynamicListsAndCustomBase(10) (descending) size=1,024 -> 0.032 ms
[196.483s] RadixSortWithDynamicListsAndCustomBase(10) (descending) size=2,048 -> 0.044 ms
[196.488s] RadixSortWithDynamicListsAndCustomBase(10) (descending) size=4,096 -> 0.082 ms
[196.493s] RadixSortWithDynamicListsAndCustomBase(10) (descending) size=8,192 -> 0.140 ms
[196.498s] RadixSortWithDynamicListsAndCustomBase(10) (descending) size=16,384 -> 0.342 ms
[196.504s] RadixSortWithDynamicListsAndCustomBase(10) (descending) size=32,768 -> 0.666 ms
[196.510s] RadixSortWithDynamicListsAndCustomBase(10) (descending) size=65,536 -> 1.379 ms
[196.518s] RadixSortWithDynamicListsAndCustomBase(10) (descending) size=131,072 -> 3.115 ms
[196.529s] RadixSortWithDynamicListsAndCustomBase(10) (descending) size=262,144 -> 6.178 ms
[196.548s] RadixSortWithDynamicListsAndCustomBase(10) (descending) size=524,288 -> 12.785 ms
[196.584s] RadixSortWithDynamicListsAndCustomBase(10) (descending) size=1,048,576 -> 30.350 ms
[196.656s] RadixSortWithDynamicListsAndCustomBase(10) (descending) size=2,097,152 -> 66.526 ms
[196.798s] RadixSortWithDynamicListsAndCustomBase(10) (descending) size=4,194,304 -> 135.396 ms
[197.198s] RadixSortWithDynamicListsAndCustomBase(10) (descending) size=8,388,608 -> 392.823 ms
[198.366s] RadixSortWithDynamicListsAndCustomBase(10) (descending) size=16,777,216 -> 1158.285 ms
[200.959s] RadixSortWithDynamicListsAndCustomBase(10) (descending) size=33,554,432 -> 2578.372 ms
[206.766s] RadixSortWithDynamicListsAndCustomBase(10) (descending) size=67,108,864 -> 5782.971 ms
--- iteration 8 of 10 ---
[206.773s] RadixSortWithDynamicListsAndCustomBase(10) (random) size=1,024 -> 0.035 ms
[206.778s] RadixSortWithDynamicListsAndCustomBase(10) (random) size=2,048 -> 0.050 ms
[206.783s] RadixSortWithDynamicListsAndCustomBase(10) (random) size=4,096 -> 0.100 ms
[206.788s] RadixSortWithDynamicListsAndCustomBase(10) (random) size=8,192 -> 0.150 ms
[206.794s] RadixSortWithDynamicListsAndCustomBase(10) (random) size=16,384 -> 0.357 ms
[206.799s] RadixSortWithDynamicListsAndCustomBase(10) (random) size=32,768 -> 0.686 ms
[206.806s] RadixSortWithDynamicListsAndCustomBase(10) (random) size=65,536 -> 1.411 ms
[206.814s] RadixSortWithDynamicListsAndCustomBase(10) (random) size=131,072 -> 3.289 ms
[206.826s] RadixSortWithDynamicListsAndCustomBase(10) (random) size=262,144 -> 6.495 ms
[206.846s] RadixSortWithDynamicListsAndCustomBase(10) (random) size=524,288 -> 13.661 ms
[206.890s] RadixSortWithDynamicListsAndCustomBase(10) (random) size=1,048,576 -> 38.182 ms
[206.993s] RadixSortWithDynamicListsAndCustomBase(10) (random) size=2,097,152 -> 96.050 ms
[207.183s] RadixSortWithDynamicListsAndCustomBase(10) (random) size=4,194,304 -> 180.623 ms
[207.587s] RadixSortWithDynamicListsAndCustomBase(10) (random) size=8,388,608 -> 391.956 ms
[208.558s] RadixSortWithDynamicListsAndCustomBase(10) (random) size=16,777,216 -> 952.076 ms
[210.764s] RadixSortWithDynamicListsAndCustomBase(10) (random) size=33,554,432 -> 2174.770 ms
[215.304s] RadixSortWithDynamicListsAndCustomBase(10) (random) size=67,108,864 -> 4483.312 ms
[215.310s] RadixSortWithDynamicListsAndCustomBase(10) (ascending) size=1,024 -> 0.031 ms
[215.315s] RadixSortWithDynamicListsAndCustomBase(10) (ascending) size=2,048 -> 0.049 ms
[215.320s] RadixSortWithDynamicListsAndCustomBase(10) (ascending) size=4,096 -> 0.084 ms
[215.326s] RadixSortWithDynamicListsAndCustomBase(10) (ascending) size=8,192 -> 0.153 ms
[215.331s] RadixSortWithDynamicListsAndCustomBase(10) (ascending) size=16,384 -> 0.373 ms
[215.336s] RadixSortWithDynamicListsAndCustomBase(10) (ascending) size=32,768 -> 0.765 ms
[215.343s] RadixSortWithDynamicListsAndCustomBase(10) (ascending) size=65,536 -> 1.470 ms
[215.351s] RadixSortWithDynamicListsAndCustomBase(10) (ascending) size=131,072 -> 3.429 ms
[215.364s] RadixSortWithDynamicListsAndCustomBase(10) (ascending) size=262,144 -> 6.981 ms
[215.383s] RadixSortWithDynamicListsAndCustomBase(10) (ascending) size=524,288 -> 13.986 ms
[215.422s] RadixSortWithDynamicListsAndCustomBase(10) (ascending) size=1,048,576 -> 32.310 ms
[215.498s] RadixSortWithDynamicListsAndCustomBase(10) (ascending) size=2,097,152 -> 70.363 ms
[215.649s] RadixSortWithDynamicListsAndCustomBase(10) (ascending) size=4,194,304 -> 144.738 ms
[215.966s] RadixSortWithDynamicListsAndCustomBase(10) (ascending) size=8,388,608 -> 308.580 ms
[217.150s] RadixSortWithDynamicListsAndCustomBase(10) (ascending) size=16,777,216 -> 1173.723 ms
[219.687s] RadixSortWithDynamicListsAndCustomBase(10) (ascending) size=33,554,432 -> 2521.975 ms
[225.620s] RadixSortWithDynamicListsAndCustomBase(10) (ascending) size=67,108,864 -> 5909.514 ms
[225.626s] RadixSortWithDynamicListsAndCustomBase(10) (descending) size=1,024 -> 0.032 ms
[225.631s] RadixSortWithDynamicListsAndCustomBase(10) (descending) size=2,048 -> 0.048 ms
[225.635s] RadixSortWithDynamicListsAndCustomBase(10) (descending) size=4,096 -> 0.079 ms
[225.640s] RadixSortWithDynamicListsAndCustomBase(10) (descending) size=8,192 -> 0.143 ms
[225.645s] RadixSortWithDynamicListsAndCustomBase(10) (descending) size=16,384 -> 0.341 ms
[225.651s] RadixSortWithDynamicListsAndCustomBase(10) (descending) size=32,768 -> 0.687 ms
[225.657s] RadixSortWithDynamicListsAndCustomBase(10) (descending) size=65,536 -> 1.344 ms
[225.665s] RadixSortWithDynamicListsAndCustomBase(10) (descending) size=131,072 -> 3.088 ms
[225.676s] RadixSortWithDynamicListsAndCustomBase(10) (descending) size=262,144 -> 6.180 ms
[225.695s] RadixSortWithDynamicListsAndCustomBase(10) (descending) size=524,288 -> 12.788 ms
[225.731s] RadixSortWithDynamicListsAndCustomBase(10) (descending) size=1,048,576 -> 31.269 ms
[225.804s] RadixSortWithDynamicListsAndCustomBase(10) (descending) size=2,097,152 -> 66.479 ms
[225.948s] RadixSortWithDynamicListsAndCustomBase(10) (descending) size=4,194,304 -> 138.329 ms
[226.350s] RadixSortWithDynamicListsAndCustomBase(10) (descending) size=8,388,608 -> 394.188 ms
[227.484s] RadixSortWithDynamicListsAndCustomBase(10) (descending) size=16,777,216 -> 1124.338 ms
[230.230s] RadixSortWithDynamicListsAndCustomBase(10) (descending) size=33,554,432 -> 2731.990 ms
[236.053s] RadixSortWithDynamicListsAndCustomBase(10) (descending) size=67,108,864 -> 5798.373 ms
--- iteration 9 of 10 ---
[236.059s] RadixSortWithDynamicListsAndCustomBase(10) (random) size=1,024 -> 0.035 ms
[236.064s] RadixSortWithDynamicListsAndCustomBase(10) (random) size=2,048 -> 0.054 ms
[236.069s] RadixSortWithDynamicListsAndCustomBase(10) (random) size=4,096 -> 0.086 ms
[236.074s] RadixSortWithDynamicListsAndCustomBase(10) (random) size=8,192 -> 0.148 ms
[236.079s] RadixSortWithDynamicListsAndCustomBase(10) (random) size=16,384 -> 0.336 ms
[236.084s] RadixSortWithDynamicListsAndCustomBase(10) (random) size=32,768 -> 0.653 ms
[236.091s] RadixSortWithDynamicListsAndCustomBase(10) (random) size=65,536 -> 1.302 ms
[236.098s] RadixSortWithDynamicListsAndCustomBase(10) (random) size=131,072 -> 3.064 ms
[236.110s] RadixSortWithDynamicListsAndCustomBase(10) (random) size=262,144 -> 6.015 ms
[236.128s] RadixSortWithDynamicListsAndCustomBase(10) (random) size=524,288 -> 12.564 ms
[236.169s] RadixSortWithDynamicListsAndCustomBase(10) (random) size=1,048,576 -> 34.687 ms
[236.266s] RadixSortWithDynamicListsAndCustomBase(10) (random) size=2,097,152 -> 90.515 ms
[236.444s] RadixSortWithDynamicListsAndCustomBase(10) (random) size=4,194,304 -> 169.674 ms
[236.844s] RadixSortWithDynamicListsAndCustomBase(10) (random) size=8,388,608 -> 388.560 ms
[237.697s] RadixSortWithDynamicListsAndCustomBase(10) (random) size=16,777,216 -> 836.281 ms
[239.916s] RadixSortWithDynamicListsAndCustomBase(10) (random) size=33,554,432 -> 2187.363 ms
[244.469s] RadixSortWithDynamicListsAndCustomBase(10) (random) size=67,108,864 -> 4494.091 ms
[244.475s] RadixSortWithDynamicListsAndCustomBase(10) (ascending) size=1,024 -> 0.032 ms
[244.480s] RadixSortWithDynamicListsAndCustomBase(10) (ascending) size=2,048 -> 0.055 ms
[244.485s] RadixSortWithDynamicListsAndCustomBase(10) (ascending) size=4,096 -> 0.087 ms
[244.490s] RadixSortWithDynamicListsAndCustomBase(10) (ascending) size=8,192 -> 0.147 ms
[244.496s] RadixSortWithDynamicListsAndCustomBase(10) (ascending) size=16,384 -> 0.345 ms
[244.501s] RadixSortWithDynamicListsAndCustomBase(10) (ascending) size=32,768 -> 0.702 ms
[244.507s] RadixSortWithDynamicListsAndCustomBase(10) (ascending) size=65,536 -> 1.366 ms
[244.516s] RadixSortWithDynamicListsAndCustomBase(10) (ascending) size=131,072 -> 3.179 ms
[244.527s] RadixSortWithDynamicListsAndCustomBase(10) (ascending) size=262,144 -> 6.285 ms
[244.545s] RadixSortWithDynamicListsAndCustomBase(10) (ascending) size=524,288 -> 12.829 ms
[244.582s] RadixSortWithDynamicListsAndCustomBase(10) (ascending) size=1,048,576 -> 31.260 ms
[244.656s] RadixSortWithDynamicListsAndCustomBase(10) (ascending) size=2,097,152 -> 68.289 ms
[244.802s] RadixSortWithDynamicListsAndCustomBase(10) (ascending) size=4,194,304 -> 139.324 ms
[245.102s] RadixSortWithDynamicListsAndCustomBase(10) (ascending) size=8,388,608 -> 292.971 ms
[246.285s] RadixSortWithDynamicListsAndCustomBase(10) (ascending) size=16,777,216 -> 1172.368 ms
[248.964s] RadixSortWithDynamicListsAndCustomBase(10) (ascending) size=33,554,432 -> 2664.443 ms
[254.823s] RadixSortWithDynamicListsAndCustomBase(10) (ascending) size=67,108,864 -> 5834.295 ms
[254.828s] RadixSortWithDynamicListsAndCustomBase(10) (descending) size=1,024 -> 0.031 ms
[254.833s] RadixSortWithDynamicListsAndCustomBase(10) (descending) size=2,048 -> 0.045 ms
[254.838s] RadixSortWithDynamicListsAndCustomBase(10) (descending) size=4,096 -> 0.076 ms
[254.843s] RadixSortWithDynamicListsAndCustomBase(10) (descending) size=8,192 -> 0.142 ms
[254.848s] RadixSortWithDynamicListsAndCustomBase(10) (descending) size=16,384 -> 0.339 ms
[254.854s] RadixSortWithDynamicListsAndCustomBase(10) (descending) size=32,768 -> 0.687 ms
[254.860s] RadixSortWithDynamicListsAndCustomBase(10) (descending) size=65,536 -> 1.430 ms
[254.868s] RadixSortWithDynamicListsAndCustomBase(10) (descending) size=131,072 -> 3.150 ms
[254.880s] RadixSortWithDynamicListsAndCustomBase(10) (descending) size=262,144 -> 6.199 ms
[254.898s] RadixSortWithDynamicListsAndCustomBase(10) (descending) size=524,288 -> 12.723 ms
[254.934s] RadixSortWithDynamicListsAndCustomBase(10) (descending) size=1,048,576 -> 30.709 ms
[255.009s] RadixSortWithDynamicListsAndCustomBase(10) (descending) size=2,097,152 -> 69.613 ms
[255.157s] RadixSortWithDynamicListsAndCustomBase(10) (descending) size=4,194,304 -> 140.812 ms
[255.563s] RadixSortWithDynamicListsAndCustomBase(10) (descending) size=8,388,608 -> 398.445 ms
[256.711s] RadixSortWithDynamicListsAndCustomBase(10) (descending) size=16,777,216 -> 1137.801 ms
[259.330s] RadixSortWithDynamicListsAndCustomBase(10) (descending) size=33,554,432 -> 2604.263 ms
[265.161s] RadixSortWithDynamicListsAndCustomBase(10) (descending) size=67,108,864 -> 5806.911 ms
--- iteration 10 of 10 ---
[265.166s] RadixSortWithDynamicListsAndCustomBase(10) (random) size=1,024 -> 0.033 ms
[265.171s] RadixSortWithDynamicListsAndCustomBase(10) (random) size=2,048 -> 0.063 ms
[265.176s] RadixSortWithDynamicListsAndCustomBase(10) (random) size=4,096 -> 0.084 ms
[265.181s] RadixSortWithDynamicListsAndCustomBase(10) (random) size=8,192 -> 0.142 ms
[265.186s] RadixSortWithDynamicListsAndCustomBase(10) (random) size=16,384 -> 0.346 ms
[265.192s] RadixSortWithDynamicListsAndCustomBase(10) (random) size=32,768 -> 0.692 ms
[265.198s] RadixSortWithDynamicListsAndCustomBase(10) (random) size=65,536 -> 1.354 ms
[265.206s] RadixSortWithDynamicListsAndCustomBase(10) (random) size=131,072 -> 3.207 ms
[265.217s] RadixSortWithDynamicListsAndCustomBase(10) (random) size=262,144 -> 6.243 ms
[265.236s] RadixSortWithDynamicListsAndCustomBase(10) (random) size=524,288 -> 13.274 ms
[265.279s] RadixSortWithDynamicListsAndCustomBase(10) (random) size=1,048,576 -> 36.842 ms
[265.380s] RadixSortWithDynamicListsAndCustomBase(10) (random) size=2,097,152 -> 94.232 ms
[265.561s] RadixSortWithDynamicListsAndCustomBase(10) (random) size=4,194,304 -> 172.190 ms
[265.957s] RadixSortWithDynamicListsAndCustomBase(10) (random) size=8,388,608 -> 384.730 ms
[266.934s] RadixSortWithDynamicListsAndCustomBase(10) (random) size=16,777,216 -> 958.645 ms
[269.050s] RadixSortWithDynamicListsAndCustomBase(10) (random) size=33,554,432 -> 2085.091 ms
[273.567s] RadixSortWithDynamicListsAndCustomBase(10) (random) size=67,108,864 -> 4458.872 ms
[273.572s] RadixSortWithDynamicListsAndCustomBase(10) (ascending) size=1,024 -> 0.034 ms
[273.577s] RadixSortWithDynamicListsAndCustomBase(10) (ascending) size=2,048 -> 0.054 ms
[273.582s] RadixSortWithDynamicListsAndCustomBase(10) (ascending) size=4,096 -> 0.077 ms
[273.587s] RadixSortWithDynamicListsAndCustomBase(10) (ascending) size=8,192 -> 0.153 ms
[273.592s] RadixSortWithDynamicListsAndCustomBase(10) (ascending) size=16,384 -> 0.362 ms
[273.598s] RadixSortWithDynamicListsAndCustomBase(10) (ascending) size=32,768 -> 0.704 ms
[273.604s] RadixSortWithDynamicListsAndCustomBase(10) (ascending) size=65,536 -> 1.430 ms
[273.612s] RadixSortWithDynamicListsAndCustomBase(10) (ascending) size=131,072 -> 3.221 ms
[273.624s] RadixSortWithDynamicListsAndCustomBase(10) (ascending) size=262,144 -> 6.548 ms
[273.643s] RadixSortWithDynamicListsAndCustomBase(10) (ascending) size=524,288 -> 13.384 ms
[273.681s] RadixSortWithDynamicListsAndCustomBase(10) (ascending) size=1,048,576 -> 32.492 ms
[273.756s] RadixSortWithDynamicListsAndCustomBase(10) (ascending) size=2,097,152 -> 69.368 ms
[273.907s] RadixSortWithDynamicListsAndCustomBase(10) (ascending) size=4,194,304 -> 143.865 ms
[274.209s] RadixSortWithDynamicListsAndCustomBase(10) (ascending) size=8,388,608 -> 294.997 ms
[275.295s] RadixSortWithDynamicListsAndCustomBase(10) (ascending) size=16,777,216 -> 1075.962 ms
[278.066s] RadixSortWithDynamicListsAndCustomBase(10) (ascending) size=33,554,432 -> 2756.314 ms
[284.022s] RadixSortWithDynamicListsAndCustomBase(10) (ascending) size=67,108,864 -> 5931.717 ms
[284.028s] RadixSortWithDynamicListsAndCustomBase(10) (descending) size=1,024 -> 0.031 ms
[284.033s] RadixSortWithDynamicListsAndCustomBase(10) (descending) size=2,048 -> 0.054 ms
[284.038s] RadixSortWithDynamicListsAndCustomBase(10) (descending) size=4,096 -> 0.079 ms
[284.043s] RadixSortWithDynamicListsAndCustomBase(10) (descending) size=8,192 -> 0.149 ms
[284.048s] RadixSortWithDynamicListsAndCustomBase(10) (descending) size=16,384 -> 0.354 ms
[284.054s] RadixSortWithDynamicListsAndCustomBase(10) (descending) size=32,768 -> 0.697 ms
[284.060s] RadixSortWithDynamicListsAndCustomBase(10) (descending) size=65,536 -> 1.395 ms
[284.068s] RadixSortWithDynamicListsAndCustomBase(10) (descending) size=131,072 -> 3.221 ms
[284.080s] RadixSortWithDynamicListsAndCustomBase(10) (descending) size=262,144 -> 6.399 ms
[284.098s] RadixSortWithDynamicListsAndCustomBase(10) (descending) size=524,288 -> 13.115 ms
[284.135s] RadixSortWithDynamicListsAndCustomBase(10) (descending) size=1,048,576 -> 31.396 ms
[284.209s] RadixSortWithDynamicListsAndCustomBase(10) (descending) size=2,097,152 -> 67.998 ms
[284.358s] RadixSortWithDynamicListsAndCustomBase(10) (descending) size=4,194,304 -> 142.014 ms
[284.761s] RadixSortWithDynamicListsAndCustomBase(10) (descending) size=8,388,608 -> 395.798 ms
[285.897s] RadixSortWithDynamicListsAndCustomBase(10) (descending) size=16,777,216 -> 1126.531 ms
[288.486s] RadixSortWithDynamicListsAndCustomBase(10) (descending) size=33,554,432 -> 2574.046 ms
[294.482s] RadixSortWithDynamicListsAndCustomBase(10) (descending) size=67,108,864 -> 5972.225 ms
