profile=radix-vs-quicksort iterations=10 algorithms=3
--- warm up 1 of 2 ---
[0.241s] JavaArraysSort (random) size=1,024 -> 1.236 ms
[0.247s] JavaArraysSort (random) size=2,048 -> 0.281 ms
[0.252s] JavaArraysSort (random) size=4,096 -> 0.530 ms
[0.258s] JavaArraysSort (random) size=8,192 -> 0.708 ms
[0.264s] JavaArraysSort (random) size=16,384 -> 0.832 ms
[0.272s] JavaArraysSort (random) size=32,768 -> 1.717 ms
[0.280s] JavaArraysSort (random) size=65,536 -> 3.535 ms
[0.290s] JavaArraysSort (random) size=131,072 -> 4.680 ms
[0.305s] JavaArraysSort (random) size=262,144 -> 9.216 ms
[0.329s] JavaArraysSort (random) size=524,288 -> 19.291 ms
[0.377s] JavaArraysSort (random) size=1,048,576 -> 41.717 ms
[0.472s] JavaArraysSort (random) size=2,097,152 -> 87.407 ms
[0.661s] JavaArraysSort (random) size=4,194,304 -> 179.167 ms
[0.667s] DualPivotQuicksortImproved(threshold: 64, pivot: THIRDS) (random) size=1,024 -> 0.201 ms
[0.673s] DualPivotQuicksortImproved(threshold: 64, pivot: THIRDS) (random) size=2,048 -> 0.357 ms
[0.679s] DualPivotQuicksortImproved(threshold: 64, pivot: THIRDS) (random) size=4,096 -> 0.489 ms
[0.684s] DualPivotQuicksortImproved(threshold: 64, pivot: THIRDS) (random) size=8,192 -> 0.577 ms
[0.689s] DualPivotQuicksortImproved(threshold: 64, pivot: THIRDS) (random) size=16,384 -> 0.732 ms
[0.696s] DualPivotQuicksortImproved(threshold: 64, pivot: THIRDS) (random) size=32,768 -> 1.590 ms
[0.703s] DualPivotQuicksortImproved(threshold: 64, pivot: THIRDS) (random) size=65,536 -> 2.631 ms
[0.713s] DualPivotQuicksortImproved(threshold: 64, pivot: THIRDS) (random) size=131,072 -> 4.628 ms
[0.728s] DualPivotQuicksortImproved(threshold: 64, pivot: THIRDS) (random) size=262,144 -> 10.359 ms
[0.755s] DualPivotQuicksortImproved(threshold: 64, pivot: THIRDS) (random) size=524,288 -> 21.306 ms
[0.806s] DualPivotQuicksortImproved(threshold: 64, pivot: THIRDS) (random) size=1,048,576 -> 45.040 ms
[0.909s] DualPivotQuicksortImproved(threshold: 64, pivot: THIRDS) (random) size=2,097,152 -> 96.794 ms
[1.114s] DualPivotQuicksortImproved(threshold: 64, pivot: THIRDS) (random) size=4,194,304 -> 195.141 ms
[1.122s] RadixSortWithArraysAndCustomBase(256) (random) size=1,024 -> 3.125 ms
[1.128s] RadixSortWithArraysAndCustomBase(256) (random) size=2,048 -> 0.205 ms
[1.133s] RadixSortWithArraysAndCustomBase(256) (random) size=4,096 -> 0.348 ms
[1.138s] RadixSortWithArraysAndCustomBase(256) (random) size=8,192 -> 0.653 ms
[1.145s] RadixSortWithArraysAndCustomBase(256) (random) size=16,384 -> 1.365 ms
[1.151s] RadixSortWithArraysAndCustomBase(256) (random) size=32,768 -> 0.753 ms
[1.157s] RadixSortWithArraysAndCustomBase(256) (random) size=65,536 -> 0.991 ms
[1.164s] RadixSortWithArraysAndCustomBase(256) (random) size=131,072 -> 2.321 ms
[1.172s] RadixSortWithArraysAndCustomBase(256) (random) size=262,144 -> 2.421 ms
[1.182s] RadixSortWithArraysAndCustomBase(256) (random) size=524,288 -> 3.645 ms
[1.195s] RadixSortWithArraysAndCustomBase(256) (random) size=1,048,576 -> 7.429 ms
[1.217s] RadixSortWithArraysAndCustomBase(256) (random) size=2,097,152 -> 14.664 ms
[1.258s] RadixSortWithArraysAndCustomBase(256) (random) size=4,194,304 -> 31.257 ms
--- warm up 2 of 2 ---
[1.263s] JavaArraysSort (random) size=1,024 -> 0.028 ms
[1.268s] JavaArraysSort (random) size=2,048 -> 0.050 ms
[1.273s] JavaArraysSort (random) size=4,096 -> 0.108 ms
[1.278s] JavaArraysSort (random) size=8,192 -> 0.217 ms
[1.284s] JavaArraysSort (random) size=16,384 -> 0.467 ms
[1.290s] JavaArraysSort (random) size=32,768 -> 0.994 ms
[1.297s] JavaArraysSort (random) size=65,536 -> 2.097 ms
[1.306s] JavaArraysSort (random) size=131,072 -> 4.466 ms
[1.321s] JavaArraysSort (random) size=262,144 -> 9.552 ms
[1.346s] JavaArraysSort (random) size=524,288 -> 19.912 ms
[1.393s] JavaArraysSort (random) size=1,048,576 -> 40.682 ms
[1.483s] JavaArraysSort (random) size=2,097,152 -> 83.150 ms
[1.668s] JavaArraysSort (random) size=4,194,304 -> 176.583 ms
[1.674s] DualPivotQuicksortImproved(threshold: 64, pivot: THIRDS) (random) size=1,024 -> 0.032 ms
[1.678s] DualPivotQuicksortImproved(threshold: 64, pivot: THIRDS) (random) size=2,048 -> 0.054 ms
[1.683s] DualPivotQuicksortImproved(threshold: 64, pivot: THIRDS) (random) size=4,096 -> 0.105 ms
[1.688s] DualPivotQuicksortImproved(threshold: 64, pivot: THIRDS) (random) size=8,192 -> 0.220 ms
[1.693s] DualPivotQuicksortImproved(threshold: 64, pivot: THIRDS) (random) size=16,384 -> 0.484 ms
[1.699s] DualPivotQuicksortImproved(threshold: 64, pivot: THIRDS) (random) size=32,768 -> 1.039 ms
[1.706s] DualPivotQuicksortImproved(threshold: 64, pivot: THIRDS) (random) size=65,536 -> 2.178 ms
[1.715s] DualPivotQuicksortImproved(threshold: 64, pivot: THIRDS) (random) size=131,072 -> 4.665 ms
[1.730s] DualPivotQuicksortImproved(threshold: 64, pivot: THIRDS) (random) size=262,144 -> 9.852 ms
[1.756s] DualPivotQuicksortImproved(threshold: 64, pivot: THIRDS) (random) size=524,288 -> 20.976 ms
[1.806s] DualPivotQuicksortImproved(threshold: 64, pivot: THIRDS) (random) size=1,048,576 -> 45.351 ms
[1.907s] DualPivotQuicksortImproved(threshold: 64, pivot: THIRDS) (random) size=2,097,152 -> 94.374 ms
[2.114s] DualPivotQuicksortImproved(threshold: 64, pivot: THIRDS) (random) size=4,194,304 -> 198.196 ms
[2.119s] RadixSortWithArraysAndCustomBase(256) (random) size=1,024 -> 0.031 ms
[2.124s] RadixSortWithArraysAndCustomBase(256) (random) size=2,048 -> 0.030 ms
[2.129s] RadixSortWithArraysAndCustomBase(256) (random) size=4,096 -> 0.044 ms
[2.134s] RadixSortWithArraysAndCustomBase(256) (random) size=8,192 -> 0.057 ms
[2.138s] RadixSortWithArraysAndCustomBase(256) (random) size=16,384 -> 0.096 ms
[2.143s] RadixSortWithArraysAndCustomBase(256) (random) size=32,768 -> 0.159 ms
[2.148s] RadixSortWithArraysAndCustomBase(256) (random) size=65,536 -> 0.303 ms
[2.153s] RadixSortWithArraysAndCustomBase(256) (random) size=131,072 -> 0.946 ms
[2.160s] RadixSortWithArraysAndCustomBase(256) (random) size=262,144 -> 1.694 ms
[2.168s] RadixSortWithArraysAndCustomBase(256) (random) size=524,288 -> 3.312 ms
[2.181s] RadixSortWithArraysAndCustomBase(256) (random) size=1,048,576 -> 6.726 ms
[2.201s] RadixSortWithArraysAndCustomBase(256) (random) size=2,097,152 -> 13.818 ms
[2.237s] RadixSortWithArraysAndCustomBase(256) (random) size=4,194,304 -> 27.529 ms
--- iteration 1 of 10 ---
[2.243s] JavaArraysSort (random) size=1,024 -> 0.026 ms
[2.248s] JavaArraysSort (random) size=2,048 -> 0.050 ms
[2.252s] JavaArraysSort (random) size=4,096 -> 0.110 ms
[2.257s] JavaArraysSort (random) size=8,192 -> 0.230 ms
[2.262s] JavaArraysSort (random) size=16,384 -> 0.454 ms
[2.268s] JavaArraysSort (random) size=32,768 -> 0.925 ms
[2.274s] JavaArraysSort (random) size=65,536 -> 1.969 ms
[2.283s] JavaArraysSort (random) size=131,072 -> 4.194 ms
[2.297s] JavaArraysSort (random) size=262,144 -> 8.730 ms
[2.321s] JavaArraysSort (random) size=524,288 -> 19.453 ms
[2.368s] JavaArraysSort (random) size=1,048,576 -> 40.551 ms
[2.466s] JavaArraysSort (random) size=2,097,152 -> 90.913 ms
[2.657s] JavaArraysSort (random) size=4,194,304 -> 181.792 ms
[3.044s] JavaArraysSort (random) size=8,388,608 -> 372.782 ms
[3.847s] JavaArraysSort (random) size=16,777,216 -> 782.171 ms
[5.514s] JavaArraysSort (random) size=33,554,432 -> 1628.980 ms
[9.015s] JavaArraysSort (random) size=67,108,864 -> 3432.253 ms
[16.112s] JavaArraysSort (random) size=134,217,728 -> 6965.385 ms
[30.872s] JavaArraysSort (random) size=268,435,456 -> 14506.303 ms
[30.876s] DualPivotQuicksortImproved(threshold: 64, pivot: THIRDS) (random) size=1,024 -> 0.025 ms
[30.879s] DualPivotQuicksortImproved(threshold: 64, pivot: THIRDS) (random) size=2,048 -> 0.052 ms
[30.883s] DualPivotQuicksortImproved(threshold: 64, pivot: THIRDS) (random) size=4,096 -> 0.107 ms
[30.886s] DualPivotQuicksortImproved(threshold: 64, pivot: THIRDS) (random) size=8,192 -> 0.229 ms
[30.890s] DualPivotQuicksortImproved(threshold: 64, pivot: THIRDS) (random) size=16,384 -> 0.511 ms
[30.895s] DualPivotQuicksortImproved(threshold: 64, pivot: THIRDS) (random) size=32,768 -> 1.076 ms
[30.900s] DualPivotQuicksortImproved(threshold: 64, pivot: THIRDS) (random) size=65,536 -> 2.243 ms
[30.909s] DualPivotQuicksortImproved(threshold: 64, pivot: THIRDS) (random) size=131,072 -> 4.811 ms
[30.922s] DualPivotQuicksortImproved(threshold: 64, pivot: THIRDS) (random) size=262,144 -> 10.166 ms
[30.948s] DualPivotQuicksortImproved(threshold: 64, pivot: THIRDS) (random) size=524,288 -> 21.573 ms
[30.998s] DualPivotQuicksortImproved(threshold: 64, pivot: THIRDS) (random) size=1,048,576 -> 45.232 ms
[31.096s] DualPivotQuicksortImproved(threshold: 64, pivot: THIRDS) (random) size=2,097,152 -> 93.825 ms
[31.307s] DualPivotQuicksortImproved(threshold: 64, pivot: THIRDS) (random) size=4,194,304 -> 205.088 ms
[31.729s] DualPivotQuicksortImproved(threshold: 64, pivot: THIRDS) (random) size=8,388,608 -> 411.972 ms
[32.615s] DualPivotQuicksortImproved(threshold: 64, pivot: THIRDS) (random) size=16,777,216 -> 869.336 ms
[34.461s] DualPivotQuicksortImproved(threshold: 64, pivot: THIRDS) (random) size=33,554,432 -> 1817.757 ms
[38.290s] DualPivotQuicksortImproved(threshold: 64, pivot: THIRDS) (random) size=67,108,864 -> 3776.290 ms
[46.127s] DualPivotQuicksortImproved(threshold: 64, pivot: THIRDS) (random) size=134,217,728 -> 7734.136 ms
[62.563s] DualPivotQuicksortImproved(threshold: 64, pivot: THIRDS) (random) size=268,435,456 -> 16236.695 ms
[62.567s] RadixSortWithArraysAndCustomBase(256) (random) size=1,024 -> 0.027 ms
[62.570s] RadixSortWithArraysAndCustomBase(256) (random) size=2,048 -> 0.041 ms
[62.573s] RadixSortWithArraysAndCustomBase(256) (random) size=4,096 -> 0.045 ms
[62.577s] RadixSortWithArraysAndCustomBase(256) (random) size=8,192 -> 0.068 ms
[62.580s] RadixSortWithArraysAndCustomBase(256) (random) size=16,384 -> 0.098 ms
[62.583s] RadixSortWithArraysAndCustomBase(256) (random) size=32,768 -> 0.173 ms
[62.587s] RadixSortWithArraysAndCustomBase(256) (random) size=65,536 -> 0.314 ms
[62.591s] RadixSortWithArraysAndCustomBase(256) (random) size=131,072 -> 0.972 ms
[62.596s] RadixSortWithArraysAndCustomBase(256) (random) size=262,144 -> 1.724 ms
[62.603s] RadixSortWithArraysAndCustomBase(256) (random) size=524,288 -> 3.334 ms
[62.614s] RadixSortWithArraysAndCustomBase(256) (random) size=1,048,576 -> 6.996 ms
[62.633s] RadixSortWithArraysAndCustomBase(256) (random) size=2,097,152 -> 13.883 ms
[62.666s] RadixSortWithArraysAndCustomBase(256) (random) size=4,194,304 -> 27.203 ms
[62.729s] RadixSortWithArraysAndCustomBase(256) (random) size=8,388,608 -> 53.183 ms
[62.850s] RadixSortWithArraysAndCustomBase(256) (random) size=16,777,216 -> 106.292 ms
[63.207s] RadixSortWithArraysAndCustomBase(256) (random) size=33,554,432 -> 329.309 ms
[63.951s] RadixSortWithArraysAndCustomBase(256) (random) size=67,108,864 -> 692.323 ms
[65.590s] RadixSortWithArraysAndCustomBase(256) (random) size=134,217,728 -> 1538.300 ms
[70.089s] RadixSortWithArraysAndCustomBase(256) (random) size=268,435,456 -> 4274.192 ms
[78.789s] RadixSortWithArraysAndCustomBase(256) (random) size=536,870,912 -> 8216.430 ms
--- iteration 2 of 10 ---
[78.795s] JavaArraysSort (random) size=1,024 -> 0.180 ms
[78.800s] JavaArraysSort (random) size=2,048 -> 0.318 ms
[78.806s] JavaArraysSort (random) size=4,096 -> 0.675 ms
[78.811s] JavaArraysSort (random) size=8,192 -> 1.121 ms
[78.817s] JavaArraysSort (random) size=16,384 -> 1.687 ms
[78.826s] JavaArraysSort (random) size=32,768 -> 3.471 ms
[78.837s] JavaArraysSort (random) size=65,536 -> 6.144 ms
[78.846s] JavaArraysSort (random) size=131,072 -> 4.388 ms
[78.860s] JavaArraysSort (random) size=262,144 -> 9.424 ms
[78.885s] JavaArraysSort (random) size=524,288 -> 19.286 ms
[78.930s] JavaArraysSort (random) size=1,048,576 -> 40.619 ms
[79.021s] JavaArraysSort (random) size=2,097,152 -> 84.792 ms
[79.208s] JavaArraysSort (random) size=4,194,304 -> 178.871 ms
[79.594s] JavaArraysSort (random) size=8,388,608 -> 374.517 ms
[80.381s] JavaArraysSort (random) size=16,777,216 -> 770.605 ms
[82.020s] JavaArraysSort (random) size=33,554,432 -> 1609.057 ms
[85.470s] JavaArraysSort (random) size=67,108,864 -> 3396.759 ms
[92.594s] JavaArraysSort (random) size=134,217,728 -> 7021.198 ms
[107.473s] JavaArraysSort (random) size=268,435,456 -> 14681.652 ms
[107.479s] DualPivotQuicksortImproved(threshold: 64, pivot: THIRDS) (random) size=1,024 -> 0.202 ms
[107.484s] DualPivotQuicksortImproved(threshold: 64, pivot: THIRDS) (random) size=2,048 -> 0.359 ms
[107.489s] DualPivotQuicksortImproved(threshold: 64, pivot: THIRDS) (random) size=4,096 -> 0.765 ms
[107.495s] DualPivotQuicksortImproved(threshold: 64, pivot: THIRDS) (random) size=8,192 -> 1.647 ms
[107.503s] DualPivotQuicksortImproved(threshold: 64, pivot: THIRDS) (random) size=16,384 -> 3.578 ms
[107.513s] DualPivotQuicksortImproved(threshold: 64, pivot: THIRDS) (random) size=32,768 -> 4.964 ms
[107.520s] DualPivotQuicksortImproved(threshold: 64, pivot: THIRDS) (random) size=65,536 -> 2.307 ms
[107.529s] DualPivotQuicksortImproved(threshold: 64, pivot: THIRDS) (random) size=131,072 -> 4.684 ms
[107.544s] DualPivotQuicksortImproved(threshold: 64, pivot: THIRDS) (random) size=262,144 -> 10.128 ms
[107.571s] DualPivotQuicksortImproved(threshold: 64, pivot: THIRDS) (random) size=524,288 -> 21.661 ms
[107.621s] DualPivotQuicksortImproved(threshold: 64, pivot: THIRDS) (random) size=1,048,576 -> 44.185 ms
[107.722s] DualPivotQuicksortImproved(threshold: 64, pivot: THIRDS) (random) size=2,097,152 -> 95.043 ms
[107.926s] DualPivotQuicksortImproved(threshold: 64, pivot: THIRDS) (random) size=4,194,304 -> 196.318 ms
[108.351s] DualPivotQuicksortImproved(threshold: 64, pivot: THIRDS) (random) size=8,388,608 -> 413.743 ms
[109.244s] DualPivotQuicksortImproved(threshold: 64, pivot: THIRDS) (random) size=16,777,216 -> 876.638 ms
[111.088s] DualPivotQuicksortImproved(threshold: 64, pivot: THIRDS) (random) size=33,554,432 -> 1814.414 ms
[114.941s] DualPivotQuicksortImproved(threshold: 64, pivot: THIRDS) (random) size=67,108,864 -> 3800.598 ms
[122.908s] DualPivotQuicksortImproved(threshold: 64, pivot: THIRDS) (random) size=134,217,728 -> 7865.089 ms
[139.449s] DualPivotQuicksortImproved(threshold: 64, pivot: THIRDS) (random) size=268,435,456 -> 16342.131 ms
[139.455s] RadixSortWithArraysAndCustomBase(256) (random) size=1,024 -> 0.022 ms
[139.459s] RadixSortWithArraysAndCustomBase(256) (random) size=2,048 -> 0.033 ms
[139.464s] RadixSortWithArraysAndCustomBase(256) (random) size=4,096 -> 0.044 ms
[139.468s] RadixSortWithArraysAndCustomBase(256) (random) size=8,192 -> 0.062 ms
[139.473s] RadixSortWithArraysAndCustomBase(256) (random) size=16,384 -> 0.105 ms
[139.478s] RadixSortWithArraysAndCustomBase(256) (random) size=32,768 -> 0.173 ms
[139.483s] RadixSortWithArraysAndCustomBase(256) (random) size=65,536 -> 0.320 ms
[139.488s] RadixSortWithArraysAndCustomBase(256) (random) size=131,072 -> 0.965 ms
[139.495s] RadixSortWithArraysAndCustomBase(256) (random) size=262,144 -> 1.698 ms
[139.504s] RadixSortWithArraysAndCustomBase(256) (random) size=524,288 -> 3.398 ms
[139.516s] RadixSortWithArraysAndCustomBase(256) (random) size=1,048,576 -> 6.850 ms
[139.536s] RadixSortWithArraysAndCustomBase(256) (random) size=2,097,152 -> 13.956 ms
[139.571s] RadixSortWithArraysAndCustomBase(256) (random) size=4,194,304 -> 27.740 ms
[139.636s] RadixSortWithArraysAndCustomBase(256) (random) size=8,388,608 -> 53.941 ms
[139.762s] RadixSortWithArraysAndCustomBase(256) (random) size=16,777,216 -> 108.995 ms
[140.120s] RadixSortWithArraysAndCustomBase(256) (random) size=33,554,432 -> 329.332 ms
[140.877s] RadixSortWithArraysAndCustomBase(256) (random) size=67,108,864 -> 703.301 ms
[142.509s] RadixSortWithArraysAndCustomBase(256) (random) size=134,217,728 -> 1531.434 ms
[146.874s] RadixSortWithArraysAndCustomBase(256) (random) size=268,435,456 -> 4166.772 ms
[155.480s] RadixSortWithArraysAndCustomBase(256) (random) size=536,870,912 -> 8209.508 ms
--- iteration 3 of 10 ---
[155.485s] JavaArraysSort (random) size=1,024 -> 0.029 ms
[155.490s] JavaArraysSort (random) size=2,048 -> 0.062 ms
[155.495s] JavaArraysSort (random) size=4,096 -> 0.106 ms
[155.500s] JavaArraysSort (random) size=8,192 -> 0.235 ms
[155.505s] JavaArraysSort (random) size=16,384 -> 0.460 ms
[155.511s] JavaArraysSort (random) size=32,768 -> 0.940 ms
[155.517s] JavaArraysSort (random) size=65,536 -> 2.036 ms
[155.527s] JavaArraysSort (random) size=131,072 -> 4.337 ms
[155.541s] JavaArraysSort (random) size=262,144 -> 9.016 ms
[155.565s] JavaArraysSort (random) size=524,288 -> 18.955 ms
[155.611s] JavaArraysSort (random) size=1,048,576 -> 40.265 ms
[155.702s] JavaArraysSort (random) size=2,097,152 -> 85.095 ms
[155.894s] JavaArraysSort (random) size=4,194,304 -> 183.509 ms
[156.277s] JavaArraysSort (random) size=8,388,608 -> 372.536 ms
[157.080s] JavaArraysSort (random) size=16,777,216 -> 785.256 ms
[158.742s] JavaArraysSort (random) size=33,554,432 -> 1632.163 ms
[162.175s] JavaArraysSort (random) size=67,108,864 -> 3377.119 ms
[169.354s] JavaArraysSort (random) size=134,217,728 -> 7074.519 ms
[183.995s] JavaArraysSort (random) size=268,435,456 -> 14441.702 ms
[184.001s] DualPivotQuicksortImproved(threshold: 64, pivot: THIRDS) (random) size=1,024 -> 0.033 ms
[184.005s] DualPivotQuicksortImproved(threshold: 64, pivot: THIRDS) (random) size=2,048 -> 0.060 ms
[184.010s] DualPivotQuicksortImproved(threshold: 64, pivot: THIRDS) (random) size=4,096 -> 0.112 ms
[184.015s] DualPivotQuicksortImproved(threshold: 64, pivot: THIRDS) (random) size=8,192 -> 0.242 ms
[184.021s] DualPivotQuicksortImproved(threshold: 64, pivot: THIRDS) (random) size=16,384 -> 0.491 ms
[184.026s] DualPivotQuicksortImproved(threshold: 64, pivot: THIRDS) (random) size=32,768 -> 1.047 ms
[184.033s] DualPivotQuicksortImproved(threshold: 64, pivot: THIRDS) (random) size=65,536 -> 2.304 ms
[184.043s] DualPivotQuicksortImproved(threshold: 64, pivot: THIRDS) (random) size=131,072 -> 4.744 ms
[184.058s] DualPivotQuicksortImproved(threshold: 64, pivot: THIRDS) (random) size=262,144 -> 10.190 ms
[184.084s] DualPivotQuicksortImproved(threshold: 64, pivot: THIRDS) (random) size=524,288 -> 21.098 ms
[184.134s] DualPivotQuicksortImproved(threshold: 64, pivot: THIRDS) (random) size=1,048,576 -> 44.503 ms
[184.234s] DualPivotQuicksortImproved(threshold: 64, pivot: THIRDS) (random) size=2,097,152 -> 93.946 ms
[184.442s] DualPivotQuicksortImproved(threshold: 64, pivot: THIRDS) (random) size=4,194,304 -> 200.002 ms
[184.862s] DualPivotQuicksortImproved(threshold: 64, pivot: THIRDS) (random) size=8,388,608 -> 408.617 ms
[185.743s] DualPivotQuicksortImproved(threshold: 64, pivot: THIRDS) (random) size=16,777,216 -> 863.943 ms
[187.590s] DualPivotQuicksortImproved(threshold: 64, pivot: THIRDS) (random) size=33,554,432 -> 1818.030 ms
[191.361s] DualPivotQuicksortImproved(threshold: 64, pivot: THIRDS) (random) size=67,108,864 -> 3717.021 ms
[199.436s] DualPivotQuicksortImproved(threshold: 64, pivot: THIRDS) (random) size=134,217,728 -> 7972.586 ms
[215.724s] DualPivotQuicksortImproved(threshold: 64, pivot: THIRDS) (random) size=268,435,456 -> 16089.121 ms
[215.728s] RadixSortWithArraysAndCustomBase(256) (random) size=1,024 -> 0.024 ms
[215.733s] RadixSortWithArraysAndCustomBase(256) (random) size=2,048 -> 0.038 ms
[215.738s] RadixSortWithArraysAndCustomBase(256) (random) size=4,096 -> 0.042 ms
[215.743s] RadixSortWithArraysAndCustomBase(256) (random) size=8,192 -> 0.059 ms
[215.748s] RadixSortWithArraysAndCustomBase(256) (random) size=16,384 -> 0.099 ms
[215.752s] RadixSortWithArraysAndCustomBase(256) (random) size=32,768 -> 0.176 ms
[215.757s] RadixSortWithArraysAndCustomBase(256) (random) size=65,536 -> 0.309 ms
[215.763s] RadixSortWithArraysAndCustomBase(256) (random) size=131,072 -> 0.975 ms
[215.770s] RadixSortWithArraysAndCustomBase(256) (random) size=262,144 -> 1.798 ms
[215.778s] RadixSortWithArraysAndCustomBase(256) (random) size=524,288 -> 3.516 ms
[215.791s] RadixSortWithArraysAndCustomBase(256) (random) size=1,048,576 -> 6.782 ms
[215.811s] RadixSortWithArraysAndCustomBase(256) (random) size=2,097,152 -> 13.680 ms
[215.846s] RadixSortWithArraysAndCustomBase(256) (random) size=4,194,304 -> 27.074 ms
[215.910s] RadixSortWithArraysAndCustomBase(256) (random) size=8,388,608 -> 52.958 ms
[216.033s] RadixSortWithArraysAndCustomBase(256) (random) size=16,777,216 -> 106.510 ms
[216.392s] RadixSortWithArraysAndCustomBase(256) (random) size=33,554,432 -> 329.575 ms
[217.139s] RadixSortWithArraysAndCustomBase(256) (random) size=67,108,864 -> 694.506 ms
[218.732s] RadixSortWithArraysAndCustomBase(256) (random) size=134,217,728 -> 1491.851 ms
[223.382s] RadixSortWithArraysAndCustomBase(256) (random) size=268,435,456 -> 4452.043 ms
[232.015s] RadixSortWithArraysAndCustomBase(256) (random) size=536,870,912 -> 8238.735 ms
--- iteration 4 of 10 ---
[232.020s] JavaArraysSort (random) size=1,024 -> 0.027 ms
[232.024s] JavaArraysSort (random) size=2,048 -> 0.062 ms
[232.029s] JavaArraysSort (random) size=4,096 -> 0.125 ms
[232.034s] JavaArraysSort (random) size=8,192 -> 0.235 ms
[232.040s] JavaArraysSort (random) size=16,384 -> 0.481 ms
[232.045s] JavaArraysSort (random) size=32,768 -> 0.939 ms
[232.052s] JavaArraysSort (random) size=65,536 -> 2.065 ms
[232.061s] JavaArraysSort (random) size=131,072 -> 4.262 ms
[232.075s] JavaArraysSort (random) size=262,144 -> 9.160 ms
[232.099s] JavaArraysSort (random) size=524,288 -> 19.125 ms
[232.145s] JavaArraysSort (random) size=1,048,576 -> 39.823 ms
[232.237s] JavaArraysSort (random) size=2,097,152 -> 86.666 ms
[232.424s] JavaArraysSort (random) size=4,194,304 -> 178.439 ms
[232.810s] JavaArraysSort (random) size=8,388,608 -> 374.555 ms
[233.611s] JavaArraysSort (random) size=16,777,216 -> 784.057 ms
[235.274s] JavaArraysSort (random) size=33,554,432 -> 1631.915 ms
[238.701s] JavaArraysSort (random) size=67,108,864 -> 3373.809 ms
[245.853s] JavaArraysSort (random) size=134,217,728 -> 7050.357 ms
[260.967s] JavaArraysSort (random) size=268,435,456 -> 14915.323 ms
[260.973s] DualPivotQuicksortImproved(threshold: 64, pivot: THIRDS) (random) size=1,024 -> 0.041 ms
[260.977s] DualPivotQuicksortImproved(threshold: 64, pivot: THIRDS) (random) size=2,048 -> 0.061 ms
[260.982s] DualPivotQuicksortImproved(threshold: 64, pivot: THIRDS) (random) size=4,096 -> 0.120 ms
[260.987s] DualPivotQuicksortImproved(threshold: 64, pivot: THIRDS) (random) size=8,192 -> 0.253 ms
[260.993s] DualPivotQuicksortImproved(threshold: 64, pivot: THIRDS) (random) size=16,384 -> 0.522 ms
[260.999s] DualPivotQuicksortImproved(threshold: 64, pivot: THIRDS) (random) size=32,768 -> 1.113 ms
[261.006s] DualPivotQuicksortImproved(threshold: 64, pivot: THIRDS) (random) size=65,536 -> 2.268 ms
[261.016s] DualPivotQuicksortImproved(threshold: 64, pivot: THIRDS) (random) size=131,072 -> 5.043 ms
[261.031s] DualPivotQuicksortImproved(threshold: 64, pivot: THIRDS) (random) size=262,144 -> 10.813 ms
[261.059s] DualPivotQuicksortImproved(threshold: 64, pivot: THIRDS) (random) size=524,288 -> 22.577 ms
[261.113s] DualPivotQuicksortImproved(threshold: 64, pivot: THIRDS) (random) size=1,048,576 -> 47.756 ms
[261.217s] DualPivotQuicksortImproved(threshold: 64, pivot: THIRDS) (random) size=2,097,152 -> 97.859 ms
[261.422s] DualPivotQuicksortImproved(threshold: 64, pivot: THIRDS) (random) size=4,194,304 -> 196.218 ms
[261.846s] DualPivotQuicksortImproved(threshold: 64, pivot: THIRDS) (random) size=8,388,608 -> 412.685 ms
[262.750s] DualPivotQuicksortImproved(threshold: 64, pivot: THIRDS) (random) size=16,777,216 -> 887.056 ms
[264.590s] DualPivotQuicksortImproved(threshold: 64, pivot: THIRDS) (random) size=33,554,432 -> 1810.738 ms
[268.422s] DualPivotQuicksortImproved(threshold: 64, pivot: THIRDS) (random) size=67,108,864 -> 3779.264 ms
[276.306s] DualPivotQuicksortImproved(threshold: 64, pivot: THIRDS) (random) size=134,217,728 -> 7781.926 ms
[292.635s] DualPivotQuicksortImproved(threshold: 64, pivot: THIRDS) (random) size=268,435,456 -> 16130.769 ms
[292.640s] RadixSortWithArraysAndCustomBase(256) (random) size=1,024 -> 0.029 ms
[292.645s] RadixSortWithArraysAndCustomBase(256) (random) size=2,048 -> 0.030 ms
[292.650s] RadixSortWithArraysAndCustomBase(256) (random) size=4,096 -> 0.043 ms
[292.654s] RadixSortWithArraysAndCustomBase(256) (random) size=8,192 -> 0.063 ms
[292.659s] RadixSortWithArraysAndCustomBase(256) (random) size=16,384 -> 0.105 ms
[292.664s] RadixSortWithArraysAndCustomBase(256) (random) size=32,768 -> 0.171 ms
[292.669s] RadixSortWithArraysAndCustomBase(256) (random) size=65,536 -> 0.320 ms
[292.675s] RadixSortWithArraysAndCustomBase(256) (random) size=131,072 -> 0.983 ms
[292.681s] RadixSortWithArraysAndCustomBase(256) (random) size=262,144 -> 1.780 ms
[292.690s] RadixSortWithArraysAndCustomBase(256) (random) size=524,288 -> 3.495 ms
[292.702s] RadixSortWithArraysAndCustomBase(256) (random) size=1,048,576 -> 6.785 ms
[292.722s] RadixSortWithArraysAndCustomBase(256) (random) size=2,097,152 -> 13.667 ms
[292.757s] RadixSortWithArraysAndCustomBase(256) (random) size=4,194,304 -> 27.433 ms
[292.821s] RadixSortWithArraysAndCustomBase(256) (random) size=8,388,608 -> 52.796 ms
[292.944s] RadixSortWithArraysAndCustomBase(256) (random) size=16,777,216 -> 106.080 ms
[293.298s] RadixSortWithArraysAndCustomBase(256) (random) size=33,554,432 -> 324.921 ms
[294.052s] RadixSortWithArraysAndCustomBase(256) (random) size=67,108,864 -> 701.148 ms
[295.658s] RadixSortWithArraysAndCustomBase(256) (random) size=134,217,728 -> 1504.762 ms
[300.298s] RadixSortWithArraysAndCustomBase(256) (random) size=268,435,456 -> 4442.451 ms
[308.908s] RadixSortWithArraysAndCustomBase(256) (random) size=536,870,912 -> 8217.940 ms
--- iteration 5 of 10 ---
[308.913s] JavaArraysSort (random) size=1,024 -> 0.034 ms
[308.918s] JavaArraysSort (random) size=2,048 -> 0.063 ms
[308.923s] JavaArraysSort (random) size=4,096 -> 0.110 ms
[308.928s] JavaArraysSort (random) size=8,192 -> 0.224 ms
[308.933s] JavaArraysSort (random) size=16,384 -> 0.478 ms
[308.939s] JavaArraysSort (random) size=32,768 -> 0.941 ms
[308.945s] JavaArraysSort (random) size=65,536 -> 2.012 ms
[308.954s] JavaArraysSort (random) size=131,072 -> 4.194 ms
[308.968s] JavaArraysSort (random) size=262,144 -> 9.282 ms
[308.993s] JavaArraysSort (random) size=524,288 -> 18.851 ms
[309.038s] JavaArraysSort (random) size=1,048,576 -> 39.942 ms
[309.129s] JavaArraysSort (random) size=2,097,152 -> 84.065 ms
[309.312s] JavaArraysSort (random) size=4,194,304 -> 175.309 ms
[309.700s] JavaArraysSort (random) size=8,388,608 -> 377.716 ms
[310.500s] JavaArraysSort (random) size=16,777,216 -> 782.881 ms
[312.169s] JavaArraysSort (random) size=33,554,432 -> 1639.231 ms
[315.545s] JavaArraysSort (random) size=67,108,864 -> 3322.895 ms
[322.634s] JavaArraysSort (random) size=134,217,728 -> 6987.062 ms
[337.476s] JavaArraysSort (random) size=268,435,456 -> 14644.144 ms
[337.481s] DualPivotQuicksortImproved(threshold: 64, pivot: THIRDS) (random) size=1,024 -> 0.025 ms
[337.485s] DualPivotQuicksortImproved(threshold: 64, pivot: THIRDS) (random) size=2,048 -> 0.058 ms
[337.490s] DualPivotQuicksortImproved(threshold: 64, pivot: THIRDS) (random) size=4,096 -> 0.111 ms
[337.495s] DualPivotQuicksortImproved(threshold: 64, pivot: THIRDS) (random) size=8,192 -> 0.232 ms
[337.500s] DualPivotQuicksortImproved(threshold: 64, pivot: THIRDS) (random) size=16,384 -> 0.498 ms
[337.506s] DualPivotQuicksortImproved(threshold: 64, pivot: THIRDS) (random) size=32,768 -> 1.048 ms
[337.513s] DualPivotQuicksortImproved(threshold: 64, pivot: THIRDS) (random) size=65,536 -> 2.287 ms
[337.523s] DualPivotQuicksortImproved(threshold: 64, pivot: THIRDS) (random) size=131,072 -> 4.702 ms
[337.537s] DualPivotQuicksortImproved(threshold: 64, pivot: THIRDS) (random) size=262,144 -> 9.898 ms
[337.564s] DualPivotQuicksortImproved(threshold: 64, pivot: THIRDS) (random) size=524,288 -> 21.436 ms
[337.614s] DualPivotQuicksortImproved(threshold: 64, pivot: THIRDS) (random) size=1,048,576 -> 44.091 ms
[337.714s] DualPivotQuicksortImproved(threshold: 64, pivot: THIRDS) (random) size=2,097,152 -> 94.468 ms
[337.922s] DualPivotQuicksortImproved(threshold: 64, pivot: THIRDS) (random) size=4,194,304 -> 200.075 ms
[338.349s] DualPivotQuicksortImproved(threshold: 64, pivot: THIRDS) (random) size=8,388,608 -> 415.716 ms
[339.217s] DualPivotQuicksortImproved(threshold: 64, pivot: THIRDS) (random) size=16,777,216 -> 850.334 ms
[341.059s] DualPivotQuicksortImproved(threshold: 64, pivot: THIRDS) (random) size=33,554,432 -> 1813.507 ms
[344.872s] DualPivotQuicksortImproved(threshold: 64, pivot: THIRDS) (random) size=67,108,864 -> 3759.822 ms
[352.893s] DualPivotQuicksortImproved(threshold: 64, pivot: THIRDS) (random) size=134,217,728 -> 7919.803 ms
[369.568s] DualPivotQuicksortImproved(threshold: 64, pivot: THIRDS) (random) size=268,435,456 -> 16475.696 ms
[369.573s] RadixSortWithArraysAndCustomBase(256) (random) size=1,024 -> 0.023 ms
[369.577s] RadixSortWithArraysAndCustomBase(256) (random) size=2,048 -> 0.028 ms
[369.582s] RadixSortWithArraysAndCustomBase(256) (random) size=4,096 -> 0.041 ms
[369.587s] RadixSortWithArraysAndCustomBase(256) (random) size=8,192 -> 0.066 ms
[369.591s] RadixSortWithArraysAndCustomBase(256) (random) size=16,384 -> 0.098 ms
[369.596s] RadixSortWithArraysAndCustomBase(256) (random) size=32,768 -> 0.169 ms
[369.601s] RadixSortWithArraysAndCustomBase(256) (random) size=65,536 -> 0.323 ms
[369.607s] RadixSortWithArraysAndCustomBase(256) (random) size=131,072 -> 0.961 ms
[369.613s] RadixSortWithArraysAndCustomBase(256) (random) size=262,144 -> 1.684 ms
[369.622s] RadixSortWithArraysAndCustomBase(256) (random) size=524,288 -> 3.336 ms
[369.634s] RadixSortWithArraysAndCustomBase(256) (random) size=1,048,576 -> 6.704 ms
[369.654s] RadixSortWithArraysAndCustomBase(256) (random) size=2,097,152 -> 13.689 ms
[369.689s] RadixSortWithArraysAndCustomBase(256) (random) size=4,194,304 -> 27.312 ms
[369.753s] RadixSortWithArraysAndCustomBase(256) (random) size=8,388,608 -> 53.166 ms
[369.877s] RadixSortWithArraysAndCustomBase(256) (random) size=16,777,216 -> 106.841 ms
[370.230s] RadixSortWithArraysAndCustomBase(256) (random) size=33,554,432 -> 324.296 ms
[370.975s] RadixSortWithArraysAndCustomBase(256) (random) size=67,108,864 -> 691.132 ms
[372.584s] RadixSortWithArraysAndCustomBase(256) (random) size=134,217,728 -> 1508.348 ms
[377.214s] RadixSortWithArraysAndCustomBase(256) (random) size=268,435,456 -> 4432.464 ms
[385.824s] RadixSortWithArraysAndCustomBase(256) (random) size=536,870,912 -> 8215.293 ms
--- iteration 6 of 10 ---
[385.829s] JavaArraysSort (random) size=1,024 -> 0.033 ms
[385.834s] JavaArraysSort (random) size=2,048 -> 0.058 ms
[385.839s] JavaArraysSort (random) size=4,096 -> 0.106 ms
[385.844s] JavaArraysSort (random) size=8,192 -> 0.221 ms
[385.849s] JavaArraysSort (random) size=16,384 -> 0.463 ms
[385.854s] JavaArraysSort (random) size=32,768 -> 0.926 ms
[385.861s] JavaArraysSort (random) size=65,536 -> 2.004 ms
[385.870s] JavaArraysSort (random) size=131,072 -> 4.183 ms
[385.884s] JavaArraysSort (random) size=262,144 -> 9.153 ms
[385.908s] JavaArraysSort (random) size=524,288 -> 18.967 ms
[385.955s] JavaArraysSort (random) size=1,048,576 -> 41.335 ms
[386.047s] JavaArraysSort (random) size=2,097,152 -> 85.261 ms
[386.235s] JavaArraysSort (random) size=4,194,304 -> 180.104 ms
[386.615s] JavaArraysSort (random) size=8,388,608 -> 368.528 ms
[387.414s] JavaArraysSort (random) size=16,777,216 -> 780.268 ms
[389.073s] JavaArraysSort (random) size=33,554,432 -> 1629.978 ms
[392.566s] JavaArraysSort (random) size=67,108,864 -> 3440.279 ms
[399.692s] JavaArraysSort (random) size=134,217,728 -> 7023.183 ms
[414.555s] JavaArraysSort (random) size=268,435,456 -> 14663.400 ms
[414.560s] DualPivotQuicksortImproved(threshold: 64, pivot: THIRDS) (random) size=1,024 -> 0.033 ms
[414.565s] DualPivotQuicksortImproved(threshold: 64, pivot: THIRDS) (random) size=2,048 -> 0.057 ms
[414.569s] DualPivotQuicksortImproved(threshold: 64, pivot: THIRDS) (random) size=4,096 -> 0.117 ms
[414.574s] DualPivotQuicksortImproved(threshold: 64, pivot: THIRDS) (random) size=8,192 -> 0.239 ms
[414.579s] DualPivotQuicksortImproved(threshold: 64, pivot: THIRDS) (random) size=16,384 -> 0.493 ms
[414.585s] DualPivotQuicksortImproved(threshold: 64, pivot: THIRDS) (random) size=32,768 -> 1.085 ms
[414.592s] DualPivotQuicksortImproved(threshold: 64, pivot: THIRDS) (random) size=65,536 -> 2.318 ms
[414.602s] DualPivotQuicksortImproved(threshold: 64, pivot: THIRDS) (random) size=131,072 -> 4.844 ms
[414.617s] DualPivotQuicksortImproved(threshold: 64, pivot: THIRDS) (random) size=262,144 -> 10.211 ms
[414.644s] DualPivotQuicksortImproved(threshold: 64, pivot: THIRDS) (random) size=524,288 -> 21.457 ms
[414.693s] DualPivotQuicksortImproved(threshold: 64, pivot: THIRDS) (random) size=1,048,576 -> 44.027 ms
[414.794s] DualPivotQuicksortImproved(threshold: 64, pivot: THIRDS) (random) size=2,097,152 -> 94.614 ms
[414.999s] DualPivotQuicksortImproved(threshold: 64, pivot: THIRDS) (random) size=4,194,304 -> 196.979 ms
[415.423s] DualPivotQuicksortImproved(threshold: 64, pivot: THIRDS) (random) size=8,388,608 -> 412.770 ms
[416.307s] DualPivotQuicksortImproved(threshold: 64, pivot: THIRDS) (random) size=16,777,216 -> 867.110 ms
[418.129s] DualPivotQuicksortImproved(threshold: 64, pivot: THIRDS) (random) size=33,554,432 -> 1793.304 ms
[421.942s] DualPivotQuicksortImproved(threshold: 64, pivot: THIRDS) (random) size=67,108,864 -> 3759.544 ms
[429.810s] DualPivotQuicksortImproved(threshold: 64, pivot: THIRDS) (random) size=134,217,728 -> 7766.731 ms
[446.398s] DualPivotQuicksortImproved(threshold: 64, pivot: THIRDS) (random) size=268,435,456 -> 16389.414 ms
[446.403s] RadixSortWithArraysAndCustomBase(256) (random) size=1,024 -> 0.022 ms
[446.407s] RadixSortWithArraysAndCustomBase(256) (random) size=2,048 -> 0.033 ms
[446.412s] RadixSortWithArraysAndCustomBase(256) (random) size=4,096 -> 0.046 ms
[446.417s] RadixSortWithArraysAndCustomBase(256) (random) size=8,192 -> 0.067 ms
[446.422s] RadixSortWithArraysAndCustomBase(256) (random) size=16,384 -> 0.100 ms
[446.426s] RadixSortWithArraysAndCustomBase(256) (random) size=32,768 -> 0.170 ms
[446.431s] RadixSortWithArraysAndCustomBase(256) (random) size=65,536 -> 0.314 ms
[446.437s] RadixSortWithArraysAndCustomBase(256) (random) size=131,072 -> 0.958 ms
[446.444s] RadixSortWithArraysAndCustomBase(256) (random) size=262,144 -> 1.715 ms
[446.452s] RadixSortWithArraysAndCustomBase(256) (random) size=524,288 -> 3.323 ms
[446.464s] RadixSortWithArraysAndCustomBase(256) (random) size=1,048,576 -> 6.732 ms
[446.484s] RadixSortWithArraysAndCustomBase(256) (random) size=2,097,152 -> 13.551 ms
[446.520s] RadixSortWithArraysAndCustomBase(256) (random) size=4,194,304 -> 27.252 ms
[446.583s] RadixSortWithArraysAndCustomBase(256) (random) size=8,388,608 -> 52.841 ms
[446.706s] RadixSortWithArraysAndCustomBase(256) (random) size=16,777,216 -> 105.865 ms
[447.062s] RadixSortWithArraysAndCustomBase(256) (random) size=33,554,432 -> 326.650 ms
[447.805s] RadixSortWithArraysAndCustomBase(256) (random) size=67,108,864 -> 690.102 ms
[449.401s] RadixSortWithArraysAndCustomBase(256) (random) size=134,217,728 -> 1494.172 ms
[454.030s] RadixSortWithArraysAndCustomBase(256) (random) size=268,435,456 -> 4431.340 ms
[462.637s] RadixSortWithArraysAndCustomBase(256) (random) size=536,870,912 -> 8215.085 ms
--- iteration 7 of 10 ---
[462.642s] JavaArraysSort (random) size=1,024 -> 0.033 ms
[462.647s] JavaArraysSort (random) size=2,048 -> 0.058 ms
[462.652s] JavaArraysSort (random) size=4,096 -> 0.114 ms
[462.657s] JavaArraysSort (random) size=8,192 -> 0.237 ms
[462.662s] JavaArraysSort (random) size=16,384 -> 0.457 ms
[462.668s] JavaArraysSort (random) size=32,768 -> 0.944 ms
[462.674s] JavaArraysSort (random) size=65,536 -> 1.983 ms
[462.683s] JavaArraysSort (random) size=131,072 -> 4.210 ms
[462.697s] JavaArraysSort (random) size=262,144 -> 9.007 ms
[462.722s] JavaArraysSort (random) size=524,288 -> 19.520 ms
[462.768s] JavaArraysSort (random) size=1,048,576 -> 40.324 ms
[462.860s] JavaArraysSort (random) size=2,097,152 -> 86.657 ms
[463.045s] JavaArraysSort (random) size=4,194,304 -> 176.490 ms
[463.433s] JavaArraysSort (random) size=8,388,608 -> 377.239 ms
[464.230s] JavaArraysSort (random) size=16,777,216 -> 780.124 ms
[465.885s] JavaArraysSort (random) size=33,554,432 -> 1625.009 ms
[469.351s] JavaArraysSort (random) size=67,108,864 -> 3412.679 ms
[476.631s] JavaArraysSort (random) size=134,217,728 -> 7178.931 ms
[491.594s] JavaArraysSort (random) size=268,435,456 -> 14764.175 ms
[491.599s] DualPivotQuicksortImproved(threshold: 64, pivot: THIRDS) (random) size=1,024 -> 0.028 ms
[491.603s] DualPivotQuicksortImproved(threshold: 64, pivot: THIRDS) (random) size=2,048 -> 0.059 ms
[491.608s] DualPivotQuicksortImproved(threshold: 64, pivot: THIRDS) (random) size=4,096 -> 0.110 ms
[491.613s] DualPivotQuicksortImproved(threshold: 64, pivot: THIRDS) (random) size=8,192 -> 0.241 ms
[491.618s] DualPivotQuicksortImproved(threshold: 64, pivot: THIRDS) (random) size=16,384 -> 0.512 ms
[491.624s] DualPivotQuicksortImproved(threshold: 64, pivot: THIRDS) (random) size=32,768 -> 1.060 ms
[491.631s] DualPivotQuicksortImproved(threshold: 64, pivot: THIRDS) (random) size=65,536 -> 2.189 ms
[491.641s] DualPivotQuicksortImproved(threshold: 64, pivot: THIRDS) (random) size=131,072 -> 4.818 ms
[491.655s] DualPivotQuicksortImproved(threshold: 64, pivot: THIRDS) (random) size=262,144 -> 9.934 ms
[491.682s] DualPivotQuicksortImproved(threshold: 64, pivot: THIRDS) (random) size=524,288 -> 21.658 ms
[491.732s] DualPivotQuicksortImproved(threshold: 64, pivot: THIRDS) (random) size=1,048,576 -> 44.462 ms
[491.833s] DualPivotQuicksortImproved(threshold: 64, pivot: THIRDS) (random) size=2,097,152 -> 94.602 ms
[492.040s] DualPivotQuicksortImproved(threshold: 64, pivot: THIRDS) (random) size=4,194,304 -> 199.347 ms
[492.471s] DualPivotQuicksortImproved(threshold: 64, pivot: THIRDS) (random) size=8,388,608 -> 419.506 ms
[493.363s] DualPivotQuicksortImproved(threshold: 64, pivot: THIRDS) (random) size=16,777,216 -> 875.472 ms
[495.210s] DualPivotQuicksortImproved(threshold: 64, pivot: THIRDS) (random) size=33,554,432 -> 1817.493 ms
[499.048s] DualPivotQuicksortImproved(threshold: 64, pivot: THIRDS) (random) size=67,108,864 -> 3784.814 ms
[507.021s] DualPivotQuicksortImproved(threshold: 64, pivot: THIRDS) (random) size=134,217,728 -> 7871.440 ms
[523.409s] DualPivotQuicksortImproved(threshold: 64, pivot: THIRDS) (random) size=268,435,456 -> 16190.150 ms
[523.414s] RadixSortWithArraysAndCustomBase(256) (random) size=1,024 -> 0.020 ms
[523.419s] RadixSortWithArraysAndCustomBase(256) (random) size=2,048 -> 0.032 ms
[523.424s] RadixSortWithArraysAndCustomBase(256) (random) size=4,096 -> 0.040 ms
[523.428s] RadixSortWithArraysAndCustomBase(256) (random) size=8,192 -> 0.068 ms
[523.433s] RadixSortWithArraysAndCustomBase(256) (random) size=16,384 -> 0.092 ms
[523.438s] RadixSortWithArraysAndCustomBase(256) (random) size=32,768 -> 0.176 ms
[523.443s] RadixSortWithArraysAndCustomBase(256) (random) size=65,536 -> 0.323 ms
[523.449s] RadixSortWithArraysAndCustomBase(256) (random) size=131,072 -> 0.978 ms
[523.456s] RadixSortWithArraysAndCustomBase(256) (random) size=262,144 -> 1.686 ms
[523.464s] RadixSortWithArraysAndCustomBase(256) (random) size=524,288 -> 3.314 ms
[523.476s] RadixSortWithArraysAndCustomBase(256) (random) size=1,048,576 -> 6.761 ms
[523.496s] RadixSortWithArraysAndCustomBase(256) (random) size=2,097,152 -> 13.607 ms
[523.531s] RadixSortWithArraysAndCustomBase(256) (random) size=4,194,304 -> 27.229 ms
[523.595s] RadixSortWithArraysAndCustomBase(256) (random) size=8,388,608 -> 52.920 ms
[523.719s] RadixSortWithArraysAndCustomBase(256) (random) size=16,777,216 -> 107.012 ms
[524.074s] RadixSortWithArraysAndCustomBase(256) (random) size=33,554,432 -> 325.982 ms
[524.818s] RadixSortWithArraysAndCustomBase(256) (random) size=67,108,864 -> 690.556 ms
[526.406s] RadixSortWithArraysAndCustomBase(256) (random) size=134,217,728 -> 1486.524 ms
[531.022s] RadixSortWithArraysAndCustomBase(256) (random) size=268,435,456 -> 4418.344 ms
[539.635s] RadixSortWithArraysAndCustomBase(256) (random) size=536,870,912 -> 8220.388 ms
--- iteration 8 of 10 ---
[539.640s] JavaArraysSort (random) size=1,024 -> 0.027 ms
[539.645s] JavaArraysSort (random) size=2,048 -> 0.056 ms
[539.649s] JavaArraysSort (random) size=4,096 -> 0.110 ms
[539.654s] JavaArraysSort (random) size=8,192 -> 0.223 ms
[539.659s] JavaArraysSort (random) size=16,384 -> 0.450 ms
[539.665s] JavaArraysSort (random) size=32,768 -> 0.954 ms
[539.672s] JavaArraysSort (random) size=65,536 -> 1.990 ms
[539.681s] JavaArraysSort (random) size=131,072 -> 4.267 ms
[539.695s] JavaArraysSort (random) size=262,144 -> 9.140 ms
[539.719s] JavaArraysSort (random) size=524,288 -> 18.946 ms
[539.765s] JavaArraysSort (random) size=1,048,576 -> 39.769 ms
[539.857s] JavaArraysSort (random) size=2,097,152 -> 85.940 ms
[540.043s] JavaArraysSort (random) size=4,194,304 -> 178.155 ms
[540.425s] JavaArraysSort (random) size=8,388,608 -> 371.000 ms
[541.223s] JavaArraysSort (random) size=16,777,216 -> 780.188 ms
[542.884s] JavaArraysSort (random) size=33,554,432 -> 1630.908 ms
[546.348s] JavaArraysSort (random) size=67,108,864 -> 3410.959 ms
[553.490s] JavaArraysSort (random) size=134,217,728 -> 7040.559 ms
[568.243s] JavaArraysSort (random) size=268,435,456 -> 14552.456 ms
[568.248s] DualPivotQuicksortImproved(threshold: 64, pivot: THIRDS) (random) size=1,024 -> 0.026 ms
[568.253s] DualPivotQuicksortImproved(threshold: 64, pivot: THIRDS) (random) size=2,048 -> 0.059 ms
[568.257s] DualPivotQuicksortImproved(threshold: 64, pivot: THIRDS) (random) size=4,096 -> 0.119 ms
[568.262s] DualPivotQuicksortImproved(threshold: 64, pivot: THIRDS) (random) size=8,192 -> 0.231 ms
[568.268s] DualPivotQuicksortImproved(threshold: 64, pivot: THIRDS) (random) size=16,384 -> 0.498 ms
[568.273s] DualPivotQuicksortImproved(threshold: 64, pivot: THIRDS) (random) size=32,768 -> 1.038 ms
[568.280s] DualPivotQuicksortImproved(threshold: 64, pivot: THIRDS) (random) size=65,536 -> 2.220 ms
[568.290s] DualPivotQuicksortImproved(threshold: 64, pivot: THIRDS) (random) size=131,072 -> 4.826 ms
[568.305s] DualPivotQuicksortImproved(threshold: 64, pivot: THIRDS) (random) size=262,144 -> 10.263 ms
[568.331s] DualPivotQuicksortImproved(threshold: 64, pivot: THIRDS) (random) size=524,288 -> 21.007 ms
[568.382s] DualPivotQuicksortImproved(threshold: 64, pivot: THIRDS) (random) size=1,048,576 -> 45.483 ms
[568.483s] DualPivotQuicksortImproved(threshold: 64, pivot: THIRDS) (random) size=2,097,152 -> 94.813 ms
[568.691s] DualPivotQuicksortImproved(threshold: 64, pivot: THIRDS) (random) size=4,194,304 -> 199.727 ms
[569.118s] DualPivotQuicksortImproved(threshold: 64, pivot: THIRDS) (random) size=8,388,608 -> 415.742 ms
[569.995s] DualPivotQuicksortImproved(threshold: 64, pivot: THIRDS) (random) size=16,777,216 -> 860.205 ms
[571.809s] DualPivotQuicksortImproved(threshold: 64, pivot: THIRDS) (random) size=33,554,432 -> 1784.282 ms
[575.622s] DualPivotQuicksortImproved(threshold: 64, pivot: THIRDS) (random) size=67,108,864 -> 3759.619 ms
[583.467s] DualPivotQuicksortImproved(threshold: 64, pivot: THIRDS) (random) size=134,217,728 -> 7743.645 ms
[599.840s] DualPivotQuicksortImproved(threshold: 64, pivot: THIRDS) (random) size=268,435,456 -> 16174.929 ms
[599.845s] RadixSortWithArraysAndCustomBase(256) (random) size=1,024 -> 0.023 ms
[599.849s] RadixSortWithArraysAndCustomBase(256) (random) size=2,048 -> 0.029 ms
[599.854s] RadixSortWithArraysAndCustomBase(256) (random) size=4,096 -> 0.045 ms
[599.859s] RadixSortWithArraysAndCustomBase(256) (random) size=8,192 -> 0.079 ms
[599.864s] RadixSortWithArraysAndCustomBase(256) (random) size=16,384 -> 0.097 ms
[599.868s] RadixSortWithArraysAndCustomBase(256) (random) size=32,768 -> 0.168 ms
[599.873s] RadixSortWithArraysAndCustomBase(256) (random) size=65,536 -> 0.312 ms
[599.879s] RadixSortWithArraysAndCustomBase(256) (random) size=131,072 -> 0.990 ms
[599.886s] RadixSortWithArraysAndCustomBase(256) (random) size=262,144 -> 1.680 ms
[599.894s] RadixSortWithArraysAndCustomBase(256) (random) size=524,288 -> 3.306 ms
[599.906s] RadixSortWithArraysAndCustomBase(256) (random) size=1,048,576 -> 6.781 ms
[599.926s] RadixSortWithArraysAndCustomBase(256) (random) size=2,097,152 -> 13.521 ms
[599.962s] RadixSortWithArraysAndCustomBase(256) (random) size=4,194,304 -> 27.713 ms
[600.027s] RadixSortWithArraysAndCustomBase(256) (random) size=8,388,608 -> 53.706 ms
[600.151s] RadixSortWithArraysAndCustomBase(256) (random) size=16,777,216 -> 106.605 ms
[600.511s] RadixSortWithArraysAndCustomBase(256) (random) size=33,554,432 -> 331.287 ms
[601.261s] RadixSortWithArraysAndCustomBase(256) (random) size=67,108,864 -> 696.855 ms
[602.856s] RadixSortWithArraysAndCustomBase(256) (random) size=134,217,728 -> 1493.510 ms
[607.503s] RadixSortWithArraysAndCustomBase(256) (random) size=268,435,456 -> 4449.204 ms
[616.100s] RadixSortWithArraysAndCustomBase(256) (random) size=536,870,912 -> 8204.777 ms
--- iteration 9 of 10 ---
[616.104s] JavaArraysSort (random) size=1,024 -> 0.027 ms
[616.109s] JavaArraysSort (random) size=2,048 -> 0.060 ms
[616.114s] JavaArraysSort (random) size=4,096 -> 0.109 ms
[616.119s] JavaArraysSort (random) size=8,192 -> 0.226 ms
[616.124s] JavaArraysSort (random) size=16,384 -> 0.457 ms
[616.129s] JavaArraysSort (random) size=32,768 -> 0.954 ms
[616.136s] JavaArraysSort (random) size=65,536 -> 1.973 ms
[616.145s] JavaArraysSort (random) size=131,072 -> 4.152 ms
[616.159s] JavaArraysSort (random) size=262,144 -> 9.061 ms
[616.184s] JavaArraysSort (random) size=524,288 -> 19.046 ms
[616.230s] JavaArraysSort (random) size=1,048,576 -> 40.446 ms
[616.320s] JavaArraysSort (random) size=2,097,152 -> 84.801 ms
[616.509s] JavaArraysSort (random) size=4,194,304 -> 180.036 ms
[616.892s] JavaArraysSort (random) size=8,388,608 -> 372.851 ms
[617.695s] JavaArraysSort (random) size=16,777,216 -> 785.480 ms
[619.346s] JavaArraysSort (random) size=33,554,432 -> 1622.037 ms
[622.775s] JavaArraysSort (random) size=67,108,864 -> 3375.939 ms
[629.934s] JavaArraysSort (random) size=134,217,728 -> 7056.517 ms
[644.749s] JavaArraysSort (random) size=268,435,456 -> 14617.434 ms
[644.754s] DualPivotQuicksortImproved(threshold: 64, pivot: THIRDS) (random) size=1,024 -> 0.027 ms
[644.759s] DualPivotQuicksortImproved(threshold: 64, pivot: THIRDS) (random) size=2,048 -> 0.058 ms
[644.764s] DualPivotQuicksortImproved(threshold: 64, pivot: THIRDS) (random) size=4,096 -> 0.113 ms
[644.769s] DualPivotQuicksortImproved(threshold: 64, pivot: THIRDS) (random) size=8,192 -> 0.241 ms
[644.774s] DualPivotQuicksortImproved(threshold: 64, pivot: THIRDS) (random) size=16,384 -> 0.512 ms
[644.780s] DualPivotQuicksortImproved(threshold: 64, pivot: THIRDS) (random) size=32,768 -> 1.027 ms
[644.787s] DualPivotQuicksortImproved(threshold: 64, pivot: THIRDS) (random) size=65,536 -> 2.217 ms
[644.796s] DualPivotQuicksortImproved(threshold: 64, pivot: THIRDS) (random) size=131,072 -> 4.819 ms
[644.811s] DualPivotQuicksortImproved(threshold: 64, pivot: THIRDS) (random) size=262,144 -> 10.102 ms
[644.838s] DualPivotQuicksortImproved(threshold: 64, pivot: THIRDS) (random) size=524,288 -> 21.469 ms
[644.888s] DualPivotQuicksortImproved(threshold: 64, pivot: THIRDS) (random) size=1,048,576 -> 45.065 ms
[644.990s] DualPivotQuicksortImproved(threshold: 64, pivot: THIRDS) (random) size=2,097,152 -> 95.658 ms
[645.199s] DualPivotQuicksortImproved(threshold: 64, pivot: THIRDS) (random) size=4,194,304 -> 200.374 ms
[645.622s] DualPivotQuicksortImproved(threshold: 64, pivot: THIRDS) (random) size=8,388,608 -> 411.914 ms
[646.506s] DualPivotQuicksortImproved(threshold: 64, pivot: THIRDS) (random) size=16,777,216 -> 867.581 ms
[648.334s] DualPivotQuicksortImproved(threshold: 64, pivot: THIRDS) (random) size=33,554,432 -> 1798.899 ms
[652.167s] DualPivotQuicksortImproved(threshold: 64, pivot: THIRDS) (random) size=67,108,864 -> 3779.177 ms
[660.015s] DualPivotQuicksortImproved(threshold: 64, pivot: THIRDS) (random) size=134,217,728 -> 7745.923 ms
[676.521s] DualPivotQuicksortImproved(threshold: 64, pivot: THIRDS) (random) size=268,435,456 -> 16306.306 ms
[676.526s] RadixSortWithArraysAndCustomBase(256) (random) size=1,024 -> 0.021 ms
[676.531s] RadixSortWithArraysAndCustomBase(256) (random) size=2,048 -> 0.032 ms
[676.535s] RadixSortWithArraysAndCustomBase(256) (random) size=4,096 -> 0.043 ms
[676.540s] RadixSortWithArraysAndCustomBase(256) (random) size=8,192 -> 0.062 ms
[676.545s] RadixSortWithArraysAndCustomBase(256) (random) size=16,384 -> 0.109 ms
[676.550s] RadixSortWithArraysAndCustomBase(256) (random) size=32,768 -> 0.177 ms
[676.554s] RadixSortWithArraysAndCustomBase(256) (random) size=65,536 -> 0.326 ms
[676.560s] RadixSortWithArraysAndCustomBase(256) (random) size=131,072 -> 1.001 ms
[676.567s] RadixSortWithArraysAndCustomBase(256) (random) size=262,144 -> 1.720 ms
[676.575s] RadixSortWithArraysAndCustomBase(256) (random) size=524,288 -> 3.307 ms
[676.587s] RadixSortWithArraysAndCustomBase(256) (random) size=1,048,576 -> 6.688 ms
[676.607s] RadixSortWithArraysAndCustomBase(256) (random) size=2,097,152 -> 13.610 ms
[676.642s] RadixSortWithArraysAndCustomBase(256) (random) size=4,194,304 -> 27.285 ms
[676.706s] RadixSortWithArraysAndCustomBase(256) (random) size=8,388,608 -> 53.072 ms
[676.829s] RadixSortWithArraysAndCustomBase(256) (random) size=16,777,216 -> 105.994 ms
[677.186s] RadixSortWithArraysAndCustomBase(256) (random) size=33,554,432 -> 328.099 ms
[677.930s] RadixSortWithArraysAndCustomBase(256) (random) size=67,108,864 -> 690.747 ms
[679.534s] RadixSortWithArraysAndCustomBase(256) (random) size=134,217,728 -> 1502.969 ms
[684.159s] RadixSortWithArraysAndCustomBase(256) (random) size=268,435,456 -> 4427.517 ms
[692.765s] RadixSortWithArraysAndCustomBase(256) (random) size=536,870,912 -> 8211.919 ms
--- iteration 10 of 10 ---
[692.769s] JavaArraysSort (random) size=1,024 -> 0.027 ms
[692.774s] JavaArraysSort (random) size=2,048 -> 0.061 ms
[692.779s] JavaArraysSort (random) size=4,096 -> 0.112 ms
[692.784s] JavaArraysSort (random) size=8,192 -> 0.223 ms
[692.789s] JavaArraysSort (random) size=16,384 -> 0.460 ms
[692.795s] JavaArraysSort (random) size=32,768 -> 0.957 ms
[692.802s] JavaArraysSort (random) size=65,536 -> 2.019 ms
[692.811s] JavaArraysSort (random) size=131,072 -> 4.271 ms
[692.825s] JavaArraysSort (random) size=262,144 -> 8.959 ms
[692.849s] JavaArraysSort (random) size=524,288 -> 19.108 ms
[692.895s] JavaArraysSort (random) size=1,048,576 -> 40.678 ms
[692.986s] JavaArraysSort (random) size=2,097,152 -> 85.018 ms
[693.174s] JavaArraysSort (random) size=4,194,304 -> 179.852 ms
[693.556s] JavaArraysSort (random) size=8,388,608 -> 370.682 ms
[694.353s] JavaArraysSort (random) size=16,777,216 -> 779.475 ms
[696.033s] JavaArraysSort (random) size=33,554,432 -> 1651.406 ms
[699.435s] JavaArraysSort (random) size=67,108,864 -> 3348.160 ms
[706.589s] JavaArraysSort (random) size=134,217,728 -> 7053.111 ms
[721.509s] JavaArraysSort (random) size=268,435,456 -> 14719.211 ms
[721.514s] DualPivotQuicksortImproved(threshold: 64, pivot: THIRDS) (random) size=1,024 -> 0.034 ms
[721.519s] DualPivotQuicksortImproved(threshold: 64, pivot: THIRDS) (random) size=2,048 -> 0.061 ms
[721.524s] DualPivotQuicksortImproved(threshold: 64, pivot: THIRDS) (random) size=4,096 -> 0.118 ms
[721.529s] DualPivotQuicksortImproved(threshold: 64, pivot: THIRDS) (random) size=8,192 -> 0.230 ms
[721.534s] DualPivotQuicksortImproved(threshold: 64, pivot: THIRDS) (random) size=16,384 -> 0.498 ms
[721.540s] DualPivotQuicksortImproved(threshold: 64, pivot: THIRDS) (random) size=32,768 -> 1.034 ms
[721.547s] DualPivotQuicksortImproved(threshold: 64, pivot: THIRDS) (random) size=65,536 -> 2.292 ms
[721.556s] DualPivotQuicksortImproved(threshold: 64, pivot: THIRDS) (random) size=131,072 -> 4.834 ms
[721.571s] DualPivotQuicksortImproved(threshold: 64, pivot: THIRDS) (random) size=262,144 -> 10.095 ms
[721.598s] DualPivotQuicksortImproved(threshold: 64, pivot: THIRDS) (random) size=524,288 -> 21.403 ms
[721.648s] DualPivotQuicksortImproved(threshold: 64, pivot: THIRDS) (random) size=1,048,576 -> 44.100 ms
[721.749s] DualPivotQuicksortImproved(threshold: 64, pivot: THIRDS) (random) size=2,097,152 -> 94.948 ms
[721.956s] DualPivotQuicksortImproved(threshold: 64, pivot: THIRDS) (random) size=4,194,304 -> 199.934 ms
[722.380s] DualPivotQuicksortImproved(threshold: 64, pivot: THIRDS) (random) size=8,388,608 -> 411.924 ms
[723.274s] DualPivotQuicksortImproved(threshold: 64, pivot: THIRDS) (random) size=16,777,216 -> 877.107 ms
[725.104s] DualPivotQuicksortImproved(threshold: 64, pivot: THIRDS) (random) size=33,554,432 -> 1800.167 ms
[728.891s] DualPivotQuicksortImproved(threshold: 64, pivot: THIRDS) (random) size=67,108,864 -> 3733.234 ms
[736.887s] DualPivotQuicksortImproved(threshold: 64, pivot: THIRDS) (random) size=134,217,728 -> 7893.690 ms
[753.383s] DualPivotQuicksortImproved(threshold: 64, pivot: THIRDS) (random) size=268,435,456 -> 16298.086 ms
[753.388s] RadixSortWithArraysAndCustomBase(256) (random) size=1,024 -> 0.021 ms
[753.393s] RadixSortWithArraysAndCustomBase(256) (random) size=2,048 -> 0.035 ms
[753.398s] RadixSortWithArraysAndCustomBase(256) (random) size=4,096 -> 0.043 ms
[753.402s] RadixSortWithArraysAndCustomBase(256) (random) size=8,192 -> 0.064 ms
[753.407s] RadixSortWithArraysAndCustomBase(256) (random) size=16,384 -> 0.092 ms
[753.412s] RadixSortWithArraysAndCustomBase(256) (random) size=32,768 -> 0.177 ms
[753.417s] RadixSortWithArraysAndCustomBase(256) (random) size=65,536 -> 0.323 ms
[753.422s] RadixSortWithArraysAndCustomBase(256) (random) size=131,072 -> 0.964 ms
[753.429s] RadixSortWithArraysAndCustomBase(256) (random) size=262,144 -> 1.732 ms
[753.437s] RadixSortWithArraysAndCustomBase(256) (random) size=524,288 -> 3.323 ms
[753.450s] RadixSortWithArraysAndCustomBase(256) (random) size=1,048,576 -> 6.762 ms
[753.470s] RadixSortWithArraysAndCustomBase(256) (random) size=2,097,152 -> 13.605 ms
[753.505s] RadixSortWithArraysAndCustomBase(256) (random) size=4,194,304 -> 27.311 ms
[753.569s] RadixSortWithArraysAndCustomBase(256) (random) size=8,388,608 -> 53.280 ms
[753.692s] RadixSortWithArraysAndCustomBase(256) (random) size=16,777,216 -> 106.481 ms
[754.049s] RadixSortWithArraysAndCustomBase(256) (random) size=33,554,432 -> 327.695 ms
[754.792s] RadixSortWithArraysAndCustomBase(256) (random) size=67,108,864 -> 690.469 ms
[756.417s] RadixSortWithArraysAndCustomBase(256) (random) size=134,217,728 -> 1524.310 ms
[761.011s] RadixSortWithArraysAndCustomBase(256) (random) size=268,435,456 -> 4396.112 ms
[769.638s] RadixSortWithArraysAndCustomBase(256) (random) size=536,870,912 -> 8232.736 ms
