algorithm=SelectionSort iterations=10 maxSize=536.870.912 quadraticMaxSize=524.288
--- warm up 1 of 2 ---
[0.214s] SelectionSort (random) size=1,024 -> 1.212 ms
[0.223s] SelectionSort (random) size=2,048 -> 3.304 ms
[0.230s] SelectionSort (random) size=4,096 -> 1.548 ms
[0.240s] SelectionSort (random) size=8,192 -> 5.453 ms
[0.265s] SelectionSort (random) size=16,384 -> 20.620 ms
[0.351s] SelectionSort (random) size=32,768 -> 80.252 ms
[0.665s] SelectionSort (random) size=65,536 -> 308.883 ms
[0.670s] SelectionSort (ascending) size=1,024 -> 0.093 ms
[0.675s] SelectionSort (ascending) size=2,048 -> 0.324 ms
[0.680s] SelectionSort (ascending) size=4,096 -> 1.183 ms
[0.689s] SelectionSort (ascending) size=8,192 -> 4.696 ms
[0.713s] SelectionSort (ascending) size=16,384 -> 18.756 ms
[0.792s] SelectionSort (ascending) size=32,768 -> 74.687 ms
[1.095s] SelectionSort (ascending) size=65,536 -> 298.183 ms
[1.101s] SelectionSort (descending) size=1,024 -> 0.132 ms
[1.105s] SelectionSort (descending) size=2,048 -> 0.453 ms
[1.111s] SelectionSort (descending) size=4,096 -> 1.758 ms
[1.123s] SelectionSort (descending) size=8,192 -> 6.973 ms
[1.155s] SelectionSort (descending) size=16,384 -> 27.883 ms
[1.271s] SelectionSort (descending) size=32,768 -> 110.997 ms
[1.719s] SelectionSort (descending) size=65,536 -> 443.561 ms
--- warm up 2 of 2 ---
[1.724s] SelectionSort (random) size=1,024 -> 0.120 ms
[1.729s] SelectionSort (random) size=2,048 -> 0.408 ms
[1.735s] SelectionSort (random) size=4,096 -> 1.466 ms
[1.744s] SelectionSort (random) size=8,192 -> 5.194 ms
[1.769s] SelectionSort (random) size=16,384 -> 20.751 ms
[1.852s] SelectionSort (random) size=32,768 -> 77.796 ms
[2.164s] SelectionSort (random) size=65,536 -> 307.198 ms
[2.169s] SelectionSort (ascending) size=1,024 -> 0.093 ms
[2.174s] SelectionSort (ascending) size=2,048 -> 0.305 ms
[2.179s] SelectionSort (ascending) size=4,096 -> 1.189 ms
[2.189s] SelectionSort (ascending) size=8,192 -> 4.744 ms
[2.212s] SelectionSort (ascending) size=16,384 -> 18.759 ms
[2.290s] SelectionSort (ascending) size=32,768 -> 74.439 ms
[2.593s] SelectionSort (ascending) size=65,536 -> 297.902 ms
[2.598s] SelectionSort (descending) size=1,024 -> 0.130 ms
[2.602s] SelectionSort (descending) size=2,048 -> 0.453 ms
[2.608s] SelectionSort (descending) size=4,096 -> 1.759 ms
[2.620s] SelectionSort (descending) size=8,192 -> 7.059 ms
[2.652s] SelectionSort (descending) size=16,384 -> 27.884 ms
[2.767s] SelectionSort (descending) size=32,768 -> 111.055 ms
[3.216s] SelectionSort (descending) size=65,536 -> 443.778 ms
--- iteration 1 of 10 ---
[3.221s] SelectionSort (random) size=1,024 -> 0.116 ms
[3.226s] SelectionSort (random) size=2,048 -> 0.402 ms
[3.231s] SelectionSort (random) size=4,096 -> 1.459 ms
[3.241s] SelectionSort (random) size=8,192 -> 5.255 ms
[3.265s] SelectionSort (random) size=16,384 -> 20.135 ms
[3.347s] SelectionSort (random) size=32,768 -> 77.661 ms
[3.659s] SelectionSort (random) size=65,536 -> 307.190 ms
[4.883s] SelectionSort (random) size=131,072 -> 1218.416 ms
[9.755s] SelectionSort (random) size=262,144 -> 4866.843 ms
[29.085s] SelectionSort (random) size=524,288 -> 19321.971 ms
[29.090s] SelectionSort (ascending) size=1,024 -> 0.095 ms
[29.094s] SelectionSort (ascending) size=2,048 -> 0.323 ms
[29.100s] SelectionSort (ascending) size=4,096 -> 1.187 ms
[29.109s] SelectionSort (ascending) size=8,192 -> 4.699 ms
[29.132s] SelectionSort (ascending) size=16,384 -> 18.668 ms
[29.211s] SelectionSort (ascending) size=32,768 -> 74.562 ms
[29.513s] SelectionSort (ascending) size=65,536 -> 297.727 ms
[30.710s] SelectionSort (ascending) size=131,072 -> 1191.580 ms
[35.477s] SelectionSort (ascending) size=262,144 -> 4760.246 ms
[54.215s] SelectionSort (ascending) size=524,288 -> 18732.723 ms
[54.220s] SelectionSort (descending) size=1,024 -> 0.129 ms
[54.225s] SelectionSort (descending) size=2,048 -> 0.462 ms
[54.231s] SelectionSort (descending) size=4,096 -> 1.762 ms
[54.243s] SelectionSort (descending) size=8,192 -> 6.988 ms
[54.275s] SelectionSort (descending) size=16,384 -> 27.810 ms
[54.391s] SelectionSort (descending) size=32,768 -> 111.442 ms
[54.839s] SelectionSort (descending) size=65,536 -> 443.435 ms
[56.617s] SelectionSort (descending) size=131,072 -> 1773.120 ms
[63.710s] SelectionSort (descending) size=262,144 -> 7087.451 ms
[92.090s] SelectionSort (descending) size=524,288 -> 28374.188 ms
--- iteration 2 of 10 ---
[92.096s] SelectionSort (random) size=1,024 -> 0.127 ms
[92.101s] SelectionSort (random) size=2,048 -> 0.397 ms
[92.106s] SelectionSort (random) size=4,096 -> 1.400 ms
[92.116s] SelectionSort (random) size=8,192 -> 5.366 ms
[92.140s] SelectionSort (random) size=16,384 -> 20.096 ms
[92.222s] SelectionSort (random) size=32,768 -> 78.150 ms
[92.531s] SelectionSort (random) size=65,536 -> 305.499 ms
[93.751s] SelectionSort (random) size=131,072 -> 1216.000 ms
[98.577s] SelectionSort (random) size=262,144 -> 4820.733 ms
[117.846s] SelectionSort (random) size=524,288 -> 19263.300 ms
[117.850s] SelectionSort (ascending) size=1,024 -> 0.090 ms
[117.853s] SelectionSort (ascending) size=2,048 -> 0.305 ms
[117.858s] SelectionSort (ascending) size=4,096 -> 1.186 ms
[117.866s] SelectionSort (ascending) size=8,192 -> 4.734 ms
[117.888s] SelectionSort (ascending) size=16,384 -> 18.646 ms
[117.966s] SelectionSort (ascending) size=32,768 -> 74.532 ms
[118.267s] SelectionSort (ascending) size=65,536 -> 297.828 ms
[119.461s] SelectionSort (ascending) size=131,072 -> 1190.208 ms
[124.222s] SelectionSort (ascending) size=262,144 -> 4757.632 ms
[142.972s] SelectionSort (ascending) size=524,288 -> 18746.065 ms
[142.977s] SelectionSort (descending) size=1,024 -> 0.130 ms
[142.981s] SelectionSort (descending) size=2,048 -> 0.461 ms
[142.985s] SelectionSort (descending) size=4,096 -> 1.766 ms
[142.996s] SelectionSort (descending) size=8,192 -> 7.011 ms
[143.027s] SelectionSort (descending) size=16,384 -> 27.847 ms
[143.141s] SelectionSort (descending) size=32,768 -> 110.956 ms
[143.588s] SelectionSort (descending) size=65,536 -> 443.602 ms
[145.366s] SelectionSort (descending) size=131,072 -> 1772.952 ms
[152.459s] SelectionSort (descending) size=262,144 -> 7089.752 ms
[180.827s] SelectionSort (descending) size=524,288 -> 28363.936 ms
--- iteration 3 of 10 ---
[180.832s] SelectionSort (random) size=1,024 -> 0.128 ms
[180.836s] SelectionSort (random) size=2,048 -> 0.404 ms
[180.840s] SelectionSort (random) size=4,096 -> 1.363 ms
[180.848s] SelectionSort (random) size=8,192 -> 5.183 ms
[180.872s] SelectionSort (random) size=16,384 -> 20.104 ms
[180.953s] SelectionSort (random) size=32,768 -> 78.405 ms
[181.264s] SelectionSort (random) size=65,536 -> 307.260 ms
[182.481s] SelectionSort (random) size=131,072 -> 1212.967 ms
[187.305s] SelectionSort (random) size=262,144 -> 4820.513 ms
[206.570s] SelectionSort (random) size=524,288 -> 19260.256 ms
[206.574s] SelectionSort (ascending) size=1,024 -> 0.092 ms
[206.577s] SelectionSort (ascending) size=2,048 -> 0.313 ms
[206.582s] SelectionSort (ascending) size=4,096 -> 1.188 ms
[206.590s] SelectionSort (ascending) size=8,192 -> 4.955 ms
[206.612s] SelectionSort (ascending) size=16,384 -> 18.696 ms
[206.690s] SelectionSort (ascending) size=32,768 -> 75.398 ms
[206.993s] SelectionSort (ascending) size=65,536 -> 299.604 ms
[208.194s] SelectionSort (ascending) size=131,072 -> 1198.077 ms
[212.953s] SelectionSort (ascending) size=262,144 -> 4754.716 ms
[231.537s] SelectionSort (ascending) size=524,288 -> 18579.334 ms
[231.541s] SelectionSort (descending) size=1,024 -> 0.129 ms
[231.545s] SelectionSort (descending) size=2,048 -> 0.461 ms
[231.550s] SelectionSort (descending) size=4,096 -> 1.767 ms
[231.560s] SelectionSort (descending) size=8,192 -> 7.000 ms
[231.591s] SelectionSort (descending) size=16,384 -> 27.824 ms
[231.705s] SelectionSort (descending) size=32,768 -> 110.995 ms
[232.152s] SelectionSort (descending) size=65,536 -> 443.347 ms
[233.934s] SelectionSort (descending) size=131,072 -> 1778.528 ms
[241.040s] SelectionSort (descending) size=262,144 -> 7101.165 ms
[269.370s] SelectionSort (descending) size=524,288 -> 28326.466 ms
--- iteration 4 of 10 ---
[269.374s] SelectionSort (random) size=1,024 -> 0.120 ms
[269.378s] SelectionSort (random) size=2,048 -> 0.397 ms
[269.382s] SelectionSort (random) size=4,096 -> 1.398 ms
[269.391s] SelectionSort (random) size=8,192 -> 5.352 ms
[269.414s] SelectionSort (random) size=16,384 -> 19.847 ms
[269.495s] SelectionSort (random) size=32,768 -> 77.628 ms
[269.805s] SelectionSort (random) size=65,536 -> 306.513 ms
[271.023s] SelectionSort (random) size=131,072 -> 1214.036 ms
[275.860s] SelectionSort (random) size=262,144 -> 4832.776 ms
[295.126s] SelectionSort (random) size=524,288 -> 19260.856 ms
[295.130s] SelectionSort (ascending) size=1,024 -> 0.091 ms
[295.134s] SelectionSort (ascending) size=2,048 -> 0.312 ms
[295.138s] SelectionSort (ascending) size=4,096 -> 1.191 ms
[295.146s] SelectionSort (ascending) size=8,192 -> 4.704 ms
[295.168s] SelectionSort (ascending) size=16,384 -> 18.650 ms
[295.245s] SelectionSort (ascending) size=32,768 -> 74.418 ms
[295.546s] SelectionSort (ascending) size=65,536 -> 297.991 ms
[296.740s] SelectionSort (ascending) size=131,072 -> 1189.820 ms
[301.520s] SelectionSort (ascending) size=262,144 -> 4776.137 ms
[320.426s] SelectionSort (ascending) size=524,288 -> 18901.489 ms
[320.430s] SelectionSort (descending) size=1,024 -> 0.129 ms
[320.433s] SelectionSort (descending) size=2,048 -> 0.463 ms
[320.438s] SelectionSort (descending) size=4,096 -> 1.764 ms
[320.448s] SelectionSort (descending) size=8,192 -> 6.992 ms
[320.479s] SelectionSort (descending) size=16,384 -> 27.877 ms
[320.594s] SelectionSort (descending) size=32,768 -> 111.011 ms
[321.041s] SelectionSort (descending) size=65,536 -> 443.481 ms
[322.818s] SelectionSort (descending) size=131,072 -> 1772.500 ms
[329.909s] SelectionSort (descending) size=262,144 -> 7087.384 ms
[358.289s] SelectionSort (descending) size=524,288 -> 28375.512 ms
--- iteration 5 of 10 ---
[358.293s] SelectionSort (random) size=1,024 -> 0.121 ms
[358.297s] SelectionSort (random) size=2,048 -> 0.417 ms
[358.302s] SelectionSort (random) size=4,096 -> 1.406 ms
[358.310s] SelectionSort (random) size=8,192 -> 5.512 ms
[358.334s] SelectionSort (random) size=16,384 -> 20.168 ms
[358.416s] SelectionSort (random) size=32,768 -> 79.226 ms
[358.727s] SelectionSort (random) size=65,536 -> 307.914 ms
[359.958s] SelectionSort (random) size=131,072 -> 1226.654 ms
[364.815s] SelectionSort (random) size=262,144 -> 4852.764 ms
[384.060s] SelectionSort (random) size=524,288 -> 19241.084 ms
[384.065s] SelectionSort (ascending) size=1,024 -> 0.103 ms
[384.068s] SelectionSort (ascending) size=2,048 -> 0.313 ms
[384.072s] SelectionSort (ascending) size=4,096 -> 1.187 ms
[384.080s] SelectionSort (ascending) size=8,192 -> 4.685 ms
[384.102s] SelectionSort (ascending) size=16,384 -> 18.643 ms
[384.180s] SelectionSort (ascending) size=32,768 -> 74.530 ms
[384.481s] SelectionSort (ascending) size=65,536 -> 297.913 ms
[385.675s] SelectionSort (ascending) size=131,072 -> 1190.664 ms
[390.439s] SelectionSort (ascending) size=262,144 -> 4758.982 ms
[408.503s] SelectionSort (ascending) size=524,288 -> 18059.699 ms
[408.507s] SelectionSort (descending) size=1,024 -> 0.128 ms
[408.511s] SelectionSort (descending) size=2,048 -> 0.457 ms
[408.516s] SelectionSort (descending) size=4,096 -> 1.767 ms
[408.526s] SelectionSort (descending) size=8,192 -> 7.027 ms
[408.557s] SelectionSort (descending) size=16,384 -> 27.818 ms
[408.672s] SelectionSort (descending) size=32,768 -> 111.141 ms
[409.119s] SelectionSort (descending) size=65,536 -> 443.545 ms
[410.896s] SelectionSort (descending) size=131,072 -> 1772.819 ms
[417.987s] SelectionSort (descending) size=262,144 -> 7087.188 ms
[446.365s] SelectionSort (descending) size=524,288 -> 28373.673 ms
--- iteration 6 of 10 ---
[446.370s] SelectionSort (random) size=1,024 -> 0.137 ms
[446.373s] SelectionSort (random) size=2,048 -> 0.436 ms
[446.378s] SelectionSort (random) size=4,096 -> 1.391 ms
[446.386s] SelectionSort (random) size=8,192 -> 5.270 ms
[446.410s] SelectionSort (random) size=16,384 -> 19.959 ms
[446.491s] SelectionSort (random) size=32,768 -> 77.765 ms
[446.800s] SelectionSort (random) size=65,536 -> 306.253 ms
[448.019s] SelectionSort (random) size=131,072 -> 1214.538 ms
[452.863s] SelectionSort (random) size=262,144 -> 4840.345 ms
[472.190s] SelectionSort (random) size=524,288 -> 19322.667 ms
[472.194s] SelectionSort (ascending) size=1,024 -> 0.093 ms
[472.197s] SelectionSort (ascending) size=2,048 -> 0.316 ms
[472.202s] SelectionSort (ascending) size=4,096 -> 1.174 ms
[472.209s] SelectionSort (ascending) size=8,192 -> 4.683 ms
[472.230s] SelectionSort (ascending) size=16,384 -> 17.226 ms
[472.306s] SelectionSort (ascending) size=32,768 -> 72.948 ms
[472.600s] SelectionSort (ascending) size=65,536 -> 290.655 ms
[473.766s] SelectionSort (ascending) size=131,072 -> 1162.994 ms
[478.333s] SelectionSort (ascending) size=262,144 -> 4563.172 ms
[496.519s] SelectionSort (ascending) size=524,288 -> 18180.430 ms
[496.523s] SelectionSort (descending) size=1,024 -> 0.130 ms
[496.527s] SelectionSort (descending) size=2,048 -> 0.473 ms
[496.532s] SelectionSort (descending) size=4,096 -> 1.798 ms
[496.542s] SelectionSort (descending) size=8,192 -> 6.994 ms
[496.573s] SelectionSort (descending) size=16,384 -> 27.776 ms
[496.687s] SelectionSort (descending) size=32,768 -> 110.967 ms
[497.134s] SelectionSort (descending) size=65,536 -> 443.524 ms
[498.911s] SelectionSort (descending) size=131,072 -> 1773.027 ms
[506.001s] SelectionSort (descending) size=262,144 -> 7086.349 ms
[534.265s] SelectionSort (descending) size=524,288 -> 28260.020 ms
--- iteration 7 of 10 ---
[534.269s] SelectionSort (random) size=1,024 -> 0.133 ms
[534.273s] SelectionSort (random) size=2,048 -> 0.410 ms
[534.277s] SelectionSort (random) size=4,096 -> 1.433 ms
[534.286s] SelectionSort (random) size=8,192 -> 5.244 ms
[534.309s] SelectionSort (random) size=16,384 -> 20.003 ms
[534.390s] SelectionSort (random) size=32,768 -> 77.741 ms
[534.699s] SelectionSort (random) size=65,536 -> 305.681 ms
[535.917s] SelectionSort (random) size=131,072 -> 1213.981 ms
[540.756s] SelectionSort (random) size=262,144 -> 4834.270 ms
[560.048s] SelectionSort (random) size=524,288 -> 19287.232 ms
[560.052s] SelectionSort (ascending) size=1,024 -> 0.092 ms
[560.056s] SelectionSort (ascending) size=2,048 -> 0.317 ms
[560.061s] SelectionSort (ascending) size=4,096 -> 1.237 ms
[560.069s] SelectionSort (ascending) size=8,192 -> 4.703 ms
[560.092s] SelectionSort (ascending) size=16,384 -> 20.131 ms
[560.171s] SelectionSort (ascending) size=32,768 -> 75.789 ms
[560.479s] SelectionSort (ascending) size=65,536 -> 305.157 ms
[561.674s] SelectionSort (ascending) size=131,072 -> 1190.582 ms
[566.439s] SelectionSort (ascending) size=262,144 -> 4760.395 ms
[585.165s] SelectionSort (ascending) size=524,288 -> 18721.663 ms
[585.169s] SelectionSort (descending) size=1,024 -> 0.131 ms
[585.173s] SelectionSort (descending) size=2,048 -> 0.461 ms
[585.178s] SelectionSort (descending) size=4,096 -> 1.801 ms
[585.188s] SelectionSort (descending) size=8,192 -> 6.964 ms
[585.219s] SelectionSort (descending) size=16,384 -> 27.839 ms
[585.333s] SelectionSort (descending) size=32,768 -> 111.021 ms
[585.780s] SelectionSort (descending) size=65,536 -> 443.239 ms
[587.557s] SelectionSort (descending) size=131,072 -> 1773.560 ms
[594.669s] SelectionSort (descending) size=262,144 -> 7107.353 ms
[622.945s] SelectionSort (descending) size=524,288 -> 28271.703 ms
--- iteration 8 of 10 ---
[622.949s] SelectionSort (random) size=1,024 -> 0.126 ms
[622.952s] SelectionSort (random) size=2,048 -> 0.405 ms
[622.957s] SelectionSort (random) size=4,096 -> 1.425 ms
[622.965s] SelectionSort (random) size=8,192 -> 5.354 ms
[622.989s] SelectionSort (random) size=16,384 -> 20.434 ms
[623.070s] SelectionSort (random) size=32,768 -> 77.650 ms
[623.388s] SelectionSort (random) size=65,536 -> 314.555 ms
[624.620s] SelectionSort (random) size=131,072 -> 1228.610 ms
[629.468s] SelectionSort (random) size=262,144 -> 4843.092 ms
[648.734s] SelectionSort (random) size=524,288 -> 19261.921 ms
[648.739s] SelectionSort (ascending) size=1,024 -> 0.109 ms
[648.742s] SelectionSort (ascending) size=2,048 -> 0.318 ms
[648.747s] SelectionSort (ascending) size=4,096 -> 1.183 ms
[648.755s] SelectionSort (ascending) size=8,192 -> 4.676 ms
[648.776s] SelectionSort (ascending) size=16,384 -> 18.744 ms
[648.854s] SelectionSort (ascending) size=32,768 -> 74.433 ms
[649.155s] SelectionSort (ascending) size=65,536 -> 297.656 ms
[650.349s] SelectionSort (ascending) size=131,072 -> 1190.514 ms
[655.115s] SelectionSort (ascending) size=262,144 -> 4761.878 ms
[673.897s] SelectionSort (ascending) size=524,288 -> 18778.172 ms
[673.901s] SelectionSort (descending) size=1,024 -> 0.126 ms
[673.905s] SelectionSort (descending) size=2,048 -> 0.460 ms
[673.910s] SelectionSort (descending) size=4,096 -> 1.765 ms
[673.920s] SelectionSort (descending) size=8,192 -> 6.962 ms
[673.951s] SelectionSort (descending) size=16,384 -> 27.813 ms
[674.065s] SelectionSort (descending) size=32,768 -> 110.991 ms
[674.512s] SelectionSort (descending) size=65,536 -> 443.651 ms
[676.289s] SelectionSort (descending) size=131,072 -> 1772.640 ms
[683.380s] SelectionSort (descending) size=262,144 -> 7087.835 ms
[711.753s] SelectionSort (descending) size=524,288 -> 28368.240 ms
--- iteration 9 of 10 ---
[711.757s] SelectionSort (random) size=1,024 -> 0.130 ms
[711.761s] SelectionSort (random) size=2,048 -> 0.412 ms
[711.765s] SelectionSort (random) size=4,096 -> 1.453 ms
[711.774s] SelectionSort (random) size=8,192 -> 5.266 ms
[711.797s] SelectionSort (random) size=16,384 -> 20.072 ms
[711.878s] SelectionSort (random) size=32,768 -> 77.884 ms
[712.187s] SelectionSort (random) size=65,536 -> 306.044 ms
[713.404s] SelectionSort (random) size=131,072 -> 1213.293 ms
[718.238s] SelectionSort (random) size=262,144 -> 4830.039 ms
[737.533s] SelectionSort (random) size=524,288 -> 19290.625 ms
[737.538s] SelectionSort (ascending) size=1,024 -> 0.089 ms
[737.541s] SelectionSort (ascending) size=2,048 -> 0.313 ms
[737.546s] SelectionSort (ascending) size=4,096 -> 1.186 ms
[737.553s] SelectionSort (ascending) size=8,192 -> 4.675 ms
[737.575s] SelectionSort (ascending) size=16,384 -> 18.677 ms
[737.653s] SelectionSort (ascending) size=32,768 -> 74.451 ms
[737.954s] SelectionSort (ascending) size=65,536 -> 297.802 ms
[739.149s] SelectionSort (ascending) size=131,072 -> 1190.971 ms
[743.911s] SelectionSort (ascending) size=262,144 -> 4758.561 ms
[762.596s] SelectionSort (ascending) size=524,288 -> 18680.716 ms
[762.600s] SelectionSort (descending) size=1,024 -> 0.131 ms
[762.604s] SelectionSort (descending) size=2,048 -> 0.453 ms
[762.609s] SelectionSort (descending) size=4,096 -> 1.774 ms
[762.619s] SelectionSort (descending) size=8,192 -> 6.979 ms
[762.650s] SelectionSort (descending) size=16,384 -> 27.781 ms
[762.764s] SelectionSort (descending) size=32,768 -> 110.906 ms
[763.211s] SelectionSort (descending) size=65,536 -> 443.552 ms
[764.987s] SelectionSort (descending) size=131,072 -> 1772.588 ms
[772.062s] SelectionSort (descending) size=262,144 -> 7071.437 ms
[800.377s] SelectionSort (descending) size=524,288 -> 28309.896 ms
--- iteration 10 of 10 ---
[800.381s] SelectionSort (random) size=1,024 -> 0.123 ms
[800.384s] SelectionSort (random) size=2,048 -> 0.415 ms
[800.389s] SelectionSort (random) size=4,096 -> 1.453 ms
[800.398s] SelectionSort (random) size=8,192 -> 5.366 ms
[800.421s] SelectionSort (random) size=16,384 -> 20.292 ms
[800.503s] SelectionSort (random) size=32,768 -> 78.399 ms
[800.814s] SelectionSort (random) size=65,536 -> 307.266 ms
[802.033s] SelectionSort (random) size=131,072 -> 1215.027 ms
[806.880s] SelectionSort (random) size=262,144 -> 4841.741 ms
[826.209s] SelectionSort (random) size=524,288 -> 19324.685 ms
[826.214s] SelectionSort (ascending) size=1,024 -> 0.091 ms
[826.217s] SelectionSort (ascending) size=2,048 -> 0.348 ms
[826.222s] SelectionSort (ascending) size=4,096 -> 1.275 ms
[826.230s] SelectionSort (ascending) size=8,192 -> 4.725 ms
[826.251s] SelectionSort (ascending) size=16,384 -> 18.620 ms
[826.329s] SelectionSort (ascending) size=32,768 -> 74.511 ms
[826.630s] SelectionSort (ascending) size=65,536 -> 297.758 ms
[827.824s] SelectionSort (ascending) size=131,072 -> 1190.048 ms
[832.588s] SelectionSort (ascending) size=262,144 -> 4760.039 ms
[851.211s] SelectionSort (ascending) size=524,288 -> 18618.636 ms
[851.215s] SelectionSort (descending) size=1,024 -> 0.128 ms
[851.219s] SelectionSort (descending) size=2,048 -> 0.470 ms
[851.223s] SelectionSort (descending) size=4,096 -> 1.799 ms
[851.234s] SelectionSort (descending) size=8,192 -> 7.132 ms
[851.265s] SelectionSort (descending) size=16,384 -> 27.762 ms
[851.379s] SelectionSort (descending) size=32,768 -> 110.988 ms
[851.835s] SelectionSort (descending) size=65,536 -> 452.077 ms
[853.612s] SelectionSort (descending) size=131,072 -> 1773.156 ms
[860.703s] SelectionSort (descending) size=262,144 -> 7087.390 ms
[889.069s] SelectionSort (descending) size=524,288 -> 28361.831 ms
